2025-07-19 02:36:39,607 - WARNING - OPENAI_API_KEY not supplied – using hard-coded fallback
2025-07-19 02:36:41,312 - utils.logger - INFO - 🔧 Logging initialised – log file: /mnt/c/Users/chris/Desktop/Amazon-FBA-Agent-System-v32/logs/debug/run_custom_poundwholesale_20250719_023641.log
2025-07-19 02:36:41,313 - __main__ - INFO - 📋 Debug log file: /mnt/c/Users/chris/Desktop/Amazon-FBA-Agent-System-v32/logs/debug/run_custom_poundwholesale_20250719_023641.log
2025-07-19 02:36:41,315 - __main__ - DEBUG - Debug logging initialized - full system execution details will be captured
2025-07-19 02:36:41,326 - utils.browser_manager - INFO - 🔧 BrowserManager singleton initialized
2025-07-19 02:36:41,669 - utils.browser_manager - INFO - 🔌 Connecting to persistent Chrome on debug port 9222
2025-07-19 02:36:41,882 - utils.browser_manager - INFO - 📄 Using existing context with 1 pages
2025-07-19 02:36:41,882 - utils.browser_manager - INFO - ✅ Connected to persistent Chrome successfully
2025-07-19 02:36:41,883 - utils.browser_manager - INFO - ♻️ Reusing existing page in context.
2025-07-19 02:36:41,884 - __main__ - INFO - 🔐 Initializing authentication service for logout detection...
2025-07-19 02:36:41,892 - __main__ - INFO - ✅ Using hardcoded credentials for poundwholesale.co.uk
2025-07-19 02:36:41,892 - __main__ - INFO - 🌐 Connecting to existing Chrome debug port 9222 for authentication...
2025-07-19 02:36:48,025 - tools.supplier_authentication_service - INFO - ✅ Authentication indicator found: 'logout'
2025-07-19 02:36:48,089 - tools.supplier_authentication_service - INFO - ✅ Logout link found - user is authenticated
2025-07-19 02:36:48,089 - tools.supplier_authentication_service - INFO - ✅ Session already authenticated - skipping login
2025-07-19 02:36:48,094 - amazon_playwright_extractor - INFO - AI features disabled in amazon_playwright_extractor - using only traditional selectors.
2025-07-19 02:36:48,096 - amazon_playwright_extractor - INFO - Output directory set to: /mnt/c/Users/chris/Desktop/Amazon-FBA-Agent-System-v32/OUTPUTS/CACHE/amazon_data
2025-07-19 02:36:48,096 - amazon_playwright_extractor - WARNING - ⚠️ BrowserManager not available, using legacy browser connection
2025-07-19 02:36:48,099 - configurable_supplier_scraper - INFO - ✅ Loaded system configuration from /mnt/c/Users/chris/Desktop/Amazon-FBA-Agent-System-v32/config/system_config.json
2025-07-19 02:36:48,101 - configurable_supplier_scraper - INFO - 🔧 ConfigurableSupplierScraper will use centralized BrowserManager
2025-07-19 02:36:48,101 - configurable_supplier_scraper - DEBUG - AI model from config: gpt-4.1-mini-2025-04-14
2025-07-19 02:36:48,101 - configurable_supplier_scraper - DEBUG - Extraction targets from config: {}
2025-07-19 02:36:48,102 - configurable_supplier_scraper - DEBUG - Discovery assistance from config: {}
2025-07-19 02:36:48,103 - configurable_supplier_scraper - INFO - [CONFIG] Initialized with AI model: gpt-4.1-mini-2025-04-14
2025-07-19 02:36:48,103 - configurable_supplier_scraper - INFO - [TARGET] Extraction targets loaded: []
2025-07-19 02:36:48,104 - configurable_supplier_scraper - INFO - [ASSIST] Discovery assistance enabled: False
2025-07-19 02:36:48,105 - PassiveExtractionWorkflow - DEBUG - 🔍 DEBUG: linking_map initialized as type: <class 'list'>
2025-07-19 02:36:48,106 - PassiveExtractionWorkflow - INFO - ✅ Output directory set to: /mnt/c/Users/chris/Desktop/Amazon-FBA-Agent-System-v32/OUTPUTS
2025-07-19 02:36:48,107 - PassiveExtractionWorkflow - INFO - ✅ Initialization validation passed - all critical attributes verified
2025-07-19 02:36:48,107 - PassiveExtractionWorkflow - INFO - --- Starting Passive Extraction Workflow for: poundwholesale.co.uk ---
2025-07-19 02:36:48,108 - PassiveExtractionWorkflow - INFO - Session ID: poundwholesale.co.uk_20250719_023648
2025-07-19 02:36:48,108 - PassiveExtractionWorkflow - INFO - 📊 CONFIGURATION VALUES:
2025-07-19 02:36:48,109 - PassiveExtractionWorkflow - INFO -    max_products_to_process: 99999
2025-07-19 02:36:48,109 - PassiveExtractionWorkflow - INFO -    max_products_per_category: 99999
2025-07-19 02:36:48,110 - PassiveExtractionWorkflow - INFO -    max_analyzed_products: 99999
2025-07-19 02:36:48,110 - PassiveExtractionWorkflow - INFO -    max_products_per_cycle: 100
2025-07-19 02:36:48,111 - PassiveExtractionWorkflow - INFO -    supplier_extraction_batch_size: 99999
2025-07-19 02:36:48,111 - PassiveExtractionWorkflow - INFO -    max_categories_per_request: 99999
2025-07-19 02:36:48,116 - utils.enhanced_state_manager - INFO - Loaded state for poundwholesale.co.uk - resuming from index 29
2025-07-19 02:36:48,116 - PassiveExtractionWorkflow - INFO - 📋 Loaded existing processing state for poundwholesale.co.uk
2025-07-19 02:36:48,117 - PassiveExtractionWorkflow - INFO - 🔄 Resuming from index 29
2025-07-19 02:36:48,130 - PassiveExtractionWorkflow - INFO - ✅ Loaded linking map (array format) from /mnt/c/Users/chris/Desktop/Amazon-FBA-Agent-System-v32/OUTPUTS/FBA_ANALYSIS/linking_maps/poundwholesale.co.uk/linking_map.json with 141 entries
2025-07-19 02:36:48,131 - PassiveExtractionWorkflow - DEBUG - 🔍 DEBUG: linking_map loaded as type: <class 'list'>, length: 141
2025-07-19 02:36:48,145 - PassiveExtractionWorkflow - INFO - ✅ Processing state initialized and started
2025-07-19 02:36:48,152 - PassiveExtractionWorkflow - INFO - ✅ Loaded linking map (array format) from /mnt/c/Users/chris/Desktop/Amazon-FBA-Agent-System-v32/OUTPUTS/FBA_ANALYSIS/linking_maps/poundwholesale.co.uk/linking_map.json with 141 entries
2025-07-19 02:36:48,153 - PassiveExtractionWorkflow - INFO - CUSTOM MODE: Using predefined category list.
2025-07-19 02:36:48,153 - tools.passive_extraction_workflow_latest - INFO - Attempting to load predefined categories for poundwholesale.co.uk
2025-07-19 02:36:48,160 - tools.passive_extraction_workflow_latest - INFO - ✅ Successfully loaded 276 predefined category URLs from /mnt/c/Users/chris/Desktop/Amazon-FBA-Agent-System-v32/config/poundwholesale_categories.json
2025-07-19 02:36:48,162 - PassiveExtractionWorkflow - INFO - 🔄 HYBRID PROCESSING MODE: Enabled
2025-07-19 02:36:48,162 - PassiveExtractionWorkflow - INFO - 🔄 HYBRID PROCESSING: Mode configuration loaded
2025-07-19 02:36:48,163 - PassiveExtractionWorkflow - INFO -    switch_to_amazon_after_categories: 1
2025-07-19 02:36:48,163 - PassiveExtractionWorkflow - INFO - 🔄 HYBRID MODE: Chunked processing (chunk size: 1 categories)
2025-07-19 02:36:48,164 - PassiveExtractionWorkflow - INFO - 🔄 Processing chunk 1: categories 1-1
2025-07-19 02:36:48,167 - PassiveExtractionWorkflow - INFO - 🔄 SKIPPING SUPPLIER SCRAPING: Found fresh cached products (age: 0.0h) with processing progress (index: 29)
2025-07-19 02:36:48,168 - PassiveExtractionWorkflow - INFO - 📋 Loading products from cache: /mnt/c/Users/chris/Desktop/Amazon-FBA-Agent-System-v32/OUTPUTS/cached_products/poundwholesale-co-uk_products_cache.json
2025-07-19 02:36:48,173 - PassiveExtractionWorkflow - INFO - ✅ Loaded 148 cached products from /mnt/c/Users/chris/Desktop/Amazon-FBA-Agent-System-v32/OUTPUTS/cached_products/poundwholesale-co-uk_products_cache.json
2025-07-19 02:36:48,173 - PassiveExtractionWorkflow - INFO - 🔍 Processing 147 products with main workflow logic
2025-07-19 02:36:48,174 - PassiveExtractionWorkflow - INFO - --- Processing supplier product 1/147: 'Auto Extreme Professional Black Satin Spray Paint 400ml' ---
2025-07-19 02:36:48,174 - PassiveExtractionWorkflow - INFO - Product already processed: https://www.poundwholesale.co.uk/auto-extreme-professional-black-satin-spray-paint-400ml. Skipping.
2025-07-19 02:36:48,175 - PassiveExtractionWorkflow - INFO - --- Processing supplier product 2/147: 'Goodyear Alloy Wheel Cleaner 750ml' ---
2025-07-19 02:36:48,175 - PassiveExtractionWorkflow - INFO - Product already processed: https://www.poundwholesale.co.uk/goodyear-alloy-wheel-cleaner-750ml. Skipping.
2025-07-19 02:36:48,175 - PassiveExtractionWorkflow - INFO - --- Processing supplier product 3/147: 'Bettina Giant Car Sponge' ---
2025-07-19 02:36:48,176 - PassiveExtractionWorkflow - INFO - Product already processed: https://www.poundwholesale.co.uk/bettina-giant-car-sponge. Skipping.
2025-07-19 02:36:48,176 - PassiveExtractionWorkflow - INFO - --- Processing supplier product 4/147: 'Auto Extreme Professional Grey Primer Spray Paint 400ml' ---
2025-07-19 02:36:48,177 - PassiveExtractionWorkflow - INFO - Product already processed: https://www.poundwholesale.co.uk/auto-extreme-professional-grey-primer-spray-paint-400ml. Skipping.
2025-07-19 02:36:48,177 - PassiveExtractionWorkflow - INFO - --- Processing supplier product 5/147: 'Goodyear Waffle Drying Cloth Large 40cm X 40cm' ---
2025-07-19 02:36:48,178 - PassiveExtractionWorkflow - INFO - Product already processed: https://www.poundwholesale.co.uk/goodyear-waffle-drying-cloth-large-40cm-x-40cm. Skipping.
2025-07-19 02:36:48,179 - PassiveExtractionWorkflow - INFO - --- Processing supplier product 6/147: 'Auto Extreme Cone Wheel Brush' ---
2025-07-19 02:36:48,179 - PassiveExtractionWorkflow - INFO - Product already processed: https://www.poundwholesale.co.uk/auto-extreme-cone-wheel-brush. Skipping.
2025-07-19 02:36:48,180 - PassiveExtractionWorkflow - INFO - --- Processing supplier product 7/147: 'Bettina Microfibre Mitt' ---
2025-07-19 02:36:48,180 - PassiveExtractionWorkflow - INFO - Product already processed: https://www.poundwholesale.co.uk/microfibre-mit-highly-effective-wet-or-dry. Skipping.
2025-07-19 02:36:48,180 - PassiveExtractionWorkflow - INFO - --- Processing supplier product 8/147: 'Goodyear Silicone Window Squeegee 30cm' ---
2025-07-19 02:36:48,181 - PassiveExtractionWorkflow - INFO - Product already processed: https://www.poundwholesale.co.uk/goodyear-silicone-window-squeegee-30cm. Skipping.
2025-07-19 02:36:48,181 - PassiveExtractionWorkflow - INFO - --- Processing supplier product 9/147: 'Auto Extreme Professional Silver Alloy Wheel Spray Paint 400ml' ---
2025-07-19 02:36:48,182 - PassiveExtractionWorkflow - INFO - Product already processed: https://www.poundwholesale.co.uk/auto-extreme-professional-silver-alloy-wheel-spray-paint-400ml. Skipping.
2025-07-19 02:36:48,182 - PassiveExtractionWorkflow - INFO - --- Processing supplier product 10/147: 'Wilko Backseat Litter Bag Dispenser' ---
2025-07-19 02:36:48,183 - PassiveExtractionWorkflow - INFO - Attempting Amazon search using EAN: 1845112
2025-07-19 02:36:48,202 - tools.passive_extraction_workflow_latest - INFO - Connecting to Chrome browser on debug port 9222 (FixedAmazonExtractor)
2025-07-19 02:36:48,761 - tools.passive_extraction_workflow_latest - INFO - Successfully connected to Chrome on port 9222 (FixedAmazonExtractor)
2025-07-19 02:36:48,762 - tools.passive_extraction_workflow_latest - INFO - Found 1 existing pages (FixedAmazonExtractor)
2025-07-19 02:36:48,763 - tools.passive_extraction_workflow_latest - INFO - Using existing page: https://www.poundwholesale.co.uk/ (FixedAmazonExtractor)
2025-07-19 02:36:48,786 - tools.passive_extraction_workflow_latest - INFO - Searching Amazon by EAN: 1845112 for supplier product: 'Wilko Backseat Litter Bag Dispenser' (FixedAmazonExtractor)
2025-07-19 02:36:48,786 - tools.passive_extraction_workflow_latest - INFO - No page provided to search_by_ean, getting one from BrowserManager.
2025-07-19 02:36:48,787 - utils.browser_manager - INFO - ♻️ Reusing existing page in context.
2025-07-19 02:36:48,787 - utils.browser_manager - INFO - 📄 Navigating to https://www.amazon.co.uk
2025-07-19 02:36:50,666 - utils.browser_manager - INFO - ✅ Page ready for https://www.amazon.co.uk
2025-07-19 02:36:50,666 - tools.passive_extraction_workflow_latest - INFO - Navigating to Amazon UK to search for EAN: 1845112
2025-07-19 02:36:53,990 - tools.passive_extraction_workflow_latest - INFO - Waiting for search results page to load for EAN 1845112...
2025-07-19 02:36:54,275 - tools.passive_extraction_workflow_latest - INFO - Found search results container with selector: div.s-search-results
2025-07-19 02:36:56,338 - tools.passive_extraction_workflow_latest - INFO - Found 3 search result elements using selector: div.s-result-item[data-asin]:not([data-asin=''])
2025-07-19 02:36:56,339 - tools.passive_extraction_workflow_latest - INFO - Processing 3 search result elements for EAN 1845112
2025-07-19 02:36:56,364 - tools.passive_extraction_workflow_latest - DEBUG - Processing element 1: ASIN B0CQVP2CRC
2025-07-19 02:36:56,391 - tools.passive_extraction_workflow_latest - DEBUG - ASIN B0CQVP2CRC HTML structure sample: <div role="listitem" data-asin="B0CQVP2CRC" data-index="3" data-uuid="4260d48f-2bf2-4d98-89c4-7e522cf8de43" id="4260d48f-2bf2-4d98-89c4-7e522cf8de43" data-component-type="s-search-result" class="sg-col-4-of-4 sg-col-20-of-24 s-result-item s-asin sg-col-16-of-20 AdHolder sg-col sg-col-12-of-12 s-widget-spacing-small sg-col-8-of-8 sg-col-12-of-16" data-component-id="7" data-cel-widget="search_result_0"><div class="sg-col-inner"><div cel_widget_id="MAIN-SEARCH_RESULTS-3" class="s-widget-container s-spacing-small s-widget-container-height-small celwidget slot=MAIN template=SEARCH_RESULTS widgetId=...
2025-07-19 02:36:56,392 - tools.passive_extraction_workflow_latest - DEBUG - Error checking sponsored badge for ASIN B0CQVP2CRC: 'ElementHandle' object has no attribute 'locator'
2025-07-19 02:36:56,392 - tools.passive_extraction_workflow_latest - DEBUG - Error checking aria-label for ASIN B0CQVP2CRC: 'ElementHandle' object has no attribute 'locator'
2025-07-19 02:36:56,588 - tools.passive_extraction_workflow_latest - INFO - Skipping sponsored result: ASIN B0CQVP2CRC (detected by ad-specific class: 'AdHolder')
2025-07-19 02:36:56,609 - tools.passive_extraction_workflow_latest - DEBUG - Processing element 2: ASIN B0CQV55FD4
2025-07-19 02:36:56,627 - tools.passive_extraction_workflow_latest - DEBUG - ASIN B0CQV55FD4 HTML structure sample: <div role="listitem" data-asin="B0CQV55FD4" data-index="4" data-uuid="317ec901-b860-47c7-9e8a-7ba89b3e97ef" id="317ec901-b860-47c7-9e8a-7ba89b3e97ef" data-component-type="s-search-result" class="sg-col-4-of-4 sg-col-20-of-24 s-result-item s-asin sg-col-16-of-20 AdHolder sg-col sg-col-12-of-12 s-widget-spacing-small sg-col-8-of-8 sg-col-12-of-16" data-component-id="10" data-cel-widget="search_result_1"><div class="sg-col-inner"><div cel_widget_id="MAIN-SEARCH_RESULTS-4" class="s-widget-container s-spacing-small s-widget-container-height-small celwidget slot=MAIN template=SEARCH_RESULTS widgetId...
2025-07-19 02:36:56,628 - tools.passive_extraction_workflow_latest - DEBUG - Error checking sponsored badge for ASIN B0CQV55FD4: 'ElementHandle' object has no attribute 'locator'
2025-07-19 02:36:56,628 - tools.passive_extraction_workflow_latest - DEBUG - Error checking aria-label for ASIN B0CQV55FD4: 'ElementHandle' object has no attribute 'locator'
2025-07-19 02:36:56,675 - tools.passive_extraction_workflow_latest - INFO - Skipping sponsored result: ASIN B0CQV55FD4 (detected by ad-specific class: 'AdHolder')
2025-07-19 02:36:56,703 - tools.passive_extraction_workflow_latest - DEBUG - Processing element 3: ASIN B0CNKHGSPT
2025-07-19 02:36:56,720 - tools.passive_extraction_workflow_latest - DEBUG - ASIN B0CNKHGSPT HTML structure sample: <div role="listitem" data-asin="B0CNKHGSPT" data-index="5" data-uuid="42a83c93-7c5f-4c23-abeb-902028639fda" id="42a83c93-7c5f-4c23-abeb-902028639fda" data-component-type="s-search-result" class="sg-col-4-of-4 sg-col-20-of-24 s-result-item s-asin sg-col-16-of-20 AdHolder sg-col sg-col-12-of-12 s-widget-spacing-small sg-col-8-of-8 sg-col-12-of-16" data-component-id="13" data-cel-widget="search_result_2"><div class="sg-col-inner"><div cel_widget_id="MAIN-SEARCH_RESULTS-5" class="s-widget-container s-spacing-small s-widget-container-height-small celwidget slot=MAIN template=SEARCH_RESULTS widgetId...
2025-07-19 02:36:56,721 - tools.passive_extraction_workflow_latest - DEBUG - Error checking sponsored badge for ASIN B0CNKHGSPT: 'ElementHandle' object has no attribute 'locator'
2025-07-19 02:36:56,722 - tools.passive_extraction_workflow_latest - DEBUG - Error checking aria-label for ASIN B0CNKHGSPT: 'ElementHandle' object has no attribute 'locator'
2025-07-19 02:36:56,774 - tools.passive_extraction_workflow_latest - INFO - Skipping sponsored result: ASIN B0CNKHGSPT (detected by ad-specific class: 'AdHolder')
2025-07-19 02:36:56,774 - tools.passive_extraction_workflow_latest - WARNING - EAN 1845112 returned no organic results - skipping
2025-07-19 02:36:56,776 - tools.passive_extraction_workflow_latest - WARNING - No Amazon results or error for EAN '1845112'. Details: no_organic_results
2025-07-19 02:36:56,776 - tools.passive_extraction_workflow_latest - INFO - Falling back to title search for supplier product: 'Wilko Backseat Litter Bag Dispenser'
2025-07-19 02:36:56,777 - tools.passive_extraction_workflow_latest - INFO - Searching Amazon by title using search bar: 'Wilko Backseat Litter Bag Dispenser'
2025-07-19 02:36:56,778 - tools.passive_extraction_workflow_latest - INFO - Navigating to Amazon UK to search for title: Wilko Backseat Litter Bag Dispenser
2025-07-19 02:36:59,827 - tools.passive_extraction_workflow_latest - INFO - Title search found 1 elements using selector: div.s-search-results > div[data-asin]
2025-07-19 02:36:59,851 - tools.passive_extraction_workflow_latest - WARNING - No valid ASINs found for title 'Wilko Backseat Litter Bag Dispenser'
2025-07-19 02:36:59,851 - tools.passive_extraction_workflow_latest - WARNING - Both EAN '1845112' and title 'Wilko Backseat Litter Bag Dispenser' searches failed
2025-07-19 02:36:59,852 - PassiveExtractionWorkflow - INFO - ❌ EAN search failed for 1845112. Will fall back to title search.
2025-07-19 02:36:59,852 - PassiveExtractionWorkflow - INFO - EAN search failed. Falling back to title search.
2025-07-19 02:36:59,853 - tools.passive_extraction_workflow_latest - INFO - Searching Amazon by title using search bar: 'Wilko Backseat Litter Bag Dispenser'
2025-07-19 02:36:59,853 - tools.passive_extraction_workflow_latest - INFO - No page provided to search_by_title, getting one from BrowserManager.
2025-07-19 02:36:59,854 - utils.browser_manager - INFO - ♻️ Reusing cached page for https://www.amazon.co.uk
2025-07-19 02:36:59,854 - tools.passive_extraction_workflow_latest - INFO - Navigating to Amazon UK to search for title: Wilko Backseat Litter Bag Dispenser
2025-07-19 02:37:02,915 - tools.passive_extraction_workflow_latest - INFO - Title search found 1 elements using selector: div.s-search-results > div[data-asin]
2025-07-19 02:37:02,935 - tools.passive_extraction_workflow_latest - WARNING - No valid ASINs found for title 'Wilko Backseat Litter Bag Dispenser'
2025-07-19 02:37:02,936 - PassiveExtractionWorkflow - WARNING - No Amazon results for title 'Wilko Backseat Litter Bag Dispenser'. Skipping.
2025-07-19 02:37:02,950 - PassiveExtractionWorkflow - INFO - 🔍 DEBUG: _save_linking_map called with 141 entries for supplier poundwholesale.co.uk
2025-07-19 02:37:02,952 - PassiveExtractionWorkflow - INFO - 🔍 DEBUG: linking_map type: <class 'list'>, content: [{'supplier_ean': '5053249228587', 'amazon_asin': 'B075QDW3BF', 'supplier_title': 'Car Pride Under Body Seal Black 400ml', 'amazon_title': 'HP CF541A 203A Original LaserJet Toner Cartridge, Cyan, Single Pack', 'supplier_price': 1.73, 'amazon_price': 64.99, 'match_method': 'EAN', 'confidence': 'high', 'created_at': '2025-07-18T10:13:11.088193', 'supplier_url': 'https://www.poundwholesale.co.uk/carpride-under-body-seal-black'}, {'supplier_ean': '5055319527750', 'amazon_asin': 'B0CX1X6R6G', 'supplier_title': 'Auto Extreme Car Detailing Brush Set 5 Pack', 'amazon_title': 'Kasauber', 'supplier_price': 2.1, 'amazon_price': None, 'match_method': 'EAN', 'confidence': 'high', 'created_at': '2025-07-18T10:13:23.277485', 'supplier_url': 'https://www.poundwholesale.co.uk/auto-extreme-car-detailing-brush-set-5-pack'}, {'supplier_ean': '5055319528504', 'amazon_asin': 'B07NJGQFRF', 'supplier_title': 'Rapide RP-60 Penetrating Maintenance Spray with Control Nozzle 400ml', 'amazon_title': 'Rapide 2850 Paint Spray', 'supplier_price': 2.65, 'amazon_price': 5.85, 'match_method': 'EAN', 'confidence': 'high', 'created_at': '2025-07-18T10:14:15.912179', 'supplier_url': 'https://www.poundwholesale.co.uk/rapide-rp-60-penetrating-maintenance-spray-with-control-nozzle-400ml'}, {'supplier_ean': '5055441452272', 'amazon_asin': 'B0DFMPNHT5', 'supplier_title': 'Goodyear Microfibre Luxury Valet Drying Towel Set 2 Pack', 'amazon_title': 'Goodyear 2PC Microfibre Luxury Valet Cloth Set I Microfibre technology| powerful cleaning | Extra absorbency for a swirl free finish | Ideal for buffing away polish & wax residue | Extra large towel', 'supplier_price': 2.14, 'amazon_price': 6.59, 'match_method': 'EAN', 'confidence': 'high', 'created_at': '2025-07-18T10:15:06.821428', 'supplier_url': 'https://www.poundwholesale.co.uk/goodyear-microfibre-luxury-valet-drying-towel-set-2-pack'}, {'supplier_ean': '5053249229140', 'amazon_asin': 'B07N41XTV5', 'supplier_title': 'Carpride Alloy Wheel Spray Paint Silver Gloss', 'amazon_title': 'Car Pride Alloy Wheel Spray Paint Metallic Silver Repairer. 400ml', 'supplier_price': 1.67, 'amazon_price': 5.4, 'match_method': 'EAN', 'confidence': 'high', 'created_at': '2025-07-18T10:16:10.522951', 'supplier_url': 'https://www.poundwholesale.co.uk/carpride-alloy-wheel-spray-paint-silver-gloss'}, {'supplier_ean': '5055056770822', 'amazon_asin': 'B09DTQ4S43', 'supplier_title': 'Millions Blackcurrant Buzz 3D Car Air Freshener', 'amazon_title': 'AIRFreshh', 'supplier_price': 0.38, 'amazon_price': None, 'match_method': 'EAN', 'confidence': 'high', 'created_at': '2025-07-18T10:16:22.515075', 'supplier_url': 'https://www.poundwholesale.co.uk/millions-blackcurrant-buzz-3d-car-air-freshener'}, {'supplier_ean': '5055319519229', 'amazon_asin': 'B07NJGGW8P', 'supplier_title': 'Auto Extreme Professional White Gloss Spray Paint 400ml', 'amazon_title': 'Auto Extreme White Gloss, 400 ml', 'supplier_price': 1.82, 'amazon_price': 5.3, 'match_method': 'EAN', 'confidence': 'high', 'created_at': '2025-07-18T10:17:22.092163', 'supplier_url': 'https://www.poundwholesale.co.uk/auto-extreme-professional-white-gloss-spray-paint-400ml'}, {'supplier_ean': '5055319529907', 'amazon_asin': 'B07XZDY64P', 'supplier_title': 'Rapide Silicone Lubricant Spray 250ml', 'amazon_title': '300ml Silicone Grease Aerosol Spray Lubricant Can Water Resistant Oil', 'supplier_price': 1.07, 'amazon_price': 4.79, 'match_method': 'EAN', 'confidence': 'high', 'created_at': '2025-07-18T10:18:10.835188', 'supplier_url': 'https://www.poundwholesale.co.uk/rapide-silicone-lubricant-spray-250ml'}, {'supplier_ean': '5050375036574', 'amazon_asin': 'B006URFAE8', 'supplier_title': 'Car Pride Assorted Fragrance Fresh Feet Car Air Fresheners 4 Pack CDU', 'amazon_title': 'Pack of 4 FRESH FEET, Car Air Fresheners, Carpride cp1128', 'supplier_price': 0.71, 'amazon_price': 3.3, 'match_method': 'EAN', 'confidence': 'high', 'created_at': '2025-07-18T10:19:02.426082', 'supplier_url': 'https://www.poundwholesale.co.uk/car-pride-assorted-fragrance-fresh-feet-car-air-fresheners-4-pack-cdu'}, {'supplier_ean': '5055056731878', 'amazon_asin': 'B09LH29BZD', 'supplier_title': 'Guilty Pleasures Blueberry Ice Pop 3D Car Air Freshener', 'amazon_title': 'Guilty Pleasure 3D Blueberry CAR FRESHENER', 'supplier_price': 0.38, 'amazon_price': 3.99, 'match_method': 'EAN', 'confidence': 'high', 'created_at': '2025-07-18T10:19:50.869058', 'supplier_url': 'https://www.poundwholesale.co.uk/guilty-pleasures-blueberry-ice-pop-3d-car-air-freshener'}, {'supplier_ean': '5055319514606', 'amazon_asin': 'B0CYH8F9F9', 'supplier_title': 'Auto Extreme Car Pump Sprayer 2L', 'amazon_title': 'My Garden 5 Litre Sprayer Pump - Weed Killer Pressure Sprayer Pump Action - High Pressure Long Reach Sprayers - Ideal For Spraying Water Fertiliser Herbicides Pesticides Preservative & Detergent', 'supplier_price': 3.85, 'amazon_price': None, 'match_method': 'EAN', 'confidence': 'high', 'created_at': '2025-07-18T10:20:03.052455', 'supplier_url': 'https://www.poundwholesale.co.uk/auto-extreme-car-pump-sprayer-2l'}, {'supplier_ean': '5055319530781', 'amazon_asin': 'B09FKD19N4', 'supplier_title': 'Auto Extreme Tropical Mist In-Car Fragrance Air Freshener Spray 100ml', 'amazon_title': 'Air Freshener Spray Concentrated Long Lasting Oil Based (Ocean Breeze)', 'supplier_price': 0.65, 'amazon_price': None, 'match_method': 'EAN', 'confidence': 'high', 'created_at': '2025-07-18T10:20:17.331393', 'supplier_url': 'https://www.poundwholesale.co.uk/auto-extreme-tropical-mist-in-car-fragrance-air-freshener-spray-100ml'}, {'supplier_ean': '5053249245799', 'amazon_asin': 'B0BLLV2M74', 'supplier_title': 'Car Pride Clean & Polish Microfibre Cloth', 'amazon_title': 'CARPRIDE® Clean and Polish MicroFibre Cloth for Car Exterior and Interior | Streak Free | 30 x 30 cm', 'supplier_price': 0.76, 'amazon_price': 5.29, 'match_method': 'EAN', 'confidence': 'high', 'created_at': '2025-07-18T10:21:04.364223', 'supplier_url': 'https://www.poundwholesale.co.uk/car-pride-clean-polish-microfibre-cloth'}, {'supplier_ean': '5055319531849', 'amazon_asin': 'B074KFGHCP', 'supplier_title': 'Rapide Easy Grease Spray 250ml', 'amazon_title': 'HMT', 'supplier_price': 1.05, 'amazon_price': None, 'match_method': 'EAN', 'confidence': 'high', 'created_at': '2025-07-18T10:21:17.993959', 'supplier_url': 'https://www.poundwholesale.co.uk/rapide-easy-grease-spray-250ml'}, {'supplier_ean': '5052578642705', 'amazon_asin': 'B07X22PHWJ', 'supplier_title': 'Bettina Chamois Demist & Dashboard Pad', 'amazon_title': 'Airlab', 'supplier_price': 0.75, 'amazon_price': None, 'match_method': 'EAN', 'confidence': 'high', 'created_at': '2025-07-18T10:21:28.626273', 'supplier_url': 'https://www.poundwholesale.co.uk/bettina-chamois-demist-dashboard-pad'}, {'supplier_ean': '5052578633000', 'amazon_asin': 'B0F6K65PZT', 'supplier_title': 'Bettina Microfibre Mitt', 'amazon_title': 'Fogcosy', 'supplier_price': 0.95, 'amazon_price': None, 'match_method': 'EAN', 'confidence': 'high', 'created_at': '2025-07-18T10:21:41.310298', 'supplier_url': 'https://www.poundwholesale.co.uk/microfibre-mit-highly-effective-wet-or-dry'}, {'supplier_ean': '5053249245669', 'amazon_asin': 'B0BLL1K79V', 'supplier_title': 'Car Pride Blue Microfibre Glass Cloth', 'amazon_title': 'Car-pride Glass Microfibre Cloth', 'supplier_price': 0.74, 'amazon_price': 4.99, 'match_method': 'EAN', 'confidence': 'high', 'created_at': '2025-07-18T10:22:28.491046', 'supplier_url': 'https://www.poundwholesale.co.uk/car-pride-blue-microfibre-glass-cloth'}, {'supplier_ean': '5055056770785', 'amazon_asin': 'B0BLGR29X6', 'supplier_title': 'Millions Sour Strawberry 3D Car Air Freshener', 'amazon_title': 'Evair', 'supplier_price': 0.38, 'amazon_price': None, 'match_method': 'EAN', 'confidence': 'high', 'created_at': '2025-07-18T10:22:40.894972', 'supplier_url': 'https://www.poundwholesale.co.uk/millions-sour-strawberry-3d-car-air-freshener'}, {'supplier_ean': '5053249248714', 'amazon_asin': 'B006T2450O', 'supplier_title': 'Car-Pride White Gloss Spray Paint 400ml', 'amazon_title': 'Tetrion', 'supplier_price': 1.73, 'amazon_price': None, 'match_method': 'EAN', 'confidence': 'high', 'created_at': '2025-07-18T10:22:54.011676', 'supplier_url': 'https://www.poundwholesale.co.uk/car-pride-white-gloss-spray-paint-400ml'}, {'supplier_ean': '5055056731885', 'amazon_asin': 'B09LHBY2GF', 'supplier_title': 'Guilty Pleasures Vanilla & Cherry Cupcake 3D Car Air Freshener', 'amazon_title': 'Guilty Pleasure 3D Vanilla CAR FRESHENER', 'supplier_price': 0.38, 'amazon_price': 3.99, 'match_method': 'EAN', 'confidence': 'high', 'created_at': '2025-07-18T10:23:41.006634', 'supplier_url': 'https://www.poundwholesale.co.uk/guilty-pleasures-vanilla-cherry-cupcake-3d-car-air-freshener'}, {'supplier_ean': '5055319531733', 'amazon_asin': 'B004SMKX7Q', 'supplier_title': 'Auto Extreme Professional Black Alloy Wheel Spray Paint 400ml', 'amazon_title': 'Hycote', 'supplier_price': 1.81, 'amazon_price': None, 'match_method': 'EAN', 'confidence': 'high', 'created_at': '2025-07-18T10:23:55.039262', 'supplier_url': 'https://www.poundwholesale.co.uk/auto-extreme-professional-black-alloy-wheel-spray-paint-400ml'}, {'supplier_ean': '5055441459684', 'amazon_asin': 'B0DL9TR7T2', 'supplier_title': 'Goodyear 2-in-1 Telescopic Handle Scraper', 'amazon_title': 'Goodyear Telescopic Handle Scraper - Adjustable Ice Scraper with Extendable Handle | Sturdy Blade for Snow & Ice Removal | Ergonomic Grip | Compact and Durable Design | Ideal for Cars, Trucks & SUVs', 'supplier_price': 4.04, 'amazon_price': 9.21, 'match_method': 'EAN', 'confidence': 'high', 'created_at': '2025-07-18T10:24:48.156817', 'supplier_url': 'https://www.poundwholesale.co.uk/goodyear-2-in-1-telescopic-handle-scraper'}, {'supplier_ean': '5055441427348', 'amazon_asin': 'B06XPVGMV8', 'supplier_title': 'Goodyear Portable Car Vacuum Cleaner 12V', 'amazon_title': 'Goodyear 12V DC Car/Van Cigarette Lighter Corded Vacuum Cleaner Powerful Suction', 'supplier_price': 5.72, 'amazon_price': 10.99, 'match_method': 'EAN', 'confidence': 'high', 'created_at': '2025-07-18T10:25:44.453432', 'supplier_url': 'https://www.poundwholesale.co.uk/goodyear-portable-car-vacuum-cleaner-12v'}, {'supplier_ean': '5055319517027', 'amazon_asin': 'B01EQ7TPJE', 'supplier_title': 'Rapide DP-60 Multipurpose Maintenance Spray 750ml', 'amazon_title': 'Maintenance Oil 750ml Spray Can (DP60)', 'supplier_price': 2.77, 'amazon_price': 6.95, 'match_method': 'EAN', 'confidence': 'high', 'created_at': '2025-07-18T10:26:39.185617', 'supplier_url': 'https://www.poundwholesale.co.uk/rapide-dp-60-multipurpose-maintenance-spray-750ml'}, {'supplier_ean': '5038673410708', 'amazon_asin': 'B0D1Y8TCDS', 'supplier_title': 'Car Air Fresheners Leaf Assorted CDU', 'amazon_title': 'Ikeda Car Fragrance: Hanging Car Air Freshener | 10ml Hanging Car Decoration | 45 Days Long Lasting Fragrance | With Clip | For Car Home | 1 Piece (10ml x 1 Piece, Coconut)', 'supplier_price': 0.33, 'amazon_price': None, 'match_method': 'EAN', 'confidence': 'high', 'created_at': '2025-07-18T10:26:52.496784', 'supplier_url': 'https://www.poundwholesale.co.uk/car-air-fresheners-leaf-assorted-cdu'}, {'supplier_ean': '5053249224053', 'amazon_asin': 'B0DMN8CMH8', 'supplier_title': 'Tango Car Air Freshener Assorted', 'amazon_title': '10/50/100PCS Custom LOGO Car Bulk Air Fresheners, Custom Air Fresheners for Car Bulk, Air Freshener with Photo, Double-Sided Personalised Photo and Text Car Air Fresheners (10Pcs Square)', 'supplier_price': 0.76, 'amazon_price': None, 'match_method': 'EAN', 'confidence': 'high', 'created_at': '2025-07-18T10:27:03.571134', 'supplier_url': 'https://www.poundwholesale.co.uk/tango-car-air-freshener-assorted'}, {'supplier_ean': '5050375051270', 'amazon_asin': 'B00BPN9Z2A', 'supplier_title': 'Car Pride Alloy Wheel Cleaning Brush', 'amazon_title': 'Car Pride ALLOY WHEEL BRUSH', 'supplier_price': 0.71, 'amazon_price': 3.95, 'match_method': 'EAN', 'confidence': 'high', 'created_at': '2025-07-18T10:27:53.467488', 'supplier_url': 'https://www.poundwholesale.co.uk/car-pride-alloy-wheel-cleaning-brush'}, {'supplier_ean': '5055319519250', 'amazon_asin': 'B01MT7OBIO', 'supplier_title': 'Auto Extreme Professional Clear Lacquer Spray 400ml', 'amazon_title': 'Auto Extreme Clear Lacquer Spray Paint 400ml', 'supplier_price': 1.82, 'amazon_price': 5.32, 'match_method': 'EAN', 'confidence': 'high', 'created_at': '2025-07-18T10:28:54.182013', 'supplier_url': 'https://www.poundwholesale.co.uk/auto-extreme-professional-clear-lacquer-spray-400ml'}, {'supplier_ean': '5055441446578', 'amazon_asin': 'B0993MX5GX', 'supplier_title': 'Goodyear Waterless Wash & Wax 750ml', 'amazon_title': 'GOODYEAR WATERLESS WASH N WAX SPRAY 750ML', 'supplier_price': 2.06, 'amazon_price': 5.93, 'match_method': 'EAN', 'confidence': 'high', 'created_at': '2025-07-18T10:29:47.233890', 'supplier_url': 'https://www.poundwholesale.co.uk/goodyear-waterless-wash-wax-750ml'}, {'supplier_ean': '5055319519113', 'amazon_asin': 'B07NJGQ85R', 'supplier_title': 'Auto Extreme Automotive Silver Spray Paint 250ml', 'amazon_title': 'Auto Extreme Auto Spray Paint Silver, 250 ml', 'supplier_price': 0.92, 'amazon_price': 4.1, 'match_method': 'EAN', 'confidence': 'high', 'created_at': '2025-07-18T10:30:42.274698', 'supplier_url': 'https://www.poundwholesale.co.uk/auto-extreme-automotive-silver-spray-paint-250ml'}, {'supplier_ean': '5055441452210', 'amazon_asin': 'B0DH8DT3MS', 'supplier_title': 'Goodyear Natural Leather Chamois Cloth Xl', 'amazon_title': 'Goodyear Xl Genuine Leather Chamois -natural Chamois, Super Absorbent, Streak, Scratch Free, With Greater Tolerance To Car Cleaners| Stays Soft When Drying| Ideal For Cleaning Of Interior And Exterior', 'supplier_price': 3.83, 'amazon_price': 5.99, 'match_method': 'EAN', 'confidence': 'high', 'created_at': '2025-07-18T10:31:39.934257', 'supplier_url': 'https://www.poundwholesale.co.uk/goodyear-natural-leather-chamois-cloth-xl'}, {'supplier_ean': '5050375045439', 'amazon_asin': 'B003L6U0NC', 'supplier_title': 'Car-Pride Microfibre Mitt 3 Assorted Colours', 'amazon_title': 'Car Pride Microfibre Magic Mitt - Dusts, Scrubs, Cleans and Polishes', 'supplier_price': 0.98, 'amazon_price': 4.34, 'match_method': 'EAN', 'confidence': 'high', 'created_at': '2025-07-18T10:32:54.935150', 'supplier_url': 'https://www.poundwholesale.co.uk/microfibre-mitt'}, {'supplier_ean': '5055441446516', 'amazon_asin': 'B0D9YH94ZQ', 'supplier_title': 'Goodyear Gloss Tyre Shine 750ml', 'amazon_title': 'Auto Xpert Slick Shine, Premium Tyre Dressing, Long Lasting Wet-Look Finish, Protects Against Water and Dust, Easy to Apply, All Weather Tyre Protection. (5 Litre)', 'supplier_price': 1.39, 'amazon_price': None, 'match_method': 'EAN', 'confidence': 'high', 'created_at': '2025-07-18T10:33:09.394012', 'supplier_url': 'https://www.poundwholesale.co.uk/goodyear-gloss-tyre-shine-750ml'}, {'supplier_ean': '5055441449166', 'amazon_asin': 'B0D11XP9V1', 'supplier_title': 'Goodyear Microfibre Buffing Cloth Large 40cm', 'amazon_title': 'Goodyear Microfibre Buffing Cloth I Specially designed microfibre cloth for polishing and buffing your vehicle | Showroom finish | Microfibre attract more dirt than normal cloth | Machine washable', 'supplier_price': 0.85, 'amazon_price': 1.99, 'match_method': 'EAN', 'confidence': 'high', 'created_at': '2025-07-18T10:34:04.595027', 'supplier_url': 'https://www.poundwholesale.co.uk/goodyear-microfibre-buffing-cloth-large-40cm'}, {'supplier_ean': '5055319529877', 'amazon_asin': 'B07Y1V1WMW', 'supplier_title': 'Rapide Copper Grease Spray 250ml', 'amazon_title': 'Rapide 300ml Copper Grease Aerosol Spray Lubricant Can Anti Seize Brake Pad Squeal Oil', 'supplier_price': 1.07, 'amazon_price': 4.95, 'match_method': 'EAN', 'confidence': 'high', 'created_at': '2025-07-18T10:34:58.176694', 'supplier_url': 'https://www.poundwholesale.co.uk/rapide-copper-grease-spray-250ml'}, {'supplier_ean': '5055441446752', 'amazon_asin': 'B0DJWDHG1Y', 'supplier_title': 'Goodyear Hydrophobic Polymer Formulation Wash & Wax 2.5l', 'amazon_title': 'Goodyear Wash And Wax Hydrophobic Polymer 2.5 Ltr | Leaves A Glossy Just Waxed Deep Protective Shine | Polymer-acrylic Polyethylene Copolymer Wax | Effectively Cleans Dirt And Grime From Your Vehicle', 'supplier_price': 3.05, 'amazon_price': 5.99, 'match_method': 'EAN', 'confidence': 'high', 'created_at': '2025-07-18T10:35:51.556162', 'supplier_url': 'https://www.poundwholesale.co.uk/goodyear-hydrophobic-polymer-formulation-wash-wax-2-5l'}, {'supplier_ean': '5055056731892', 'amazon_asin': 'B094HGXWJC', 'supplier_title': 'Guilty Pleasures Strawberry Doughnut 3D Car Air Freshener', 'amazon_title': 'GUILTY PLEASURES STRAWBERRY DOUGHNUT 3D CAR AIR FRESHENER', 'supplier_price': 0.38, 'amazon_price': 1.5, 'match_method': 'EAN', 'confidence': 'high', 'created_at': '2025-07-18T10:36:38.989576', 'supplier_url': 'https://www.poundwholesale.co.uk/guilty-pleasures-strawberry-doughnut-3d-car-air-freshener'}, {'supplier_ean': '5055319519236', 'amazon_asin': 'B07NJGT1BN', 'supplier_title': 'Auto Extreme Professional Grey Primer Spray Paint 400ml', 'amazon_title': 'Auto Extreme Auto Extreme Grey Primer, 400 ml', 'supplier_price': 1.82, 'amazon_price': 5.44, 'match_method': 'EAN', 'confidence': 'high', 'created_at': '2025-07-18T10:37:31.087578', 'supplier_url': 'https://www.poundwholesale.co.uk/auto-extreme-professional-grey-primer-spray-paint-400ml'}, {'supplier_ean': '5055441453309', 'amazon_asin': 'B094DFY8PC', 'supplier_title': 'Goodyear Anti-Smear Blue Screenwash 5L', 'amazon_title': 'Prestone', 'supplier_price': 2.7, 'amazon_price': None, 'match_method': 'EAN', 'confidence': 'high', 'created_at': '2025-07-18T10:37:44.323618', 'supplier_url': 'https://www.poundwholesale.co.uk/goodyear-anti-smear-blue-screenwash-5l'}, {'supplier_ean': '5055319558839', 'amazon_asin': 'B0CTCSZD1T', 'supplier_title': 'Auto Extreme Microfibre Wheel Wash Brush 46cm', 'amazon_title': 'Xtremeauto', 'supplier_price': 2.79, 'amazon_price': None, 'match_method': 'EAN', 'confidence': 'high', 'created_at': '2025-07-18T10:37:55.429624', 'supplier_url': 'https://www.poundwholesale.co.uk/auto-extreme-microfibre-wheel-wash-brush-46cm'}, {'supplier_ean': '5055319511995', 'amazon_asin': 'B09C44BVZY', 'supplier_title': 'Auto Extreme Professional Red Gloss Brake Caliper Spray Paint 400ml', 'amazon_title': 'Tailored Paint', 'supplier_price': 2.73, 'amazon_price': None, 'match_method': 'EAN', 'confidence': 'high', 'created_at': '2025-07-18T10:38:08.805743', 'supplier_url': 'https://www.poundwholesale.co.uk/auto-extreme-professional-red-gloss-brake-caliper-spray-paint-400ml'}, {'supplier_ean': '5055319519205', 'amazon_asin': 'B09DYZTY7G', 'supplier_title': 'Auto Extreme Professional Black Matt Spray Paint 400ml', 'amazon_title': 'Classic Signature - 1 x Auto Extreme Black Matt Spray Paint 400ml, Professional Quality, Perfect Finish for Cars, Bikes,Vans, Metal, Wood', 'supplier_price': 1.82, 'amazon_price': 6.89, 'match_method': 'EAN', 'confidence': 'high', 'created_at': '2025-07-18T10:38:58.185842', 'supplier_url': 'https://www.poundwholesale.co.uk/auto-extreme-professional-black-matt-spray-paint-400ml'}, {'supplier_ean': '5055319531818', 'amazon_asin': 'B000LD4V2E', 'supplier_title': 'Auto Extreme Professional Black Bumper & Trim Spray Paint 400ml', 'amazon_title': 'Hycote', 'supplier_price': 1.81, 'amazon_price': None, 'match_method': 'EAN', 'confidence': 'high', 'created_at': '2025-07-18T10:39:11.840698', 'supplier_url': 'https://www.poundwholesale.co.uk/auto-extreme-professional-black-bumper-trim-spray-paint-400ml'}, {'supplier_ean': '5053249226576', 'amazon_asin': 'B07CZHPQRY', 'supplier_title': '151 Super Maintenance Spray 200ml', 'amazon_title': '151 Products 2X Super Multipurpose Oil - 200ml, 20ml x 10, Bike Chain, Multipurpose, 0.26kg', 'supplier_price': 1.14, 'amazon_price': 5.28, 'match_method': 'EAN', 'confidence': 'high', 'created_at': '2025-07-18T10:40:10.708714', 'supplier_url': 'https://www.poundwholesale.co.uk/supermaintenance-spray-300ml'}, {'supplier_ean': '5050375083813', 'amazon_asin': 'B0DG2QVKZL', 'supplier_title': 'Car Pride Interior Clean & Shine 300ml', 'amazon_title': 'Hoover HF1 Plus Cordless Stick Vacuum Cleaner with Turbo Suction Mode, Up to 45 Min Runtime, LED Lights, Multi-Floor Nozzle, Anti Hair Wrap, Handheld Capability, 165w [HF1P10H]', 'supplier_price': 0.95, 'amazon_price': 99.0, 'match_method': 'EAN', 'confidence': 'high', 'created_at': '2025-07-18T10:41:15.031823', 'supplier_url': 'https://www.poundwholesale.co.uk/interior-clean-shine-300ml'}, {'supplier_ean': '5055319519120', 'amazon_asin': 'B07NJGQFPJ', 'supplier_title': 'Auto Extreme Automotive White Primer Spray Paint 250ml', 'amazon_title': 'Auto Extreme Auto Spray White Primer, 250 ml', 'supplier_price': 0.92, 'amazon_price': 5.19, 'match_method': 'EAN', 'confidence': 'high', 'created_at': '2025-07-18T10:42:08.243130', 'supplier_url': 'https://www.poundwholesale.co.uk/auto-extreme-automotive-white-primer-spray-paint-250ml'}, {'supplier_ean': '5055441449128', 'amazon_asin': 'B0DF3573G7', 'supplier_title': 'Goodyear Microfibre Wash & Dry Cloth Large 40cm', 'amazon_title': 'Goodyear Microfibre Wash and Dry Cloth Large Specially designed microfibre cloth for washing and drying your vehicle |Dual purpose |Microfibres attract more dirt than a normal cloth| Machine washable', 'supplier_price': 0.8, 'amazon_price': 5.03, 'match_method': 'EAN', 'confidence': 'high', 'created_at': '2025-07-18T10:42:56.491855', 'supplier_url': 'https://www.poundwholesale.co.uk/goodyear-microfibre-wash-dry-cloth-large-40cm'}, {'supplier_ean': '5050375084087', 'amazon_asin': 'B004V424UK', 'supplier_title': 'Car Pride Tyre Shine 300ml', 'amazon_title': '151 CAR VAN BIKE TYRE SHINE WET LOOK SPRAY BLACK', 'supplier_price': 0.93, 'amazon_price': 4.2, 'match_method': 'EAN', 'confidence': 'high', 'created_at': '2025-07-18T10:43:52.714822', 'supplier_url': 'https://www.poundwholesale.co.uk/tyre-shine-300ml'}, {'supplier_ean': '5052578042604', 'amazon_asin': 'B089P24HXC', 'supplier_title': 'Bettina Natural Chamois Leather Cloth 30cm X 30cm', 'amazon_title': 'CarMax® English Premium Grade Natural Chamois Leather - Large - Perfect for drying off the whole car, glass, mirrors, inside and out, super soft and highly absorbent, Made in the UK', 'supplier_price': 0.91, 'amazon_price': None, 'match_method': 'EAN', 'confidence': 'high', 'created_at': '2025-07-18T10:44:06.608980', 'supplier_url': 'https://www.poundwholesale.co.uk/bettina-chamois-leather-cloth'}, {'supplier_ean': '5055319512008', 'amazon_asin': 'B0D6N5WJK2', 'supplier_title': 'Auto Extreme Professional Yellow Gloss Brake Caliper Spray Paint 400ml', 'amazon_title': 'AX PRO Break Caliper Spray Yellow Gloss 400ml', 'supplier_price': 2.73, 'amazon_price': 4.87, 'match_method': 'EAN', 'confidence': 'high', 'created_at': '2025-07-18T10:44:49.215843', 'supplier_url': 'https://www.poundwholesale.co.uk/auto-extreme-professional-yellow-gloss-brake-caliper-spray-paint-400ml'}, {'supplier_ean': '5055441452173', 'amazon_asin': 'B0DF358GFW', 'supplier_title': 'Goodyear Microfibre Window Cloth Large 40cm X 40cm', 'amazon_title': 'Goodyear microfibre Window Cloth I Designed Microfiber Cloth for windscreens, windows and mirrors| Statically charged cleaning| Leaves lint free finish| Ideal for effective cleaning of glass surfaces', 'supplier_price': 1.06, 'amazon_price': 1.99, 'match_method': 'EAN', 'confidence': 'high', 'created_at': '2025-07-18T10:45:39.365206', 'supplier_url': 'https://www.poundwholesale.co.uk/goodyear-microfibre-window-cloth-large-40cm-x-40cm'}, {'supplier_ean': '5052578414708', 'amazon_asin': 'B0BG8HY6NL', 'supplier_title': 'Bettina Giant Car Sponge', 'amazon_title': 'Xtremeauto', 'supplier_price': 0.87, 'amazon_price': None, 'match_method': 'EAN', 'confidence': 'high', 'created_at': '2025-07-18T10:45:52.603673', 'supplier_url': 'https://www.poundwholesale.co.uk/bettina-giant-car-sponge'}, {'supplier_ean': '5050375083967', 'amazon_asin': 'B004V423RY', 'supplier_title': 'Car Pride Window & Mirror Cleaner 300ml', 'amazon_title': 'WINDOW MIRROR GLASS CERAMIC CLEANER - NON SMEAR', 'supplier_price': 0.97, 'amazon_price': 4.45, 'match_method': 'EAN_cached', 'confidence': 'low', 'created_at': '2025-07-18T10:45:52.672388', 'supplier_url': 'https://www.poundwholesale.co.uk/window-mirror-cleaner-300ml'}, {'supplier_ean': '5055441444536', 'amazon_asin': 'B0DF33XNMX', 'supplier_title': 'Goodyear Luxury Deep Pile Microfibre 2-In-1 Valet Cloth 45cm X 38cm', 'amazon_title': 'Goodyear Luxury Valet Cloth Large Deep pile for absorbency| For showroom perfect finish |2 in 1 luxury car cloth| Microfibre technology| Cleaning fibre| Satin safety edging protects against scratching', 'supplier_price': 3.02, 'amazon_price': 7.0, 'match_method': 'EAN', 'confidence': 'high', 'created_at': '2025-07-18T10:46:44.263284', 'supplier_url': 'https://www.poundwholesale.co.uk/goodyear-luxury-deep-pile-microfibre-2-in-1-valet-cloth-45cm-x-38cm'}, {'supplier_ean': '5055441446554', 'amazon_asin': 'B0DJWFVY3H', 'supplier_title': 'Goodyear Snow Foam Pre-Wash Shampoo 1l', 'amazon_title': 'Goodyear 1L Snow Foam Cherry Scent Pressure Washer Or Foam Lancer | Covers The Vehicle In A Rich Blanket Of Foam | Gently Loosen Dirt & Heavy Soiling | More Concentrated Solution The Thicker The Foam', 'supplier_price': 2.54, 'amazon_price': 7.99, 'match_method': 'EAN', 'confidence': 'high', 'created_at': '2025-07-18T10:47:33.544513', 'supplier_url': 'https://www.poundwholesale.co.uk/goodyear-cherry-snow-form-pre-wash-shampoo-1l'}, {'supplier_ean': '5055319519021', 'amazon_asin': 'B09FLXRC5F', 'supplier_title': 'Auto Extreme Automotive White Gloss Spray Paint 250ml', 'amazon_title': 'Classic Signature - 1 x Auto Extreme White Gloss Spray Paint 250ml Professional Quality, Perfect Finish for Cars, Bikes,Vans, Metal, Wood', 'supplier_price': 0.92, 'amazon_price': 5.47, 'match_method': 'EAN', 'confidence': 'high', 'created_at': '2025-07-18T10:48:41.581930', 'supplier_url': 'https://www.poundwholesale.co.uk/auto-extreme-automotive-white-gloss-spray-paint-250ml'}, {'supplier_ean': '5055319519274', 'amazon_asin': 'B09F9MVQS1', 'supplier_title': 'Auto Extreme Professional Blue Gloss Spray Paint 400ml', 'amazon_title': 'Classic Signature - 1 x Auto Extreme Blue Gloss Spray Paint 400ml, Professional Quality, Perfect Finish for Cars, Bikes,Vans, Metal, Wood', 'supplier_price': 1.82, 'amazon_price': 6.89, 'match_method': 'EAN', 'confidence': 'high', 'created_at': '2025-07-18T10:49:36.222143', 'supplier_url': 'https://www.poundwholesale.co.uk/auto-extreme-professional-blue-gloss-spray-paint-400ml'}, {'supplier_ean': '5050375127340', 'amazon_asin': 'B076DD8QMP', 'supplier_title': 'Tango Car Air Freshener CDU Assorted Fragrances', 'amazon_title': 'Tango Liquid Car Air Freshener 4pk - Cherry Orange Apple & Lemon', 'supplier_price': 0.74, 'amazon_price': 5.49, 'match_method': 'EAN', 'confidence': 'high', 'created_at': '2025-07-18T10:50:21.970905', 'supplier_url': 'https://www.poundwholesale.co.uk/tango-car-air-freshener-cdu-assorted-fragrances'}, {'supplier_ean': '5055319519243', 'amazon_asin': 'B07NJHJC44', 'supplier_title': 'Auto Extreme Professional Silver Wheel Spray Paint 400ml', 'amazon_title': 'Auto Extreme Silver Wheel, 400 ml', 'supplier_price': 1.82, 'amazon_price': 5.5, 'match_method': 'EAN', 'confidence': 'high', 'created_at': '2025-07-18T10:51:15.720754', 'supplier_url': 'https://www.poundwholesale.co.uk/auto-extreme-professional-silver-wheel-spray-paint-400ml'}, {'supplier_ean': '5055319530798', 'amazon_asin': 'B0BZQ9D3SS', 'supplier_title': 'Auto Extreme Ocean Breeze In-Car Fragrance Air Freshener Spray 100ml', 'amazon_title': 'Car Air Freshener for Men with Vent Clip | Strong Perfume Automotive Air Freshener | Odour Eliminating Technology with Vent Clip | Car Air Fresheners by Perfa', 'supplier_price': 0.65, 'amazon_price': None, 'match_method': 'EAN', 'confidence': 'high', 'created_at': '2025-07-18T10:51:27.401020', 'supplier_url': 'https://www.poundwholesale.co.uk/auto-extreme-ocean-breeze-in-car-fragrance-air-freshener-spray-100ml'}, {'supplier_ean': '5052578047807', 'amazon_asin': 'B0FB44TV8Y', 'supplier_title': 'Bettina Microfibre Ultra Buff Car Cloths 3pc', 'amazon_title': 'Towelogy', 'supplier_price': 1.79, 'amazon_price': None, 'match_method': 'EAN', 'confidence': 'high', 'created_at': '2025-07-18T10:51:38.488644', 'supplier_url': 'https://www.poundwholesale.co.uk/bettina-microfibre-ultra-buff-car-cloths-3pc'}, {'supplier_ean': '5055441446714', 'amazon_asin': 'B0DFPVL488', 'supplier_title': 'Goodyear Silicone Window Squeegee 30cm', 'amazon_title': 'Goodyear Silicone Window Squeegee Ideal For Car Bodywork, Showers, Windows And Other Smooth Surfaces| Soft Silicone Blade| Removes 95% Of Standing Water| V-shaped Grip| Reusable And Long Lasting', 'supplier_price': 1.99, 'amazon_price': 3.99, 'match_method': 'EAN', 'confidence': 'high', 'created_at': '2025-07-18T10:52:28.920921', 'supplier_url': 'https://www.poundwholesale.co.uk/goodyear-silicone-window-squeegee-30cm'}, {'supplier_ean': '5055319528030', 'amazon_asin': 'B0DJM5VWR6', 'supplier_title': 'Rapide DP-60 Penetrating Maintenance Spray 100ml CDU', 'amazon_title': 'PNJB', 'supplier_price': 0.79, 'amazon_price': None, 'match_method': 'EAN', 'confidence': 'high', 'created_at': '2025-07-18T10:52:43.308895', 'supplier_url': 'https://www.poundwholesale.co.uk/rapide-dp-60-penetrating-maintenance-spray-100ml-cdu'}, {'supplier_ean': '5052578047708', 'amazon_asin': 'B09D7HXXXT', 'supplier_title': 'Bettina Assorted Microfibre Car Rags Bag', 'amazon_title': 'MR.SIGA', 'supplier_price': 1.79, 'amazon_price': None, 'match_method': 'EAN', 'confidence': 'high', 'created_at': '2025-07-18T10:52:56.953180', 'supplier_url': 'https://www.poundwholesale.co.uk/bettina-assorted-microfibre-car-rags-bag'}, {'supplier_ean': '8008990001061', 'amazon_asin': 'B00BFXBBHM', 'supplier_title': 'Classic Professional Car Sponge 15cm X 11cm X 5.5cm', 'amazon_title': 'Générique Auto Care – Wash Synthetic Sponge Pro Classic', 'supplier_price': 0.62, 'amazon_price': 3.89, 'match_method': 'EAN', 'confidence': 'high', 'created_at': '2025-07-18T10:53:42.902436', 'supplier_url': 'https://www.poundwholesale.co.uk/classic-professional-car-sponge-15cm-x-11cm-x-5-5cm'}, {'supplier_ean': '5055319529891', 'amazon_asin': 'B0CXN6VDPT', 'supplier_title': 'Rapide Multi Lube Oil Spray 250ml', 'amazon_title': 'Multi Lube Oil Spray High Performance Lubricates Cleans Prevents Rust - 300ml', 'supplier_price': 1.07, 'amazon_price': 5.49, 'match_method': 'EAN', 'confidence': 'high', 'created_at': '2025-07-18T10:54:33.090475', 'supplier_url': 'https://www.poundwholesale.co.uk/rapide-multi-lube-oil-spray-250ml'}, {'supplier_ean': '5055319599559', 'amazon_asin': 'B07NJGVPVQ', 'supplier_title': 'Auto Extreme Professional Chrome Effect Spray Paint 400ml', 'amazon_title': 'Auto Extreme Auto Spray Chrome, 400 ml', 'supplier_price': 2.03, 'amazon_price': 4.99, 'match_method': 'EAN', 'confidence': 'high', 'created_at': '2025-07-18T10:55:42.978833', 'supplier_url': 'https://www.poundwholesale.co.uk/auto-extreme-professional-chrome-effect-spray-paint-400ml'}, {'supplier_ean': '5053249228563', 'amazon_asin': 'B07R97BMMC', 'supplier_title': 'Carpride Alloy Wheel Spray Paint Matt Black', 'amazon_title': 'Car Pride 400ml High Grade Car Alloy Wheel Matt Black Fantastic Finish Surface Aerosol Spray Paint Can', 'supplier_price': 1.67, 'amazon_price': 5.69, 'match_method': 'EAN', 'confidence': 'high', 'created_at': '2025-07-18T10:56:35.936258', 'supplier_url': 'https://www.poundwholesale.co.uk/carpride-alloy-wheel-spray-paint-matt-black'}, {'supplier_ean': '5055319519045', 'amazon_asin': 'B07NJFYFZR', 'supplier_title': 'Auto Extreme Silver Wheel Spray Paint 250ml', 'amazon_title': 'Auto Extreme Auto Spray Silver Wheel, 250 ml', 'supplier_price': 0.92, 'amazon_price': 4.5, 'match_method': 'EAN', 'confidence': 'high', 'created_at': '2025-07-18T10:57:32.469691', 'supplier_url': 'https://www.poundwholesale.co.uk/auto-extreme-silver-wheel-spray-paint-250ml'}, {'supplier_ean': '5055319519212', 'amazon_asin': 'B09DYXN6YF', 'supplier_title': 'Auto Extreme Professional Black Gloss Spray Paint 400ml', 'amazon_title': 'Classic Signature - 1 x Auto Extreme Black Gloss Spray Paint 400ml, Professional Quality, Perfect Finish for Cars, Bikes,Vans, Metal, Wood', 'supplier_price': 1.82, 'amazon_price': 6.89, 'match_method': 'EAN', 'confidence': 'high', 'created_at': '2025-07-18T10:58:29.850682', 'supplier_url': 'https://www.poundwholesale.co.uk/auto-extreme-professional-black-gloss-spray-paint-400ml'}, {'supplier_ean': '5056170362405', 'amazon_asin': 'B006UCJ5NU', 'supplier_title': 'Bloc Multipurpose Penetrating Maintenance Spray 250ml', 'amazon_title': 'WD-40 Specialist', 'supplier_price': 1.03, 'amazon_price': None, 'match_method': 'EAN', 'confidence': 'high', 'created_at': '2025-07-18T10:58:41.438173', 'supplier_url': 'https://www.poundwholesale.co.uk/bloc-multipurpose-penetrating-maintenance-spray-250ml'}, {'supplier_ean': '5055319519106', 'amazon_asin': 'B09FLX734G', 'supplier_title': 'Auto Extreme Automotive Black Satin Spray Paint 250ml', 'amazon_title': 'Classic Signature - 1 x Black Satin Auto Extreme Spray Paint 250ml Professional Quality, Perfect Finish for Cars, Bikes,Vans, Metal, Wood', 'supplier_price': 0.92, 'amazon_price': 5.47, 'match_method': 'EAN', 'confidence': 'high', 'created_at': '2025-07-18T10:59:37.654163', 'supplier_url': 'https://www.poundwholesale.co.uk/auto-extreme-automotive-black-satin-spray-paint-250ml'}, {'supplier_ean': '5053249248677', 'amazon_asin': 'B000LD4V2E', 'supplier_title': 'Car Pride Black Gloss Spray Paint 400ml', 'amazon_title': 'Hycote', 'supplier_price': 1.73, 'amazon_price': None, 'match_method': 'EAN', 'confidence': 'high', 'created_at': '2025-07-18T10:59:51.150021', 'supplier_url': 'https://www.poundwholesale.co.uk/car-pride-black-gloss-spray-paint-400ml'}, {'supplier_ean': '5050375064300', 'amazon_asin': 'B01M0JVPJD', 'supplier_title': 'Car-Pride Quick Fix Tyre Repair 300ml', 'amazon_title': '2 X QUICK FIX CAR EMERGENCY FLAT TYRE INFLATE PUNCTURE REPAIR KIT', 'supplier_price': 1.77, 'amazon_price': 7.74, 'match_method': 'EAN', 'confidence': 'high', 'created_at': '2025-07-18T11:00:47.582374', 'supplier_url': 'https://www.poundwholesale.co.uk/quick-fix-tyre-repair'}, {'supplier_ean': '5055441446530', 'amazon_asin': 'B0993N1H9T', 'supplier_title': 'Goodyear Car Cockpit Cleaner 750ml', 'amazon_title': 'Goodyear Cockpit Cleaner 750ml- Effectively Cleans Dirt, Dust And Grime From the Dashboard And Surroundings| Protects Against Water And Dust Helping to Leave a Showroom Shine| Spray Weight 820g', 'supplier_price': 1.39, 'amazon_price': 5.13, 'match_method': 'EAN', 'confidence': 'high', 'created_at': '2025-07-18T11:01:48.222908', 'supplier_url': 'https://www.poundwholesale.co.uk/goodyear-cherry-scent-car-cockpit-cleaner-750ml'}, {'supplier_ean': '5055319519281', 'amazon_asin': 'B07NJGV658', 'supplier_title': 'Auto Extreme Professional Yellow Gloss Spray Paint 400ml', 'amazon_title': 'Auto Extreme Auto Extreme Yellow, 400 ml', 'supplier_price': 1.96, 'amazon_price': 5.49, 'match_method': 'EAN', 'confidence': 'high', 'created_at': '2025-07-18T11:02:38.788885', 'supplier_url': 'https://www.poundwholesale.co.uk/auto-extreme-professional-yellow-gloss-spray-paint-400ml'}, {'supplier_ean': '5056175980970', 'amazon_asin': 'B095HTD46T', 'supplier_title': 'Auto Extras Jar Candle Air Freshener 3 Pack Assorted', 'amazon_title': 'CRISTALINAS', 'supplier_price': 0.54, 'amazon_price': None, 'match_method': 'EAN', 'confidence': 'high', 'created_at': '2025-07-18T11:02:51.951099', 'supplier_url': 'https://www.poundwholesale.co.uk/auto-extras-jar-candle-air-freshener-3-pack-assorted'}, {'supplier_ean': '5055319529914', 'amazon_asin': 'B07XZF187M', 'supplier_title': 'Rapide PTFE Lubricant Spray 250ml', 'amazon_title': 'Rapide 300ml PTFE Grease Aerosol Spray Lubricant Can Chains Belts Cables Oil', 'supplier_price': 1.07, 'amazon_price': 4.99, 'match_method': 'EAN', 'confidence': 'high', 'created_at': '2025-07-18T11:03:38.329354', 'supplier_url': 'https://www.poundwholesale.co.uk/rapide-ptfe-lubricant-spray-250ml'}, {'supplier_ean': '5055441449203', 'amazon_asin': 'B0D12237Y2', 'supplier_title': 'Goodyear Expanding Car Cleaning Sponge', 'amazon_title': 'Goodyear Tyre and Wheel Deep Cleaning Multi-Purpose Brush | Ideal for Vehicle Tyres | Ergonomic L-Style Handle | Wide Curved Brush Head Covers Larger Surface | Removes Dirt and Grime', 'supplier_price': 0.72, 'amazon_price': 0.99, 'match_method': 'EAN', 'confidence': 'high', 'created_at': '2025-07-18T11:04:31.759859', 'supplier_url': 'https://www.poundwholesale.co.uk/goodyear-expanding-car-cleaning-sponge'}, {'supplier_ean': '5053249229768', 'amazon_asin': 'B0BZQ8C6CS', 'supplier_title': 'Chupa Chups Car Air Fresheners CDU Assorted Fragrances', 'amazon_title': 'One Million Car Air Freshener for Men | Strong Perfume Automotive Freshener | Odour Eliminating Technology with Vent Clip | Long Lasting Car Air Freshener by Perfa', 'supplier_price': 0.87, 'amazon_price': None, 'match_method': 'EAN', 'confidence': 'high', 'created_at': '2025-07-18T11:04:43.364574', 'supplier_url': 'https://www.poundwholesale.co.uk/chupa-chups-car-air-fresheners-cdu-assorted-fragrances'}, {'supplier_ean': '5050375002197', 'amazon_asin': 'B01MQHS127', 'supplier_title': 'Car Pride Stitched Natural Chamois Leather', 'amazon_title': '151 NATURAL CHAMOIS LEATHER', 'supplier_price': 0.85, 'amazon_price': 3.19, 'match_method': 'EAN', 'confidence': 'high', 'created_at': '2025-07-18T11:06:00.876295', 'supplier_url': 'https://www.poundwholesale.co.uk/stitched-natural-chamois-leather'}, {'supplier_ean': '5055441446431', 'amazon_asin': 'B0992QG9QK', 'supplier_title': 'Goodyear Instant Valet Upholstery Cleaner 750ml', 'amazon_title': 'GOODYEAR INSTANT VALET UPHOLSTERY CLEANER SPRAY 750ML', 'supplier_price': 1.4, 'amazon_price': 5.27, 'match_method': 'EAN', 'confidence': 'high', 'created_at': '2025-07-18T11:06:52.375016', 'supplier_url': 'https://www.poundwholesale.co.uk/goodyear-instant-valet-upholstery-cleaner-750ml'}, {'supplier_ean': '5053249245751', 'amazon_asin': 'B0BLL3XTRB', 'supplier_title': 'Car Pride Clean & Dry Microfibre Cloth', 'amazon_title': 'CARPRIDE® Clean and Dry Microfibre Cloth | For Car Exterior and Interior | 30 x 30 cm | Brown', 'supplier_price': 0.76, 'amazon_price': 2.95, 'match_method': 'EAN', 'confidence': 'high', 'created_at': '2025-07-18T11:07:43.161406', 'supplier_url': 'https://www.poundwholesale.co.uk/car-pride-clean-dry-microfibre-cloth'}, {'supplier_ean': '8008990001047', 'amazon_asin': 'B0DJFRHQ3H', 'supplier_title': 'Flash Car Synthetic Chamois Large', 'amazon_title': 'FLASH', 'supplier_price': 1.42, 'amazon_price': None, 'match_method': 'EAN', 'confidence': 'high', 'created_at': '2025-07-18T11:08:10.161535', 'supplier_url': 'https://www.poundwholesale.co.uk/flash-car-synthetic-chamois-large'}, {'supplier_ean': '5050375084148', 'amazon_asin': 'B07FRGHHQR', 'supplier_title': 'Car Pride Black Pack 300ml', 'amazon_title': 'Car Pride Black Pack Spray For Plastic Bumper & Exterior Trim Restorer 300ml', 'supplier_price': 0.93, 'amazon_price': 4.49, 'match_method': 'EAN_cached', 'confidence': 'low', 'created_at': '2025-07-18T11:08:10.231134', 'supplier_url': 'https://www.poundwholesale.co.uk/black-pack-300ml'}, {'supplier_ean': '5055319519311', 'amazon_asin': 'B07NJH9XCY', 'supplier_title': 'Auto Extreme Professional Racing Green Gloss Spray Paint 400ml', 'amazon_title': 'Auto Extreme Racing Green, 400 ml', 'supplier_price': 1.96, 'amazon_price': 5.65, 'match_method': 'EAN', 'confidence': 'high', 'created_at': '2025-07-18T11:09:04.876820', 'supplier_url': 'https://www.poundwholesale.co.uk/auto-extreme-professional-racing-green-gloss-spray-paint-400ml'}, {'supplier_ean': '5055319519137', 'amazon_asin': 'B07NJFXL6R', 'supplier_title': 'Auto Extreme Red Primer Spray Paint 250ml', 'amazon_title': 'Auto Extreme Auto Spray Red Primer, 250 ml', 'supplier_price': 0.92, 'amazon_price': 4.35, 'match_method': 'EAN', 'confidence': 'high', 'created_at': '2025-07-18T11:09:55.460107', 'supplier_url': 'https://www.poundwholesale.co.uk/mean-machine-auto-spray-red-primer-250ml'}, {'supplier_ean': '5038673050010', 'amazon_asin': 'B0FC6D5VDG', 'supplier_title': 'Portable Wet & Dry Auto Vacuum Cleaner', 'amazon_title': 'HYCHIKA 3 in 1 Wet and Dry Vacuum Cleaner, Power: 1200 W, 20 L Stainless Steel Tank, 6 M+ Cleaning Range (2.5 M Power Cores + 3.5 M Soft & Hard Hose), for Garden Outdoor Floor Sofa Cleaning', 'supplier_price': 10.18, 'amazon_price': None, 'match_method': 'EAN', 'confidence': 'high', 'created_at': '2025-07-18T11:10:08.518609', 'supplier_url': 'https://www.poundwholesale.co.uk/portable-wet-dry-auto-vacuum-cleaner'}, {'supplier_ean': '5052578034708', 'amazon_asin': 'B0CKTH6LDT', 'supplier_title': 'Bettina Microfibre Car Cloths 2 Pack', 'amazon_title': 'CarMax® - Original Twisted Loop Car Drying Towel - Double-Sided XXL - 90cm x 60cm 1400gsm Microfibre Towel for fast streak-free drying and detailing.', 'supplier_price': 0.79, 'amazon_price': 17.99, 'match_method': 'EAN_cached', 'confidence': 'low', 'created_at': '2025-07-18T11:10:08.580003', 'supplier_url': 'https://www.poundwholesale.co.uk/3pc-micro-fibre-car-cloths-highly-effective-wet-or-dry'}, {'supplier_ean': '5055441449142', 'amazon_asin': 'B0DF343YX8', 'supplier_title': 'Goodyear Microfibre Dusting Cloth Large 60cm X 40cm', 'amazon_title': 'Goodyear Microfibre Dusting Cloth I Specially designed microfibre cloth for windscreens, windows and mirrors | Statically charged cleaning fibres attract dust | Leaves a lint free finish | 60m x 40cm', 'supplier_price': 0.85, 'amazon_price': 1.99, 'match_method': 'EAN', 'confidence': 'high', 'created_at': '2025-07-18T11:10:57.177704', 'supplier_url': 'https://www.poundwholesale.co.uk/goodyear-microfibre-dusting-cloth-large-60cm-x-40cm'}, {'supplier_ean': '5055441449180', 'amazon_asin': 'B0D3JDFZJC', 'supplier_title': 'Goodyear Microfibre Car Cloth Set 4 Pack', 'amazon_title': 'Goodyear 4PC Microfibre Cloth Set- microfibre cloths for cleaning your vehicle | Cleaning fibres attract dust | Showroom finish | Machine washable | Dashboard, Buffing, Window cloth | Wash and drying', 'supplier_price': 2.59, 'amazon_price': 4.99, 'match_method': 'EAN', 'confidence': 'high', 'created_at': '2025-07-18T11:11:46.340949', 'supplier_url': 'https://www.poundwholesale.co.uk/goodyear-microfibre-car-cloth-set-4-pack'}, {'supplier_ean': '5055441449104', 'amazon_asin': 'B0DH8C367V', 'supplier_title': 'Goodyear Synthetic Chamois Cloth', 'amazon_title': 'Goodyear Synthetic Chamois -natural Chamois, Super Absorbent, Streak And Scratch Free, With A Greater Tolerance To Modern Car Cleaners| Stays Soft When Drying| Extra Large 72cm x 50cm|Machine Washable', 'supplier_price': 1.9, 'amazon_price': 2.99, 'match_method': 'EAN', 'confidence': 'high', 'created_at': '2025-07-18T11:12:43.381337', 'supplier_url': 'https://www.poundwholesale.co.uk/goodyear-synthetic-chamois-cloth'}, {'supplier_ean': '5055319530736', 'amazon_asin': 'B084VTS1NV', 'supplier_title': 'Auto Extreme Fresh Linen In-Car Fragrance Air Freshener Spray 100ml', 'amazon_title': 'Air Freshener Spray Concentrated Long Lasting Oil Based (New Car)', 'supplier_price': 0.65, 'amazon_price': None, 'match_method': 'EAN', 'confidence': 'high', 'created_at': '2025-07-18T11:12:55.532920', 'supplier_url': 'https://www.poundwholesale.co.uk/auto-extreme-fresh-linen-in-car-fragrance-air-freshener-spray-100ml'}, {'supplier_ean': '5055319519076', 'amazon_asin': 'B09FLX3QXD', 'supplier_title': 'Auto Extreme Automotive Red Gloss Spray Paint 250ml', 'amazon_title': 'Classic Signature - 1 x Auto Extreme Red Gloss Spray Paint 250ml, Professional Quality, Perfect Finish for Cars, Bikes,Vans, Metal, Wood', 'supplier_price': 0.92, 'amazon_price': 5.47, 'match_method': 'EAN', 'confidence': 'high', 'created_at': '2025-07-18T11:13:48.220197', 'supplier_url': 'https://www.poundwholesale.co.uk/auto-extreme-automotive-red-gloss-spray-paint-250ml'}, {'supplier_ean': '5050375003620', 'amazon_asin': 'B0DG2QVKZL', 'supplier_title': 'Car Pride Luxury Natural Chamois Leather', 'amazon_title': 'Hoover HF1 Plus Cordless Stick Vacuum Cleaner with Turbo Suction Mode, Up to 45 Min Runtime, LED Lights, Multi-Floor Nozzle, Anti Hair Wrap, Handheld Capability, 165w [HF1P10H]', 'supplier_price': 1.41, 'amazon_price': 99.0, 'match_method': 'EAN', 'confidence': 'high', 'created_at': '2025-07-18T11:14:56.832846', 'supplier_url': 'https://www.poundwholesale.co.uk/car-pride-luxury-natural-chamois-leather'}, {'supplier_ean': '00994743', 'amazon_asin': 'B0CCVFJ94Z', 'supplier_title': 'Wilko Ready To Use Screenwash 5l', 'amazon_title': 'Rain-X', 'supplier_price': 1.42, 'amazon_price': None, 'match_method': 'EAN', 'confidence': 'high', 'created_at': '2025-07-18T11:15:10.531582', 'supplier_url': 'https://www.poundwholesale.co.uk/wilko-ready-to-use-screenwash-5l'}, {'supplier_ean': '5055319556668', 'amazon_asin': 'B0BC1D6KPG', 'supplier_title': 'Auto Extreme Car Upholstery Brush 14cm X 6.5cm', 'amazon_title': '15° Curved Car Cleaning Brush with Telescopic Handle 43" Aluminum Alloy Long Rod Wash Mop For Washing Caravan Van Truck Boat RV Roof Soft Chenille Head Duster Clean Product Not Hurt Paint Scratch Free', 'supplier_price': 0.97, 'amazon_price': None, 'match_method': 'EAN', 'confidence': 'high', 'created_at': '2025-07-18T11:15:22.281479', 'supplier_url': 'https://www.poundwholesale.co.uk/auto-extreme-car-upholstery-brush-14cm-x-6-5cm'}, {'supplier_ean': '5050375083783', 'amazon_asin': 'B00A3T5F2G', 'supplier_title': 'Car Pride Instant Valet 300ml', 'amazon_title': 'Carpride Instant Valet Aerosol Spray 300ml', 'supplier_price': 0.97, 'amazon_price': 4.09, 'match_method': 'EAN_cached', 'confidence': 'low', 'created_at': '2025-07-18T11:15:22.357739', 'supplier_url': 'https://www.poundwholesale.co.uk/instant-valet-300ml'}, {'supplier_ean': '5055319512213', 'amazon_asin': 'B0F9329VCL', 'supplier_title': 'Auto Extreme Car Air Freshener Assorted Fragrances Clip Strip', 'amazon_title': 'Automizer - Creed Car Air Freshener for Men - Smart Car Air Freshener Diffuser Aventus Inspired Automatic On/Off Refillable Air Freshner, Gifts for Men/Women', 'supplier_price': 0.27, 'amazon_price': None, 'match_method': 'EAN', 'confidence': 'high', 'created_at': '2025-07-18T11:15:36.157612', 'supplier_url': 'https://www.poundwholesale.co.uk/auto-extreme-car-air-freshener-assorted-fragrances-clip-strip'}, {'supplier_ean': '5053249256832', 'amazon_asin': 'B0D2HLTZ4Q', 'supplier_title': 'Car Pride All Seasons Screen Wash Tablets 2pc', 'amazon_title': 'Screenwash Tablets For Cars, 100 Pcs Car Windshield Wash Tablets, Concentrated Screenwash Washer Fluid Car Window Cleaning Tablets for Metal, Plastic, Window Glass, Look Completely New', 'supplier_price': 0.74, 'amazon_price': None, 'match_method': 'EAN', 'confidence': 'high', 'created_at': '2025-07-18T11:15:50.415052', 'supplier_url': 'https://www.poundwholesale.co.uk/car-pride-all-seasons-screen-wash-tablets-2pc'}, {'supplier_ean': '5055056731861', 'amazon_asin': 'B09LHF2V7G', 'supplier_title': 'Guilty Pleasures Chocolate Chip Cookie 3D Car Air Freshener', 'amazon_title': 'Guilty Pleasures 3D Choc Cookie CAR FRESHENER', 'supplier_price': 0.38, 'amazon_price': 3.99, 'match_method': 'EAN', 'confidence': 'high', 'created_at': '2025-07-18T11:16:51.336470', 'supplier_url': 'https://www.poundwholesale.co.uk/guilty-pleasures-chocolate-chip-cookie-3d-air-freshener'}, {'supplier_ean': '5055441446479', 'amazon_asin': 'B0993YCZWB', 'supplier_title': 'Goodyear Fresh Fragrance Glass & Mirror Cleaner 750ml', 'amazon_title': 'Goodyear Glass & Mirror Cleaner 750ml - For a streak-free finish | Effective cleaner for car windscreens, side window, wing mirrors & rear view mirror | Suitable for rain sensor and acrylic windows', 'supplier_price': 1.36, 'amazon_price': 5.74, 'match_method': 'EAN', 'confidence': 'high', 'created_at': '2025-07-18T11:18:10.194551', 'supplier_url': 'https://www.poundwholesale.co.uk/goodyear-fresh-fragrance-glass-mirror-cleaner-750ml'}, {'supplier_ean': '5055441446455', 'amazon_asin': 'B0993N4XMC', 'supplier_title': 'Goodyear Back-To-Black Bumper & Trim Plastic Restorer 750ml', 'amazon_title': 'Goodyear Bumper and Trim Restorer 750ml-back to Black| Helps Bumper and Trim Plastic Look Like New| Restores, Protects and Shines| Long Lasting Gloss Finish| Suitable for All Exterior Plastics', 'supplier_price': 1.4, 'amazon_price': 4.89, 'match_method': 'EAN', 'confidence': 'high', 'created_at': '2025-07-18T11:19:05.192693', 'supplier_url': 'https://www.poundwholesale.co.uk/goodyear-black-bumper-trim-plastic-restorer-750ml'}, {'supplier_ean': '5015302400262', 'amazon_asin': 'B0B4R5265Z', 'supplier_title': 'Coco & Gray Assorted Colour Synthetic Chamois Cloths 3 Pack', 'amazon_title': 'Airlab', 'supplier_price': 0.64, 'amazon_price': None, 'match_method': 'EAN', 'confidence': 'high', 'created_at': '2025-07-18T11:19:19.017457', 'supplier_url': 'https://www.poundwholesale.co.uk/royle-shammy-pack-3'}, {'supplier_ean': '5055319519304', 'amazon_asin': 'B09F9N1DW9', 'supplier_title': 'Auto Extreme Professional Silver Body Spray Paint 400ml', 'amazon_title': 'Classic Signature - 1 x Auto Extreme Silver Body Spray Paint 400ml Professional Quality, Perfect Finish for Cars, Bikes,Vans, Metal, Wood', 'supplier_price': 1.82, 'amazon_price': 6.89, 'match_method': 'EAN', 'confidence': 'high', 'created_at': '2025-07-18T11:20:10.249623', 'supplier_url': 'https://www.poundwholesale.co.uk/auto-extreme-professional-silver-body-spray-paint-400ml'}, {'supplier_ean': '5053249200743', 'amazon_asin': 'B0DY5MX94X', 'supplier_title': 'Tango Card Car Air Freshener 2 Pack CDU Assorted Fragrances', 'amazon_title': 'Luxury Car Fragrance Gift Set, 2 Glass Car Diffusers, 2 x 30ml Refills, 2 x Vent Clips, 10 ml Interior Fabric Spray, Strong Fragrance, (Crede)', 'supplier_price': 0.74, 'amazon_price': None, 'match_method': 'EAN', 'confidence': 'high', 'created_at': '2025-07-18T11:20:38.365789', 'supplier_url': 'https://www.poundwholesale.co.uk/tango-card-car-air-freshener-2-pack-cdu-assorted-fragrances'}, {'supplier_ean': '5056175980963', 'amazon_asin': 'B0FH9LCRSZ', 'supplier_title': 'Auto Extras Jelly Baby Air Freshener Assorted', 'amazon_title': 'Car Air Freshener Aromatherapy Balm Long Lasting Fragrance Non-spill Solid 3D Tomato Shaped Travel Size Scented Balm 100g Eliminate Odor for Bedroom Toliet Elitzia ETAP2815', 'supplier_price': 0.65, 'amazon_price': None, 'match_method': 'EAN', 'confidence': 'high', 'created_at': '2025-07-18T11:20:51.448024', 'supplier_url': 'https://www.poundwholesale.co.uk/auto-extras-jelly-baby-air-freshener-assorted'}, {'supplier_ean': '5055319519298', 'amazon_asin': 'B07NJH3Q91', 'supplier_title': 'Auto Extreme Professional Black Satin Spray Paint 400ml', 'amazon_title': 'Auto Extreme Auto Extreme Black Satin, 400 ml', 'supplier_price': 1.82, 'amazon_price': 5.49, 'match_method': 'EAN', 'confidence': 'high', 'created_at': '2025-07-18T11:21:47.219390', 'supplier_url': 'https://www.poundwholesale.co.uk/auto-extreme-professional-black-satin-spray-paint-400ml'}, {'supplier_ean': '5055056770815', 'amazon_asin': 'B0BZQC1VY6', 'supplier_title': 'Millions Cola 3D Car Air Freshener', 'amazon_title': 'Creed Car Air Freshener for Men | Aventos Perfume Inspired Car Fragrances | Strong Freshener with Odour Eliminator Technology | Creed Automotive Air Freshener | GREED Scent by Perfa', 'supplier_price': 0.38, 'amazon_price': None, 'match_method': 'EAN', 'confidence': 'high', 'created_at': '2025-07-18T11:22:00.417347', 'supplier_url': 'https://www.poundwholesale.co.uk/millions-cola-3d-car-air-freshener'}, {'supplier_ean': '5052578015608', 'amazon_asin': 'B0DHXJ3Y9T', 'supplier_title': 'Bettina Car Sponges 3 Pack', 'amazon_title': '3 Pack Car Sponges,Jumbo Sponges For Car Cleaning,Anti Scratch Technology for Car Exterior & Window Washing- Perfect For Wheels, Windscreen & Bodywork (3 PCS (Yellow))', 'supplier_price': 0.84, 'amazon_price': 7.99, 'match_method': 'EAN_cached', 'confidence': 'low', 'created_at': '2025-07-18T11:22:00.495119', 'supplier_url': 'https://www.poundwholesale.co.uk/bettina-car-sponges-3-pack'}, {'supplier_ean': '5038673050010', 'amazon_asin': 'B0FC6D5VDG', 'supplier_title': 'Roadster Car Vacuum Cleaner 12V', 'amazon_title': 'HYCHIKA 3 in 1 Wet and Dry Vacuum Cleaner, Power: 1200 W, 20 L Stainless Steel Tank, 6 M+ Cleaning Range (2.5 M Power Cores + 3.5 M Soft & Hard Hose), for Garden Outdoor Floor Sofa Cleaning', 'supplier_price': 5.28, 'amazon_price': None, 'match_method': 'EAN_cached', 'confidence': 'low', 'created_at': '2025-07-18T11:22:00.576434', 'supplier_url': 'https://www.poundwholesale.co.uk/roadster-car-vacuum-cleaner-12v'}, {'supplier_ean': '5050375083752', 'amazon_asin': 'B01C4S4876', 'supplier_title': 'Car Pride Alloy Wheel Cleaner 300ml', 'amazon_title': 'Car Pride Wheel Clean, 300ml', 'supplier_price': 0.97, 'amazon_price': 4.05, 'match_method': 'EAN_cached', 'confidence': 'low', 'created_at': '2025-07-18T11:22:00.651582', 'supplier_url': 'https://www.poundwholesale.co.uk/alloy-wheel-cleaner'}, {'supplier_ean': '5055441452357', 'amazon_asin': 'B0DFPVGFZ4', 'supplier_title': 'Goodyear Extendable Car Windscreen Washer Squeegee Sponge Cleaner', 'amazon_title': 'Goodyear 2 In 1 Window Squeegee Flexible Rubber Blade| Netted Sponge Scrubber| Multi-purpose And Easy To Use| Non - Scratch| Ideal For Cleaning Windows And Windscreens| Compact Design, Easy Storage', 'supplier_price': 1.76, 'amazon_price': 2.99, 'match_method': 'EAN', 'confidence': 'high', 'created_at': '2025-07-18T11:22:54.109374', 'supplier_url': 'https://www.poundwholesale.co.uk/goodyear-extendable-car-windscreen-washer-squeegee-sponge-cleaner'}, {'supplier_ean': '5055257813090', 'amazon_asin': 'B0FH9LCRSZ', 'supplier_title': 'Fragranced Fruit Shaped Car Air Freshener', 'amazon_title': 'Car Air Freshener Aromatherapy Balm Long Lasting Fragrance Non-spill Solid 3D Tomato Shaped Travel Size Scented Balm 100g Eliminate Odor for Bedroom Toliet Elitzia ETAP2815', 'supplier_price': 0.6, 'amazon_price': None, 'match_method': 'EAN', 'confidence': 'high', 'created_at': '2025-07-18T11:23:05.509024', 'supplier_url': 'https://www.poundwholesale.co.uk/fragranced-fruit-shaped-car-air-freshener'}, {'supplier_ean': '5055319510615', 'amazon_asin': 'B0C49F6NG6', 'supplier_title': 'Auto Extreme Professional Petrol-Resistant Lacquer Clear Spray 400ml', 'amazon_title': 'Ozeino Wireless Gaming Headset, Compatible with PC Ps5 Ps4 Boasts 2.4GHz Lossless Audio, USB & Type-C, Flip Microphone and 40-Hr Battery - Suited for Switch, Laptop, Mac', 'supplier_price': 1.89, 'amazon_price': 23.11, 'match_method': 'EAN', 'confidence': 'high', 'created_at': '2025-07-18T11:24:21.169341', 'supplier_url': 'https://www.poundwholesale.co.uk/auto-extreme-professional-petrol-resistant-lacquer-clear-spray-400ml'}, {'supplier_ean': '5053249271453', 'amazon_asin': 'B0CHTHYL58', 'supplier_title': 'Car-Pride Biodegradable Interior Clean & Shine Wipes 30 Pack', 'amazon_title': 'AMK', 'supplier_price': 0.65, 'amazon_price': None, 'match_method': 'EAN', 'confidence': 'high', 'created_at': '2025-07-18T11:24:44.743060', 'supplier_url': 'https://www.poundwholesale.co.uk/car-pride-interior-clean-shine-wipes-30-pack'}, {'supplier_ean': '5055319519267', 'amazon_asin': 'B07NJGB772', 'supplier_title': 'Auto Extreme Professional Red Gloss Spray Paint 400ml', 'amazon_title': 'Auto Extreme Auto Extreme Red, 400 ml', 'supplier_price': 1.82, 'amazon_price': 5.79, 'match_method': 'EAN', 'confidence': 'high', 'created_at': '2025-07-18T11:25:35.589009', 'supplier_url': 'https://www.poundwholesale.co.uk/auto-extreme-professional-red-gloss-spray-paint-400ml'}, {'supplier_ean': '5056175987832', 'amazon_asin': 'B0BSFN7BK9', 'supplier_title': 'Bloome Gel Boat Air Freshener 150G Assorted Fragrance', 'amazon_title': 'SOL', 'supplier_price': 0.46, 'amazon_price': None, 'match_method': 'EAN', 'confidence': 'high', 'created_at': '2025-07-18T11:25:49.342872', 'supplier_url': 'https://www.poundwholesale.co.uk/bloome-gel-boat-air-freshener-150g-assorted-fragrance'}, {'supplier_ean': '5055441445021', 'amazon_asin': 'B0DJFGKQTJ', 'supplier_title': 'Dekton Tri-Extending Wash Brush 3m', 'amazon_title': 'Dekton Heavy Duty Tri-Extending Wash Brush | Long Reach Water Fed Brush for Cars, Boats, & More | Ergonomic Foam Grip | Soft Bristles Prevent Scratching | Telescopic Design Extends to 3 Metres', 'supplier_price': 13.64, 'amazon_price': 25.06, 'match_method': 'EAN', 'confidence': 'high', 'created_at': '2025-07-18T11:26:42.138251', 'supplier_url': 'https://www.poundwholesale.co.uk/dekton-tri-extending-wash-brush-3m'}, {'supplier_ean': '5038673410692', 'amazon_asin': 'B0DPX1HRM6', 'supplier_title': 'Car Air Fresheners Fruit Assorted CDU', 'amazon_title': 'Q QXUNMU', 'supplier_price': 0.34, 'amazon_price': None, 'match_method': 'EAN', 'confidence': 'high', 'created_at': '2025-07-18T11:26:57.017565', 'supplier_url': 'https://www.poundwholesale.co.uk/car-air-fresheners-fruit-assorted-cdu'}, {'supplier_ean': '5055441452319', 'amazon_asin': 'B0DJT8DYF6', 'supplier_title': 'Goodyear Wax Applicator Pad Set 3pc', 'amazon_title': 'Goodyear 3pc Applicator Set Specially Designed Microfiber Pad For Cleaning Your Vehicle|Ideal For Polishing And Waxing Of Painted Surfaces|Thick Microfiber Evenly Distributes Pressure For Application', 'supplier_price': 1.99, 'amazon_price': 2.99, 'match_method': 'EAN', 'confidence': 'high', 'created_at': '2025-07-18T11:27:44.877336', 'supplier_url': 'https://www.poundwholesale.co.uk/goodyear-wax-applicator-pad-set-3pc'}, {'supplier_ean': '5055441421902', 'amazon_asin': 'B0CZYRJ8ZX', 'supplier_title': 'Goodyear 2-In-1 Noodle Wash Mitt', 'amazon_title': 'Goodyear 2 In 1 Noodle Wash Mitt Extra Long Handle With Pivoting Head For Easy Reach All Around Your Windscreen | Microfiber Pad For Ultimate Cleaning | Excellent For Quick Defogging And Cleaning', 'supplier_price': 2.06, 'amazon_price': 5.29, 'match_method': 'EAN', 'confidence': 'high', 'created_at': '2025-07-18T11:28:33.825517', 'supplier_url': 'https://www.poundwholesale.co.uk/goodyear-2-in-1-noodle-wash-mitt'}, {'supplier_ean': '5052578611800', 'amazon_asin': 'B0BG8HY6NL', 'supplier_title': 'Bettina Comfortable Grip Jumbo Car Sponge', 'amazon_title': 'Xtremeauto', 'supplier_price': 0.6, 'amazon_price': None, 'match_method': 'EAN', 'confidence': 'high', 'created_at': '2025-07-18T11:28:47.461587', 'supplier_url': 'https://www.poundwholesale.co.uk/jumbo-car-sponge-with-comfortable-grip'}, {'supplier_ean': '5055441449227', 'amazon_asin': 'B0DFMH5XX9', 'supplier_title': 'Goodyear 2-In-1 Microfibre Drying Towel Xl 80cm X 60cm', 'amazon_title': 'Goodyear Microfiber Drying Towel Xl Deep Pile For Extra Absorbency| Microfiber Technology| Cleaning Fiber Attracts Dust |satin Safety Edging Protects Against Scratching| Extra Absorbency Free Finish', 'supplier_price': 2.21, 'amazon_price': 3.99, 'match_method': 'EAN', 'confidence': 'high', 'created_at': '2025-07-18T11:29:40.530652', 'supplier_url': 'https://www.poundwholesale.co.uk/goodyear-2-in-1-microfibre-drying-towel-xl-80cm-x-60cm'}, {'supplier_ean': '5055319530743', 'amazon_asin': 'B084VTS1NV', 'supplier_title': 'Auto Extreme Cedar Wood In-Car Fragrance Air Freshener Spray 100ml', 'amazon_title': 'Air Freshener Spray Concentrated Long Lasting Oil Based (New Car)', 'supplier_price': 0.65, 'amazon_price': None, 'match_method': 'EAN', 'confidence': 'high', 'created_at': '2025-07-18T11:29:54.290257', 'supplier_url': 'https://www.poundwholesale.co.uk/auto-extreme-cedar-wood-in-car-fragrance-air-freshener-spray-100ml'}, {'supplier_ean': '5055319519007', 'amazon_asin': 'B01FXX9AJA', 'supplier_title': 'Auto Extreme Automotive Black Matt Spray Paint 250ml', 'amazon_title': 'Black Matt Aerosol Spray Cans 250ml Car Auto Extreme Spray Paint (6)', 'supplier_price': 0.92, 'amazon_price': 9.95, 'match_method': 'EAN', 'confidence': 'high', 'created_at': '2025-07-18T11:30:50.315219', 'supplier_url': 'https://www.poundwholesale.co.uk/auto-extreme-automotive-black-matt-spray-paint-250ml'}, {'supplier_ean': '5055441449982', 'amazon_asin': 'B0DJH4WTZ5', 'supplier_title': 'Goodyear Anti-Smear Screenwash 1l', 'amazon_title': 'Goodyear 1 Litre Screen Wash-5% Ethanol| Blue Colour Liquid| Red Lid| English Label| Antifreeze Windscreen Wash Liquid| Prevents Freezing Of The Glass Washer System Down| Provide Clear Vision', 'supplier_price': 0.95, 'amazon_price': None, 'match_method': 'EAN', 'confidence': 'high', 'created_at': '2025-07-18T11:31:39.554668', 'supplier_url': 'https://www.poundwholesale.co.uk/goodyear-anti-smear-screenwash-1l'}, {'supplier_ean': '5055441405544', 'amazon_asin': 'B0D1R5SR4V', 'supplier_title': 'Goodyear Anti-Smear Screenwash 5l', 'amazon_title': 'Rain-X', 'supplier_price': 2.56, 'amazon_price': None, 'match_method': 'EAN', 'confidence': 'high', 'created_at': '2025-07-18T11:31:53.274959', 'supplier_url': 'https://www.poundwholesale.co.uk/goodyear-cherry-anti-smear-screenwash-5l'}, {'supplier_ean': '5053249003108', 'amazon_asin': 'B00CA36GJE', 'supplier_title': 'Carpride Scratch Remover Pen', 'amazon_title': 'Car Pride Paint Scratch Remover Pen - For Use On Any Colour Vehicle', 'supplier_price': 0.92, 'amazon_price': 2.98, 'match_method': 'EAN', 'confidence': 'high', 'created_at': '2025-07-18T11:32:49.414648', 'supplier_url': 'https://www.poundwholesale.co.uk/carpride-scratch-remover-pen'}, {'supplier_ean': '5050375054394', 'amazon_asin': 'B0F6C9BK5R', 'supplier_title': 'Car-Pride Wash & Wax 1L', 'amazon_title': 'Sopami Car Coating Spray, Waterless Car Wash Quick Effect Coating Agent, Multi-functional Coating Renewal Agent Polish Spray, Long-Lasting Protection Improves Clarity and Visibility(1pc)', 'supplier_price': 0.8, 'amazon_price': None, 'match_method': 'EAN', 'confidence': 'high', 'created_at': '2025-07-18T11:33:03.988685', 'supplier_url': 'https://www.poundwholesale.co.uk/wash-wax'}, {'supplier_ean': '5055056770792', 'amazon_asin': 'B0FH9LCRSZ', 'supplier_title': 'Millions Orange & Lemon 3D Car Air Freshener', 'amazon_title': 'Car Air Freshener Aromatherapy Balm Long Lasting Fragrance Non-spill Solid 3D Tomato Shaped Travel Size Scented Balm 100g Eliminate Odor for Bedroom Toliet Elitzia ETAP2815', 'supplier_price': 0.38, 'amazon_price': None, 'match_method': 'EAN', 'confidence': 'high', 'created_at': '2025-07-18T11:33:15.313131', 'supplier_url': 'https://www.poundwholesale.co.uk/millions-orange-lemon-3d-car-air-freshener'}, {'supplier_ean': '5050375086753', 'amazon_asin': 'B00IXMG80S', 'supplier_title': 'Car Pride Leather Cleaning Spray 250ml', 'amazon_title': '12 x Cans Of Leather cleaning spray, car cleaning, 300ml', 'supplier_price': 0.97, 'amazon_price': 19.95, 'match_method': 'EAN_cached', 'confidence': 'low', 'created_at': '2025-07-18T11:33:15.437428', 'supplier_url': 'https://www.poundwholesale.co.uk/leather-cleaning-spray-250ml'}, {'supplier_ean': '5050375084025', 'amazon_asin': 'B0032XLIJE', 'supplier_title': 'Car Pride Spray Wax 300ml', 'amazon_title': 'SPRAY CAR WAX SUPERFAST FORMULA PROTECTS PAINTWORK', 'supplier_price': 0.97, 'amazon_price': 3.99, 'match_method': 'EAN', 'confidence': 'high', 'created_at': '2025-07-18T11:34:12.145812', 'supplier_url': 'https://www.poundwholesale.co.uk/spray-wax-300ml'}, {'supplier_ean': '5055441452197', 'amazon_asin': 'B0DF33M8ZM', 'supplier_title': 'Goodyear Waffle Drying Cloth Large 40cm X 40cm', 'amazon_title': 'Goodyear Microfibre Waffle Cloth I Reduces drying time with less wring outs | Ideal for bodywork & glass | Designed microfibre cloth | Statically charged cleaning fibres | Leaves lint free finish', 'supplier_price': 0.95, 'amazon_price': 4.99, 'match_method': 'EAN', 'confidence': 'high', 'created_at': '2025-07-18T11:35:03.805673', 'supplier_url': 'https://www.poundwholesale.co.uk/goodyear-waffle-drying-cloth-large-40cm-x-40cm'}, {'supplier_ean': '5050375055483', 'amazon_asin': 'B01C4S4L4G', 'supplier_title': 'Car-Pride Handy Car Sponges 2 Pack', 'amazon_title': 'Car Pride CP011 Handy Car Cleaning Sponges, Pack of 3', 'supplier_price': 0.76, 'amazon_price': 4.99, 'match_method': 'EAN', 'confidence': 'high', 'created_at': '2025-07-18T11:35:55.273733', 'supplier_url': 'https://www.poundwholesale.co.uk/handy-car-sponges-3pk'}, {'supplier_ean': '5055319531740', 'amazon_asin': 'B0DG8VSKBB', 'supplier_title': 'Auto Extreme Professional Silver Alloy Wheel Spray Paint 400ml', 'amazon_title': 'RAPIDE Auto Extreme AX Alloy Wheel Spray Paint Silver 400ML | Ideal for Refreshing & Customizing Alloy Wheels | Long-Lasting, Chip & Fade Resistant | Smooth Satin Finish', 'supplier_price': 1.81, 'amazon_price': 7.95, 'match_method': 'EAN', 'confidence': 'high', 'created_at': '2025-07-18T11:36:42.632499', 'supplier_url': 'https://www.poundwholesale.co.uk/auto-extreme-professional-silver-alloy-wheel-spray-paint-400ml'}, {'supplier_ean': '5055319556651', 'amazon_asin': 'B0CTCSZD1T', 'supplier_title': 'Auto Extreme Cone Wheel Brush', 'amazon_title': 'Xtremeauto Soft Head Alloy Wheel Brush - Car Alloy Wheel Cleaner Brush Detailing Cleaning Brush, No Metal Non Scratch Rim Car Wheel Brush Perfect For Motorcycle, Cars & Bicycles (Orange', 'supplier_price': 1.42, 'amazon_price': None, 'match_method': 'EAN', 'confidence': 'high', 'created_at': '2025-07-18T11:36:58.182117', 'supplier_url': 'https://www.poundwholesale.co.uk/auto-extreme-cone-wheel-brush'}, {'supplier_ean': '5055319529884', 'amazon_asin': 'B07XZ8NKGR', 'supplier_title': 'Rapide Lithium Grease Spray 250ml', 'amazon_title': 'Rapide 300ml Lithium Grease Aerosol Spray Lubricant Can Multi-Purpose Hinge Track Oil', 'supplier_price': 1.07, 'amazon_price': 4.55, 'match_method': 'EAN', 'confidence': 'high', 'created_at': '2025-07-18T11:37:55.687057', 'supplier_url': 'https://www.poundwholesale.co.uk/rapide-lithium-grease-spray-250ml'}, {'supplier_ean': '5055441446493', 'amazon_asin': 'B0993NZQ15', 'supplier_title': 'Goodyear Alloy Wheel Cleaner 750ml', 'amazon_title': 'Goodyear Alloy Wheel Cleaner 750ml - for a Showroom Finish | Effective Cleaning for All Wheels | Effortlessly Removes Mud & Grime from Round The Wheel | Removes Dirt and Brake Dust | Easy Application', 'supplier_price': 1.39, 'amazon_price': 5.93, 'match_method': 'EAN', 'confidence': 'high', 'created_at': '2025-07-18T11:38:49.590834', 'supplier_url': 'https://www.poundwholesale.co.uk/goodyear-alloy-wheel-cleaner-750ml'}, {'supplier_ean': '5055441450780', 'amazon_asin': 'B0DK7MZS7R', 'supplier_title': 'Goodyear Back Car Seat Organiser Storage Bag', 'amazon_title': 'Goodyear Car Seat Back Storage Bag - Multipurpose Organizer for Vehicle Seats| Adjustable Straps |Product size: 40 x 55 cm| Material-Felt cloth| Multiple Pockets| Color-Grey| Durable, Water-Resistant', 'supplier_price': 2.2, 'amazon_price': 3.99, 'match_method': 'EAN', 'confidence': 'high', 'created_at': '2025-07-18T11:39:41.933717', 'supplier_url': 'https://www.poundwholesale.co.uk/goodyear-back-car-seat-organiser-storage-bag'}, {'supplier_ean': '5060417895304', 'amazon_asin': 'B0CJPBPJ9V', 'supplier_title': 'Sanitize Instant Protection 75% Alcohol Hand Gel 100ml', 'amazon_title': 'Palm Safe', 'supplier_price': 0.63, 'amazon_price': None, 'match_method': 'EAN', 'confidence': 'high', 'created_at': '2025-07-18T13:25:14.078140', 'supplier_url': 'https://www.poundwholesale.co.uk/sanitize-instant-protection-75-alcohol-hand-gel-100ml'}]
--- Logging error ---
Traceback (most recent call last):
  File "/usr/lib/python3.12/logging/__init__.py", line 1163, in emit
    stream.write(msg + self.terminator)
BlockingIOError: [Errno 11] write could not complete without blocking
Call stack:
  File "/mnt/c/Users/chris/Desktop/Amazon-FBA-Agent-System-v32/run_custom_poundwholesale.py", line 81, in <module>
    asyncio.run(main())
  File "/usr/lib/python3.12/asyncio/runners.py", line 194, in run
    return runner.run(main)
  File "/usr/lib/python3.12/asyncio/runners.py", line 118, in run
    return self._loop.run_until_complete(task)
  File "/usr/lib/python3.12/asyncio/base_events.py", line 674, in run_until_complete
    self.run_forever()
  File "/usr/lib/python3.12/asyncio/base_events.py", line 641, in run_forever
    self._run_once()
  File "/usr/lib/python3.12/asyncio/base_events.py", line 1987, in _run_once
    handle._run()
  File "/usr/lib/python3.12/asyncio/events.py", line 88, in _run
    self._context.run(self._callback, *self._args)
  File "/mnt/c/Users/chris/Desktop/Amazon-FBA-Agent-System-v32/run_custom_poundwholesale.py", line 64, in main
    await workflow.run()
  File "/mnt/c/Users/chris/Desktop/Amazon-FBA-Agent-System-v32/tools/passive_extraction_workflow_latest.py", line 1123, in run
    return await self._run_hybrid_processing_mode(
  File "/mnt/c/Users/chris/Desktop/Amazon-FBA-Agent-System-v32/tools/passive_extraction_workflow_latest.py", line 6065, in _run_hybrid_processing_mode
    chunk_results = await self._process_chunk_with_main_workflow_logic(
  File "/mnt/c/Users/chris/Desktop/Amazon-FBA-Agent-System-v32/tools/passive_extraction_workflow_latest.py", line 6363, in _process_chunk_with_main_workflow_logic
    self._save_linking_map(self.supplier_name)
  File "/mnt/c/Users/chris/Desktop/Amazon-FBA-Agent-System-v32/tools/passive_extraction_workflow_latest.py", line 1478, in _save_linking_map
    self.log.info(f"🔍 DEBUG: linking_map type: {type(self.linking_map)}, content: {self.linking_map}")
Message: '🔍 DEBUG: linking_map type: <class \'list\'>, content: [{\'supplier_ean\': \'5053249228587\', \'amazon_asin\': \'B075QDW3BF\', \'supplier_title\': \'Car Pride Under Body Seal Black 400ml\', \'amazon_title\': \'HP CF541A 203A Original LaserJet Toner Cartridge, Cyan, Single Pack\', \'supplier_price\': 1.73, \'amazon_price\': 64.99, \'match_method\': \'EAN\', \'confidence\': \'high\', \'created_at\': \'2025-07-18T10:13:11.088193\', \'supplier_url\': \'https://www.poundwholesale.co.uk/carpride-under-body-seal-black\'}, {\'supplier_ean\': \'5055319527750\', \'amazon_asin\': \'B0CX1X6R6G\', \'supplier_title\': \'Auto Extreme Car Detailing Brush Set 5 Pack\', \'amazon_title\': \'Kasauber\', \'supplier_price\': 2.1, \'amazon_price\': None, \'match_method\': \'EAN\', \'confidence\': \'high\', \'created_at\': \'2025-07-18T10:13:23.277485\', \'supplier_url\': \'https://www.poundwholesale.co.uk/auto-extreme-car-detailing-brush-set-5-pack\'}, {\'supplier_ean\': \'5055319528504\', \'amazon_asin\': \'B07NJGQFRF\', \'supplier_title\': \'Rapide RP-60 Penetrating Maintenance Spray with Control Nozzle 400ml\', \'amazon_title\': \'Rapide 2850 Paint Spray\', \'supplier_price\': 2.65, \'amazon_price\': 5.85, \'match_method\': \'EAN\', \'confidence\': \'high\', \'created_at\': \'2025-07-18T10:14:15.912179\', \'supplier_url\': \'https://www.poundwholesale.co.uk/rapide-rp-60-penetrating-maintenance-spray-with-control-nozzle-400ml\'}, {\'supplier_ean\': \'5055441452272\', \'amazon_asin\': \'B0DFMPNHT5\', \'supplier_title\': \'Goodyear Microfibre Luxury Valet Drying Towel Set 2 Pack\', \'amazon_title\': \'Goodyear 2PC Microfibre Luxury Valet Cloth Set I Microfibre technology| powerful cleaning | Extra absorbency for a swirl free finish | Ideal for buffing away polish & wax residue | Extra large towel\', \'supplier_price\': 2.14, \'amazon_price\': 6.59, \'match_method\': \'EAN\', \'confidence\': \'high\', \'created_at\': \'2025-07-18T10:15:06.821428\', \'supplier_url\': \'https://www.poundwholesale.co.uk/goodyear-microfibre-luxury-valet-drying-towel-set-2-pack\'}, {\'supplier_ean\': \'5053249229140\', \'amazon_asin\': \'B07N41XTV5\', \'supplier_title\': \'Carpride Alloy Wheel Spray Paint Silver Gloss\', \'amazon_title\': \'Car Pride Alloy Wheel Spray Paint Metallic Silver Repairer. 400ml\', \'supplier_price\': 1.67, \'amazon_price\': 5.4, \'match_method\': \'EAN\', \'confidence\': \'high\', \'created_at\': \'2025-07-18T10:16:10.522951\', \'supplier_url\': \'https://www.poundwholesale.co.uk/carpride-alloy-wheel-spray-paint-silver-gloss\'}, {\'supplier_ean\': \'5055056770822\', \'amazon_asin\': \'B09DTQ4S43\', \'supplier_title\': \'Millions Blackcurrant Buzz 3D Car Air Freshener\', \'amazon_title\': \'AIRFreshh\', \'supplier_price\': 0.38, \'amazon_price\': None, \'match_method\': \'EAN\', \'confidence\': \'high\', \'created_at\': \'2025-07-18T10:16:22.515075\', \'supplier_url\': \'https://www.poundwholesale.co.uk/millions-blackcurrant-buzz-3d-car-air-freshener\'}, {\'supplier_ean\': \'5055319519229\', \'amazon_asin\': \'B07NJGGW8P\', \'supplier_title\': \'Auto Extreme Professional White Gloss Spray Paint 400ml\', \'amazon_title\': \'Auto Extreme White Gloss, 400 ml\', \'supplier_price\': 1.82, \'amazon_price\': 5.3, \'match_method\': \'EAN\', \'confidence\': \'high\', \'created_at\': \'2025-07-18T10:17:22.092163\', \'supplier_url\': \'https://www.poundwholesale.co.uk/auto-extreme-professional-white-gloss-spray-paint-400ml\'}, {\'supplier_ean\': \'5055319529907\', \'amazon_asin\': \'B07XZDY64P\', \'supplier_title\': \'Rapide Silicone Lubricant Spray 250ml\', \'amazon_title\': \'300ml Silicone Grease Aerosol Spray Lubricant Can Water Resistant Oil\', \'supplier_price\': 1.07, \'amazon_price\': 4.79, \'match_method\': \'EAN\', \'confidence\': \'high\', \'created_at\': \'2025-07-18T10:18:10.835188\', \'supplier_url\': \'https://www.poundwholesale.co.uk/rapide-silicone-lubricant-spray-250ml\'}, {\'supplier_ean\': \'5050375036574\', \'amazon_asin\': \'B006URFAE8\', \'supplier_title\': \'Car Pride Assorted Fragrance Fresh Feet Car Air Fresheners 4 Pack CDU\', \'amazon_title\': \'Pack of 4 FRESH FEET, Car Air Fresheners, Carpride cp1128\', \'supplier_price\': 0.71, \'amazon_price\': 3.3, \'match_method\': \'EAN\', \'confidence\': \'high\', \'created_at\': \'2025-07-18T10:19:02.426082\', \'supplier_url\': \'https://www.poundwholesale.co.uk/car-pride-assorted-fragrance-fresh-feet-car-air-fresheners-4-pack-cdu\'}, {\'supplier_ean\': \'5055056731878\', \'amazon_asin\': \'B09LH29BZD\', \'supplier_title\': \'Guilty Pleasures Blueberry Ice Pop 3D Car Air Freshener\', \'amazon_title\': \'Guilty Pleasure 3D Blueberry CAR FRESHENER\', \'supplier_price\': 0.38, \'amazon_price\': 3.99, \'match_method\': \'EAN\', \'confidence\': \'high\', \'created_at\': \'2025-07-18T10:19:50.869058\', \'supplier_url\': \'https://www.poundwholesale.co.uk/guilty-pleasures-blueberry-ice-pop-3d-car-air-freshener\'}, {\'supplier_ean\': \'5055319514606\', \'amazon_asin\': \'B0CYH8F9F9\', \'supplier_title\': \'Auto Extreme Car Pump Sprayer 2L\', \'amazon_title\': \'My Garden 5 Litre Sprayer Pump - Weed Killer Pressure Sprayer Pump Action - High Pressure Long Reach Sprayers - Ideal For Spraying Water Fertiliser Herbicides Pesticides Preservative & Detergent\', \'supplier_price\': 3.85, \'amazon_price\': None, \'match_method\': \'EAN\', \'confidence\': \'high\', \'created_at\': \'2025-07-18T10:20:03.052455\', \'supplier_url\': \'https://www.poundwholesale.co.uk/auto-extreme-car-pump-sprayer-2l\'}, {\'supplier_ean\': \'5055319530781\', \'amazon_asin\': \'B09FKD19N4\', \'supplier_title\': \'Auto Extreme Tropical Mist In-Car Fragrance Air Freshener Spray 100ml\', \'amazon_title\': \'Air Freshener Spray Concentrated Long Lasting Oil Based (Ocean Breeze)\', \'supplier_price\': 0.65, \'amazon_price\': None, \'match_method\': \'EAN\', \'confidence\': \'high\', \'created_at\': \'2025-07-18T10:20:17.331393\', \'supplier_url\': \'https://www.poundwholesale.co.uk/auto-extreme-tropical-mist-in-car-fragrance-air-freshener-spray-100ml\'}, {\'supplier_ean\': \'5053249245799\', \'amazon_asin\': \'B0BLLV2M74\', \'supplier_title\': \'Car Pride Clean & Polish Microfibre Cloth\', \'amazon_title\': \'CARPRIDE® Clean and Polish MicroFibre Cloth for Car Exterior and Interior | Streak Free | 30 x 30 cm\', \'supplier_price\': 0.76, \'amazon_price\': 5.29, \'match_method\': \'EAN\', \'confidence\': \'high\', \'created_at\': \'2025-07-18T10:21:04.364223\', \'supplier_url\': \'https://www.poundwholesale.co.uk/car-pride-clean-polish-microfibre-cloth\'}, {\'supplier_ean\': \'5055319531849\', \'amazon_asin\': \'B074KFGHCP\', \'supplier_title\': \'Rapide Easy Grease Spray 250ml\', \'amazon_title\': \'HMT\', \'supplier_price\': 1.05, \'amazon_price\': None, \'match_method\': \'EAN\', \'confidence\': \'high\', \'created_at\': \'2025-07-18T10:21:17.993959\', \'supplier_url\': \'https://www.poundwholesale.co.uk/rapide-easy-grease-spray-250ml\'}, {\'supplier_ean\': \'5052578642705\', \'amazon_asin\': \'B07X22PHWJ\', \'supplier_title\': \'Bettina Chamois Demist & Dashboard Pad\', \'amazon_title\': \'Airlab\', \'supplier_price\': 0.75, \'amazon_price\': None, \'match_method\': \'EAN\', \'confidence\': \'high\', \'created_at\': \'2025-07-18T10:21:28.626273\', \'supplier_url\': \'https://www.poundwholesale.co.uk/bettina-chamois-demist-dashboard-pad\'}, {\'supplier_ean\': \'5052578633000\', \'amazon_asin\': \'B0F6K65PZT\', \'supplier_title\': \'Bettina Microfibre Mitt\', \'amazon_title\': \'Fogcosy\', \'supplier_price\': 0.95, \'amazon_price\': None, \'match_method\': \'EAN\', \'confidence\': \'high\', \'created_at\': \'2025-07-18T10:21:41.310298\', \'supplier_url\': \'https://www.poundwholesale.co.uk/microfibre-mit-highly-effective-wet-or-dry\'}, {\'supplier_ean\': \'5053249245669\', \'amazon_asin\': \'B0BLL1K79V\', \'supplier_title\': \'Car Pride Blue Microfibre Glass Cloth\', \'amazon_title\': \'Car-pride Glass Microfibre Cloth\', \'supplier_price\': 0.74, \'amazon_price\': 4.99, \'match_method\': \'EAN\', \'confidence\': \'high\', \'created_at\': \'2025-07-18T10:22:28.491046\', \'supplier_url\': \'https://www.poundwholesale.co.uk/car-pride-blue-microfibre-glass-cloth\'}, {\'supplier_ean\': \'5055056770785\', \'amazon_asin\': \'B0BLGR29X6\', \'supplier_title\': \'Millions Sour Strawberry 3D Car Air Freshener\', \'amazon_title\': \'Evair\', \'supplier_price\': 0.38, \'amazon_price\': None, \'match_method\': \'EAN\', \'confidence\': \'high\', \'created_at\': \'2025-07-18T10:22:40.894972\', \'supplier_url\': \'https://www.poundwholesale.co.uk/millions-sour-strawberry-3d-car-air-freshener\'}, {\'supplier_ean\': \'5053249248714\', \'amazon_asin\': \'B006T2450O\', \'supplier_title\': \'Car-Pride White Gloss Spray Paint 400ml\', \'amazon_title\': \'Tetrion\', \'supplier_price\': 1.73, \'amazon_price\': None, \'match_method\': \'EAN\', \'confidence\': \'high\', \'created_at\': \'2025-07-18T10:22:54.011676\', \'supplier_url\': \'https://www.poundwholesale.co.uk/car-pride-white-gloss-spray-paint-400ml\'}, {\'supplier_ean\': \'5055056731885\', \'amazon_asin\': \'B09LHBY2GF\', \'supplier_title\': \'Guilty Pleasures Vanilla & Cherry Cupcake 3D Car Air Freshener\', \'amazon_title\': \'Guilty Pleasure 3D Vanilla CAR FRESHENER\', \'supplier_price\': 0.38, \'amazon_price\': 3.99, \'match_method\': \'EAN\', \'confidence\': \'high\', \'created_at\': \'2025-07-18T10:23:41.006634\', \'supplier_url\': \'https://www.poundwholesale.co.uk/guilty-pleasures-vanilla-cherry-cupcake-3d-car-air-freshener\'}, {\'supplier_ean\': \'5055319531733\', \'amazon_asin\': \'B004SMKX7Q\', \'supplier_title\': \'Auto Extreme Professional Black Alloy Wheel Spray Paint 400ml\', \'amazon_title\': \'Hycote\', \'supplier_price\': 1.81, \'amazon_price\': None, \'match_method\': \'EAN\', \'confidence\': \'high\', \'created_at\': \'2025-07-18T10:23:55.039262\', \'supplier_url\': \'https://www.poundwholesale.co.uk/auto-extreme-professional-black-alloy-wheel-spray-paint-400ml\'}, {\'supplier_ean\': \'5055441459684\', \'amazon_asin\': \'B0DL9TR7T2\', \'supplier_title\': \'Goodyear 2-in-1 Telescopic Handle Scraper\', \'amazon_title\': \'Goodyear Telescopic Handle Scraper - Adjustable Ice Scraper with Extendable Handle | Sturdy Blade for Snow & Ice Removal | Ergonomic Grip | Compact and Durable Design | Ideal for Cars, Trucks & SUVs\', \'supplier_price\': 4.04, \'amazon_price\': 9.21, \'match_method\': \'EAN\', \'confidence\': \'high\', \'created_at\': \'2025-07-18T10:24:48.156817\', \'supplier_url\': \'https://www.poundwholesale.co.uk/goodyear-2-in-1-telescopic-handle-scraper\'}, {\'supplier_ean\': \'5055441427348\', \'amazon_asin\': \'B06XPVGMV8\', \'supplier_title\': \'Goodyear Portable Car Vacuum Cleaner 12V\', \'amazon_title\': \'Goodyear 12V DC Car/Van Cigarette Lighter Corded Vacuum Cleaner Powerful Suction\', \'supplier_price\': 5.72, \'amazon_price\': 10.99, \'match_method\': \'EAN\', \'confidence\': \'high\', \'created_at\': \'2025-07-18T10:25:44.453432\', \'supplier_url\': \'https://www.poundwholesale.co.uk/goodyear-portable-car-vacuum-cleaner-12v\'}, {\'supplier_ean\': \'5055319517027\', \'amazon_asin\': \'B01EQ7TPJE\', \'supplier_title\': \'Rapide DP-60 Multipurpose Maintenance Spray 750ml\', \'amazon_title\': \'Maintenance Oil 750ml Spray Can (DP60)\', \'supplier_price\': 2.77, \'amazon_price\': 6.95, \'match_method\': \'EAN\', \'confidence\': \'high\', \'created_at\': \'2025-07-18T10:26:39.185617\', \'supplier_url\': \'https://www.poundwholesale.co.uk/rapide-dp-60-multipurpose-maintenance-spray-750ml\'}, {\'supplier_ean\': \'5038673410708\', \'amazon_asin\': \'B0D1Y8TCDS\', \'supplier_title\': \'Car Air Fresheners Leaf Assorted CDU\', \'amazon_title\': \'Ikeda Car Fragrance: Hanging Car Air Freshener | 10ml Hanging Car Decoration | 45 Days Long Lasting Fragrance | With Clip | For Car Home | 1 Piece (10ml x 1 Piece, Coconut)\', \'supplier_price\': 0.33, \'amazon_price\': None, \'match_method\': \'EAN\', \'confidence\': \'high\', \'created_at\': \'2025-07-18T10:26:52.496784\', \'supplier_url\': \'https://www.poundwholesale.co.uk/car-air-fresheners-leaf-assorted-cdu\'}, {\'supplier_ean\': \'5053249224053\', \'amazon_asin\': \'B0DMN8CMH8\', \'supplier_title\': \'Tango Car Air Freshener Assorted\', \'amazon_title\': \'10/50/100PCS Custom LOGO Car Bulk Air Fresheners, Custom Air Fresheners for Car Bulk, Air Freshener with Photo, Double-Sided Personalised Photo and Text Car Air Fresheners (10Pcs Square)\', \'supplier_price\': 0.76, \'amazon_price\': None, \'match_method\': \'EAN\', \'confidence\': \'high\', \'created_at\': \'2025-07-18T10:27:03.571134\', \'supplier_url\': \'https://www.poundwholesale.co.uk/tango-car-air-freshener-assorted\'}, {\'supplier_ean\': \'5050375051270\', \'amazon_asin\': \'B00BPN9Z2A\', \'supplier_title\': \'Car Pride Alloy Wheel Cleaning Brush\', \'amazon_title\': \'Car Pride ALLOY WHEEL BRUSH\', \'supplier_price\': 0.71, \'amazon_price\': 3.95, \'match_method\': \'EAN\', \'confidence\': \'high\', \'created_at\': \'2025-07-18T10:27:53.467488\', \'supplier_url\': \'https://www.poundwholesale.co.uk/car-pride-alloy-wheel-cleaning-brush\'}, {\'supplier_ean\': \'5055319519250\', \'amazon_asin\': \'B01MT7OBIO\', \'supplier_title\': \'Auto Extreme Professional Clear Lacquer Spray 400ml\', \'amazon_title\': \'Auto Extreme Clear Lacquer Spray Paint 400ml\', \'supplier_price\': 1.82, \'amazon_price\': 5.32, \'match_method\': \'EAN\', \'confidence\': \'high\', \'created_at\': \'2025-07-18T10:28:54.182013\', \'supplier_url\': \'https://www.poundwholesale.co.uk/auto-extreme-professional-clear-lacquer-spray-400ml\'}, {\'supplier_ean\': \'5055441446578\', \'amazon_asin\': \'B0993MX5GX\', \'supplier_title\': \'Goodyear Waterless Wash & Wax 750ml\', \'amazon_title\': \'GOODYEAR WATERLESS WASH N WAX SPRAY 750ML\', \'supplier_price\': 2.06, \'amazon_price\': 5.93, \'match_method\': \'EAN\', \'confidence\': \'high\', \'created_at\': \'2025-07-18T10:29:47.233890\', \'supplier_url\': \'https://www.poundwholesale.co.uk/goodyear-waterless-wash-wax-750ml\'}, {\'supplier_ean\': \'5055319519113\', \'amazon_asin\': \'B07NJGQ85R\', \'supplier_title\': \'Auto Extreme Automotive Silver Spray Paint 250ml\', \'amazon_title\': \'Auto Extreme Auto Spray Paint Silver, 250 ml\', \'supplier_price\': 0.92, \'amazon_price\': 4.1, \'match_method\': \'EAN\', \'confidence\': \'high\', \'created_at\': \'2025-07-18T10:30:42.274698\', \'supplier_url\': \'https://www.poundwholesale.co.uk/auto-extreme-automotive-silver-spray-paint-250ml\'}, {\'supplier_ean\': \'5055441452210\', \'amazon_asin\': \'B0DH8DT3MS\', \'supplier_title\': \'Goodyear Natural Leather Chamois Cloth Xl\', \'amazon_title\': \'Goodyear Xl Genuine Leather Chamois -natural Chamois, Super Absorbent, Streak, Scratch Free, With Greater Tolerance To Car Cleaners| Stays Soft When Drying| Ideal For Cleaning Of Interior And Exterior\', \'supplier_price\': 3.83, \'amazon_price\': 5.99, \'match_method\': \'EAN\', \'confidence\': \'high\', \'created_at\': \'2025-07-18T10:31:39.934257\', \'supplier_url\': \'https://www.poundwholesale.co.uk/goodyear-natural-leather-chamois-cloth-xl\'}, {\'supplier_ean\': \'5050375045439\', \'amazon_asin\': \'B003L6U0NC\', \'supplier_title\': \'Car-Pride Microfibre Mitt 3 Assorted Colours\', \'amazon_title\': \'Car Pride Microfibre Magic Mitt - Dusts, Scrubs, Cleans and Polishes\', \'supplier_price\': 0.98, \'amazon_price\': 4.34, \'match_method\': \'EAN\', \'confidence\': \'high\', \'created_at\': \'2025-07-18T10:32:54.935150\', \'supplier_url\': \'https://www.poundwholesale.co.uk/microfibre-mitt\'}, {\'supplier_ean\': \'5055441446516\', \'amazon_asin\': \'B0D9YH94ZQ\', \'supplier_title\': \'Goodyear Gloss Tyre Shine 750ml\', \'amazon_title\': \'Auto Xpert Slick Shine, Premium Tyre Dressing, Long Lasting Wet-Look Finish, Protects Against Water and Dust, Easy to Apply, All Weather Tyre Protection. (5 Litre)\', \'supplier_price\': 1.39, \'amazon_price\': None, \'match_method\': \'EAN\', \'confidence\': \'high\', \'created_at\': \'2025-07-18T10:33:09.394012\', \'supplier_url\': \'https://www.poundwholesale.co.uk/goodyear-gloss-tyre-shine-750ml\'}, {\'supplier_ean\': \'5055441449166\', \'amazon_asin\': \'B0D11XP9V1\', \'supplier_title\': \'Goodyear Microfibre Buffing Cloth Large 40cm\', \'amazon_title\': \'Goodyear Microfibre Buffing Cloth I Specially designed microfibre cloth for polishing and buffing your vehicle | Showroom finish | Microfibre attract more dirt than normal cloth | Machine washable\', \'supplier_price\': 0.85, \'amazon_price\': 1.99, \'match_method\': \'EAN\', \'confidence\': \'high\', \'created_at\': \'2025-07-18T10:34:04.595027\', \'supplier_url\': \'https://www.poundwholesale.co.uk/goodyear-microfibre-buffing-cloth-large-40cm\'}, {\'supplier_ean\': \'5055319529877\', \'amazon_asin\': \'B07Y1V1WMW\', \'supplier_title\': \'Rapide Copper Grease Spray 250ml\', \'amazon_title\': \'Rapide 300ml Copper Grease Aerosol Spray Lubricant Can Anti Seize Brake Pad Squeal Oil\', \'supplier_price\': 1.07, \'amazon_price\': 4.95, \'match_method\': \'EAN\', \'confidence\': \'high\', \'created_at\': \'2025-07-18T10:34:58.176694\', \'supplier_url\': \'https://www.poundwholesale.co.uk/rapide-copper-grease-spray-250ml\'}, {\'supplier_ean\': \'5055441446752\', \'amazon_asin\': \'B0DJWDHG1Y\', \'supplier_title\': \'Goodyear Hydrophobic Polymer Formulation Wash & Wax 2.5l\', \'amazon_title\': \'Goodyear Wash And Wax Hydrophobic Polymer 2.5 Ltr | Leaves A Glossy Just Waxed Deep Protective Shine | Polymer-acrylic Polyethylene Copolymer Wax | Effectively Cleans Dirt And Grime From Your Vehicle\', \'supplier_price\': 3.05, \'amazon_price\': 5.99, \'match_method\': \'EAN\', \'confidence\': \'high\', \'created_at\': \'2025-07-18T10:35:51.556162\', \'supplier_url\': \'https://www.poundwholesale.co.uk/goodyear-hydrophobic-polymer-formulation-wash-wax-2-5l\'}, {\'supplier_ean\': \'5055056731892\', \'amazon_asin\': \'B094HGXWJC\', \'supplier_title\': \'Guilty Pleasures Strawberry Doughnut 3D Car Air Freshener\', \'amazon_title\': \'GUILTY PLEASURES STRAWBERRY DOUGHNUT 3D CAR AIR FRESHENER\', \'supplier_price\': 0.38, \'amazon_price\': 1.5, \'match_method\': \'EAN\', \'confidence\': \'high\', \'created_at\': \'2025-07-18T10:36:38.989576\', \'supplier_url\': \'https://www.poundwholesale.co.uk/guilty-pleasures-strawberry-doughnut-3d-car-air-freshener\'}, {\'supplier_ean\': \'5055319519236\', \'amazon_asin\': \'B07NJGT1BN\', \'supplier_title\': \'Auto Extreme Professional Grey Primer Spray Paint 400ml\', \'amazon_title\': \'Auto Extreme Auto Extreme Grey Primer, 400 ml\', \'supplier_price\': 1.82, \'amazon_price\': 5.44, \'match_method\': \'EAN\', \'confidence\': \'high\', \'created_at\': \'2025-07-18T10:37:31.087578\', \'supplier_url\': \'https://www.poundwholesale.co.uk/auto-extreme-professional-grey-primer-spray-paint-400ml\'}, {\'supplier_ean\': \'5055441453309\', \'amazon_asin\': \'B094DFY8PC\', \'supplier_title\': \'Goodyear Anti-Smear Blue Screenwash 5L\', \'amazon_title\': \'Prestone\', \'supplier_price\': 2.7, \'amazon_price\': None, \'match_method\': \'EAN\', \'confidence\': \'high\', \'created_at\': \'2025-07-18T10:37:44.323618\', \'supplier_url\': \'https://www.poundwholesale.co.uk/goodyear-anti-smear-blue-screenwash-5l\'}, {\'supplier_ean\': \'5055319558839\', \'amazon_asin\': \'B0CTCSZD1T\', \'supplier_title\': \'Auto Extreme Microfibre Wheel Wash Brush 46cm\', \'amazon_title\': \'Xtremeauto\', \'supplier_price\': 2.79, \'amazon_price\': None, \'match_method\': \'EAN\', \'confidence\': \'high\', \'created_at\': \'2025-07-18T10:37:55.429624\', \'supplier_url\': \'https://www.poundwholesale.co.uk/auto-extreme-microfibre-wheel-wash-brush-46cm\'}, {\'supplier_ean\': \'5055319511995\', \'amazon_asin\': \'B09C44BVZY\', \'supplier_title\': \'Auto Extreme Professional Red Gloss Brake Caliper Spray Paint 400ml\', \'amazon_title\': \'Tailored Paint\', \'supplier_price\': 2.73, \'amazon_price\': None, \'match_method\': \'EAN\', \'confidence\': \'high\', \'created_at\': \'2025-07-18T10:38:08.805743\', \'supplier_url\': \'https://www.poundwholesale.co.uk/auto-extreme-professional-red-gloss-brake-caliper-spray-paint-400ml\'}, {\'supplier_ean\': \'5055319519205\', \'amazon_asin\': \'B09DYZTY7G\', \'supplier_title\': \'Auto Extreme Professional Black Matt Spray Paint 400ml\', \'amazon_title\': \'Classic Signature - 1 x Auto Extreme Black Matt Spray Paint 400ml, Professional Quality, Perfect Finish for Cars, Bikes,Vans, Metal, Wood\', \'supplier_price\': 1.82, \'amazon_price\': 6.89, \'match_method\': \'EAN\', \'confidence\': \'high\', \'created_at\': \'2025-07-18T10:38:58.185842\', \'supplier_url\': \'https://www.poundwholesale.co.uk/auto-extreme-professional-black-matt-spray-paint-400ml\'}, {\'supplier_ean\': \'5055319531818\', \'amazon_asin\': \'B000LD4V2E\', \'supplier_title\': \'Auto Extreme Professional Black Bumper & Trim Spray Paint 400ml\', \'amazon_title\': \'Hycote\', \'supplier_price\': 1.81, \'amazon_price\': None, \'match_method\': \'EAN\', \'confidence\': \'high\', \'created_at\': \'2025-07-18T10:39:11.840698\', \'supplier_url\': \'https://www.poundwholesale.co.uk/auto-extreme-professional-black-bumper-trim-spray-paint-400ml\'}, {\'supplier_ean\': \'5053249226576\', \'amazon_asin\': \'B07CZHPQRY\', \'supplier_title\': \'151 Super Maintenance Spray 200ml\', \'amazon_title\': \'151 Products 2X Super Multipurpose Oil - 200ml, 20ml x 10, Bike Chain, Multipurpose, 0.26kg\', \'supplier_price\': 1.14, \'amazon_price\': 5.28, \'match_method\': \'EAN\', \'confidence\': \'high\', \'created_at\': \'2025-07-18T10:40:10.708714\', \'supplier_url\': \'https://www.poundwholesale.co.uk/supermaintenance-spray-300ml\'}, {\'supplier_ean\': \'5050375083813\', \'amazon_asin\': \'B0DG2QVKZL\', \'supplier_title\': \'Car Pride Interior Clean & Shine 300ml\', \'amazon_title\': \'Hoover HF1 Plus Cordless Stick Vacuum Cleaner with Turbo Suction Mode, Up to 45 Min Runtime, LED Lights, Multi-Floor Nozzle, Anti Hair Wrap, Handheld Capability, 165w [HF1P10H]\', \'supplier_price\': 0.95, \'amazon_price\': 99.0, \'match_method\': \'EAN\', \'confidence\': \'high\', \'created_at\': \'2025-07-18T10:41:15.031823\', \'supplier_url\': \'https://www.poundwholesale.co.uk/interior-clean-shine-300ml\'}, {\'supplier_ean\': \'5055319519120\', \'amazon_asin\': \'B07NJGQFPJ\', \'supplier_title\': \'Auto Extreme Automotive White Primer Spray Paint 250ml\', \'amazon_title\': \'Auto Extreme Auto Spray White Primer, 250 ml\', \'supplier_price\': 0.92, \'amazon_price\': 5.19, \'match_method\': \'EAN\', \'confidence\': \'high\', \'created_at\': \'2025-07-18T10:42:08.243130\', \'supplier_url\': \'https://www.poundwholesale.co.uk/auto-extreme-automotive-white-primer-spray-paint-250ml\'}, {\'supplier_ean\': \'5055441449128\', \'amazon_asin\': \'B0DF3573G7\', \'supplier_title\': \'Goodyear Microfibre Wash & Dry Cloth Large 40cm\', \'amazon_title\': \'Goodyear Microfibre Wash and Dry Cloth Large Specially designed microfibre cloth for washing and drying your vehicle |Dual purpose |Microfibres attract more dirt than a normal cloth| Machine washable\', \'supplier_price\': 0.8, \'amazon_price\': 5.03, \'match_method\': \'EAN\', \'confidence\': \'high\', \'created_at\': \'2025-07-18T10:42:56.491855\', \'supplier_url\': \'https://www.poundwholesale.co.uk/goodyear-microfibre-wash-dry-cloth-large-40cm\'}, {\'supplier_ean\': \'5050375084087\', \'amazon_asin\': \'B004V424UK\', \'supplier_title\': \'Car Pride Tyre Shine 300ml\', \'amazon_title\': \'151 CAR VAN BIKE TYRE SHINE WET LOOK SPRAY BLACK\', \'supplier_price\': 0.93, \'amazon_price\': 4.2, \'match_method\': \'EAN\', \'confidence\': \'high\', \'created_at\': \'2025-07-18T10:43:52.714822\', \'supplier_url\': \'https://www.poundwholesale.co.uk/tyre-shine-300ml\'}, {\'supplier_ean\': \'5052578042604\', \'amazon_asin\': \'B089P24HXC\', \'supplier_title\': \'Bettina Natural Chamois Leather Cloth 30cm X 30cm\', \'amazon_title\': \'CarMax® English Premium Grade Natural Chamois Leather - Large - Perfect for drying off the whole car, glass, mirrors, inside and out, super soft and highly absorbent, Made in the UK\', \'supplier_price\': 0.91, \'amazon_price\': None, \'match_method\': \'EAN\', \'confidence\': \'high\', \'created_at\': \'2025-07-18T10:44:06.608980\', \'supplier_url\': \'https://www.poundwholesale.co.uk/bettina-chamois-leather-cloth\'}, {\'supplier_ean\': \'5055319512008\', \'amazon_asin\': \'B0D6N5WJK2\', \'supplier_title\': \'Auto Extreme Professional Yellow Gloss Brake Caliper Spray Paint 400ml\', \'amazon_title\': \'AX PRO Break Caliper Spray Yellow Gloss 400ml\', \'supplier_price\': 2.73, \'amazon_price\': 4.87, \'match_method\': \'EAN\', \'confidence\': \'high\', \'created_at\': \'2025-07-18T10:44:49.215843\', \'supplier_url\': \'https://www.poundwholesale.co.uk/auto-extreme-professional-yellow-gloss-brake-caliper-spray-paint-400ml\'}, {\'supplier_ean\': \'5055441452173\', \'amazon_asin\': \'B0DF358GFW\', \'supplier_title\': \'Goodyear Microfibre Window Cloth Large 40cm X 40cm\', \'amazon_title\': \'Goodyear microfibre Window Cloth I Designed Microfiber Cloth for windscreens, windows and mirrors| Statically charged cleaning| Leaves lint free finish| Ideal for effective cleaning of glass surfaces\', \'supplier_price\': 1.06, \'amazon_price\': 1.99, \'match_method\': \'EAN\', \'confidence\': \'high\', \'created_at\': \'2025-07-18T10:45:39.365206\', \'supplier_url\': \'https://www.poundwholesale.co.uk/goodyear-microfibre-window-cloth-large-40cm-x-40cm\'}, {\'supplier_ean\': \'5052578414708\', \'amazon_asin\': \'B0BG8HY6NL\', \'supplier_title\': \'Bettina Giant Car Sponge\', \'amazon_title\': \'Xtremeauto\', \'supplier_price\': 0.87, \'amazon_price\': None, \'match_method\': \'EAN\', \'confidence\': \'high\', \'created_at\': \'2025-07-18T10:45:52.603673\', \'supplier_url\': \'https://www.poundwholesale.co.uk/bettina-giant-car-sponge\'}, {\'supplier_ean\': \'5050375083967\', \'amazon_asin\': \'B004V423RY\', \'supplier_title\': \'Car Pride Window & Mirror Cleaner 300ml\', \'amazon_title\': \'WINDOW MIRROR GLASS CERAMIC CLEANER - NON SMEAR\', \'supplier_price\': 0.97, \'amazon_price\': 4.45, \'match_method\': \'EAN_cached\', \'confidence\': \'low\', \'created_at\': \'2025-07-18T10:45:52.672388\', \'supplier_url\': \'https://www.poundwholesale.co.uk/window-mirror-cleaner-300ml\'}, {\'supplier_ean\': \'5055441444536\', \'amazon_asin\': \'B0DF33XNMX\', \'supplier_title\': \'Goodyear Luxury Deep Pile Microfibre 2-In-1 Valet Cloth 45cm X 38cm\', \'amazon_title\': \'Goodyear Luxury Valet Cloth Large Deep pile for absorbency| For showroom perfect finish |2 in 1 luxury car cloth| Microfibre technology| Cleaning fibre| Satin safety edging protects against scratching\', \'supplier_price\': 3.02, \'amazon_price\': 7.0, \'match_method\': \'EAN\', \'confidence\': \'high\', \'created_at\': \'2025-07-18T10:46:44.263284\', \'supplier_url\': \'https://www.poundwholesale.co.uk/goodyear-luxury-deep-pile-microfibre-2-in-1-valet-cloth-45cm-x-38cm\'}, {\'supplier_ean\': \'5055441446554\', \'amazon_asin\': \'B0DJWFVY3H\', \'supplier_title\': \'Goodyear Snow Foam Pre-Wash Shampoo 1l\', \'amazon_title\': \'Goodyear 1L Snow Foam Cherry Scent Pressure Washer Or Foam Lancer | Covers The Vehicle In A Rich Blanket Of Foam | Gently Loosen Dirt & Heavy Soiling | More Concentrated Solution The Thicker The Foam\', \'supplier_price\': 2.54, \'amazon_price\': 7.99, \'match_method\': \'EAN\', \'confidence\': \'high\', \'created_at\': \'2025-07-18T10:47:33.544513\', \'supplier_url\': \'https://www.poundwholesale.co.uk/goodyear-cherry-snow-form-pre-wash-shampoo-1l\'}, {\'supplier_ean\': \'5055319519021\', \'amazon_asin\': \'B09FLXRC5F\', \'supplier_title\': \'Auto Extreme Automotive White Gloss Spray Paint 250ml\', \'amazon_title\': \'Classic Signature - 1 x Auto Extreme White Gloss Spray Paint 250ml Professional Quality, Perfect Finish for Cars, Bikes,Vans, Metal, Wood\', \'supplier_price\': 0.92, \'amazon_price\': 5.47, \'match_method\': \'EAN\', \'confidence\': \'high\', \'created_at\': \'2025-07-18T10:48:41.581930\', \'supplier_url\': \'https://www.poundwholesale.co.uk/auto-extreme-automotive-white-gloss-spray-paint-250ml\'}, {\'supplier_ean\': \'5055319519274\', \'amazon_asin\': \'B09F9MVQS1\', \'supplier_title\': \'Auto Extreme Professional Blue Gloss Spray Paint 400ml\', \'amazon_title\': \'Classic Signature - 1 x Auto Extreme Blue Gloss Spray Paint 400ml, Professional Quality, Perfect Finish for Cars, Bikes,Vans, Metal, Wood\', \'supplier_price\': 1.82, \'amazon_price\': 6.89, \'match_method\': \'EAN\', \'confidence\': \'high\', \'created_at\': \'2025-07-18T10:49:36.222143\', \'supplier_url\': \'https://www.poundwholesale.co.uk/auto-extreme-professional-blue-gloss-spray-paint-400ml\'}, {\'supplier_ean\': \'5050375127340\', \'amazon_asin\': \'B076DD8QMP\', \'supplier_title\': \'Tango Car Air Freshener CDU Assorted Fragrances\', \'amazon_title\': \'Tango Liquid Car Air Freshener 4pk - Cherry Orange Apple & Lemon\', \'supplier_price\': 0.74, \'amazon_price\': 5.49, \'match_method\': \'EAN\', \'confidence\': \'high\', \'created_at\': \'2025-07-18T10:50:21.970905\', \'supplier_url\': \'https://www.poundwholesale.co.uk/tango-car-air-freshener-cdu-assorted-fragrances\'}, {\'supplier_ean\': \'5055319519243\', \'amazon_asin\': \'B07NJHJC44\', \'supplier_title\': \'Auto Extreme Professional Silver Wheel Spray Paint 400ml\', \'amazon_title\': \'Auto Extreme Silver Wheel, 400 ml\', \'supplier_price\': 1.82, \'amazon_price\': 5.5, \'match_method\': \'EAN\', \'confidence\': \'high\', \'created_at\': \'2025-07-18T10:51:15.720754\', \'supplier_url\': \'https://www.poundwholesale.co.uk/auto-extreme-professional-silver-wheel-spray-paint-400ml\'}, {\'supplier_ean\': \'5055319530798\', \'amazon_asin\': \'B0BZQ9D3SS\', \'supplier_title\': \'Auto Extreme Ocean Breeze In-Car Fragrance Air Freshener Spray 100ml\', \'amazon_title\': \'Car Air Freshener for Men with Vent Clip | Strong Perfume Automotive Air Freshener | Odour Eliminating Technology with Vent Clip | Car Air Fresheners by Perfa\', \'supplier_price\': 0.65, \'amazon_price\': None, \'match_method\': \'EAN\', \'confidence\': \'high\', \'created_at\': \'2025-07-18T10:51:27.401020\', \'supplier_url\': \'https://www.poundwholesale.co.uk/auto-extreme-ocean-breeze-in-car-fragrance-air-freshener-spray-100ml\'}, {\'supplier_ean\': \'5052578047807\', \'amazon_asin\': \'B0FB44TV8Y\', \'supplier_title\': \'Bettina Microfibre Ultra Buff Car Cloths 3pc\', \'amazon_title\': \'Towelogy\', \'supplier_price\': 1.79, \'amazon_price\': None, \'match_method\': \'EAN\', \'confidence\': \'high\', \'created_at\': \'2025-07-18T10:51:38.488644\', \'supplier_url\': \'https://www.poundwholesale.co.uk/bettina-microfibre-ultra-buff-car-cloths-3pc\'}, {\'supplier_ean\': \'5055441446714\', \'amazon_asin\': \'B0DFPVL488\', \'supplier_title\': \'Goodyear Silicone Window Squeegee 30cm\', \'amazon_title\': \'Goodyear Silicone Window Squeegee Ideal For Car Bodywork, Showers, Windows And Other Smooth Surfaces| Soft Silicone Blade| Removes 95% Of Standing Water| V-shaped Grip| Reusable And Long Lasting\', \'supplier_price\': 1.99, \'amazon_price\': 3.99, \'match_method\': \'EAN\', \'confidence\': \'high\', \'created_at\': \'2025-07-18T10:52:28.920921\', \'supplier_url\': \'https://www.poundwholesale.co.uk/goodyear-silicone-window-squeegee-30cm\'}, {\'supplier_ean\': \'5055319528030\', \'amazon_asin\': \'B0DJM5VWR6\', \'supplier_title\': \'Rapide DP-60 Penetrating Maintenance Spray 100ml CDU\', \'amazon_title\': \'PNJB\', \'supplier_price\': 0.79, \'amazon_price\': None, \'match_method\': \'EAN\', \'confidence\': \'high\', \'created_at\': \'2025-07-18T10:52:43.308895\', \'supplier_url\': \'https://www.poundwholesale.co.uk/rapide-dp-60-penetrating-maintenance-spray-100ml-cdu\'}, {\'supplier_ean\': \'5052578047708\', \'amazon_asin\': \'B09D7HXXXT\', \'supplier_title\': \'Bettina Assorted Microfibre Car Rags Bag\', \'amazon_title\': \'MR.SIGA\', \'supplier_price\': 1.79, \'amazon_price\': None, \'match_method\': \'EAN\', \'confidence\': \'high\', \'created_at\': \'2025-07-18T10:52:56.953180\', \'supplier_url\': \'https://www.poundwholesale.co.uk/bettina-assorted-microfibre-car-rags-bag\'}, {\'supplier_ean\': \'8008990001061\', \'amazon_asin\': \'B00BFXBBHM\', \'supplier_title\': \'Classic Professional Car Sponge 15cm X 11cm X 5.5cm\', \'amazon_title\': \'Générique Auto Care – Wash Synthetic Sponge Pro Classic\', \'supplier_price\': 0.62, \'amazon_price\': 3.89, \'match_method\': \'EAN\', \'confidence\': \'high\', \'created_at\': \'2025-07-18T10:53:42.902436\', \'supplier_url\': \'https://www.poundwholesale.co.uk/classic-professional-car-sponge-15cm-x-11cm-x-5-5cm\'}, {\'supplier_ean\': \'5055319529891\', \'amazon_asin\': \'B0CXN6VDPT\', \'supplier_title\': \'Rapide Multi Lube Oil Spray 250ml\', \'amazon_title\': \'Multi Lube Oil Spray High Performance Lubricates Cleans Prevents Rust - 300ml\', \'supplier_price\': 1.07, \'amazon_price\': 5.49, \'match_method\': \'EAN\', \'confidence\': \'high\', \'created_at\': \'2025-07-18T10:54:33.090475\', \'supplier_url\': \'https://www.poundwholesale.co.uk/rapide-multi-lube-oil-spray-250ml\'}, {\'supplier_ean\': \'5055319599559\', \'amazon_asin\': \'B07NJGVPVQ\', \'supplier_title\': \'Auto Extreme Professional Chrome Effect Spray Paint 400ml\', \'amazon_title\': \'Auto Extreme Auto Spray Chrome, 400 ml\', \'supplier_price\': 2.03, \'amazon_price\': 4.99, \'match_method\': \'EAN\', \'confidence\': \'high\', \'created_at\': \'2025-07-18T10:55:42.978833\', \'supplier_url\': \'https://www.poundwholesale.co.uk/auto-extreme-professional-chrome-effect-spray-paint-400ml\'}, {\'supplier_ean\': \'5053249228563\', \'amazon_asin\': \'B07R97BMMC\', \'supplier_title\': \'Carpride Alloy Wheel Spray Paint Matt Black\', \'amazon_title\': \'Car Pride 400ml High Grade Car Alloy Wheel Matt Black Fantastic Finish Surface Aerosol Spray Paint Can\', \'supplier_price\': 1.67, \'amazon_price\': 5.69, \'match_method\': \'EAN\', \'confidence\': \'high\', \'created_at\': \'2025-07-18T10:56:35.936258\', \'supplier_url\': \'https://www.poundwholesale.co.uk/carpride-alloy-wheel-spray-paint-matt-black\'}, {\'supplier_ean\': \'5055319519045\', \'amazon_asin\': \'B07NJFYFZR\', \'supplier_title\': \'Auto Extreme Silver Wheel Spray Paint 250ml\', \'amazon_title\': \'Auto Extreme Auto Spray Silver Wheel, 250 ml\', \'supplier_price\': 0.92, \'amazon_price\': 4.5, \'match_method\': \'EAN\', \'confidence\': \'high\', \'created_at\': \'2025-07-18T10:57:32.469691\', \'supplier_url\': \'https://www.poundwholesale.co.uk/auto-extreme-silver-wheel-spray-paint-250ml\'}, {\'supplier_ean\': \'5055319519212\', \'amazon_asin\': \'B09DYXN6YF\', \'supplier_title\': \'Auto Extreme Professional Black Gloss Spray Paint 400ml\', \'amazon_title\': \'Classic Signature - 1 x Auto Extreme Black Gloss Spray Paint 400ml, Professional Quality, Perfect Finish for Cars, Bikes,Vans, Metal, Wood\', \'supplier_price\': 1.82, \'amazon_price\': 6.89, \'match_method\': \'EAN\', \'confidence\': \'high\', \'created_at\': \'2025-07-18T10:58:29.850682\', \'supplier_url\': \'https://www.poundwholesale.co.uk/auto-extreme-professional-black-gloss-spray-paint-400ml\'}, {\'supplier_ean\': \'5056170362405\', \'amazon_asin\': \'B006UCJ5NU\', \'supplier_title\': \'Bloc Multipurpose Penetrating Maintenance Spray 250ml\', \'amazon_title\': \'WD-40 Specialist\', \'supplier_price\': 1.03, \'amazon_price\': None, \'match_method\': \'EAN\', \'confidence\': \'high\', \'created_at\': \'2025-07-18T10:58:41.438173\', \'supplier_url\': \'https://www.poundwholesale.co.uk/bloc-multipurpose-penetrating-maintenance-spray-250ml\'}, {\'supplier_ean\': \'5055319519106\', \'amazon_asin\': \'B09FLX734G\', \'supplier_title\': \'Auto Extreme Automotive Black Satin Spray Paint 250ml\', \'amazon_title\': \'Classic Signature - 1 x Black Satin Auto Extreme Spray Paint 250ml Professional Quality, Perfect Finish for Cars, Bikes,Vans, Metal, Wood\', \'supplier_price\': 0.92, \'amazon_price\': 5.47, \'match_method\': \'EAN\', \'confidence\': \'high\', \'created_at\': \'2025-07-18T10:59:37.654163\', \'supplier_url\': \'https://www.poundwholesale.co.uk/auto-extreme-automotive-black-satin-spray-paint-250ml\'}, {\'supplier_ean\': \'5053249248677\', \'amazon_asin\': \'B000LD4V2E\', \'supplier_title\': \'Car Pride Black Gloss Spray Paint 400ml\', \'amazon_title\': \'Hycote\', \'supplier_price\': 1.73, \'amazon_price\': None, \'match_method\': \'EAN\', \'confidence\': \'high\', \'created_at\': \'2025-07-18T10:59:51.150021\', \'supplier_url\': \'https://www.poundwholesale.co.uk/car-pride-black-gloss-spray-paint-400ml\'}, {\'supplier_ean\': \'5050375064300\', \'amazon_asin\': \'B01M0JVPJD\', \'supplier_title\': \'Car-Pride Quick Fix Tyre Repair 300ml\', \'amazon_title\': \'2 X QUICK FIX CAR EMERGENCY FLAT TYRE INFLATE PUNCTURE REPAIR KIT\', \'supplier_price\': 1.77, \'amazon_price\': 7.74, \'match_method\': \'EAN\', \'confidence\': \'high\', \'created_at\': \'2025-07-18T11:00:47.582374\', \'supplier_url\': \'https://www.poundwholesale.co.uk/quick-fix-tyre-repair\'}, {\'supplier_ean\': \'5055441446530\', \'amazon_asin\': \'B0993N1H9T\', \'supplier_title\': \'Goodyear Car Cockpit Cleaner 750ml\', \'amazon_title\': \'Goodyear Cockpit Cleaner 750ml- Effectively Cleans Dirt, Dust And Grime From the Dashboard And Surroundings| Protects Against Water And Dust Helping to Leave a Showroom Shine| Spray Weight 820g\', \'supplier_price\': 1.39, \'amazon_price\': 5.13, \'match_method\': \'EAN\', \'confidence\': \'high\', \'created_at\': \'2025-07-18T11:01:48.222908\', \'supplier_url\': \'https://www.poundwholesale.co.uk/goodyear-cherry-scent-car-cockpit-cleaner-750ml\'}, {\'supplier_ean\': \'5055319519281\', \'amazon_asin\': \'B07NJGV658\', \'supplier_title\': \'Auto Extreme Professional Yellow Gloss Spray Paint 400ml\', \'amazon_title\': \'Auto Extreme Auto Extreme Yellow, 400 ml\', \'supplier_price\': 1.96, \'amazon_price\': 5.49, \'match_method\': \'EAN\', \'confidence\': \'high\', \'created_at\': \'2025-07-18T11:02:38.788885\', \'supplier_url\': \'https://www.poundwholesale.co.uk/auto-extreme-professional-yellow-gloss-spray-paint-400ml\'}, {\'supplier_ean\': \'5056175980970\', \'amazon_asin\': \'B095HTD46T\', \'supplier_title\': \'Auto Extras Jar Candle Air Freshener 3 Pack Assorted\', \'amazon_title\': \'CRISTALINAS\', \'supplier_price\': 0.54, \'amazon_price\': None, \'match_method\': \'EAN\', \'confidence\': \'high\', \'created_at\': \'2025-07-18T11:02:51.951099\', \'supplier_url\': \'https://www.poundwholesale.co.uk/auto-extras-jar-candle-air-freshener-3-pack-assorted\'}, {\'supplier_ean\': \'5055319529914\', \'amazon_asin\': \'B07XZF187M\', \'supplier_title\': \'Rapide PTFE Lubricant Spray 250ml\', \'amazon_title\': \'Rapide 300ml PTFE Grease Aerosol Spray Lubricant Can Chains Belts Cables Oil\', \'supplier_price\': 1.07, \'amazon_price\': 4.99, \'match_method\': \'EAN\', \'confidence\': \'high\', \'created_at\': \'2025-07-18T11:03:38.329354\', \'supplier_url\': \'https://www.poundwholesale.co.uk/rapide-ptfe-lubricant-spray-250ml\'}, {\'supplier_ean\': \'5055441449203\', \'amazon_asin\': \'B0D12237Y2\', \'supplier_title\': \'Goodyear Expanding Car Cleaning Sponge\', \'amazon_title\': \'Goodyear Tyre and Wheel Deep Cleaning Multi-Purpose Brush | Ideal for Vehicle Tyres | Ergonomic L-Style Handle | Wide Curved Brush Head Covers Larger Surface | Removes Dirt and Grime\', \'supplier_price\': 0.72, \'amazon_price\': 0.99, \'match_method\': \'EAN\', \'confidence\': \'high\', \'created_at\': \'2025-07-18T11:04:31.759859\', \'supplier_url\': \'https://www.poundwholesale.co.uk/goodyear-expanding-car-cleaning-sponge\'}, {\'supplier_ean\': \'5053249229768\', \'amazon_asin\': \'B0BZQ8C6CS\', \'supplier_title\': \'Chupa Chups Car Air Fresheners CDU Assorted Fragrances\', \'amazon_title\': \'One Million Car Air Freshener for Men | Strong Perfume Automotive Freshener | Odour Eliminating Technology with Vent Clip | Long Lasting Car Air Freshener by Perfa\', \'supplier_price\': 0.87, \'amazon_price\': None, \'match_method\': \'EAN\', \'confidence\': \'high\', \'created_at\': \'2025-07-18T11:04:43.364574\', \'supplier_url\': \'https://www.poundwholesale.co.uk/chupa-chups-car-air-fresheners-cdu-assorted-fragrances\'}, {\'supplier_ean\': \'5050375002197\', \'amazon_asin\': \'B01MQHS127\', \'supplier_title\': \'Car Pride Stitched Natural Chamois Leather\', \'amazon_title\': \'151 NATURAL CHAMOIS LEATHER\', \'supplier_price\': 0.85, \'amazon_price\': 3.19, \'match_method\': \'EAN\', \'confidence\': \'high\', \'created_at\': \'2025-07-18T11:06:00.876295\', \'supplier_url\': \'https://www.poundwholesale.co.uk/stitched-natural-chamois-leather\'}, {\'supplier_ean\': \'5055441446431\', \'amazon_asin\': \'B0992QG9QK\', \'supplier_title\': \'Goodyear Instant Valet Upholstery Cleaner 750ml\', \'amazon_title\': \'GOODYEAR INSTANT VALET UPHOLSTERY CLEANER SPRAY 750ML\', \'supplier_price\': 1.4, \'amazon_price\': 5.27, \'match_method\': \'EAN\', \'confidence\': \'high\', \'created_at\': \'2025-07-18T11:06:52.375016\', \'supplier_url\': \'https://www.poundwholesale.co.uk/goodyear-instant-valet-upholstery-cleaner-750ml\'}, {\'supplier_ean\': \'5053249245751\', \'amazon_asin\': \'B0BLL3XTRB\', \'supplier_title\': \'Car Pride Clean & Dry Microfibre Cloth\', \'amazon_title\': \'CARPRIDE® Clean and Dry Microfibre Cloth | For Car Exterior and Interior | 30 x 30 cm | Brown\', \'supplier_price\': 0.76, \'amazon_price\': 2.95, \'match_method\': \'EAN\', \'confidence\': \'high\', \'created_at\': \'2025-07-18T11:07:43.161406\', \'supplier_url\': \'https://www.poundwholesale.co.uk/car-pride-clean-dry-microfibre-cloth\'}, {\'supplier_ean\': \'8008990001047\', \'amazon_asin\': \'B0DJFRHQ3H\', \'supplier_title\': \'Flash Car Synthetic Chamois Large\', \'amazon_title\': \'FLASH\', \'supplier_price\': 1.42, \'amazon_price\': None, \'match_method\': \'EAN\', \'confidence\': \'high\', \'created_at\': \'2025-07-18T11:08:10.161535\', \'supplier_url\': \'https://www.poundwholesale.co.uk/flash-car-synthetic-chamois-large\'}, {\'supplier_ean\': \'5050375084148\', \'amazon_asin\': \'B07FRGHHQR\', \'supplier_title\': \'Car Pride Black Pack 300ml\', \'amazon_title\': \'Car Pride Black Pack Spray For Plastic Bumper & Exterior Trim Restorer 300ml\', \'supplier_price\': 0.93, \'amazon_price\': 4.49, \'match_method\': \'EAN_cached\', \'confidence\': \'low\', \'created_at\': \'2025-07-18T11:08:10.231134\', \'supplier_url\': \'https://www.poundwholesale.co.uk/black-pack-300ml\'}, {\'supplier_ean\': \'5055319519311\', \'amazon_asin\': \'B07NJH9XCY\', \'supplier_title\': \'Auto Extreme Professional Racing Green Gloss Spray Paint 400ml\', \'amazon_title\': \'Auto Extreme Racing Green, 400 ml\', \'supplier_price\': 1.96, \'amazon_price\': 5.65, \'match_method\': \'EAN\', \'confidence\': \'high\', \'created_at\': \'2025-07-18T11:09:04.876820\', \'supplier_url\': \'https://www.poundwholesale.co.uk/auto-extreme-professional-racing-green-gloss-spray-paint-400ml\'}, {\'supplier_ean\': \'5055319519137\', \'amazon_asin\': \'B07NJFXL6R\', \'supplier_title\': \'Auto Extreme Red Primer Spray Paint 250ml\', \'amazon_title\': \'Auto Extreme Auto Spray Red Primer, 250 ml\', \'supplier_price\': 0.92, \'amazon_price\': 4.35, \'match_method\': \'EAN\', \'confidence\': \'high\', \'created_at\': \'2025-07-18T11:09:55.460107\', \'supplier_url\': \'https://www.poundwholesale.co.uk/mean-machine-auto-spray-red-primer-250ml\'}, {\'supplier_ean\': \'5038673050010\', \'amazon_asin\': \'B0FC6D5VDG\', \'supplier_title\': \'Portable Wet & Dry Auto Vacuum Cleaner\', \'amazon_title\': \'HYCHIKA 3 in 1 Wet and Dry Vacuum Cleaner, Power: 1200 W, 20 L Stainless Steel Tank, 6 M+ Cleaning Range (2.5 M Power Cores + 3.5 M Soft & Hard Hose), for Garden Outdoor Floor Sofa Cleaning\', \'supplier_price\': 10.18, \'amazon_price\': None, \'match_method\': \'EAN\', \'confidence\': \'high\', \'created_at\': \'2025-07-18T11:10:08.518609\', \'supplier_url\': \'https://www.poundwholesale.co.uk/portable-wet-dry-auto-vacuum-cleaner\'}, {\'supplier_ean\': \'5052578034708\', \'amazon_asin\': \'B0CKTH6LDT\', \'supplier_title\': \'Bettina Microfibre Car Cloths 2 Pack\', \'amazon_title\': \'CarMax® - Original Twisted Loop Car Drying Towel - Double-Sided XXL - 90cm x 60cm 1400gsm Microfibre Towel for fast streak-free drying and detailing.\', \'supplier_price\': 0.79, \'amazon_price\': 17.99, \'match_method\': \'EAN_cached\', \'confidence\': \'low\', \'created_at\': \'2025-07-18T11:10:08.580003\', \'supplier_url\': \'https://www.poundwholesale.co.uk/3pc-micro-fibre-car-cloths-highly-effective-wet-or-dry\'}, {\'supplier_ean\': \'5055441449142\', \'amazon_asin\': \'B0DF343YX8\', \'supplier_title\': \'Goodyear Microfibre Dusting Cloth Large 60cm X 40cm\', \'amazon_title\': \'Goodyear Microfibre Dusting Cloth I Specially designed microfibre cloth for windscreens, windows and mirrors | Statically charged cleaning fibres attract dust | Leaves a lint free finish | 60m x 40cm\', \'supplier_price\': 0.85, \'amazon_price\': 1.99, \'match_method\': \'EAN\', \'confidence\': \'high\', \'created_at\': \'2025-07-18T11:10:57.177704\', \'supplier_url\': \'https://www.poundwholesale.co.uk/goodyear-microfibre-dusting-cloth-large-60cm-x-40cm\'}, {\'supplier_ean\': \'5055441449180\', \'amazon_asin\': \'B0D3JDFZJC\', \'supplier_title\': \'Goodyear Microfibre Car Cloth Set 4 Pack\', \'amazon_title\': \'Goodyear 4PC Microfibre Cloth Set- microfibre cloths for cleaning your vehicle | Cleaning fibres attract dust | Showroom finish | Machine washable | Dashboard, Buffing, Window cloth | Wash and drying\', \'supplier_price\': 2.59, \'amazon_price\': 4.99, \'match_method\': \'EAN\', \'confidence\': \'high\', \'created_at\': \'2025-07-18T11:11:46.340949\', \'supplier_url\': \'https://www.poundwholesale.co.uk/goodyear-microfibre-car-cloth-set-4-pack\'}, {\'supplier_ean\': \'5055441449104\', \'amazon_asin\': \'B0DH8C367V\', \'supplier_title\': \'Goodyear Synthetic Chamois Cloth\', \'amazon_title\': \'Goodyear Synthetic Chamois -natural Chamois, Super Absorbent, Streak And Scratch Free, With A Greater Tolerance To Modern Car Cleaners| Stays Soft When Drying| Extra Large 72cm x 50cm|Machine Washable\', \'supplier_price\': 1.9, \'amazon_price\': 2.99, \'match_method\': \'EAN\', \'confidence\': \'high\', \'created_at\': \'2025-07-18T11:12:43.381337\', \'supplier_url\': \'https://www.poundwholesale.co.uk/goodyear-synthetic-chamois-cloth\'}, {\'supplier_ean\': \'5055319530736\', \'amazon_asin\': \'B084VTS1NV\', \'supplier_title\': \'Auto Extreme Fresh Linen In-Car Fragrance Air Freshener Spray 100ml\', \'amazon_title\': \'Air Freshener Spray Concentrated Long Lasting Oil Based (New Car)\', \'supplier_price\': 0.65, \'amazon_price\': None, \'match_method\': \'EAN\', \'confidence\': \'high\', \'created_at\': \'2025-07-18T11:12:55.532920\', \'supplier_url\': \'https://www.poundwholesale.co.uk/auto-extreme-fresh-linen-in-car-fragrance-air-freshener-spray-100ml\'}, {\'supplier_ean\': \'5055319519076\', \'amazon_asin\': \'B09FLX3QXD\', \'supplier_title\': \'Auto Extreme Automotive Red Gloss Spray Paint 250ml\', \'amazon_title\': \'Classic Signature - 1 x Auto Extreme Red Gloss Spray Paint 250ml, Professional Quality, Perfect Finish for Cars, Bikes,Vans, Metal, Wood\', \'supplier_price\': 0.92, \'amazon_price\': 5.47, \'match_method\': \'EAN\', \'confidence\': \'high\', \'created_at\': \'2025-07-18T11:13:48.220197\', \'supplier_url\': \'https://www.poundwholesale.co.uk/auto-extreme-automotive-red-gloss-spray-paint-250ml\'}, {\'supplier_ean\': \'5050375003620\', \'amazon_asin\': \'B0DG2QVKZL\', \'supplier_title\': \'Car Pride Luxury Natural Chamois Leather\', \'amazon_title\': \'Hoover HF1 Plus Cordless Stick Vacuum Cleaner with Turbo Suction Mode, Up to 45 Min Runtime, LED Lights, Multi-Floor Nozzle, Anti Hair Wrap, Handheld Capability, 165w [HF1P10H]\', \'supplier_price\': 1.41, \'amazon_price\': 99.0, \'match_method\': \'EAN\', \'confidence\': \'high\', \'created_at\': \'2025-07-18T11:14:56.832846\', \'supplier_url\': \'https://www.poundwholesale.co.uk/car-pride-luxury-natural-chamois-leather\'}, {\'supplier_ean\': \'00994743\', \'amazon_asin\': \'B0CCVFJ94Z\', \'supplier_title\': \'Wilko Ready To Use Screenwash 5l\', \'amazon_title\': \'Rain-X\', \'supplier_price\': 1.42, \'amazon_price\': None, \'match_method\': \'EAN\', \'confidence\': \'high\', \'created_at\': \'2025-07-18T11:15:10.531582\', \'supplier_url\': \'https://www.poundwholesale.co.uk/wilko-ready-to-use-screenwash-5l\'}, {\'supplier_ean\': \'5055319556668\', \'amazon_asin\': \'B0BC1D6KPG\', \'supplier_title\': \'Auto Extreme Car Upholstery Brush 14cm X 6.5cm\', \'amazon_title\': \'15° Curved Car Cleaning Brush with Telescopic Handle 43" Aluminum Alloy Long Rod Wash Mop For Washing Caravan Van Truck Boat RV Roof Soft Chenille Head Duster Clean Product Not Hurt Paint Scratch Free\', \'supplier_price\': 0.97, \'amazon_price\': None, \'match_method\': \'EAN\', \'confidence\': \'high\', \'created_at\': \'2025-07-18T11:15:22.281479\', \'supplier_url\': \'https://www.poundwholesale.co.uk/auto-extreme-car-upholstery-brush-14cm-x-6-5cm\'}, {\'supplier_ean\': \'5050375083783\', \'amazon_asin\': \'B00A3T5F2G\', \'supplier_title\': \'Car Pride Instant Valet 300ml\', \'amazon_title\': \'Carpride Instant Valet Aerosol Spray 300ml\', \'supplier_price\': 0.97, \'amazon_price\': 4.09, \'match_method\': \'EAN_cached\', \'confidence\': \'low\', \'created_at\': \'2025-07-18T11:15:22.357739\', \'supplier_url\': \'https://www.poundwholesale.co.uk/instant-valet-300ml\'}, {\'supplier_ean\': \'5055319512213\', \'amazon_asin\': \'B0F9329VCL\', \'supplier_title\': \'Auto Extreme Car Air Freshener Assorted Fragrances Clip Strip\', \'amazon_title\': \'Automizer - Creed Car Air Freshener for Men - Smart Car Air Freshener Diffuser Aventus Inspired Automatic On/Off Refillable Air Freshner, Gifts for Men/Women\', \'supplier_price\': 0.27, \'amazon_price\': None, \'match_method\': \'EAN\', \'confidence\': \'high\', \'created_at\': \'2025-07-18T11:15:36.157612\', \'supplier_url\': \'https://www.poundwholesale.co.uk/auto-extreme-car-air-freshener-assorted-fragrances-clip-strip\'}, {\'supplier_ean\': \'5053249256832\', \'amazon_asin\': \'B0D2HLTZ4Q\', \'supplier_title\': \'Car Pride All Seasons Screen Wash Tablets 2pc\', \'amazon_title\': \'Screenwash Tablets For Cars, 100 Pcs Car Windshield Wash Tablets, Concentrated Screenwash Washer Fluid Car Window Cleaning Tablets for Metal, Plastic, Window Glass, Look Completely New\', \'supplier_price\': 0.74, \'amazon_price\': None, \'match_method\': \'EAN\', \'confidence\': \'high\', \'created_at\': \'2025-07-18T11:15:50.415052\', \'supplier_url\': \'https://www.poundwholesale.co.uk/car-pride-all-seasons-screen-wash-tablets-2pc\'}, {\'supplier_ean\': \'5055056731861\', \'amazon_asin\': \'B09LHF2V7G\', \'supplier_title\': \'Guilty Pleasures Chocolate Chip Cookie 3D Car Air Freshener\', \'amazon_title\': \'Guilty Pleasures 3D Choc Cookie CAR FRESHENER\', \'supplier_price\': 0.38, \'amazon_price\': 3.99, \'match_method\': \'EAN\', \'confidence\': \'high\', \'created_at\': \'2025-07-18T11:16:51.336470\', \'supplier_url\': \'https://www.poundwholesale.co.uk/guilty-pleasures-chocolate-chip-cookie-3d-air-freshener\'}, {\'supplier_ean\': \'5055441446479\', \'amazon_asin\': \'B0993YCZWB\', \'supplier_title\': \'Goodyear Fresh Fragrance Glass & Mirror Cleaner 750ml\', \'amazon_title\': \'Goodyear Glass & Mirror Cleaner 750ml - For a streak-free finish | Effective cleaner for car windscreens, side window, wing mirrors & rear view mirror | Suitable for rain sensor and acrylic windows\', \'supplier_price\': 1.36, \'amazon_price\': 5.74, \'match_method\': \'EAN\', \'confidence\': \'high\', \'created_at\': \'2025-07-18T11:18:10.194551\', \'supplier_url\': \'https://www.poundwholesale.co.uk/goodyear-fresh-fragrance-glass-mirror-cleaner-750ml\'}, {\'supplier_ean\': \'5055441446455\', \'amazon_asin\': \'B0993N4XMC\', \'supplier_title\': \'Goodyear Back-To-Black Bumper & Trim Plastic Restorer 750ml\', \'amazon_title\': \'Goodyear Bumper and Trim Restorer 750ml-back to Black| Helps Bumper and Trim Plastic Look Like New| Restores, Protects and Shines| Long Lasting Gloss Finish| Suitable for All Exterior Plastics\', \'supplier_price\': 1.4, \'amazon_price\': 4.89, \'match_method\': \'EAN\', \'confidence\': \'high\', \'created_at\': \'2025-07-18T11:19:05.192693\', \'supplier_url\': \'https://www.poundwholesale.co.uk/goodyear-black-bumper-trim-plastic-restorer-750ml\'}, {\'supplier_ean\': \'5015302400262\', \'amazon_asin\': \'B0B4R5265Z\', \'supplier_title\': \'Coco & Gray Assorted Colour Synthetic Chamois Cloths 3 Pack\', \'amazon_title\': \'Airlab\', \'supplier_price\': 0.64, \'amazon_price\': None, \'match_method\': \'EAN\', \'confidence\': \'high\', \'created_at\': \'2025-07-18T11:19:19.017457\', \'supplier_url\': \'https://www.poundwholesale.co.uk/royle-shammy-pack-3\'}, {\'supplier_ean\': \'5055319519304\', \'amazon_asin\': \'B09F9N1DW9\', \'supplier_title\': \'Auto Extreme Professional Silver Body Spray Paint 400ml\', \'amazon_title\': \'Classic Signature - 1 x Auto Extreme Silver Body Spray Paint 400ml Professional Quality, Perfect Finish for Cars, Bikes,Vans, Metal, Wood\', \'supplier_price\': 1.82, \'amazon_price\': 6.89, \'match_method\': \'EAN\', \'confidence\': \'high\', \'created_at\': \'2025-07-18T11:20:10.249623\', \'supplier_url\': \'https://www.poundwholesale.co.uk/auto-extreme-professional-silver-body-spray-paint-400ml\'}, {\'supplier_ean\': \'5053249200743\', \'amazon_asin\': \'B0DY5MX94X\', \'supplier_title\': \'Tango Card Car Air Freshener 2 Pack CDU Assorted Fragrances\', \'amazon_title\': \'Luxury Car Fragrance Gift Set, 2 Glass Car Diffusers, 2 x 30ml Refills, 2 x Vent Clips, 10 ml Interior Fabric Spray, Strong Fragrance, (Crede)\', \'supplier_price\': 0.74, \'amazon_price\': None, \'match_method\': \'EAN\', \'confidence\': \'high\', \'created_at\': \'2025-07-18T11:20:38.365789\', \'supplier_url\': \'https://www.poundwholesale.co.uk/tango-card-car-air-freshener-2-pack-cdu-assorted-fragrances\'}, {\'supplier_ean\': \'5056175980963\', \'amazon_asin\': \'B0FH9LCRSZ\', \'supplier_title\': \'Auto Extras Jelly Baby Air Freshener Assorted\', \'amazon_title\': \'Car Air Freshener Aromatherapy Balm Long Lasting Fragrance Non-spill Solid 3D Tomato Shaped Travel Size Scented Balm 100g Eliminate Odor for Bedroom Toliet Elitzia ETAP2815\', \'supplier_price\': 0.65, \'amazon_price\': None, \'match_method\': \'EAN\', \'confidence\': \'high\', \'created_at\': \'2025-07-18T11:20:51.448024\', \'supplier_url\': \'https://www.poundwholesale.co.uk/auto-extras-jelly-baby-air-freshener-assorted\'}, {\'supplier_ean\': \'5055319519298\', \'amazon_asin\': \'B07NJH3Q91\', \'supplier_title\': \'Auto Extreme Professional Black Satin Spray Paint 400ml\', \'amazon_title\': \'Auto Extreme Auto Extreme Black Satin, 400 ml\', \'supplier_price\': 1.82, \'amazon_price\': 5.49, \'match_method\': \'EAN\', \'confidence\': \'high\', \'created_at\': \'2025-07-18T11:21:47.219390\', \'supplier_url\': \'https://www.poundwholesale.co.uk/auto-extreme-professional-black-satin-spray-paint-400ml\'}, {\'supplier_ean\': \'5055056770815\', \'amazon_asin\': \'B0BZQC1VY6\', \'supplier_title\': \'Millions Cola 3D Car Air Freshener\', \'amazon_title\': \'Creed Car Air Freshener for Men | Aventos Perfume Inspired Car Fragrances | Strong Freshener with Odour Eliminator Technology | Creed Automotive Air Freshener | GREED Scent by Perfa\', \'supplier_price\': 0.38, \'amazon_price\': None, \'match_method\': \'EAN\', \'confidence\': \'high\', \'created_at\': \'2025-07-18T11:22:00.417347\', \'supplier_url\': \'https://www.poundwholesale.co.uk/millions-cola-3d-car-air-freshener\'}, {\'supplier_ean\': \'5052578015608\', \'amazon_asin\': \'B0DHXJ3Y9T\', \'supplier_title\': \'Bettina Car Sponges 3 Pack\', \'amazon_title\': \'3 Pack Car Sponges,Jumbo Sponges For Car Cleaning,Anti Scratch Technology for Car Exterior & Window Washing- Perfect For Wheels, Windscreen & Bodywork (3 PCS (Yellow))\', \'supplier_price\': 0.84, \'amazon_price\': 7.99, \'match_method\': \'EAN_cached\', \'confidence\': \'low\', \'created_at\': \'2025-07-18T11:22:00.495119\', \'supplier_url\': \'https://www.poundwholesale.co.uk/bettina-car-sponges-3-pack\'}, {\'supplier_ean\': \'5038673050010\', \'amazon_asin\': \'B0FC6D5VDG\', \'supplier_title\': \'Roadster Car Vacuum Cleaner 12V\', \'amazon_title\': \'HYCHIKA 3 in 1 Wet and Dry Vacuum Cleaner, Power: 1200 W, 20 L Stainless Steel Tank, 6 M+ Cleaning Range (2.5 M Power Cores + 3.5 M Soft & Hard Hose), for Garden Outdoor Floor Sofa Cleaning\', \'supplier_price\': 5.28, \'amazon_price\': None, \'match_method\': \'EAN_cached\', \'confidence\': \'low\', \'created_at\': \'2025-07-18T11:22:00.576434\', \'supplier_url\': \'https://www.poundwholesale.co.uk/roadster-car-vacuum-cleaner-12v\'}, {\'supplier_ean\': \'5050375083752\', \'amazon_asin\': \'B01C4S4876\', \'supplier_title\': \'Car Pride Alloy Wheel Cleaner 300ml\', \'amazon_title\': \'Car Pride Wheel Clean, 300ml\', \'supplier_price\': 0.97, \'amazon_price\': 4.05, \'match_method\': \'EAN_cached\', \'confidence\': \'low\', \'created_at\': \'2025-07-18T11:22:00.651582\', \'supplier_url\': \'https://www.poundwholesale.co.uk/alloy-wheel-cleaner\'}, {\'supplier_ean\': \'5055441452357\', \'amazon_asin\': \'B0DFPVGFZ4\', \'supplier_title\': \'Goodyear Extendable Car Windscreen Washer Squeegee Sponge Cleaner\', \'amazon_title\': \'Goodyear 2 In 1 Window Squeegee Flexible Rubber Blade| Netted Sponge Scrubber| Multi-purpose And Easy To Use| Non - Scratch| Ideal For Cleaning Windows And Windscreens| Compact Design, Easy Storage\', \'supplier_price\': 1.76, \'amazon_price\': 2.99, \'match_method\': \'EAN\', \'confidence\': \'high\', \'created_at\': \'2025-07-18T11:22:54.109374\', \'supplier_url\': \'https://www.poundwholesale.co.uk/goodyear-extendable-car-windscreen-washer-squeegee-sponge-cleaner\'}, {\'supplier_ean\': \'5055257813090\', \'amazon_asin\': \'B0FH9LCRSZ\', \'supplier_title\': \'Fragranced Fruit Shaped Car Air Freshener\', \'amazon_title\': \'Car Air Freshener Aromatherapy Balm Long Lasting Fragrance Non-spill Solid 3D Tomato Shaped Travel Size Scented Balm 100g Eliminate Odor for Bedroom Toliet Elitzia ETAP2815\', \'supplier_price\': 0.6, \'amazon_price\': None, \'match_method\': \'EAN\', \'confidence\': \'high\', \'created_at\': \'2025-07-18T11:23:05.509024\', \'supplier_url\': \'https://www.poundwholesale.co.uk/fragranced-fruit-shaped-car-air-freshener\'}, {\'supplier_ean\': \'5055319510615\', \'amazon_asin\': \'B0C49F6NG6\', \'supplier_title\': \'Auto Extreme Professional Petrol-Resistant Lacquer Clear Spray 400ml\', \'amazon_title\': \'Ozeino Wireless Gaming Headset, Compatible with PC Ps5 Ps4 Boasts 2.4GHz Lossless Audio, USB & Type-C, Flip Microphone and 40-Hr Battery - Suited for Switch, Laptop, Mac\', \'supplier_price\': 1.89, \'amazon_price\': 23.11, \'match_method\': \'EAN\', \'confidence\': \'high\', \'created_at\': \'2025-07-18T11:24:21.169341\', \'supplier_url\': \'https://www.poundwholesale.co.uk/auto-extreme-professional-petrol-resistant-lacquer-clear-spray-400ml\'}, {\'supplier_ean\': \'5053249271453\', \'amazon_asin\': \'B0CHTHYL58\', \'supplier_title\': \'Car-Pride Biodegradable Interior Clean & Shine Wipes 30 Pack\', \'amazon_title\': \'AMK\', \'supplier_price\': 0.65, \'amazon_price\': None, \'match_method\': \'EAN\', \'confidence\': \'high\', \'created_at\': \'2025-07-18T11:24:44.743060\', \'supplier_url\': \'https://www.poundwholesale.co.uk/car-pride-interior-clean-shine-wipes-30-pack\'}, {\'supplier_ean\': \'5055319519267\', \'amazon_asin\': \'B07NJGB772\', \'supplier_title\': \'Auto Extreme Professional Red Gloss Spray Paint 400ml\', \'amazon_title\': \'Auto Extreme Auto Extreme Red, 400 ml\', \'supplier_price\': 1.82, \'amazon_price\': 5.79, \'match_method\': \'EAN\', \'confidence\': \'high\', \'created_at\': \'2025-07-18T11:25:35.589009\', \'supplier_url\': \'https://www.poundwholesale.co.uk/auto-extreme-professional-red-gloss-spray-paint-400ml\'}, {\'supplier_ean\': \'5056175987832\', \'amazon_asin\': \'B0BSFN7BK9\', \'supplier_title\': \'Bloome Gel Boat Air Freshener 150G Assorted Fragrance\', \'amazon_title\': \'SOL\', \'supplier_price\': 0.46, \'amazon_price\': None, \'match_method\': \'EAN\', \'confidence\': \'high\', \'created_at\': \'2025-07-18T11:25:49.342872\', \'supplier_url\': \'https://www.poundwholesale.co.uk/bloome-gel-boat-air-freshener-150g-assorted-fragrance\'}, {\'supplier_ean\': \'5055441445021\', \'amazon_asin\': \'B0DJFGKQTJ\', \'supplier_title\': \'Dekton Tri-Extending Wash Brush 3m\', \'amazon_title\': \'Dekton Heavy Duty Tri-Extending Wash Brush | Long Reach Water Fed Brush for Cars, Boats, & More | Ergonomic Foam Grip | Soft Bristles Prevent Scratching | Telescopic Design Extends to 3 Metres\', \'supplier_price\': 13.64, \'amazon_price\': 25.06, \'match_method\': \'EAN\', \'confidence\': \'high\', \'created_at\': \'2025-07-18T11:26:42.138251\', \'supplier_url\': \'https://www.poundwholesale.co.uk/dekton-tri-extending-wash-brush-3m\'}, {\'supplier_ean\': \'5038673410692\', \'amazon_asin\': \'B0DPX1HRM6\', \'supplier_title\': \'Car Air Fresheners Fruit Assorted CDU\', \'amazon_title\': \'Q QXUNMU\', \'supplier_price\': 0.34, \'amazon_price\': None, \'match_method\': \'EAN\', \'confidence\': \'high\', \'created_at\': \'2025-07-18T11:26:57.017565\', \'supplier_url\': \'https://www.poundwholesale.co.uk/car-air-fresheners-fruit-assorted-cdu\'}, {\'supplier_ean\': \'5055441452319\', \'amazon_asin\': \'B0DJT8DYF6\', \'supplier_title\': \'Goodyear Wax Applicator Pad Set 3pc\', \'amazon_title\': \'Goodyear 3pc Applicator Set Specially Designed Microfiber Pad For Cleaning Your Vehicle|Ideal For Polishing And Waxing Of Painted Surfaces|Thick Microfiber Evenly Distributes Pressure For Application\', \'supplier_price\': 1.99, \'amazon_price\': 2.99, \'match_method\': \'EAN\', \'confidence\': \'high\', \'created_at\': \'2025-07-18T11:27:44.877336\', \'supplier_url\': \'https://www.poundwholesale.co.uk/goodyear-wax-applicator-pad-set-3pc\'}, {\'supplier_ean\': \'5055441421902\', \'amazon_asin\': \'B0CZYRJ8ZX\', \'supplier_title\': \'Goodyear 2-In-1 Noodle Wash Mitt\', \'amazon_title\': \'Goodyear 2 In 1 Noodle Wash Mitt Extra Long Handle With Pivoting Head For Easy Reach All Around Your Windscreen | Microfiber Pad For Ultimate Cleaning | Excellent For Quick Defogging And Cleaning\', \'supplier_price\': 2.06, \'amazon_price\': 5.29, \'match_method\': \'EAN\', \'confidence\': \'high\', \'created_at\': \'2025-07-18T11:28:33.825517\', \'supplier_url\': \'https://www.poundwholesale.co.uk/goodyear-2-in-1-noodle-wash-mitt\'}, {\'supplier_ean\': \'5052578611800\', \'amazon_asin\': \'B0BG8HY6NL\', \'supplier_title\': \'Bettina Comfortable Grip Jumbo Car Sponge\', \'amazon_title\': \'Xtremeauto\', \'supplier_price\': 0.6, \'amazon_price\': None, \'match_method\': \'EAN\', \'confidence\': \'high\', \'created_at\': \'2025-07-18T11:28:47.461587\', \'supplier_url\': \'https://www.poundwholesale.co.uk/jumbo-car-sponge-with-comfortable-grip\'}, {\'supplier_ean\': \'5055441449227\', \'amazon_asin\': \'B0DFMH5XX9\', \'supplier_title\': \'Goodyear 2-In-1 Microfibre Drying Towel Xl 80cm X 60cm\', \'amazon_title\': \'Goodyear Microfiber Drying Towel Xl Deep Pile For Extra Absorbency| Microfiber Technology| Cleaning Fiber Attracts Dust |satin Safety Edging Protects Against Scratching| Extra Absorbency Free Finish\', \'supplier_price\': 2.21, \'amazon_price\': 3.99, \'match_method\': \'EAN\', \'confidence\': \'high\', \'created_at\': \'2025-07-18T11:29:40.530652\', \'supplier_url\': \'https://www.poundwholesale.co.uk/goodyear-2-in-1-microfibre-drying-towel-xl-80cm-x-60cm\'}, {\'supplier_ean\': \'5055319530743\', \'amazon_asin\': \'B084VTS1NV\', \'supplier_title\': \'Auto Extreme Cedar Wood In-Car Fragrance Air Freshener Spray 100ml\', \'amazon_title\': \'Air Freshener Spray Concentrated Long Lasting Oil Based (New Car)\', \'supplier_price\': 0.65, \'amazon_price\': None, \'match_method\': \'EAN\', \'confidence\': \'high\', \'created_at\': \'2025-07-18T11:29:54.290257\', \'supplier_url\': \'https://www.poundwholesale.co.uk/auto-extreme-cedar-wood-in-car-fragrance-air-freshener-spray-100ml\'}, {\'supplier_ean\': \'5055319519007\', \'amazon_asin\': \'B01FXX9AJA\', \'supplier_title\': \'Auto Extreme Automotive Black Matt Spray Paint 250ml\', \'amazon_title\': \'Black Matt Aerosol Spray Cans 250ml Car Auto Extreme Spray Paint (6)\', \'supplier_price\': 0.92, \'amazon_price\': 9.95, \'match_method\': \'EAN\', \'confidence\': \'high\', \'created_at\': \'2025-07-18T11:30:50.315219\', \'supplier_url\': \'https://www.poundwholesale.co.uk/auto-extreme-automotive-black-matt-spray-paint-250ml\'}, {\'supplier_ean\': \'5055441449982\', \'amazon_asin\': \'B0DJH4WTZ5\', \'supplier_title\': \'Goodyear Anti-Smear Screenwash 1l\', \'amazon_title\': \'Goodyear 1 Litre Screen Wash-5% Ethanol| Blue Colour Liquid| Red Lid| English Label| Antifreeze Windscreen Wash Liquid| Prevents Freezing Of The Glass Washer System Down| Provide Clear Vision\', \'supplier_price\': 0.95, \'amazon_price\': None, \'match_method\': \'EAN\', \'confidence\': \'high\', \'created_at\': \'2025-07-18T11:31:39.554668\', \'supplier_url\': \'https://www.poundwholesale.co.uk/goodyear-anti-smear-screenwash-1l\'}, {\'supplier_ean\': \'5055441405544\', \'amazon_asin\': \'B0D1R5SR4V\', \'supplier_title\': \'Goodyear Anti-Smear Screenwash 5l\', \'amazon_title\': \'Rain-X\', \'supplier_price\': 2.56, \'amazon_price\': None, \'match_method\': \'EAN\', \'confidence\': \'high\', \'created_at\': \'2025-07-18T11:31:53.274959\', \'supplier_url\': \'https://www.poundwholesale.co.uk/goodyear-cherry-anti-smear-screenwash-5l\'}, {\'supplier_ean\': \'5053249003108\', \'amazon_asin\': \'B00CA36GJE\', \'supplier_title\': \'Carpride Scratch Remover Pen\', \'amazon_title\': \'Car Pride Paint Scratch Remover Pen - For Use On Any Colour Vehicle\', \'supplier_price\': 0.92, \'amazon_price\': 2.98, \'match_method\': \'EAN\', \'confidence\': \'high\', \'created_at\': \'2025-07-18T11:32:49.414648\', \'supplier_url\': \'https://www.poundwholesale.co.uk/carpride-scratch-remover-pen\'}, {\'supplier_ean\': \'5050375054394\', \'amazon_asin\': \'B0F6C9BK5R\', \'supplier_title\': \'Car-Pride Wash & Wax 1L\', \'amazon_title\': \'Sopami Car Coating Spray, Waterless Car Wash Quick Effect Coating Agent, Multi-functional Coating Renewal Agent Polish Spray, Long-Lasting Protection Improves Clarity and Visibility(1pc)\', \'supplier_price\': 0.8, \'amazon_price\': None, \'match_method\': \'EAN\', \'confidence\': \'high\', \'created_at\': \'2025-07-18T11:33:03.988685\', \'supplier_url\': \'https://www.poundwholesale.co.uk/wash-wax\'}, {\'supplier_ean\': \'5055056770792\', \'amazon_asin\': \'B0FH9LCRSZ\', \'supplier_title\': \'Millions Orange & Lemon 3D Car Air Freshener\', \'amazon_title\': \'Car Air Freshener Aromatherapy Balm Long Lasting Fragrance Non-spill Solid 3D Tomato Shaped Travel Size Scented Balm 100g Eliminate Odor for Bedroom Toliet Elitzia ETAP2815\', \'supplier_price\': 0.38, \'amazon_price\': None, \'match_method\': \'EAN\', \'confidence\': \'high\', \'created_at\': \'2025-07-18T11:33:15.313131\', \'supplier_url\': \'https://www.poundwholesale.co.uk/millions-orange-lemon-3d-car-air-freshener\'}, {\'supplier_ean\': \'5050375086753\', \'amazon_asin\': \'B00IXMG80S\', \'supplier_title\': \'Car Pride Leather Cleaning Spray 250ml\', \'amazon_title\': \'12 x Cans Of Leather cleaning spray, car cleaning, 300ml\', \'supplier_price\': 0.97, \'amazon_price\': 19.95, \'match_method\': \'EAN_cached\', \'confidence\': \'low\', \'created_at\': \'2025-07-18T11:33:15.437428\', \'supplier_url\': \'https://www.poundwholesale.co.uk/leather-cleaning-spray-250ml\'}, {\'supplier_ean\': \'5050375084025\', \'amazon_asin\': \'B0032XLIJE\', \'supplier_title\': \'Car Pride Spray Wax 300ml\', \'amazon_title\': \'SPRAY CAR WAX SUPERFAST FORMULA PROTECTS PAINTWORK\', \'supplier_price\': 0.97, \'amazon_price\': 3.99, \'match_method\': \'EAN\', \'confidence\': \'high\', \'created_at\': \'2025-07-18T11:34:12.145812\', \'supplier_url\': \'https://www.poundwholesale.co.uk/spray-wax-300ml\'}, {\'supplier_ean\': \'5055441452197\', \'amazon_asin\': \'B0DF33M8ZM\', \'supplier_title\': \'Goodyear Waffle Drying Cloth Large 40cm X 40cm\', \'amazon_title\': \'Goodyear Microfibre Waffle Cloth I Reduces drying time with less wring outs | Ideal for bodywork & glass | Designed microfibre cloth | Statically charged cleaning fibres | Leaves lint free finish\', \'supplier_price\': 0.95, \'amazon_price\': 4.99, \'match_method\': \'EAN\', \'confidence\': \'high\', \'created_at\': \'2025-07-18T11:35:03.805673\', \'supplier_url\': \'https://www.poundwholesale.co.uk/goodyear-waffle-drying-cloth-large-40cm-x-40cm\'}, {\'supplier_ean\': \'5050375055483\', \'amazon_asin\': \'B01C4S4L4G\', \'supplier_title\': \'Car-Pride Handy Car Sponges 2 Pack\', \'amazon_title\': \'Car Pride CP011 Handy Car Cleaning Sponges, Pack of 3\', \'supplier_price\': 0.76, \'amazon_price\': 4.99, \'match_method\': \'EAN\', \'confidence\': \'high\', \'created_at\': \'2025-07-18T11:35:55.273733\', \'supplier_url\': \'https://www.poundwholesale.co.uk/handy-car-sponges-3pk\'}, {\'supplier_ean\': \'5055319531740\', \'amazon_asin\': \'B0DG8VSKBB\', \'supplier_title\': \'Auto Extreme Professional Silver Alloy Wheel Spray Paint 400m2025-07-19 02:37:02,964 - PassiveExtractionWorkflow - INFO - 🔍 DEBUG: Target file path: /mnt/c/Users/chris/Desktop/Amazon-FBA-Agent-System-v32/OUTPUTS/FBA_ANALYSIS/linking_maps/poundwholesale.co.uk/linking_map.json
2025-07-19 02:37:02,965 - PassiveExtractionWorkflow - INFO - ✅ Directory created: /mnt/c/Users/chris/Desktop/Amazon-FBA-Agent-System-v32/OUTPUTS/FBA_ANALYSIS/linking_maps/poundwholesale.co.uk
2025-07-19 02:37:02,966 - PassiveExtractionWorkflow - INFO - 🔍 DEBUG: Temporary file path: /mnt/c/Users/chris/Desktop/Amazon-FBA-Agent-System-v32/OUTPUTS/FBA_ANALYSIS/linking_maps/poundwholesale.co.uk/linking_map.json.tmp
2025-07-19 02:37:02,966 - PassiveExtractionWorkflow - INFO - 🔍 DEBUG: Writing linking map data to temporary file...
2025-07-19 02:37:02,979 - PassiveExtractionWorkflow - INFO - ✅ Temporary file written successfully: /mnt/c/Users/chris/Desktop/Amazon-FBA-Agent-System-v32/OUTPUTS/FBA_ANALYSIS/linking_maps/poundwholesale.co.uk/linking_map.json.tmp
2025-07-19 02:37:02,980 - PassiveExtractionWorkflow - INFO - 🔍 DEBUG: Moving temporary file to final location...
2025-07-19 02:37:02,986 - PassiveExtractionWorkflow - INFO - ✅ Successfully saved linking map with 141 entries to /mnt/c/Users/chris/Desktop/Amazon-FBA-Agent-System-v32/OUTPUTS/FBA_ANALYSIS/linking_maps/poundwholesale.co.uk/linking_map.json
2025-07-19 02:37:02,989 - PassiveExtractionWorkflow - INFO - ✅ VERIFICATION: File exists at /mnt/c/Users/chris/Desktop/Amazon-FBA-Agent-System-v32/OUTPUTS/FBA_ANALYSIS/linking_maps/poundwholesale.co.uk/linking_map.json with size 74159 bytes
2025-07-19 02:37:02,990 - PassiveExtractionWorkflow - INFO - --- Processing supplier product 11/147: 'Auto Extreme Professional Silver Wheel Spray Paint 400ml' ---
2025-07-19 02:37:02,991 - PassiveExtractionWorkflow - INFO - Product already processed: https://www.poundwholesale.co.uk/auto-extreme-professional-silver-wheel-spray-paint-400ml. Skipping.
2025-07-19 02:37:02,992 - PassiveExtractionWorkflow - INFO - --- Processing supplier product 12/147: 'Auto Extreme Car Pump Sprayer 2L' ---
2025-07-19 02:37:02,992 - PassiveExtractionWorkflow - INFO - Product already processed: https://www.poundwholesale.co.uk/auto-extreme-car-pump-sprayer-2l. Skipping.
2025-07-19 02:37:02,993 - PassiveExtractionWorkflow - INFO - --- Processing supplier product 13/147: 'Car-Pride Wash & Wax 1L' ---
2025-07-19 02:37:02,994 - PassiveExtractionWorkflow - INFO - Product already processed: https://www.poundwholesale.co.uk/wash-wax. Skipping.
2025-07-19 02:37:02,994 - PassiveExtractionWorkflow - INFO - --- Processing supplier product 14/147: 'Auto Extreme Professional Red Gloss Brake Caliper Spray Paint 400ml' ---
2025-07-19 02:37:02,995 - PassiveExtractionWorkflow - INFO - Product already processed: https://www.poundwholesale.co.uk/auto-extreme-professional-red-gloss-brake-caliper-spray-paint-400ml. Skipping.
2025-07-19 02:37:02,995 - PassiveExtractionWorkflow - INFO - --- Processing supplier product 15/147: 'Car Air Fresheners Leaf Assorted CDU' ---
2025-07-19 02:37:02,996 - PassiveExtractionWorkflow - INFO - Product already processed: https://www.poundwholesale.co.uk/car-air-fresheners-leaf-assorted-cdu. Skipping.
2025-07-19 02:37:02,997 - PassiveExtractionWorkflow - INFO - --- Processing supplier product 16/147: 'Millions Orange & Lemon 3D Car Air Freshener' ---
2025-07-19 02:37:02,997 - PassiveExtractionWorkflow - INFO - Product already processed: https://www.poundwholesale.co.uk/millions-orange-lemon-3d-car-air-freshener. Skipping.
2025-07-19 02:37:02,998 - PassiveExtractionWorkflow - INFO - --- Processing supplier product 17/147: 'Auto Extreme Red Primer Spray Paint 250ml' ---
2025-07-19 02:37:02,998 - PassiveExtractionWorkflow - INFO - Product already processed: https://www.poundwholesale.co.uk/mean-machine-auto-spray-red-primer-250ml. Skipping.
2025-07-19 02:37:02,999 - PassiveExtractionWorkflow - INFO - --- Processing supplier product 18/147: 'Wilko Ready To Use Screenwash 5l' ---
2025-07-19 02:37:02,999 - PassiveExtractionWorkflow - INFO - Product already processed: https://www.poundwholesale.co.uk/wilko-ready-to-use-screenwash-5l. Skipping.
2025-07-19 02:37:03,000 - PassiveExtractionWorkflow - INFO - --- Processing supplier product 19/147: 'Goodyear Microfibre Buffing Cloth Large 40cm' ---
2025-07-19 02:37:03,001 - PassiveExtractionWorkflow - INFO - Product already processed: https://www.poundwholesale.co.uk/goodyear-microfibre-buffing-cloth-large-40cm. Skipping.
2025-07-19 02:37:03,002 - PassiveExtractionWorkflow - INFO - --- Processing supplier product 20/147: '151 Super Maintenance Spray 200ml' ---
2025-07-19 02:37:03,003 - PassiveExtractionWorkflow - INFO - Product already processed: https://www.poundwholesale.co.uk/supermaintenance-spray-300ml. Skipping.
2025-07-19 02:37:03,004 - PassiveExtractionWorkflow - INFO - --- Processing supplier product 21/147: 'Car-Pride Biodegradable Window & Mirror Wipes 30 Pack' ---
2025-07-19 02:37:03,005 - PassiveExtractionWorkflow - INFO - Attempting Amazon search using EAN: 5053249271514
2025-07-19 02:37:03,034 - tools.passive_extraction_workflow_latest - INFO - Searching Amazon by EAN: 5053249271514 for supplier product: 'Car-Pride Biodegradable Window & Mirror Wipes 30 Pack' (FixedAmazonExtractor)
2025-07-19 02:37:03,034 - tools.passive_extraction_workflow_latest - INFO - No page provided to search_by_ean, getting one from BrowserManager.
2025-07-19 02:37:03,035 - utils.browser_manager - INFO - ♻️ Reusing cached page for https://www.amazon.co.uk
2025-07-19 02:37:03,035 - tools.passive_extraction_workflow_latest - INFO - Navigating to Amazon UK to search for EAN: 5053249271514
2025-07-19 02:37:06,067 - tools.passive_extraction_workflow_latest - INFO - Waiting for search results page to load for EAN 5053249271514...
2025-07-19 02:37:06,309 - tools.passive_extraction_workflow_latest - INFO - Found search results container with selector: div.s-search-results
2025-07-19 02:37:08,380 - tools.passive_extraction_workflow_latest - INFO - Found 16 search result elements using selector: div.s-result-item[data-asin]:not([data-asin=''])
2025-07-19 02:37:08,380 - tools.passive_extraction_workflow_latest - INFO - Processing 16 search result elements for EAN 5053249271514
2025-07-19 02:37:08,402 - tools.passive_extraction_workflow_latest - DEBUG - Processing element 1: ASIN B0DGTLW2JX
2025-07-19 02:37:08,423 - tools.passive_extraction_workflow_latest - DEBUG - ASIN B0DGTLW2JX HTML structure sample: <div role="listitem" data-asin="B0DGTLW2JX" data-index="2" data-uuid="61e25ab2-0453-4642-967b-7cbed21438e6" id="61e25ab2-0453-4642-967b-7cbed21438e6" data-component-type="s-search-result" class="sg-col-4-of-4 sg-col-4-of-24 sg-col-4-of-12 s-result-item s-asin sg-col-4-of-16 AdHolder sg-col s-widget-spacing-small sg-col-4-of-8 sg-col-4-of-20" data-component-id="5" data-cel-widget="search_result_0"><div class="sg-col-inner"><div cel_widget_id="MAIN-SEARCH_RESULTS-2" class="s-widget-container s-spacing-small s-widget-container-height-small celwidget slot=MAIN template=SEARCH_RESULTS widgetId=sear...
2025-07-19 02:37:08,424 - tools.passive_extraction_workflow_latest - DEBUG - Error checking sponsored badge for ASIN B0DGTLW2JX: 'ElementHandle' object has no attribute 'locator'
2025-07-19 02:37:08,424 - tools.passive_extraction_workflow_latest - DEBUG - Error checking aria-label for ASIN B0DGTLW2JX: 'ElementHandle' object has no attribute 'locator'
2025-07-19 02:37:08,470 - tools.passive_extraction_workflow_latest - INFO - Skipping sponsored result: ASIN B0DGTLW2JX (detected by ad-specific class: 'AdHolder')
2025-07-19 02:37:08,498 - tools.passive_extraction_workflow_latest - DEBUG - Processing element 2: ASIN B0CBT2N7N1
2025-07-19 02:37:08,517 - tools.passive_extraction_workflow_latest - DEBUG - ASIN B0CBT2N7N1 HTML structure sample: <div role="listitem" data-asin="B0CBT2N7N1" data-index="3" data-uuid="565e27a6-33f0-4792-8060-ec43ed1b1ae0" id="565e27a6-33f0-4792-8060-ec43ed1b1ae0" data-component-type="s-search-result" class="sg-col-4-of-4 sg-col-4-of-24 sg-col-4-of-12 s-result-item s-asin sg-col-4-of-16 AdHolder sg-col s-widget-spacing-small sg-col-4-of-8 sg-col-4-of-20" data-component-id="9" data-cel-widget="search_result_1"><div class="sg-col-inner"><div cel_widget_id="MAIN-SEARCH_RESULTS-3" class="s-widget-container s-spacing-small s-widget-container-height-small celwidget slot=MAIN template=SEARCH_RESULTS widgetId=sear...
2025-07-19 02:37:08,518 - tools.passive_extraction_workflow_latest - DEBUG - Error checking sponsored badge for ASIN B0CBT2N7N1: 'ElementHandle' object has no attribute 'locator'
2025-07-19 02:37:08,518 - tools.passive_extraction_workflow_latest - DEBUG - Error checking aria-label for ASIN B0CBT2N7N1: 'ElementHandle' object has no attribute 'locator'
2025-07-19 02:37:08,553 - tools.passive_extraction_workflow_latest - INFO - Skipping sponsored result: ASIN B0CBT2N7N1 (detected by ad-specific class: 'AdHolder')
2025-07-19 02:37:08,577 - tools.passive_extraction_workflow_latest - DEBUG - Processing element 3: ASIN B0DT713GPN
2025-07-19 02:37:08,593 - tools.passive_extraction_workflow_latest - DEBUG - ASIN B0DT713GPN HTML structure sample: <div role="listitem" data-asin="B0DT713GPN" data-index="4" data-uuid="0070658d-cd75-4c89-87f0-6b071abe07a6" id="0070658d-cd75-4c89-87f0-6b071abe07a6" data-component-type="s-search-result" class="sg-col-4-of-4 sg-col-4-of-24 sg-col-4-of-12 s-result-item s-asin sg-col-4-of-16 AdHolder sg-col s-widget-spacing-small sg-col-4-of-8 sg-col-4-of-20" data-component-id="13" data-cel-widget="search_result_2"><div class="sg-col-inner"><div cel_widget_id="MAIN-SEARCH_RESULTS-4" class="s-widget-container s-spacing-small s-widget-container-height-small celwidget slot=MAIN template=SEARCH_RESULTS widgetId=sea...
2025-07-19 02:37:08,594 - tools.passive_extraction_workflow_latest - DEBUG - Error checking sponsored badge for ASIN B0DT713GPN: 'ElementHandle' object has no attribute 'locator'
2025-07-19 02:37:08,594 - tools.passive_extraction_workflow_latest - DEBUG - Error checking aria-label for ASIN B0DT713GPN: 'ElementHandle' object has no attribute 'locator'
2025-07-19 02:37:08,631 - tools.passive_extraction_workflow_latest - INFO - Skipping sponsored result: ASIN B0DT713GPN (detected by ad-specific class: 'AdHolder')
2025-07-19 02:37:08,653 - tools.passive_extraction_workflow_latest - DEBUG - Processing element 4: ASIN B08WPYG4RT
2025-07-19 02:37:08,654 - tools.passive_extraction_workflow_latest - DEBUG - Error checking sponsored badge for ASIN B08WPYG4RT: 'ElementHandle' object has no attribute 'locator'
2025-07-19 02:37:08,654 - tools.passive_extraction_workflow_latest - DEBUG - Error checking aria-label for ASIN B08WPYG4RT: 'ElementHandle' object has no attribute 'locator'
2025-07-19 02:37:08,701 - tools.passive_extraction_workflow_latest - INFO - Skipping sponsored result: ASIN B08WPYG4RT (detected by ad-specific class: 'AdHolder')
2025-07-19 02:37:08,725 - tools.passive_extraction_workflow_latest - DEBUG - Processing element 5: ASIN B0D8B9GMK5
2025-07-19 02:37:08,726 - tools.passive_extraction_workflow_latest - DEBUG - Error checking sponsored badge for ASIN B0D8B9GMK5: 'ElementHandle' object has no attribute 'locator'
2025-07-19 02:37:08,727 - tools.passive_extraction_workflow_latest - DEBUG - Error checking aria-label for ASIN B0D8B9GMK5: 'ElementHandle' object has no attribute 'locator'
2025-07-19 02:37:08,773 - tools.passive_extraction_workflow_latest - INFO - Skipping sponsored result: ASIN B0D8B9GMK5 (detected by ad-specific class: 'AdHolder')
2025-07-19 02:37:08,796 - tools.passive_extraction_workflow_latest - DEBUG - Processing element 6: ASIN B0DRCXHL11
2025-07-19 02:37:08,797 - tools.passive_extraction_workflow_latest - DEBUG - Error checking sponsored badge for ASIN B0DRCXHL11: 'ElementHandle' object has no attribute 'locator'
2025-07-19 02:37:08,798 - tools.passive_extraction_workflow_latest - DEBUG - Error checking aria-label for ASIN B0DRCXHL11: 'ElementHandle' object has no attribute 'locator'
2025-07-19 02:37:08,847 - tools.passive_extraction_workflow_latest - INFO - Skipping sponsored result: ASIN B0DRCXHL11 (detected by ad-specific class: 'AdHolder')
2025-07-19 02:37:08,873 - tools.passive_extraction_workflow_latest - DEBUG - Processing element 7: ASIN B01CKFNI9M
2025-07-19 02:37:08,873 - tools.passive_extraction_workflow_latest - DEBUG - Error checking sponsored badge for ASIN B01CKFNI9M: 'ElementHandle' object has no attribute 'locator'
2025-07-19 02:37:08,874 - tools.passive_extraction_workflow_latest - DEBUG - Error checking aria-label for ASIN B01CKFNI9M: 'ElementHandle' object has no attribute 'locator'
2025-07-19 02:37:08,912 - tools.passive_extraction_workflow_latest - INFO - Skipping sponsored result: ASIN B01CKFNI9M (detected by ad-specific class: 'AdHolder')
2025-07-19 02:37:08,932 - tools.passive_extraction_workflow_latest - DEBUG - Processing element 8: ASIN B09BNWHBTY
2025-07-19 02:37:08,932 - tools.passive_extraction_workflow_latest - DEBUG - Error checking sponsored badge for ASIN B09BNWHBTY: 'ElementHandle' object has no attribute 'locator'
2025-07-19 02:37:08,933 - tools.passive_extraction_workflow_latest - DEBUG - Error checking aria-label for ASIN B09BNWHBTY: 'ElementHandle' object has no attribute 'locator'
2025-07-19 02:37:08,975 - tools.passive_extraction_workflow_latest - INFO - Skipping sponsored result: ASIN B09BNWHBTY (detected by ad-specific class: 'AdHolder')
2025-07-19 02:37:08,997 - tools.passive_extraction_workflow_latest - DEBUG - Processing element 9: ASIN B019BEBT3C
2025-07-19 02:37:08,998 - tools.passive_extraction_workflow_latest - DEBUG - Error checking sponsored badge for ASIN B019BEBT3C: 'ElementHandle' object has no attribute 'locator'
2025-07-19 02:37:08,998 - tools.passive_extraction_workflow_latest - DEBUG - Error checking aria-label for ASIN B019BEBT3C: 'ElementHandle' object has no attribute 'locator'
2025-07-19 02:37:09,045 - tools.passive_extraction_workflow_latest - INFO - Skipping sponsored result: ASIN B019BEBT3C (detected by ad-specific class: 'AdHolder')
2025-07-19 02:37:09,085 - tools.passive_extraction_workflow_latest - DEBUG - Processing element 10: ASIN B00OVNK7XC
2025-07-19 02:37:09,085 - tools.passive_extraction_workflow_latest - DEBUG - Error checking sponsored badge for ASIN B00OVNK7XC: 'ElementHandle' object has no attribute 'locator'
2025-07-19 02:37:09,086 - tools.passive_extraction_workflow_latest - DEBUG - Error checking aria-label for ASIN B00OVNK7XC: 'ElementHandle' object has no attribute 'locator'
2025-07-19 02:37:09,122 - tools.passive_extraction_workflow_latest - INFO - Skipping sponsored result: ASIN B00OVNK7XC (detected by ad-specific class: 'AdHolder')
2025-07-19 02:37:09,144 - tools.passive_extraction_workflow_latest - DEBUG - Processing element 11: ASIN B0CFW33ZM7
2025-07-19 02:37:09,144 - tools.passive_extraction_workflow_latest - DEBUG - Error checking sponsored badge for ASIN B0CFW33ZM7: 'ElementHandle' object has no attribute 'locator'
2025-07-19 02:37:09,145 - tools.passive_extraction_workflow_latest - DEBUG - Error checking aria-label for ASIN B0CFW33ZM7: 'ElementHandle' object has no attribute 'locator'
2025-07-19 02:37:09,187 - tools.passive_extraction_workflow_latest - INFO - Skipping sponsored result: ASIN B0CFW33ZM7 (detected by ad-specific class: 'AdHolder')
2025-07-19 02:37:09,211 - tools.passive_extraction_workflow_latest - DEBUG - Processing element 12: ASIN B0F17F2C16
2025-07-19 02:37:09,212 - tools.passive_extraction_workflow_latest - DEBUG - Error checking sponsored badge for ASIN B0F17F2C16: 'ElementHandle' object has no attribute 'locator'
2025-07-19 02:37:09,212 - tools.passive_extraction_workflow_latest - DEBUG - Error checking aria-label for ASIN B0F17F2C16: 'ElementHandle' object has no attribute 'locator'
2025-07-19 02:37:09,259 - tools.passive_extraction_workflow_latest - INFO - Skipping sponsored result: ASIN B0F17F2C16 (detected by ad-specific class: 'AdHolder')
2025-07-19 02:37:09,284 - tools.passive_extraction_workflow_latest - DEBUG - Processing element 13: ASIN B0B122MPFL
2025-07-19 02:37:09,285 - tools.passive_extraction_workflow_latest - DEBUG - Error checking sponsored badge for ASIN B0B122MPFL: 'ElementHandle' object has no attribute 'locator'
2025-07-19 02:37:09,286 - tools.passive_extraction_workflow_latest - DEBUG - Error checking aria-label for ASIN B0B122MPFL: 'ElementHandle' object has no attribute 'locator'
2025-07-19 02:37:09,332 - tools.passive_extraction_workflow_latest - INFO - Skipping sponsored result: ASIN B0B122MPFL (detected by ad-specific class: 'AdHolder')
2025-07-19 02:37:09,356 - tools.passive_extraction_workflow_latest - DEBUG - Processing element 14: ASIN B0B2RSDZVY
2025-07-19 02:37:09,356 - tools.passive_extraction_workflow_latest - DEBUG - Error checking sponsored badge for ASIN B0B2RSDZVY: 'ElementHandle' object has no attribute 'locator'
2025-07-19 02:37:09,357 - tools.passive_extraction_workflow_latest - DEBUG - Error checking aria-label for ASIN B0B2RSDZVY: 'ElementHandle' object has no attribute 'locator'
2025-07-19 02:37:09,398 - tools.passive_extraction_workflow_latest - INFO - Skipping sponsored result: ASIN B0B2RSDZVY (detected by ad-specific class: 'AdHolder')
2025-07-19 02:37:09,429 - tools.passive_extraction_workflow_latest - DEBUG - Processing element 15: ASIN B0F6L92NLL
2025-07-19 02:37:09,431 - tools.passive_extraction_workflow_latest - DEBUG - Error checking sponsored badge for ASIN B0F6L92NLL: 'ElementHandle' object has no attribute 'locator'
2025-07-19 02:37:09,432 - tools.passive_extraction_workflow_latest - DEBUG - Error checking aria-label for ASIN B0F6L92NLL: 'ElementHandle' object has no attribute 'locator'
2025-07-19 02:37:09,478 - tools.passive_extraction_workflow_latest - INFO - Skipping sponsored result: ASIN B0F6L92NLL (detected by ad-specific class: 'AdHolder')
2025-07-19 02:37:09,478 - tools.passive_extraction_workflow_latest - WARNING - EAN 5053249271514 returned no organic results - skipping
2025-07-19 02:37:09,479 - tools.passive_extraction_workflow_latest - WARNING - No Amazon results or error for EAN '5053249271514'. Details: no_organic_results
2025-07-19 02:37:09,480 - tools.passive_extraction_workflow_latest - INFO - Falling back to title search for supplier product: 'Car-Pride Biodegradable Window & Mirror Wipes 30 Pack'
2025-07-19 02:37:09,480 - tools.passive_extraction_workflow_latest - INFO - Searching Amazon by title using search bar: 'Car-Pride Biodegradable Window & Mirror Wipes 30 Pack'
2025-07-19 02:37:09,481 - tools.passive_extraction_workflow_latest - INFO - Navigating to Amazon UK to search for title: Car-Pride Biodegradable Window & Mirror Wipes 30 Pack
2025-07-19 02:37:12,688 - tools.passive_extraction_workflow_latest - INFO - Title search found 1 elements using selector: div.s-search-results > div[data-asin]
2025-07-19 02:37:12,712 - tools.passive_extraction_workflow_latest - WARNING - No valid ASINs found for title 'Car-Pride Biodegradable Window & Mirror Wipes 30 Pack'
2025-07-19 02:37:12,712 - tools.passive_extraction_workflow_latest - WARNING - Both EAN '5053249271514' and title 'Car-Pride Biodegradable Window & Mirror Wipes 30 Pack' searches failed
2025-07-19 02:37:12,713 - PassiveExtractionWorkflow - INFO - ❌ EAN search failed for 5053249271514. Will fall back to title search.
2025-07-19 02:37:12,713 - PassiveExtractionWorkflow - INFO - EAN search failed. Falling back to title search.
2025-07-19 02:37:12,714 - tools.passive_extraction_workflow_latest - INFO - Searching Amazon by title using search bar: 'Car-Pride Biodegradable Window & Mirror Wipes 30 Pack'
2025-07-19 02:37:12,715 - tools.passive_extraction_workflow_latest - INFO - No page provided to search_by_title, getting one from BrowserManager.
2025-07-19 02:37:12,715 - utils.browser_manager - INFO - ♻️ Reusing cached page for https://www.amazon.co.uk
2025-07-19 02:37:12,715 - tools.passive_extraction_workflow_latest - INFO - Navigating to Amazon UK to search for title: Car-Pride Biodegradable Window & Mirror Wipes 30 Pack
2025-07-19 02:37:15,708 - tools.passive_extraction_workflow_latest - INFO - Title search found 1 elements using selector: div.s-search-results > div[data-asin]
2025-07-19 02:37:15,763 - tools.passive_extraction_workflow_latest - WARNING - No valid ASINs found for title 'Car-Pride Biodegradable Window & Mirror Wipes 30 Pack'
2025-07-19 02:37:15,763 - PassiveExtractionWorkflow - WARNING - No Amazon results for title 'Car-Pride Biodegradable Window & Mirror Wipes 30 Pack'. Skipping.
2025-07-19 02:37:15,763 - PassiveExtractionWorkflow - INFO - --- Processing supplier product 22/147: 'Goodyear Microfibre Luxury Valet Drying Towel Set 2 Pack' ---
2025-07-19 02:37:15,764 - PassiveExtractionWorkflow - INFO - Product already processed: https://www.poundwholesale.co.uk/goodyear-microfibre-luxury-valet-drying-towel-set-2-pack. Skipping.
2025-07-19 02:37:15,765 - PassiveExtractionWorkflow - INFO - --- Processing supplier product 23/147: 'Goodyear Anti-Smear Blue Screenwash 5L' ---
2025-07-19 02:37:15,765 - PassiveExtractionWorkflow - INFO - Product already processed: https://www.poundwholesale.co.uk/goodyear-anti-smear-blue-screenwash-5l. Skipping.
2025-07-19 02:37:15,766 - PassiveExtractionWorkflow - INFO - --- Processing supplier product 24/147: 'Carpride Alloy Wheel Spray Paint Silver Gloss' ---
2025-07-19 02:37:15,767 - PassiveExtractionWorkflow - INFO - Product already processed: https://www.poundwholesale.co.uk/carpride-alloy-wheel-spray-paint-silver-gloss. Skipping.
2025-07-19 02:37:15,767 - PassiveExtractionWorkflow - INFO - --- Processing supplier product 25/147: 'Coco & Gray Assorted Colour Synthetic Chamois Cloths 3 Pack' ---
2025-07-19 02:37:15,768 - PassiveExtractionWorkflow - INFO - Product already processed: https://www.poundwholesale.co.uk/royle-shammy-pack-3. Skipping.
2025-07-19 02:37:15,768 - PassiveExtractionWorkflow - INFO - --- Processing supplier product 26/147: 'Auto Extreme Microfibre Wheel Wash Brush 46cm' ---
2025-07-19 02:37:15,769 - PassiveExtractionWorkflow - INFO - Product already processed: https://www.poundwholesale.co.uk/auto-extreme-microfibre-wheel-wash-brush-46cm. Skipping.
2025-07-19 02:37:15,769 - PassiveExtractionWorkflow - INFO - --- Processing supplier product 27/147: 'Millions Blackcurrant Buzz 3D Car Air Freshener' ---
2025-07-19 02:37:15,769 - PassiveExtractionWorkflow - INFO - Product already processed: https://www.poundwholesale.co.uk/millions-blackcurrant-buzz-3d-car-air-freshener. Skipping.
2025-07-19 02:37:15,770 - PassiveExtractionWorkflow - INFO - --- Processing supplier product 28/147: 'Car-Pride Biodegradable Leather Cleaning Wipes 30 Pack' ---
2025-07-19 02:37:15,771 - PassiveExtractionWorkflow - INFO - Attempting Amazon search using EAN: 5053249271484
2025-07-19 02:37:15,794 - tools.passive_extraction_workflow_latest - INFO - Searching Amazon by EAN: 5053249271484 for supplier product: 'Car-Pride Biodegradable Leather Cleaning Wipes 30 Pack' (FixedAmazonExtractor)
2025-07-19 02:37:15,795 - tools.passive_extraction_workflow_latest - INFO - No page provided to search_by_ean, getting one from BrowserManager.
2025-07-19 02:37:15,795 - utils.browser_manager - INFO - ♻️ Reusing cached page for https://www.amazon.co.uk
2025-07-19 02:37:15,796 - tools.passive_extraction_workflow_latest - INFO - Navigating to Amazon UK to search for EAN: 5053249271484
2025-07-19 02:37:18,714 - tools.passive_extraction_workflow_latest - INFO - Waiting for search results page to load for EAN 5053249271484...
2025-07-19 02:37:19,067 - tools.passive_extraction_workflow_latest - INFO - Found search results container with selector: div.s-search-results
2025-07-19 02:37:21,136 - tools.passive_extraction_workflow_latest - INFO - Found 16 search result elements using selector: div.s-result-item[data-asin]:not([data-asin=''])
2025-07-19 02:37:21,137 - tools.passive_extraction_workflow_latest - INFO - Processing 16 search result elements for EAN 5053249271484
2025-07-19 02:37:21,159 - tools.passive_extraction_workflow_latest - DEBUG - Processing element 1: ASIN B0DWDJVSVG
2025-07-19 02:37:21,182 - tools.passive_extraction_workflow_latest - DEBUG - ASIN B0DWDJVSVG HTML structure sample: <div role="listitem" data-asin="B0DWDJVSVG" data-index="2" data-uuid="15fa3f70-99c7-446c-9a08-8ec4c7432141" id="15fa3f70-99c7-446c-9a08-8ec4c7432141" data-component-type="s-search-result" class="sg-col-4-of-4 sg-col-4-of-24 sg-col-4-of-12 s-result-item s-asin sg-col-4-of-16 AdHolder sg-col s-widget-spacing-small sg-col-4-of-8 sg-col-4-of-20" data-component-id="5" data-cel-widget="search_result_0"><div class="sg-col-inner"><div cel_widget_id="MAIN-SEARCH_RESULTS-2" class="s-widget-container s-spacing-small s-widget-container-height-small celwidget slot=MAIN template=SEARCH_RESULTS widgetId=sear...
2025-07-19 02:37:21,183 - tools.passive_extraction_workflow_latest - DEBUG - Error checking sponsored badge for ASIN B0DWDJVSVG: 'ElementHandle' object has no attribute 'locator'
2025-07-19 02:37:21,184 - tools.passive_extraction_workflow_latest - DEBUG - Error checking aria-label for ASIN B0DWDJVSVG: 'ElementHandle' object has no attribute 'locator'
2025-07-19 02:37:21,237 - tools.passive_extraction_workflow_latest - INFO - Skipping sponsored result: ASIN B0DWDJVSVG (detected by ad-specific class: 'AdHolder')
2025-07-19 02:37:21,279 - tools.passive_extraction_workflow_latest - DEBUG - Processing element 2: ASIN B0DHSBYSRB
2025-07-19 02:37:21,302 - tools.passive_extraction_workflow_latest - DEBUG - ASIN B0DHSBYSRB HTML structure sample: <div role="listitem" data-asin="B0DHSBYSRB" data-index="3" data-uuid="b8df9203-4fe8-4963-82cc-6b676e723bde" id="b8df9203-4fe8-4963-82cc-6b676e723bde" data-component-type="s-search-result" class="sg-col-4-of-4 sg-col-4-of-24 sg-col-4-of-12 s-result-item s-asin sg-col-4-of-16 AdHolder sg-col s-widget-spacing-small sg-col-4-of-8 sg-col-4-of-20" data-component-id="8" data-cel-widget="search_result_1"><div class="sg-col-inner"><div cel_widget_id="MAIN-SEARCH_RESULTS-3" class="s-widget-container s-spacing-small s-widget-container-height-small celwidget slot=MAIN template=SEARCH_RESULTS widgetId=sear...
2025-07-19 02:37:21,303 - tools.passive_extraction_workflow_latest - DEBUG - Error checking sponsored badge for ASIN B0DHSBYSRB: 'ElementHandle' object has no attribute 'locator'
2025-07-19 02:37:21,304 - tools.passive_extraction_workflow_latest - DEBUG - Error checking aria-label for ASIN B0DHSBYSRB: 'ElementHandle' object has no attribute 'locator'
2025-07-19 02:37:21,356 - tools.passive_extraction_workflow_latest - INFO - Skipping sponsored result: ASIN B0DHSBYSRB (detected by ad-specific class: 'AdHolder')
2025-07-19 02:37:21,380 - tools.passive_extraction_workflow_latest - DEBUG - Processing element 3: ASIN B0CH35MVXP
2025-07-19 02:37:21,404 - tools.passive_extraction_workflow_latest - DEBUG - ASIN B0CH35MVXP HTML structure sample: <div role="listitem" data-asin="B0CH35MVXP" data-index="4" data-uuid="2c4f713c-45a4-4532-8278-4c7b6b139368" id="2c4f713c-45a4-4532-8278-4c7b6b139368" data-component-type="s-search-result" class="sg-col-4-of-4 sg-col-4-of-24 sg-col-4-of-12 s-result-item s-asin sg-col-4-of-16 AdHolder sg-col s-widget-spacing-small sg-col-4-of-8 sg-col-4-of-20" data-component-id="11" data-cel-widget="search_result_2"><div class="sg-col-inner"><div cel_widget_id="MAIN-SEARCH_RESULTS-4" class="s-widget-container s-spacing-small s-widget-container-height-small celwidget slot=MAIN template=SEARCH_RESULTS widgetId=sea...
2025-07-19 02:37:21,405 - tools.passive_extraction_workflow_latest - DEBUG - Error checking sponsored badge for ASIN B0CH35MVXP: 'ElementHandle' object has no attribute 'locator'
2025-07-19 02:37:21,406 - tools.passive_extraction_workflow_latest - DEBUG - Error checking aria-label for ASIN B0CH35MVXP: 'ElementHandle' object has no attribute 'locator'
2025-07-19 02:37:21,454 - tools.passive_extraction_workflow_latest - INFO - Skipping sponsored result: ASIN B0CH35MVXP (detected by ad-specific class: 'AdHolder')
2025-07-19 02:37:21,476 - tools.passive_extraction_workflow_latest - DEBUG - Processing element 4: ASIN B0DHSG5LF6
2025-07-19 02:37:21,477 - tools.passive_extraction_workflow_latest - DEBUG - Error checking sponsored badge for ASIN B0DHSG5LF6: 'ElementHandle' object has no attribute 'locator'
2025-07-19 02:37:21,477 - tools.passive_extraction_workflow_latest - DEBUG - Error checking aria-label for ASIN B0DHSG5LF6: 'ElementHandle' object has no attribute 'locator'
2025-07-19 02:37:21,516 - tools.passive_extraction_workflow_latest - INFO - Skipping sponsored result: ASIN B0DHSG5LF6 (detected by ad-specific class: 'AdHolder')
2025-07-19 02:37:21,542 - tools.passive_extraction_workflow_latest - DEBUG - Processing element 5: ASIN B0DWDWL66T
2025-07-19 02:37:21,543 - tools.passive_extraction_workflow_latest - DEBUG - Error checking sponsored badge for ASIN B0DWDWL66T: 'ElementHandle' object has no attribute 'locator'
2025-07-19 02:37:21,544 - tools.passive_extraction_workflow_latest - DEBUG - Error checking aria-label for ASIN B0DWDWL66T: 'ElementHandle' object has no attribute 'locator'
2025-07-19 02:37:21,605 - tools.passive_extraction_workflow_latest - INFO - Skipping sponsored result: ASIN B0DWDWL66T (detected by ad-specific class: 'AdHolder')
2025-07-19 02:37:21,631 - tools.passive_extraction_workflow_latest - DEBUG - Processing element 6: ASIN B0CS36S21H
2025-07-19 02:37:21,632 - tools.passive_extraction_workflow_latest - DEBUG - Error checking sponsored badge for ASIN B0CS36S21H: 'ElementHandle' object has no attribute 'locator'
2025-07-19 02:37:21,633 - tools.passive_extraction_workflow_latest - DEBUG - Error checking aria-label for ASIN B0CS36S21H: 'ElementHandle' object has no attribute 'locator'
2025-07-19 02:37:21,684 - tools.passive_extraction_workflow_latest - INFO - Skipping sponsored result: ASIN B0CS36S21H (detected by ad-specific class: 'AdHolder')
2025-07-19 02:37:21,708 - tools.passive_extraction_workflow_latest - DEBUG - Processing element 7: ASIN B0D3LB4Y79
2025-07-19 02:37:21,708 - tools.passive_extraction_workflow_latest - DEBUG - Error checking sponsored badge for ASIN B0D3LB4Y79: 'ElementHandle' object has no attribute 'locator'
2025-07-19 02:37:21,709 - tools.passive_extraction_workflow_latest - DEBUG - Error checking aria-label for ASIN B0D3LB4Y79: 'ElementHandle' object has no attribute 'locator'
2025-07-19 02:37:21,752 - tools.passive_extraction_workflow_latest - INFO - Skipping sponsored result: ASIN B0D3LB4Y79 (detected by ad-specific class: 'AdHolder')
2025-07-19 02:37:21,777 - tools.passive_extraction_workflow_latest - DEBUG - Processing element 8: ASIN B0DPMM47RZ
2025-07-19 02:37:21,777 - tools.passive_extraction_workflow_latest - DEBUG - Error checking sponsored badge for ASIN B0DPMM47RZ: 'ElementHandle' object has no attribute 'locator'
2025-07-19 02:37:21,778 - tools.passive_extraction_workflow_latest - DEBUG - Error checking aria-label for ASIN B0DPMM47RZ: 'ElementHandle' object has no attribute 'locator'
2025-07-19 02:37:21,842 - tools.passive_extraction_workflow_latest - INFO - Skipping sponsored result: ASIN B0DPMM47RZ (detected by ad-specific class: 'AdHolder')
2025-07-19 02:37:21,867 - tools.passive_extraction_workflow_latest - DEBUG - Processing element 9: ASIN B0DHSBRYSQ
2025-07-19 02:37:21,868 - tools.passive_extraction_workflow_latest - DEBUG - Error checking sponsored badge for ASIN B0DHSBRYSQ: 'ElementHandle' object has no attribute 'locator'
2025-07-19 02:37:21,869 - tools.passive_extraction_workflow_latest - DEBUG - Error checking aria-label for ASIN B0DHSBRYSQ: 'ElementHandle' object has no attribute 'locator'
2025-07-19 02:37:21,909 - tools.passive_extraction_workflow_latest - INFO - Skipping sponsored result: ASIN B0DHSBRYSQ (detected by ad-specific class: 'AdHolder')
2025-07-19 02:37:21,933 - tools.passive_extraction_workflow_latest - DEBUG - Processing element 10: ASIN B0DJQH8CK1
2025-07-19 02:37:21,933 - tools.passive_extraction_workflow_latest - DEBUG - Error checking sponsored badge for ASIN B0DJQH8CK1: 'ElementHandle' object has no attribute 'locator'
2025-07-19 02:37:21,934 - tools.passive_extraction_workflow_latest - DEBUG - Error checking aria-label for ASIN B0DJQH8CK1: 'ElementHandle' object has no attribute 'locator'
2025-07-19 02:37:21,973 - tools.passive_extraction_workflow_latest - INFO - Skipping sponsored result: ASIN B0DJQH8CK1 (detected by ad-specific class: 'AdHolder')
2025-07-19 02:37:21,999 - tools.passive_extraction_workflow_latest - DEBUG - Processing element 11: ASIN B0B6DRMTXS
2025-07-19 02:37:21,999 - tools.passive_extraction_workflow_latest - DEBUG - Error checking sponsored badge for ASIN B0B6DRMTXS: 'ElementHandle' object has no attribute 'locator'
2025-07-19 02:37:22,000 - tools.passive_extraction_workflow_latest - DEBUG - Error checking aria-label for ASIN B0B6DRMTXS: 'ElementHandle' object has no attribute 'locator'
2025-07-19 02:37:22,044 - tools.passive_extraction_workflow_latest - INFO - Skipping sponsored result: ASIN B0B6DRMTXS (detected by ad-specific class: 'AdHolder')
2025-07-19 02:37:22,076 - tools.passive_extraction_workflow_latest - DEBUG - Processing element 12: ASIN B0DG4LY3Z8
2025-07-19 02:37:22,076 - tools.passive_extraction_workflow_latest - DEBUG - Error checking sponsored badge for ASIN B0DG4LY3Z8: 'ElementHandle' object has no attribute 'locator'
2025-07-19 02:37:22,077 - tools.passive_extraction_workflow_latest - DEBUG - Error checking aria-label for ASIN B0DG4LY3Z8: 'ElementHandle' object has no attribute 'locator'
2025-07-19 02:37:22,122 - tools.passive_extraction_workflow_latest - INFO - Skipping sponsored result: ASIN B0DG4LY3Z8 (detected by ad-specific class: 'AdHolder')
2025-07-19 02:37:22,150 - tools.passive_extraction_workflow_latest - DEBUG - Processing element 13: ASIN B0D9RP1257
2025-07-19 02:37:22,151 - tools.passive_extraction_workflow_latest - DEBUG - Error checking sponsored badge for ASIN B0D9RP1257: 'ElementHandle' object has no attribute 'locator'
2025-07-19 02:37:22,151 - tools.passive_extraction_workflow_latest - DEBUG - Error checking aria-label for ASIN B0D9RP1257: 'ElementHandle' object has no attribute 'locator'
2025-07-19 02:37:22,203 - tools.passive_extraction_workflow_latest - INFO - Skipping sponsored result: ASIN B0D9RP1257 (detected by ad-specific class: 'AdHolder')
2025-07-19 02:37:22,230 - tools.passive_extraction_workflow_latest - DEBUG - Processing element 14: ASIN B0DWDM6VZ8
2025-07-19 02:37:22,231 - tools.passive_extraction_workflow_latest - DEBUG - Error checking sponsored badge for ASIN B0DWDM6VZ8: 'ElementHandle' object has no attribute 'locator'
2025-07-19 02:37:22,231 - tools.passive_extraction_workflow_latest - DEBUG - Error checking aria-label for ASIN B0DWDM6VZ8: 'ElementHandle' object has no attribute 'locator'
2025-07-19 02:37:22,273 - tools.passive_extraction_workflow_latest - INFO - Skipping sponsored result: ASIN B0DWDM6VZ8 (detected by ad-specific class: 'AdHolder')
2025-07-19 02:37:22,299 - tools.passive_extraction_workflow_latest - DEBUG - Processing element 15: ASIN B0CC7X9ZS8
2025-07-19 02:37:22,300 - tools.passive_extraction_workflow_latest - DEBUG - Error checking sponsored badge for ASIN B0CC7X9ZS8: 'ElementHandle' object has no attribute 'locator'
2025-07-19 02:37:22,301 - tools.passive_extraction_workflow_latest - DEBUG - Error checking aria-label for ASIN B0CC7X9ZS8: 'ElementHandle' object has no attribute 'locator'
2025-07-19 02:37:22,369 - tools.passive_extraction_workflow_latest - INFO - Skipping sponsored result: ASIN B0CC7X9ZS8 (detected by ad-specific class: 'AdHolder')
2025-07-19 02:37:22,370 - tools.passive_extraction_workflow_latest - WARNING - EAN 5053249271484 returned no organic results - skipping
2025-07-19 02:37:22,372 - tools.passive_extraction_workflow_latest - WARNING - No Amazon results or error for EAN '5053249271484'. Details: no_organic_results
2025-07-19 02:37:22,372 - tools.passive_extraction_workflow_latest - INFO - Falling back to title search for supplier product: 'Car-Pride Biodegradable Leather Cleaning Wipes 30 Pack'
2025-07-19 02:37:22,373 - tools.passive_extraction_workflow_latest - INFO - Searching Amazon by title using search bar: 'Car-Pride Biodegradable Leather Cleaning Wipes 30 Pack'
2025-07-19 02:37:22,374 - tools.passive_extraction_workflow_latest - INFO - Navigating to Amazon UK to search for title: Car-Pride Biodegradable Leather Cleaning Wipes 30 Pack
2025-07-19 02:37:25,571 - tools.passive_extraction_workflow_latest - INFO - Title search found 2 elements using selector: div.s-search-results > div[data-asin]
2025-07-19 02:37:25,661 - tools.passive_extraction_workflow_latest - WARNING - No valid ASINs found for title 'Car-Pride Biodegradable Leather Cleaning Wipes 30 Pack'
2025-07-19 02:37:25,662 - tools.passive_extraction_workflow_latest - WARNING - Both EAN '5053249271484' and title 'Car-Pride Biodegradable Leather Cleaning Wipes 30 Pack' searches failed
2025-07-19 02:37:25,663 - PassiveExtractionWorkflow - INFO - ❌ EAN search failed for 5053249271484. Will fall back to title search.
2025-07-19 02:37:25,663 - PassiveExtractionWorkflow - INFO - EAN search failed. Falling back to title search.
2025-07-19 02:37:25,664 - tools.passive_extraction_workflow_latest - INFO - Searching Amazon by title using search bar: 'Car-Pride Biodegradable Leather Cleaning Wipes 30 Pack'
2025-07-19 02:37:25,665 - tools.passive_extraction_workflow_latest - INFO - No page provided to search_by_title, getting one from BrowserManager.
2025-07-19 02:37:25,666 - utils.browser_manager - INFO - ♻️ Reusing cached page for https://www.amazon.co.uk
2025-07-19 02:37:25,668 - tools.passive_extraction_workflow_latest - INFO - Navigating to Amazon UK to search for title: Car-Pride Biodegradable Leather Cleaning Wipes 30 Pack
2025-07-19 02:37:29,192 - tools.passive_extraction_workflow_latest - INFO - Title search found 10 elements using selector: div.s-search-results > div[data-asin]
2025-07-19 02:37:30,736 - tools.passive_extraction_workflow_latest - DEBUG - ASIN B0BZFDCNNP title extracted using selector 'h2 span.a-size-base-plus': FERRIS...
2025-07-19 02:37:31,709 - tools.passive_extraction_workflow_latest - DEBUG - ASIN B08W4KSQ53 title extracted using selector 'h2 span.a-size-base-plus': Furniture Clinic...
2025-07-19 02:37:32,065 - tools.passive_extraction_workflow_latest - DEBUG - ASIN B0BCBRTB1Z title extracted using selector 'h2 span.a-size-base-plus': LEATHER Honey...
2025-07-19 02:37:32,429 - tools.passive_extraction_workflow_latest - DEBUG - ASIN B0DDCVQQDZ title extracted using selector 'h2 span.a-size-base-plus': Furniture Clinic...
2025-07-19 02:37:32,614 - tools.passive_extraction_workflow_latest - DEBUG - ASIN B09GYFJS4R title extracted using selector 'h2 span.a-size-base-plus': Furniture Clinic...
2025-07-19 02:37:32,807 - tools.passive_extraction_workflow_latest - DEBUG - ASIN B08Y56RKQ6 title extracted using selector 'h2 span.a-size-base-plus': Simoniz...
2025-07-19 02:37:33,006 - tools.passive_extraction_workflow_latest - DEBUG - ASIN B000C74ZPW title extracted using selector 'h2 span.a-size-base-plus': Armor All...
2025-07-19 02:37:33,237 - tools.passive_extraction_workflow_latest - DEBUG - ASIN B0F7Y2VQPV title extracted using selector 'h2': Car Interior Cleaning Wipes Set Biodegradable, Int...
2025-07-19 02:37:33,238 - tools.passive_extraction_workflow_latest - INFO - Title search found 8 results for 'Car-Pride Biodegradable Leather Cleaning Wipes 30 Pack'
2025-07-19 02:37:33,238 - PassiveExtractionWorkflow - INFO - 🔍 PRODUCT VALIDATION: Evaluating 8 Amazon results for 'Car-Pride Biodegradable Leather Cleaning Wipes 30 Pack'
2025-07-19 02:37:33,239 - PassiveExtractionWorkflow - DEBUG - 🔍 MATCH VALIDATION: 'Car-Pride Biodegradable Leather Cleaning Wipes 30 Pack' vs 'FERRIS' = 0.00 (very_low, 10.0%)
2025-07-19 02:37:33,240 - PassiveExtractionWorkflow - INFO - 📊 Result 1: ASIN B0BZFDCNNP - Confidence: 0.100 (very_low) - Overlap: 0.000 - 'FERRIS...'
2025-07-19 02:37:33,240 - PassiveExtractionWorkflow - DEBUG - 🔍 MATCH VALIDATION: 'Car-Pride Biodegradable Leather Cleaning Wipes 30 Pack' vs 'Furniture Clinic' = 0.00 (very_low, 10.0%)
2025-07-19 02:37:33,241 - PassiveExtractionWorkflow - INFO - 📊 Result 2: ASIN B08W4KSQ53 - Confidence: 0.100 (very_low) - Overlap: 0.000 - 'Furniture Clinic...'
2025-07-19 02:37:33,241 - PassiveExtractionWorkflow - DEBUG - 🔍 MATCH VALIDATION: 'Car-Pride Biodegradable Leather Cleaning Wipes 30 Pack' vs 'LEATHER Honey' = 0.12 (very_low, 10.0%)
2025-07-19 02:37:33,242 - PassiveExtractionWorkflow - INFO - 📊 Result 3: ASIN B0BCBRTB1Z - Confidence: 0.100 (very_low) - Overlap: 0.125 - 'LEATHER Honey...'
2025-07-19 02:37:33,242 - PassiveExtractionWorkflow - DEBUG - 🔍 MATCH VALIDATION: 'Car-Pride Biodegradable Leather Cleaning Wipes 30 Pack' vs 'Furniture Clinic' = 0.00 (very_low, 10.0%)
2025-07-19 02:37:33,243 - PassiveExtractionWorkflow - INFO - 📊 Result 4: ASIN B0DDCVQQDZ - Confidence: 0.100 (very_low) - Overlap: 0.000 - 'Furniture Clinic...'
2025-07-19 02:37:33,243 - PassiveExtractionWorkflow - DEBUG - 🔍 MATCH VALIDATION: 'Car-Pride Biodegradable Leather Cleaning Wipes 30 Pack' vs 'Furniture Clinic' = 0.00 (very_low, 10.0%)
2025-07-19 02:37:33,244 - PassiveExtractionWorkflow - INFO - 📊 Result 5: ASIN B09GYFJS4R - Confidence: 0.100 (very_low) - Overlap: 0.000 - 'Furniture Clinic...'
2025-07-19 02:37:33,245 - PassiveExtractionWorkflow - WARNING - 🚨 NO CONFIDENT MATCH: All Amazon results below 50.0% confidence threshold for 'Car-Pride Biodegradable Leather Cleaning Wipes 30 Pack'. Skipping to prevent irrational matches.
2025-07-19 02:37:33,245 - PassiveExtractionWorkflow - INFO - --- Processing supplier product 29/147: 'Car Pride Leather Cleaning Spray 250ml' ---
2025-07-19 02:37:33,246 - PassiveExtractionWorkflow - INFO - Product already processed: https://www.poundwholesale.co.uk/leather-cleaning-spray-250ml. Skipping.
2025-07-19 02:37:33,247 - PassiveExtractionWorkflow - INFO - --- Processing supplier product 30/147: 'Rapide Multi Lube Oil Spray 250ml' ---
2025-07-19 02:37:33,247 - PassiveExtractionWorkflow - INFO - Product already processed: https://www.poundwholesale.co.uk/rapide-multi-lube-oil-spray-250ml. Skipping.
2025-07-19 02:37:33,248 - PassiveExtractionWorkflow - INFO - --- Processing supplier product 31/147: 'Millions Cola 3D Car Air Freshener' ---
2025-07-19 02:37:33,249 - PassiveExtractionWorkflow - INFO - Product already processed: https://www.poundwholesale.co.uk/millions-cola-3d-car-air-freshener. Skipping.
2025-07-19 02:37:33,250 - PassiveExtractionWorkflow - INFO - --- Processing supplier product 32/147: 'Car Pride Tyre Shine 300ml' ---
2025-07-19 02:37:33,250 - PassiveExtractionWorkflow - INFO - Product already processed: https://www.poundwholesale.co.uk/tyre-shine-300ml. Skipping.
2025-07-19 02:37:33,251 - PassiveExtractionWorkflow - INFO - --- Processing supplier product 33/147: 'Goodyear 2-In-1 Microfibre Drying Towel Xl 80cm X 60cm' ---
2025-07-19 02:37:33,252 - PassiveExtractionWorkflow - INFO - Product already processed: https://www.poundwholesale.co.uk/goodyear-2-in-1-microfibre-drying-towel-xl-80cm-x-60cm. Skipping.
2025-07-19 02:37:33,253 - PassiveExtractionWorkflow - INFO - --- Processing supplier product 34/147: 'Car Pride Instant Valet 300ml' ---
2025-07-19 02:37:33,254 - PassiveExtractionWorkflow - INFO - Product already processed: https://www.poundwholesale.co.uk/instant-valet-300ml. Skipping.
2025-07-19 02:37:33,255 - PassiveExtractionWorkflow - INFO - --- Processing supplier product 35/147: 'Car Pride Under Body Seal Black 400ml' ---
2025-07-19 02:37:33,255 - PassiveExtractionWorkflow - INFO - Product already processed: https://www.poundwholesale.co.uk/carpride-under-body-seal-black. Skipping.
2025-07-19 02:37:33,256 - PassiveExtractionWorkflow - INFO - --- Processing supplier product 36/147: 'Classic Professional Car Sponge 15cm X 11cm X 5.5cm' ---
2025-07-19 02:37:33,257 - PassiveExtractionWorkflow - INFO - Product already processed: https://www.poundwholesale.co.uk/classic-professional-car-sponge-15cm-x-11cm-x-5-5cm. Skipping.
2025-07-19 02:37:33,258 - PassiveExtractionWorkflow - INFO - --- Processing supplier product 37/147: 'Car-Pride Quick Fix Tyre Repair 300ml' ---
2025-07-19 02:37:33,259 - PassiveExtractionWorkflow - INFO - Product already processed: https://www.poundwholesale.co.uk/quick-fix-tyre-repair. Skipping.
2025-07-19 02:37:33,259 - PassiveExtractionWorkflow - INFO - --- Processing supplier product 38/147: 'Guilty Pleasures Vanilla & Cherry Cupcake 3D Car Air Freshener' ---
2025-07-19 02:37:33,260 - PassiveExtractionWorkflow - INFO - Product already processed: https://www.poundwholesale.co.uk/guilty-pleasures-vanilla-cherry-cupcake-3d-car-air-freshener. Skipping.
2025-07-19 02:37:33,261 - PassiveExtractionWorkflow - INFO - --- Processing supplier product 39/147: 'Auto Extreme Tropical Mist In-Car Fragrance Air Freshener Spray 100ml' ---
2025-07-19 02:37:33,261 - PassiveExtractionWorkflow - INFO - Product already processed: https://www.poundwholesale.co.uk/auto-extreme-tropical-mist-in-car-fragrance-air-freshener-spray-100ml. Skipping.
2025-07-19 02:37:33,262 - PassiveExtractionWorkflow - INFO - --- Processing supplier product 40/147: 'Car Pride Blue Microfibre Glass Cloth' ---
2025-07-19 02:37:33,263 - PassiveExtractionWorkflow - INFO - Product already processed: https://www.poundwholesale.co.uk/car-pride-blue-microfibre-glass-cloth. Skipping.
2025-07-19 02:37:33,264 - PassiveExtractionWorkflow - INFO - --- Processing supplier product 41/147: 'Rapide PTFE Lubricant Spray 250ml' ---
2025-07-19 02:37:33,265 - PassiveExtractionWorkflow - INFO - Product already processed: https://www.poundwholesale.co.uk/rapide-ptfe-lubricant-spray-250ml. Skipping.
2025-07-19 02:37:33,265 - PassiveExtractionWorkflow - INFO - --- Processing supplier product 42/147: 'Bettina Natural Chamois Leather Cloth 30cm X 30cm' ---
2025-07-19 02:37:33,266 - PassiveExtractionWorkflow - INFO - Product already processed: https://www.poundwholesale.co.uk/bettina-chamois-leather-cloth. Skipping.
2025-07-19 02:37:33,267 - PassiveExtractionWorkflow - INFO - --- Processing supplier product 43/147: 'Goodyear Fresh Fragrance Glass & Mirror Cleaner 750ml' ---
2025-07-19 02:37:33,268 - PassiveExtractionWorkflow - INFO - Product already processed: https://www.poundwholesale.co.uk/goodyear-fresh-fragrance-glass-mirror-cleaner-750ml. Skipping.
2025-07-19 02:37:33,268 - PassiveExtractionWorkflow - INFO - --- Processing supplier product 44/147: 'Auto Extreme Professional Yellow Gloss Brake Caliper Spray Paint 400ml' ---
2025-07-19 02:37:33,269 - PassiveExtractionWorkflow - INFO - Product already processed: https://www.poundwholesale.co.uk/auto-extreme-professional-yellow-gloss-brake-caliper-spray-paint-400ml. Skipping.
2025-07-19 02:37:33,270 - PassiveExtractionWorkflow - INFO - --- Processing supplier product 45/147: 'Auto Extreme Fresh Linen In-Car Fragrance Air Freshener Spray 100ml' ---
2025-07-19 02:37:33,270 - PassiveExtractionWorkflow - INFO - Product already processed: https://www.poundwholesale.co.uk/auto-extreme-fresh-linen-in-car-fragrance-air-freshener-spray-100ml. Skipping.
2025-07-19 02:37:33,271 - PassiveExtractionWorkflow - INFO - --- Processing supplier product 46/147: 'Guilty Pleasures Strawberry Doughnut 3D Car Air Freshener' ---
2025-07-19 02:37:33,272 - PassiveExtractionWorkflow - INFO - Product already processed: https://www.poundwholesale.co.uk/guilty-pleasures-strawberry-doughnut-3d-car-air-freshener. Skipping.
2025-07-19 02:37:33,272 - PassiveExtractionWorkflow - INFO - --- Processing supplier product 47/147: 'Rapide DP-60 Penetrating Maintenance Spray 100ml CDU' ---
2025-07-19 02:37:33,272 - PassiveExtractionWorkflow - INFO - Product already processed: https://www.poundwholesale.co.uk/rapide-dp-60-penetrating-maintenance-spray-100ml-cdu. Skipping.
2025-07-19 02:37:33,273 - PassiveExtractionWorkflow - INFO - --- Processing supplier product 48/147: 'Goodyear Luxury Deep Pile Microfibre 2-In-1 Valet Cloth 45cm X 38cm' ---
2025-07-19 02:37:33,274 - PassiveExtractionWorkflow - INFO - Product already processed: https://www.poundwholesale.co.uk/goodyear-luxury-deep-pile-microfibre-2-in-1-valet-cloth-45cm-x-38cm. Skipping.
2025-07-19 02:37:33,274 - PassiveExtractionWorkflow - INFO - --- Processing supplier product 49/147: 'Auto Extreme Professional White Gloss Spray Paint 400ml' ---
2025-07-19 02:37:33,275 - PassiveExtractionWorkflow - INFO - Product already processed: https://www.poundwholesale.co.uk/auto-extreme-professional-white-gloss-spray-paint-400ml. Skipping.
2025-07-19 02:37:33,275 - PassiveExtractionWorkflow - INFO - --- Processing supplier product 50/147: 'Auto Extreme Professional Black Alloy Wheel Spray Paint 400ml' ---
2025-07-19 02:37:33,275 - PassiveExtractionWorkflow - INFO - Product already processed: https://www.poundwholesale.co.uk/auto-extreme-professional-black-alloy-wheel-spray-paint-400ml. Skipping.
2025-07-19 02:37:33,276 - PassiveExtractionWorkflow - INFO - --- Processing supplier product 51/147: 'Rapide Easy Grease Spray 250ml' ---
2025-07-19 02:37:33,276 - PassiveExtractionWorkflow - INFO - Product already processed: https://www.poundwholesale.co.uk/rapide-easy-grease-spray-250ml. Skipping.
2025-07-19 02:37:33,276 - PassiveExtractionWorkflow - INFO - --- Processing supplier product 52/147: 'Bloome Gel Boat Air Freshener 150G Assorted Fragrance' ---
2025-07-19 02:37:33,276 - PassiveExtractionWorkflow - INFO - Product already processed: https://www.poundwholesale.co.uk/bloome-gel-boat-air-freshener-150g-assorted-fragrance. Skipping.
2025-07-19 02:37:33,277 - PassiveExtractionWorkflow - INFO - --- Processing supplier product 53/147: 'Chupa Chups Car Air Fresheners CDU Assorted Fragrances' ---
2025-07-19 02:37:33,277 - PassiveExtractionWorkflow - INFO - Product already processed: https://www.poundwholesale.co.uk/chupa-chups-car-air-fresheners-cdu-assorted-fragrances. Skipping.
2025-07-19 02:37:33,278 - PassiveExtractionWorkflow - INFO - --- Processing supplier product 54/147: 'Auto Extreme Automotive Black Matt Spray Paint 250ml' ---
2025-07-19 02:37:33,278 - PassiveExtractionWorkflow - INFO - Product already processed: https://www.poundwholesale.co.uk/auto-extreme-automotive-black-matt-spray-paint-250ml. Skipping.
2025-07-19 02:37:33,279 - PassiveExtractionWorkflow - INFO - --- Processing supplier product 55/147: 'Car Pride Stitched Natural Chamois Leather' ---
2025-07-19 02:37:33,280 - PassiveExtractionWorkflow - INFO - Product already processed: https://www.poundwholesale.co.uk/stitched-natural-chamois-leather. Skipping.
2025-07-19 02:37:33,281 - PassiveExtractionWorkflow - INFO - --- Processing supplier product 56/147: 'Goodyear Microfibre Window Cloth Large 40cm X 40cm' ---
2025-07-19 02:37:33,281 - PassiveExtractionWorkflow - INFO - Product already processed: https://www.poundwholesale.co.uk/goodyear-microfibre-window-cloth-large-40cm-x-40cm. Skipping.
2025-07-19 02:37:33,282 - PassiveExtractionWorkflow - INFO - --- Processing supplier product 57/147: 'Millions Sour Strawberry 3D Car Air Freshener' ---
2025-07-19 02:37:33,283 - PassiveExtractionWorkflow - INFO - Product already processed: https://www.poundwholesale.co.uk/millions-sour-strawberry-3d-car-air-freshener. Skipping.
2025-07-19 02:37:33,283 - PassiveExtractionWorkflow - INFO - --- Processing supplier product 58/147: 'Car-Pride Handy Car Sponges 2 Pack' ---
2025-07-19 02:37:33,284 - PassiveExtractionWorkflow - INFO - Product already processed: https://www.poundwholesale.co.uk/handy-car-sponges-3pk. Skipping.
2025-07-19 02:37:33,285 - PassiveExtractionWorkflow - INFO - --- Processing supplier product 59/147: 'Goodyear Natural Leather Chamois Cloth Xl' ---
2025-07-19 02:37:33,285 - PassiveExtractionWorkflow - INFO - Product already processed: https://www.poundwholesale.co.uk/goodyear-natural-leather-chamois-cloth-xl. Skipping.
2025-07-19 02:37:33,286 - PassiveExtractionWorkflow - INFO - --- Processing supplier product 60/147: 'Auto Extreme Professional Gun Metal Grey Alloy Wheel Spray Paint 400ml' ---
2025-07-19 02:37:33,287 - PassiveExtractionWorkflow - INFO - Attempting Amazon search using EAN: 5055319531757
2025-07-19 02:37:33,321 - tools.passive_extraction_workflow_latest - INFO - Searching Amazon by EAN: 5055319531757 for supplier product: 'Auto Extreme Professional Gun Metal Grey Alloy Wheel Spray Paint 400ml' (FixedAmazonExtractor)
2025-07-19 02:37:33,322 - tools.passive_extraction_workflow_latest - INFO - No page provided to search_by_ean, getting one from BrowserManager.
2025-07-19 02:37:33,322 - utils.browser_manager - INFO - ♻️ Reusing cached page for https://www.amazon.co.uk
2025-07-19 02:37:33,323 - tools.passive_extraction_workflow_latest - INFO - Navigating to Amazon UK to search for EAN: 5055319531757
2025-07-19 02:37:36,386 - tools.passive_extraction_workflow_latest - INFO - Waiting for search results page to load for EAN 5055319531757...
2025-07-19 02:37:36,675 - tools.passive_extraction_workflow_latest - INFO - Found search results container with selector: div.s-search-results
2025-07-19 02:37:38,840 - tools.passive_extraction_workflow_latest - INFO - Found 16 search result elements using selector: div.s-result-item[data-asin]:not([data-asin=''])
2025-07-19 02:37:38,841 - tools.passive_extraction_workflow_latest - INFO - Processing 16 search result elements for EAN 5055319531757
2025-07-19 02:37:38,894 - tools.passive_extraction_workflow_latest - DEBUG - Processing element 1: ASIN B0CP65WFQW
2025-07-19 02:37:38,938 - tools.passive_extraction_workflow_latest - DEBUG - ASIN B0CP65WFQW HTML structure sample: <div role="listitem" data-asin="B0CP65WFQW" data-index="2" data-uuid="e1dc0bad-925f-457d-8514-cfb1346a2eaa" id="e1dc0bad-925f-457d-8514-cfb1346a2eaa" data-component-type="s-search-result" class="sg-col-4-of-4 sg-col-4-of-24 sg-col-4-of-12 s-result-item s-asin sg-col-4-of-16 AdHolder sg-col s-widget-spacing-small sg-col-4-of-8 sg-col-4-of-20" data-component-id="5" data-cel-widget="search_result_0"><div class="sg-col-inner"><div cel_widget_id="MAIN-SEARCH_RESULTS-2" class="s-widget-container s-spacing-small s-widget-container-height-small celwidget slot=MAIN template=SEARCH_RESULTS widgetId=sear...
2025-07-19 02:37:38,939 - tools.passive_extraction_workflow_latest - DEBUG - Error checking sponsored badge for ASIN B0CP65WFQW: 'ElementHandle' object has no attribute 'locator'
2025-07-19 02:37:38,941 - tools.passive_extraction_workflow_latest - DEBUG - Error checking aria-label for ASIN B0CP65WFQW: 'ElementHandle' object has no attribute 'locator'
2025-07-19 02:37:39,024 - tools.passive_extraction_workflow_latest - INFO - Skipping sponsored result: ASIN B0CP65WFQW (detected by ad-specific class: 'AdHolder')
2025-07-19 02:37:39,080 - tools.passive_extraction_workflow_latest - DEBUG - Processing element 2: ASIN B019BEBT3C
2025-07-19 02:37:39,122 - tools.passive_extraction_workflow_latest - DEBUG - ASIN B019BEBT3C HTML structure sample: <div role="listitem" data-asin="B019BEBT3C" data-index="3" data-uuid="dbf26015-f07e-472c-8df2-a2604810f058" id="dbf26015-f07e-472c-8df2-a2604810f058" data-component-type="s-search-result" class="sg-col-4-of-4 sg-col-4-of-24 sg-col-4-of-12 s-result-item s-asin sg-col-4-of-16 AdHolder sg-col s-widget-spacing-small sg-col-4-of-8 sg-col-4-of-20" data-component-id="8" data-cel-widget="search_result_1"><div class="sg-col-inner"><div cel_widget_id="MAIN-SEARCH_RESULTS-3" class="s-widget-container s-spacing-small s-widget-container-height-small celwidget slot=MAIN template=SEARCH_RESULTS widgetId=sear...
2025-07-19 02:37:39,123 - tools.passive_extraction_workflow_latest - DEBUG - Error checking sponsored badge for ASIN B019BEBT3C: 'ElementHandle' object has no attribute 'locator'
2025-07-19 02:37:39,124 - tools.passive_extraction_workflow_latest - DEBUG - Error checking aria-label for ASIN B019BEBT3C: 'ElementHandle' object has no attribute 'locator'
2025-07-19 02:37:39,172 - tools.passive_extraction_workflow_latest - INFO - Skipping sponsored result: ASIN B019BEBT3C (detected by ad-specific class: 'AdHolder')
2025-07-19 02:37:39,196 - tools.passive_extraction_workflow_latest - DEBUG - Processing element 3: ASIN B0DWDJVSVG
2025-07-19 02:37:39,219 - tools.passive_extraction_workflow_latest - DEBUG - ASIN B0DWDJVSVG HTML structure sample: <div role="listitem" data-asin="B0DWDJVSVG" data-index="4" data-uuid="3112a431-9a63-492a-9e85-dd6e6c2cab91" id="3112a431-9a63-492a-9e85-dd6e6c2cab91" data-component-type="s-search-result" class="sg-col-4-of-4 sg-col-4-of-24 sg-col-4-of-12 s-result-item s-asin sg-col-4-of-16 AdHolder sg-col s-widget-spacing-small sg-col-4-of-8 sg-col-4-of-20" data-component-id="11" data-cel-widget="search_result_2"><div class="sg-col-inner"><div cel_widget_id="MAIN-SEARCH_RESULTS-4" class="s-widget-container s-spacing-small s-widget-container-height-small celwidget slot=MAIN template=SEARCH_RESULTS widgetId=sea...
2025-07-19 02:37:39,220 - tools.passive_extraction_workflow_latest - DEBUG - Error checking sponsored badge for ASIN B0DWDJVSVG: 'ElementHandle' object has no attribute 'locator'
2025-07-19 02:37:39,221 - tools.passive_extraction_workflow_latest - DEBUG - Error checking aria-label for ASIN B0DWDJVSVG: 'ElementHandle' object has no attribute 'locator'
2025-07-19 02:37:39,274 - tools.passive_extraction_workflow_latest - INFO - Skipping sponsored result: ASIN B0DWDJVSVG (detected by ad-specific class: 'AdHolder')
2025-07-19 02:37:39,309 - tools.passive_extraction_workflow_latest - DEBUG - Processing element 4: ASIN B07RY1VR6G
2025-07-19 02:37:39,310 - tools.passive_extraction_workflow_latest - DEBUG - Error checking sponsored badge for ASIN B07RY1VR6G: 'ElementHandle' object has no attribute 'locator'
2025-07-19 02:37:39,311 - tools.passive_extraction_workflow_latest - DEBUG - Error checking aria-label for ASIN B07RY1VR6G: 'ElementHandle' object has no attribute 'locator'
2025-07-19 02:37:39,352 - tools.passive_extraction_workflow_latest - INFO - Skipping sponsored result: ASIN B07RY1VR6G (detected by ad-specific class: 'AdHolder')
2025-07-19 02:37:39,377 - tools.passive_extraction_workflow_latest - DEBUG - Processing element 5: ASIN B084TLNH1Q
2025-07-19 02:37:39,378 - tools.passive_extraction_workflow_latest - DEBUG - Error checking sponsored badge for ASIN B084TLNH1Q: 'ElementHandle' object has no attribute 'locator'
2025-07-19 02:37:39,379 - tools.passive_extraction_workflow_latest - DEBUG - Error checking aria-label for ASIN B084TLNH1Q: 'ElementHandle' object has no attribute 'locator'
2025-07-19 02:37:39,427 - tools.passive_extraction_workflow_latest - INFO - Skipping sponsored result: ASIN B084TLNH1Q (detected by ad-specific class: 'AdHolder')
2025-07-19 02:37:39,445 - tools.passive_extraction_workflow_latest - DEBUG - Processing element 6: ASIN B0D41JMF4B
2025-07-19 02:37:39,445 - tools.passive_extraction_workflow_latest - DEBUG - Error checking sponsored badge for ASIN B0D41JMF4B: 'ElementHandle' object has no attribute 'locator'
2025-07-19 02:37:39,446 - tools.passive_extraction_workflow_latest - DEBUG - Error checking aria-label for ASIN B0D41JMF4B: 'ElementHandle' object has no attribute 'locator'
2025-07-19 02:37:39,478 - tools.passive_extraction_workflow_latest - INFO - Skipping sponsored result: ASIN B0D41JMF4B (detected by ad-specific class: 'AdHolder')
2025-07-19 02:37:39,497 - tools.passive_extraction_workflow_latest - DEBUG - Processing element 7: ASIN B0793QLRD7
2025-07-19 02:37:39,497 - tools.passive_extraction_workflow_latest - DEBUG - Error checking sponsored badge for ASIN B0793QLRD7: 'ElementHandle' object has no attribute 'locator'
2025-07-19 02:37:39,498 - tools.passive_extraction_workflow_latest - DEBUG - Error checking aria-label for ASIN B0793QLRD7: 'ElementHandle' object has no attribute 'locator'
2025-07-19 02:37:39,529 - tools.passive_extraction_workflow_latest - INFO - Skipping sponsored result: ASIN B0793QLRD7 (detected by ad-specific class: 'AdHolder')
2025-07-19 02:37:39,550 - tools.passive_extraction_workflow_latest - DEBUG - Processing element 8: ASIN B0DT713GPN
2025-07-19 02:37:39,550 - tools.passive_extraction_workflow_latest - DEBUG - Error checking sponsored badge for ASIN B0DT713GPN: 'ElementHandle' object has no attribute 'locator'
2025-07-19 02:37:39,550 - tools.passive_extraction_workflow_latest - DEBUG - Error checking aria-label for ASIN B0DT713GPN: 'ElementHandle' object has no attribute 'locator'
2025-07-19 02:37:39,588 - tools.passive_extraction_workflow_latest - INFO - Skipping sponsored result: ASIN B0DT713GPN (detected by ad-specific class: 'AdHolder')
2025-07-19 02:37:39,612 - tools.passive_extraction_workflow_latest - DEBUG - Processing element 9: ASIN B093Y3W6SD
2025-07-19 02:37:39,613 - tools.passive_extraction_workflow_latest - DEBUG - Error checking sponsored badge for ASIN B093Y3W6SD: 'ElementHandle' object has no attribute 'locator'
2025-07-19 02:37:39,614 - tools.passive_extraction_workflow_latest - DEBUG - Error checking aria-label for ASIN B093Y3W6SD: 'ElementHandle' object has no attribute 'locator'
2025-07-19 02:37:39,663 - tools.passive_extraction_workflow_latest - INFO - Skipping sponsored result: ASIN B093Y3W6SD (detected by ad-specific class: 'AdHolder')
2025-07-19 02:37:39,689 - tools.passive_extraction_workflow_latest - DEBUG - Processing element 10: ASIN B0F2ML6J8C
2025-07-19 02:37:39,689 - tools.passive_extraction_workflow_latest - DEBUG - Error checking sponsored badge for ASIN B0F2ML6J8C: 'ElementHandle' object has no attribute 'locator'
2025-07-19 02:37:39,690 - tools.passive_extraction_workflow_latest - DEBUG - Error checking aria-label for ASIN B0F2ML6J8C: 'ElementHandle' object has no attribute 'locator'
2025-07-19 02:37:39,733 - tools.passive_extraction_workflow_latest - INFO - Skipping sponsored result: ASIN B0F2ML6J8C (detected by ad-specific class: 'AdHolder')
2025-07-19 02:37:39,758 - tools.passive_extraction_workflow_latest - DEBUG - Processing element 11: ASIN B09TW7FRP8
2025-07-19 02:37:39,759 - tools.passive_extraction_workflow_latest - DEBUG - Error checking sponsored badge for ASIN B09TW7FRP8: 'ElementHandle' object has no attribute 'locator'
2025-07-19 02:37:39,760 - tools.passive_extraction_workflow_latest - DEBUG - Error checking aria-label for ASIN B09TW7FRP8: 'ElementHandle' object has no attribute 'locator'
2025-07-19 02:37:39,808 - tools.passive_extraction_workflow_latest - INFO - Skipping sponsored result: ASIN B09TW7FRP8 (detected by ad-specific class: 'AdHolder')
2025-07-19 02:37:39,837 - tools.passive_extraction_workflow_latest - DEBUG - Processing element 12: ASIN B0DWDM6VZ8
2025-07-19 02:37:39,838 - tools.passive_extraction_workflow_latest - DEBUG - Error checking sponsored badge for ASIN B0DWDM6VZ8: 'ElementHandle' object has no attribute 'locator'
2025-07-19 02:37:39,838 - tools.passive_extraction_workflow_latest - DEBUG - Error checking aria-label for ASIN B0DWDM6VZ8: 'ElementHandle' object has no attribute 'locator'
2025-07-19 02:37:39,883 - tools.passive_extraction_workflow_latest - INFO - Skipping sponsored result: ASIN B0DWDM6VZ8 (detected by ad-specific class: 'AdHolder')
2025-07-19 02:37:39,913 - tools.passive_extraction_workflow_latest - DEBUG - Processing element 13: ASIN B09BNWHBTY
2025-07-19 02:37:39,913 - tools.passive_extraction_workflow_latest - DEBUG - Error checking sponsored badge for ASIN B09BNWHBTY: 'ElementHandle' object has no attribute 'locator'
2025-07-19 02:37:39,914 - tools.passive_extraction_workflow_latest - DEBUG - Error checking aria-label for ASIN B09BNWHBTY: 'ElementHandle' object has no attribute 'locator'
2025-07-19 02:37:39,956 - tools.passive_extraction_workflow_latest - INFO - Skipping sponsored result: ASIN B09BNWHBTY (detected by ad-specific class: 'AdHolder')
2025-07-19 02:37:39,980 - tools.passive_extraction_workflow_latest - DEBUG - Processing element 14: ASIN B0DHSCVF64
2025-07-19 02:37:39,981 - tools.passive_extraction_workflow_latest - DEBUG - Error checking sponsored badge for ASIN B0DHSCVF64: 'ElementHandle' object has no attribute 'locator'
2025-07-19 02:37:39,982 - tools.passive_extraction_workflow_latest - DEBUG - Error checking aria-label for ASIN B0DHSCVF64: 'ElementHandle' object has no attribute 'locator'
2025-07-19 02:37:40,028 - tools.passive_extraction_workflow_latest - INFO - Skipping sponsored result: ASIN B0DHSCVF64 (detected by ad-specific class: 'AdHolder')
2025-07-19 02:37:40,053 - tools.passive_extraction_workflow_latest - DEBUG - Processing element 15: ASIN B0CWH1ZBTY
2025-07-19 02:37:40,053 - tools.passive_extraction_workflow_latest - DEBUG - Error checking sponsored badge for ASIN B0CWH1ZBTY: 'ElementHandle' object has no attribute 'locator'
2025-07-19 02:37:40,054 - tools.passive_extraction_workflow_latest - DEBUG - Error checking aria-label for ASIN B0CWH1ZBTY: 'ElementHandle' object has no attribute 'locator'
2025-07-19 02:37:40,155 - tools.passive_extraction_workflow_latest - INFO - Skipping sponsored result: ASIN B0CWH1ZBTY (detected by ad-specific class: 'AdHolder')
2025-07-19 02:37:40,155 - tools.passive_extraction_workflow_latest - WARNING - EAN 5055319531757 returned no organic results - skipping
2025-07-19 02:37:40,156 - tools.passive_extraction_workflow_latest - WARNING - No Amazon results or error for EAN '5055319531757'. Details: no_organic_results
2025-07-19 02:37:40,157 - tools.passive_extraction_workflow_latest - INFO - Falling back to title search for supplier product: 'Auto Extreme Professional Gun Metal Grey Alloy Wheel Spray Paint 400ml'
2025-07-19 02:37:40,158 - tools.passive_extraction_workflow_latest - INFO - Searching Amazon by title using search bar: 'Auto Extreme Professional Gun Metal Grey Alloy Wheel Spray Paint 400ml'
2025-07-19 02:37:40,159 - tools.passive_extraction_workflow_latest - INFO - Navigating to Amazon UK to search for title: Auto Extreme Professional Gun Metal Grey Alloy Wheel Spray Paint 400ml
2025-07-19 02:37:43,301 - tools.passive_extraction_workflow_latest - INFO - Title search found 1 elements using selector: div.s-search-results > div[data-asin]
2025-07-19 02:37:43,326 - tools.passive_extraction_workflow_latest - WARNING - No valid ASINs found for title 'Auto Extreme Professional Gun Metal Grey Alloy Wheel Spray Paint 400ml'
2025-07-19 02:37:43,327 - tools.passive_extraction_workflow_latest - WARNING - Both EAN '5055319531757' and title 'Auto Extreme Professional Gun Metal Grey Alloy Wheel Spray Paint 400ml' searches failed
2025-07-19 02:37:43,327 - PassiveExtractionWorkflow - INFO - ❌ EAN search failed for 5055319531757. Will fall back to title search.
2025-07-19 02:37:43,328 - PassiveExtractionWorkflow - INFO - EAN search failed. Falling back to title search.
2025-07-19 02:37:43,328 - tools.passive_extraction_workflow_latest - INFO - Searching Amazon by title using search bar: 'Auto Extreme Professional Gun Metal Grey Alloy Wheel Spray Paint 400ml'
2025-07-19 02:37:43,329 - tools.passive_extraction_workflow_latest - INFO - No page provided to search_by_title, getting one from BrowserManager.
2025-07-19 02:37:43,329 - utils.browser_manager - INFO - ♻️ Reusing cached page for https://www.amazon.co.uk
2025-07-19 02:37:43,330 - tools.passive_extraction_workflow_latest - INFO - Navigating to Amazon UK to search for title: Auto Extreme Professional Gun Metal Grey Alloy Wheel Spray Paint 400ml
2025-07-19 02:37:46,685 - tools.passive_extraction_workflow_latest - INFO - Title search found 1 elements using selector: div.s-search-results > div[data-asin]
2025-07-19 02:37:46,723 - tools.passive_extraction_workflow_latest - WARNING - No valid ASINs found for title 'Auto Extreme Professional Gun Metal Grey Alloy Wheel Spray Paint 400ml'
2025-07-19 02:37:46,725 - PassiveExtractionWorkflow - WARNING - No Amazon results for title 'Auto Extreme Professional Gun Metal Grey Alloy Wheel Spray Paint 400ml'. Skipping.
2025-07-19 02:37:46,748 - PassiveExtractionWorkflow - INFO - 🔍 DEBUG: _save_linking_map called with 141 entries for supplier poundwholesale.co.uk
2025-07-19 02:37:46,750 - PassiveExtractionWorkflow - INFO - 🔍 DEBUG: linking_map type: <class 'list'>, content: [{'supplier_ean': '5053249228587', 'amazon_asin': 'B075QDW3BF', 'supplier_title': 'Car Pride Under Body Seal Black 400ml', 'amazon_title': 'HP CF541A 203A Original LaserJet Toner Cartridge, Cyan, Single Pack', 'supplier_price': 1.73, 'amazon_price': 64.99, 'match_method': 'EAN', 'confidence': 'high', 'created_at': '2025-07-18T10:13:11.088193', 'supplier_url': 'https://www.poundwholesale.co.uk/carpride-under-body-seal-black'}, {'supplier_ean': '5055319527750', 'amazon_asin': 'B0CX1X6R6G', 'supplier_title': 'Auto Extreme Car Detailing Brush Set 5 Pack', 'amazon_title': 'Kasauber', 'supplier_price': 2.1, 'amazon_price': None, 'match_method': 'EAN', 'confidence': 'high', 'created_at': '2025-07-18T10:13:23.277485', 'supplier_url': 'https://www.poundwholesale.co.uk/auto-extreme-car-detailing-brush-set-5-pack'}, {'supplier_ean': '5055319528504', 'amazon_asin': 'B07NJGQFRF', 'supplier_title': 'Rapide RP-60 Penetrating Maintenance Spray with Control Nozzle 400ml', 'amazon_title': 'Rapide 2850 Paint Spray', 'supplier_price': 2.65, 'amazon_price': 5.85, 'match_method': 'EAN', 'confidence': 'high', 'created_at': '2025-07-18T10:14:15.912179', 'supplier_url': 'https://www.poundwholesale.co.uk/rapide-rp-60-penetrating-maintenance-spray-with-control-nozzle-400ml'}, {'supplier_ean': '5055441452272', 'amazon_asin': 'B0DFMPNHT5', 'supplier_title': 'Goodyear Microfibre Luxury Valet Drying Towel Set 2 Pack', 'amazon_title': 'Goodyear 2PC Microfibre Luxury Valet Cloth Set I Microfibre technology| powerful cleaning | Extra absorbency for a swirl free finish | Ideal for buffing away polish & wax residue | Extra large towel', 'supplier_price': 2.14, 'amazon_price': 6.59, 'match_method': 'EAN', 'confidence': 'high', 'created_at': '2025-07-18T10:15:06.821428', 'supplier_url': 'https://www.poundwholesale.co.uk/goodyear-microfibre-luxury-valet-drying-towel-set-2-pack'}, {'supplier_ean': '5053249229140', 'amazon_asin': 'B07N41XTV5', 'supplier_title': 'Carpride Alloy Wheel Spray Paint Silver Gloss', 'amazon_title': 'Car Pride Alloy Wheel Spray Paint Metallic Silver Repairer. 400ml', 'supplier_price': 1.67, 'amazon_price': 5.4, 'match_method': 'EAN', 'confidence': 'high', 'created_at': '2025-07-18T10:16:10.522951', 'supplier_url': 'https://www.poundwholesale.co.uk/carpride-alloy-wheel-spray-paint-silver-gloss'}, {'supplier_ean': '5055056770822', 'amazon_asin': 'B09DTQ4S43', 'supplier_title': 'Millions Blackcurrant Buzz 3D Car Air Freshener', 'amazon_title': 'AIRFreshh', 'supplier_price': 0.38, 'amazon_price': None, 'match_method': 'EAN', 'confidence': 'high', 'created_at': '2025-07-18T10:16:22.515075', 'supplier_url': 'https://www.poundwholesale.co.uk/millions-blackcurrant-buzz-3d-car-air-freshener'}, {'supplier_ean': '5055319519229', 'amazon_asin': 'B07NJGGW8P', 'supplier_title': 'Auto Extreme Professional White Gloss Spray Paint 400ml', 'amazon_title': 'Auto Extreme White Gloss, 400 ml', 'supplier_price': 1.82, 'amazon_price': 5.3, 'match_method': 'EAN', 'confidence': 'high', 'created_at': '2025-07-18T10:17:22.092163', 'supplier_url': 'https://www.poundwholesale.co.uk/auto-extreme-professional-white-gloss-spray-paint-400ml'}, {'supplier_ean': '5055319529907', 'amazon_asin': 'B07XZDY64P', 'supplier_title': 'Rapide Silicone Lubricant Spray 250ml', 'amazon_title': '300ml Silicone Grease Aerosol Spray Lubricant Can Water Resistant Oil', 'supplier_price': 1.07, 'amazon_price': 4.79, 'match_method': 'EAN', 'confidence': 'high', 'created_at': '2025-07-18T10:18:10.835188', 'supplier_url': 'https://www.poundwholesale.co.uk/rapide-silicone-lubricant-spray-250ml'}, {'supplier_ean': '5050375036574', 'amazon_asin': 'B006URFAE8', 'supplier_title': 'Car Pride Assorted Fragrance Fresh Feet Car Air Fresheners 4 Pack CDU', 'amazon_title': 'Pack of 4 FRESH FEET, Car Air Fresheners, Carpride cp1128', 'supplier_price': 0.71, 'amazon_price': 3.3, 'match_method': 'EAN', 'confidence': 'high', 'created_at': '2025-07-18T10:19:02.426082', 'supplier_url': 'https://www.poundwholesale.co.uk/car-pride-assorted-fragrance-fresh-feet-car-air-fresheners-4-pack-cdu'}, {'supplier_ean': '5055056731878', 'amazon_asin': 'B09LH29BZD', 'supplier_title': 'Guilty Pleasures Blueberry Ice Pop 3D Car Air Freshener', 'amazon_title': 'Guilty Pleasure 3D Blueberry CAR FRESHENER', 'supplier_price': 0.38, 'amazon_price': 3.99, 'match_method': 'EAN', 'confidence': 'high', 'created_at': '2025-07-18T10:19:50.869058', 'supplier_url': 'https://www.poundwholesale.co.uk/guilty-pleasures-blueberry-ice-pop-3d-car-air-freshener'}, {'supplier_ean': '5055319514606', 'amazon_asin': 'B0CYH8F9F9', 'supplier_title': 'Auto Extreme Car Pump Sprayer 2L', 'amazon_title': 'My Garden 5 Litre Sprayer Pump - Weed Killer Pressure Sprayer Pump Action - High Pressure Long Reach Sprayers - Ideal For Spraying Water Fertiliser Herbicides Pesticides Preservative & Detergent', 'supplier_price': 3.85, 'amazon_price': None, 'match_method': 'EAN', 'confidence': 'high', 'created_at': '2025-07-18T10:20:03.052455', 'supplier_url': 'https://www.poundwholesale.co.uk/auto-extreme-car-pump-sprayer-2l'}, {'supplier_ean': '5055319530781', 'amazon_asin': 'B09FKD19N4', 'supplier_title': 'Auto Extreme Tropical Mist In-Car Fragrance Air Freshener Spray 100ml', 'amazon_title': 'Air Freshener Spray Concentrated Long Lasting Oil Based (Ocean Breeze)', 'supplier_price': 0.65, 'amazon_price': None, 'match_method': 'EAN', 'confidence': 'high', 'created_at': '2025-07-18T10:20:17.331393', 'supplier_url': 'https://www.poundwholesale.co.uk/auto-extreme-tropical-mist-in-car-fragrance-air-freshener-spray-100ml'}, {'supplier_ean': '5053249245799', 'amazon_asin': 'B0BLLV2M74', 'supplier_title': 'Car Pride Clean & Polish Microfibre Cloth', 'amazon_title': 'CARPRIDE® Clean and Polish MicroFibre Cloth for Car Exterior and Interior | Streak Free | 30 x 30 cm', 'supplier_price': 0.76, 'amazon_price': 5.29, 'match_method': 'EAN', 'confidence': 'high', 'created_at': '2025-07-18T10:21:04.364223', 'supplier_url': 'https://www.poundwholesale.co.uk/car-pride-clean-polish-microfibre-cloth'}, {'supplier_ean': '5055319531849', 'amazon_asin': 'B074KFGHCP', 'supplier_title': 'Rapide Easy Grease Spray 250ml', 'amazon_title': 'HMT', 'supplier_price': 1.05, 'amazon_price': None, 'match_method': 'EAN', 'confidence': 'high', 'created_at': '2025-07-18T10:21:17.993959', 'supplier_url': 'https://www.poundwholesale.co.uk/rapide-easy-grease-spray-250ml'}, {'supplier_ean': '5052578642705', 'amazon_asin': 'B07X22PHWJ', 'supplier_title': 'Bettina Chamois Demist & Dashboard Pad', 'amazon_title': 'Airlab', 'supplier_price': 0.75, 'amazon_price': None, 'match_method': 'EAN', 'confidence': 'high', 'created_at': '2025-07-18T10:21:28.626273', 'supplier_url': 'https://www.poundwholesale.co.uk/bettina-chamois-demist-dashboard-pad'}, {'supplier_ean': '5052578633000', 'amazon_asin': 'B0F6K65PZT', 'supplier_title': 'Bettina Microfibre Mitt', 'amazon_title': 'Fogcosy', 'supplier_price': 0.95, 'amazon_price': None, 'match_method': 'EAN', 'confidence': 'high', 'created_at': '2025-07-18T10:21:41.310298', 'supplier_url': 'https://www.poundwholesale.co.uk/microfibre-mit-highly-effective-wet-or-dry'}, {'supplier_ean': '5053249245669', 'amazon_asin': 'B0BLL1K79V', 'supplier_title': 'Car Pride Blue Microfibre Glass Cloth', 'amazon_title': 'Car-pride Glass Microfibre Cloth', 'supplier_price': 0.74, 'amazon_price': 4.99, 'match_method': 'EAN', 'confidence': 'high', 'created_at': '2025-07-18T10:22:28.491046', 'supplier_url': 'https://www.poundwholesale.co.uk/car-pride-blue-microfibre-glass-cloth'}, {'supplier_ean': '5055056770785', 'amazon_asin': 'B0BLGR29X6', 'supplier_title': 'Millions Sour Strawberry 3D Car Air Freshener', 'amazon_title': 'Evair', 'supplier_price': 0.38, 'amazon_price': None, 'match_method': 'EAN', 'confidence': 'high', 'created_at': '2025-07-18T10:22:40.894972', 'supplier_url': 'https://www.poundwholesale.co.uk/millions-sour-strawberry-3d-car-air-freshener'}, {'supplier_ean': '5053249248714', 'amazon_asin': 'B006T2450O', 'supplier_title': 'Car-Pride White Gloss Spray Paint 400ml', 'amazon_title': 'Tetrion', 'supplier_price': 1.73, 'amazon_price': None, 'match_method': 'EAN', 'confidence': 'high', 'created_at': '2025-07-18T10:22:54.011676', 'supplier_url': 'https://www.poundwholesale.co.uk/car-pride-white-gloss-spray-paint-400ml'}, {'supplier_ean': '5055056731885', 'amazon_asin': 'B09LHBY2GF', 'supplier_title': 'Guilty Pleasures Vanilla & Cherry Cupcake 3D Car Air Freshener', 'amazon_title': 'Guilty Pleasure 3D Vanilla CAR FRESHENER', 'supplier_price': 0.38, 'amazon_price': 3.99, 'match_method': 'EAN', 'confidence': 'high', 'created_at': '2025-07-18T10:23:41.006634', 'supplier_url': 'https://www.poundwholesale.co.uk/guilty-pleasures-vanilla-cherry-cupcake-3d-car-air-freshener'}, {'supplier_ean': '5055319531733', 'amazon_asin': 'B004SMKX7Q', 'supplier_title': 'Auto Extreme Professional Black Alloy Wheel Spray Paint 400ml', 'amazon_title': 'Hycote', 'supplier_price': 1.81, 'amazon_price': None, 'match_method': 'EAN', 'confidence': 'high', 'created_at': '2025-07-18T10:23:55.039262', 'supplier_url': 'https://www.poundwholesale.co.uk/auto-extreme-professional-black-alloy-wheel-spray-paint-400ml'}, {'supplier_ean': '5055441459684', 'amazon_asin': 'B0DL9TR7T2', 'supplier_title': 'Goodyear 2-in-1 Telescopic Handle Scraper', 'amazon_title': 'Goodyear Telescopic Handle Scraper - Adjustable Ice Scraper with Extendable Handle | Sturdy Blade for Snow & Ice Removal | Ergonomic Grip | Compact and Durable Design | Ideal for Cars, Trucks & SUVs', 'supplier_price': 4.04, 'amazon_price': 9.21, 'match_method': 'EAN', 'confidence': 'high', 'created_at': '2025-07-18T10:24:48.156817', 'supplier_url': 'https://www.poundwholesale.co.uk/goodyear-2-in-1-telescopic-handle-scraper'}, {'supplier_ean': '5055441427348', 'amazon_asin': 'B06XPVGMV8', 'supplier_title': 'Goodyear Portable Car Vacuum Cleaner 12V', 'amazon_title': 'Goodyear 12V DC Car/Van Cigarette Lighter Corded Vacuum Cleaner Powerful Suction', 'supplier_price': 5.72, 'amazon_price': 10.99, 'match_method': 'EAN', 'confidence': 'high', 'created_at': '2025-07-18T10:25:44.453432', 'supplier_url': 'https://www.poundwholesale.co.uk/goodyear-portable-car-vacuum-cleaner-12v'}, {'supplier_ean': '5055319517027', 'amazon_asin': 'B01EQ7TPJE', 'supplier_title': 'Rapide DP-60 Multipurpose Maintenance Spray 750ml', 'amazon_title': 'Maintenance Oil 750ml Spray Can (DP60)', 'supplier_price': 2.77, 'amazon_price': 6.95, 'match_method': 'EAN', 'confidence': 'high', 'created_at': '2025-07-18T10:26:39.185617', 'supplier_url': 'https://www.poundwholesale.co.uk/rapide-dp-60-multipurpose-maintenance-spray-750ml'}, {'supplier_ean': '5038673410708', 'amazon_asin': 'B0D1Y8TCDS', 'supplier_title': 'Car Air Fresheners Leaf Assorted CDU', 'amazon_title': 'Ikeda Car Fragrance: Hanging Car Air Freshener | 10ml Hanging Car Decoration | 45 Days Long Lasting Fragrance | With Clip | For Car Home | 1 Piece (10ml x 1 Piece, Coconut)', 'supplier_price': 0.33, 'amazon_price': None, 'match_method': 'EAN', 'confidence': 'high', 'created_at': '2025-07-18T10:26:52.496784', 'supplier_url': 'https://www.poundwholesale.co.uk/car-air-fresheners-leaf-assorted-cdu'}, {'supplier_ean': '5053249224053', 'amazon_asin': 'B0DMN8CMH8', 'supplier_title': 'Tango Car Air Freshener Assorted', 'amazon_title': '10/50/100PCS Custom LOGO Car Bulk Air Fresheners, Custom Air Fresheners for Car Bulk, Air Freshener with Photo, Double-Sided Personalised Photo and Text Car Air Fresheners (10Pcs Square)', 'supplier_price': 0.76, 'amazon_price': None, 'match_method': 'EAN', 'confidence': 'high', 'created_at': '2025-07-18T10:27:03.571134', 'supplier_url': 'https://www.poundwholesale.co.uk/tango-car-air-freshener-assorted'}, {'supplier_ean': '5050375051270', 'amazon_asin': 'B00BPN9Z2A', 'supplier_title': 'Car Pride Alloy Wheel Cleaning Brush', 'amazon_title': 'Car Pride ALLOY WHEEL BRUSH', 'supplier_price': 0.71, 'amazon_price': 3.95, 'match_method': 'EAN', 'confidence': 'high', 'created_at': '2025-07-18T10:27:53.467488', 'supplier_url': 'https://www.poundwholesale.co.uk/car-pride-alloy-wheel-cleaning-brush'}, {'supplier_ean': '5055319519250', 'amazon_asin': 'B01MT7OBIO', 'supplier_title': 'Auto Extreme Professional Clear Lacquer Spray 400ml', 'amazon_title': 'Auto Extreme Clear Lacquer Spray Paint 400ml', 'supplier_price': 1.82, 'amazon_price': 5.32, 'match_method': 'EAN', 'confidence': 'high', 'created_at': '2025-07-18T10:28:54.182013', 'supplier_url': 'https://www.poundwholesale.co.uk/auto-extreme-professional-clear-lacquer-spray-400ml'}, {'supplier_ean': '5055441446578', 'amazon_asin': 'B0993MX5GX', 'supplier_title': 'Goodyear Waterless Wash & Wax 750ml', 'amazon_title': 'GOODYEAR WATERLESS WASH N WAX SPRAY 750ML', 'supplier_price': 2.06, 'amazon_price': 5.93, 'match_method': 'EAN', 'confidence': 'high', 'created_at': '2025-07-18T10:29:47.233890', 'supplier_url': 'https://www.poundwholesale.co.uk/goodyear-waterless-wash-wax-750ml'}, {'supplier_ean': '5055319519113', 'amazon_asin': 'B07NJGQ85R', 'supplier_title': 'Auto Extreme Automotive Silver Spray Paint 250ml', 'amazon_title': 'Auto Extreme Auto Spray Paint Silver, 250 ml', 'supplier_price': 0.92, 'amazon_price': 4.1, 'match_method': 'EAN', 'confidence': 'high', 'created_at': '2025-07-18T10:30:42.274698', 'supplier_url': 'https://www.poundwholesale.co.uk/auto-extreme-automotive-silver-spray-paint-250ml'}, {'supplier_ean': '5055441452210', 'amazon_asin': 'B0DH8DT3MS', 'supplier_title': 'Goodyear Natural Leather Chamois Cloth Xl', 'amazon_title': 'Goodyear Xl Genuine Leather Chamois -natural Chamois, Super Absorbent, Streak, Scratch Free, With Greater Tolerance To Car Cleaners| Stays Soft When Drying| Ideal For Cleaning Of Interior And Exterior', 'supplier_price': 3.83, 'amazon_price': 5.99, 'match_method': 'EAN', 'confidence': 'high', 'created_at': '2025-07-18T10:31:39.934257', 'supplier_url': 'https://www.poundwholesale.co.uk/goodyear-natural-leather-chamois-cloth-xl'}, {'supplier_ean': '5050375045439', 'amazon_asin': 'B003L6U0NC', 'supplier_title': 'Car-Pride Microfibre Mitt 3 Assorted Colours', 'amazon_title': 'Car Pride Microfibre Magic Mitt - Dusts, Scrubs, Cleans and Polishes', 'supplier_price': 0.98, 'amazon_price': 4.34, 'match_method': 'EAN', 'confidence': 'high', 'created_at': '2025-07-18T10:32:54.935150', 'supplier_url': 'https://www.poundwholesale.co.uk/microfibre-mitt'}, {'supplier_ean': '5055441446516', 'amazon_asin': 'B0D9YH94ZQ', 'supplier_title': 'Goodyear Gloss Tyre Shine 750ml', 'amazon_title': 'Auto Xpert Slick Shine, Premium Tyre Dressing, Long Lasting Wet-Look Finish, Protects Against Water and Dust, Easy to Apply, All Weather Tyre Protection. (5 Litre)', 'supplier_price': 1.39, 'amazon_price': None, 'match_method': 'EAN', 'confidence': 'high', 'created_at': '2025-07-18T10:33:09.394012', 'supplier_url': 'https://www.poundwholesale.co.uk/goodyear-gloss-tyre-shine-750ml'}, {'supplier_ean': '5055441449166', 'amazon_asin': 'B0D11XP9V1', 'supplier_title': 'Goodyear Microfibre Buffing Cloth Large 40cm', 'amazon_title': 'Goodyear Microfibre Buffing Cloth I Specially designed microfibre cloth for polishing and buffing your vehicle | Showroom finish | Microfibre attract more dirt than normal cloth | Machine washable', 'supplier_price': 0.85, 'amazon_price': 1.99, 'match_method': 'EAN', 'confidence': 'high', 'created_at': '2025-07-18T10:34:04.595027', 'supplier_url': 'https://www.poundwholesale.co.uk/goodyear-microfibre-buffing-cloth-large-40cm'}, {'supplier_ean': '5055319529877', 'amazon_asin': 'B07Y1V1WMW', 'supplier_title': 'Rapide Copper Grease Spray 250ml', 'amazon_title': 'Rapide 300ml Copper Grease Aerosol Spray Lubricant Can Anti Seize Brake Pad Squeal Oil', 'supplier_price': 1.07, 'amazon_price': 4.95, 'match_method': 'EAN', 'confidence': 'high', 'created_at': '2025-07-18T10:34:58.176694', 'supplier_url': 'https://www.poundwholesale.co.uk/rapide-copper-grease-spray-250ml'}, {'supplier_ean': '5055441446752', 'amazon_asin': 'B0DJWDHG1Y', 'supplier_title': 'Goodyear Hydrophobic Polymer Formulation Wash & Wax 2.5l', 'amazon_title': 'Goodyear Wash And Wax Hydrophobic Polymer 2.5 Ltr | Leaves A Glossy Just Waxed Deep Protective Shine | Polymer-acrylic Polyethylene Copolymer Wax | Effectively Cleans Dirt And Grime From Your Vehicle', 'supplier_price': 3.05, 'amazon_price': 5.99, 'match_method': 'EAN', 'confidence': 'high', 'created_at': '2025-07-18T10:35:51.556162', 'supplier_url': 'https://www.poundwholesale.co.uk/goodyear-hydrophobic-polymer-formulation-wash-wax-2-5l'}, {'supplier_ean': '5055056731892', 'amazon_asin': 'B094HGXWJC', 'supplier_title': 'Guilty Pleasures Strawberry Doughnut 3D Car Air Freshener', 'amazon_title': 'GUILTY PLEASURES STRAWBERRY DOUGHNUT 3D CAR AIR FRESHENER', 'supplier_price': 0.38, 'amazon_price': 1.5, 'match_method': 'EAN', 'confidence': 'high', 'created_at': '2025-07-18T10:36:38.989576', 'supplier_url': 'https://www.poundwholesale.co.uk/guilty-pleasures-strawberry-doughnut-3d-car-air-freshener'}, {'supplier_ean': '5055319519236', 'amazon_asin': 'B07NJGT1BN', 'supplier_title': 'Auto Extreme Professional Grey Primer Spray Paint 400ml', 'amazon_title': 'Auto Extreme Auto Extreme Grey Primer, 400 ml', 'supplier_price': 1.82, 'amazon_price': 5.44, 'match_method': 'EAN', 'confidence': 'high', 'created_at': '2025-07-18T10:37:31.087578', 'supplier_url': 'https://www.poundwholesale.co.uk/auto-extreme-professional-grey-primer-spray-paint-400ml'}, {'supplier_ean': '5055441453309', 'amazon_asin': 'B094DFY8PC', 'supplier_title': 'Goodyear Anti-Smear Blue Screenwash 5L', 'amazon_title': 'Prestone', 'supplier_price': 2.7, 'amazon_price': None, 'match_method': 'EAN', 'confidence': 'high', 'created_at': '2025-07-18T10:37:44.323618', 'supplier_url': 'https://www.poundwholesale.co.uk/goodyear-anti-smear-blue-screenwash-5l'}, {'supplier_ean': '5055319558839', 'amazon_asin': 'B0CTCSZD1T', 'supplier_title': 'Auto Extreme Microfibre Wheel Wash Brush 46cm', 'amazon_title': 'Xtremeauto', 'supplier_price': 2.79, 'amazon_price': None, 'match_method': 'EAN', 'confidence': 'high', 'created_at': '2025-07-18T10:37:55.429624', 'supplier_url': 'https://www.poundwholesale.co.uk/auto-extreme-microfibre-wheel-wash-brush-46cm'}, {'supplier_ean': '5055319511995', 'amazon_asin': 'B09C44BVZY', 'supplier_title': 'Auto Extreme Professional Red Gloss Brake Caliper Spray Paint 400ml', 'amazon_title': 'Tailored Paint', 'supplier_price': 2.73, 'amazon_price': None, 'match_method': 'EAN', 'confidence': 'high', 'created_at': '2025-07-18T10:38:08.805743', 'supplier_url': 'https://www.poundwholesale.co.uk/auto-extreme-professional-red-gloss-brake-caliper-spray-paint-400ml'}, {'supplier_ean': '5055319519205', 'amazon_asin': 'B09DYZTY7G', 'supplier_title': 'Auto Extreme Professional Black Matt Spray Paint 400ml', 'amazon_title': 'Classic Signature - 1 x Auto Extreme Black Matt Spray Paint 400ml, Professional Quality, Perfect Finish for Cars, Bikes,Vans, Metal, Wood', 'supplier_price': 1.82, 'amazon_price': 6.89, 'match_method': 'EAN', 'confidence': 'high', 'created_at': '2025-07-18T10:38:58.185842', 'supplier_url': 'https://www.poundwholesale.co.uk/auto-extreme-professional-black-matt-spray-paint-400ml'}, {'supplier_ean': '5055319531818', 'amazon_asin': 'B000LD4V2E', 'supplier_title': 'Auto Extreme Professional Black Bumper & Trim Spray Paint 400ml', 'amazon_title': 'Hycote', 'supplier_price': 1.81, 'amazon_price': None, 'match_method': 'EAN', 'confidence': 'high', 'created_at': '2025-07-18T10:39:11.840698', 'supplier_url': 'https://www.poundwholesale.co.uk/auto-extreme-professional-black-bumper-trim-spray-paint-400ml'}, {'supplier_ean': '5053249226576', 'amazon_asin': 'B07CZHPQRY', 'supplier_title': '151 Super Maintenance Spray 200ml', 'amazon_title': '151 Products 2X Super Multipurpose Oil - 200ml, 20ml x 10, Bike Chain, Multipurpose, 0.26kg', 'supplier_price': 1.14, 'amazon_price': 5.28, 'match_method': 'EAN', 'confidence': 'high', 'created_at': '2025-07-18T10:40:10.708714', 'supplier_url': 'https://www.poundwholesale.co.uk/supermaintenance-spray-300ml'}, {'supplier_ean': '5050375083813', 'amazon_asin': 'B0DG2QVKZL', 'supplier_title': 'Car Pride Interior Clean & Shine 300ml', 'amazon_title': 'Hoover HF1 Plus Cordless Stick Vacuum Cleaner with Turbo Suction Mode, Up to 45 Min Runtime, LED Lights, Multi-Floor Nozzle, Anti Hair Wrap, Handheld Capability, 165w [HF1P10H]', 'supplier_price': 0.95, 'amazon_price': 99.0, 'match_method': 'EAN', 'confidence': 'high', 'created_at': '2025-07-18T10:41:15.031823', 'supplier_url': 'https://www.poundwholesale.co.uk/interior-clean-shine-300ml'}, {'supplier_ean': '5055319519120', 'amazon_asin': 'B07NJGQFPJ', 'supplier_title': 'Auto Extreme Automotive White Primer Spray Paint 250ml', 'amazon_title': 'Auto Extreme Auto Spray White Primer, 250 ml', 'supplier_price': 0.92, 'amazon_price': 5.19, 'match_method': 'EAN', 'confidence': 'high', 'created_at': '2025-07-18T10:42:08.243130', 'supplier_url': 'https://www.poundwholesale.co.uk/auto-extreme-automotive-white-primer-spray-paint-250ml'}, {'supplier_ean': '5055441449128', 'amazon_asin': 'B0DF3573G7', 'supplier_title': 'Goodyear Microfibre Wash & Dry Cloth Large 40cm', 'amazon_title': 'Goodyear Microfibre Wash and Dry Cloth Large Specially designed microfibre cloth for washing and drying your vehicle |Dual purpose |Microfibres attract more dirt than a normal cloth| Machine washable', 'supplier_price': 0.8, 'amazon_price': 5.03, 'match_method': 'EAN', 'confidence': 'high', 'created_at': '2025-07-18T10:42:56.491855', 'supplier_url': 'https://www.poundwholesale.co.uk/goodyear-microfibre-wash-dry-cloth-large-40cm'}, {'supplier_ean': '5050375084087', 'amazon_asin': 'B004V424UK', 'supplier_title': 'Car Pride Tyre Shine 300ml', 'amazon_title': '151 CAR VAN BIKE TYRE SHINE WET LOOK SPRAY BLACK', 'supplier_price': 0.93, 'amazon_price': 4.2, 'match_method': 'EAN', 'confidence': 'high', 'created_at': '2025-07-18T10:43:52.714822', 'supplier_url': 'https://www.poundwholesale.co.uk/tyre-shine-300ml'}, {'supplier_ean': '5052578042604', 'amazon_asin': 'B089P24HXC', 'supplier_title': 'Bettina Natural Chamois Leather Cloth 30cm X 30cm', 'amazon_title': 'CarMax® English Premium Grade Natural Chamois Leather - Large - Perfect for drying off the whole car, glass, mirrors, inside and out, super soft and highly absorbent, Made in the UK', 'supplier_price': 0.91, 'amazon_price': None, 'match_method': 'EAN', 'confidence': 'high', 'created_at': '2025-07-18T10:44:06.608980', 'supplier_url': 'https://www.poundwholesale.co.uk/bettina-chamois-leather-cloth'}, {'supplier_ean': '5055319512008', 'amazon_asin': 'B0D6N5WJK2', 'supplier_title': 'Auto Extreme Professional Yellow Gloss Brake Caliper Spray Paint 400ml', 'amazon_title': 'AX PRO Break Caliper Spray Yellow Gloss 400ml', 'supplier_price': 2.73, 'amazon_price': 4.87, 'match_method': 'EAN', 'confidence': 'high', 'created_at': '2025-07-18T10:44:49.215843', 'supplier_url': 'https://www.poundwholesale.co.uk/auto-extreme-professional-yellow-gloss-brake-caliper-spray-paint-400ml'}, {'supplier_ean': '5055441452173', 'amazon_asin': 'B0DF358GFW', 'supplier_title': 'Goodyear Microfibre Window Cloth Large 40cm X 40cm', 'amazon_title': 'Goodyear microfibre Window Cloth I Designed Microfiber Cloth for windscreens, windows and mirrors| Statically charged cleaning| Leaves lint free finish| Ideal for effective cleaning of glass surfaces', 'supplier_price': 1.06, 'amazon_price': 1.99, 'match_method': 'EAN', 'confidence': 'high', 'created_at': '2025-07-18T10:45:39.365206', 'supplier_url': 'https://www.poundwholesale.co.uk/goodyear-microfibre-window-cloth-large-40cm-x-40cm'}, {'supplier_ean': '5052578414708', 'amazon_asin': 'B0BG8HY6NL', 'supplier_title': 'Bettina Giant Car Sponge', 'amazon_title': 'Xtremeauto', 'supplier_price': 0.87, 'amazon_price': None, 'match_method': 'EAN', 'confidence': 'high', 'created_at': '2025-07-18T10:45:52.603673', 'supplier_url': 'https://www.poundwholesale.co.uk/bettina-giant-car-sponge'}, {'supplier_ean': '5050375083967', 'amazon_asin': 'B004V423RY', 'supplier_title': 'Car Pride Window & Mirror Cleaner 300ml', 'amazon_title': 'WINDOW MIRROR GLASS CERAMIC CLEANER - NON SMEAR', 'supplier_price': 0.97, 'amazon_price': 4.45, 'match_method': 'EAN_cached', 'confidence': 'low', 'created_at': '2025-07-18T10:45:52.672388', 'supplier_url': 'https://www.poundwholesale.co.uk/window-mirror-cleaner-300ml'}, {'supplier_ean': '5055441444536', 'amazon_asin': 'B0DF33XNMX', 'supplier_title': 'Goodyear Luxury Deep Pile Microfibre 2-In-1 Valet Cloth 45cm X 38cm', 'amazon_title': 'Goodyear Luxury Valet Cloth Large Deep pile for absorbency| For showroom perfect finish |2 in 1 luxury car cloth| Microfibre technology| Cleaning fibre| Satin safety edging protects against scratching', 'supplier_price': 3.02, 'amazon_price': 7.0, 'match_method': 'EAN', 'confidence': 'high', 'created_at': '2025-07-18T10:46:44.263284', 'supplier_url': 'https://www.poundwholesale.co.uk/goodyear-luxury-deep-pile-microfibre-2-in-1-valet-cloth-45cm-x-38cm'}, {'supplier_ean': '5055441446554', 'amazon_asin': 'B0DJWFVY3H', 'supplier_title': 'Goodyear Snow Foam Pre-Wash Shampoo 1l', 'amazon_title': 'Goodyear 1L Snow Foam Cherry Scent Pressure Washer Or Foam Lancer | Covers The Vehicle In A Rich Blanket Of Foam | Gently Loosen Dirt & Heavy Soiling | More Concentrated Solution The Thicker The Foam', 'supplier_price': 2.54, 'amazon_price': 7.99, 'match_method': 'EAN', 'confidence': 'high', 'created_at': '2025-07-18T10:47:33.544513', 'supplier_url': 'https://www.poundwholesale.co.uk/goodyear-cherry-snow-form-pre-wash-shampoo-1l'}, {'supplier_ean': '5055319519021', 'amazon_asin': 'B09FLXRC5F', 'supplier_title': 'Auto Extreme Automotive White Gloss Spray Paint 250ml', 'amazon_title': 'Classic Signature - 1 x Auto Extreme White Gloss Spray Paint 250ml Professional Quality, Perfect Finish for Cars, Bikes,Vans, Metal, Wood', 'supplier_price': 0.92, 'amazon_price': 5.47, 'match_method': 'EAN', 'confidence': 'high', 'created_at': '2025-07-18T10:48:41.581930', 'supplier_url': 'https://www.poundwholesale.co.uk/auto-extreme-automotive-white-gloss-spray-paint-250ml'}, {'supplier_ean': '5055319519274', 'amazon_asin': 'B09F9MVQS1', 'supplier_title': 'Auto Extreme Professional Blue Gloss Spray Paint 400ml', 'amazon_title': 'Classic Signature - 1 x Auto Extreme Blue Gloss Spray Paint 400ml, Professional Quality, Perfect Finish for Cars, Bikes,Vans, Metal, Wood', 'supplier_price': 1.82, 'amazon_price': 6.89, 'match_method': 'EAN', 'confidence': 'high', 'created_at': '2025-07-18T10:49:36.222143', 'supplier_url': 'https://www.poundwholesale.co.uk/auto-extreme-professional-blue-gloss-spray-paint-400ml'}, {'supplier_ean': '5050375127340', 'amazon_asin': 'B076DD8QMP', 'supplier_title': 'Tango Car Air Freshener CDU Assorted Fragrances', 'amazon_title': 'Tango Liquid Car Air Freshener 4pk - Cherry Orange Apple & Lemon', 'supplier_price': 0.74, 'amazon_price': 5.49, 'match_method': 'EAN', 'confidence': 'high', 'created_at': '2025-07-18T10:50:21.970905', 'supplier_url': 'https://www.poundwholesale.co.uk/tango-car-air-freshener-cdu-assorted-fragrances'}, {'supplier_ean': '5055319519243', 'amazon_asin': 'B07NJHJC44', 'supplier_title': 'Auto Extreme Professional Silver Wheel Spray Paint 400ml', 'amazon_title': 'Auto Extreme Silver Wheel, 400 ml', 'supplier_price': 1.82, 'amazon_price': 5.5, 'match_method': 'EAN', 'confidence': 'high', 'created_at': '2025-07-18T10:51:15.720754', 'supplier_url': 'https://www.poundwholesale.co.uk/auto-extreme-professional-silver-wheel-spray-paint-400ml'}, {'supplier_ean': '5055319530798', 'amazon_asin': 'B0BZQ9D3SS', 'supplier_title': 'Auto Extreme Ocean Breeze In-Car Fragrance Air Freshener Spray 100ml', 'amazon_title': 'Car Air Freshener for Men with Vent Clip | Strong Perfume Automotive Air Freshener | Odour Eliminating Technology with Vent Clip | Car Air Fresheners by Perfa', 'supplier_price': 0.65, 'amazon_price': None, 'match_method': 'EAN', 'confidence': 'high', 'created_at': '2025-07-18T10:51:27.401020', 'supplier_url': 'https://www.poundwholesale.co.uk/auto-extreme-ocean-breeze-in-car-fragrance-air-freshener-spray-100ml'}, {'supplier_ean': '5052578047807', 'amazon_asin': 'B0FB44TV8Y', 'supplier_title': 'Bettina Microfibre Ultra Buff Car Cloths 3pc', 'amazon_title': 'Towelogy', 'supplier_price': 1.79, 'amazon_price': None, 'match_method': 'EAN', 'confidence': 'high', 'created_at': '2025-07-18T10:51:38.488644', 'supplier_url': 'https://www.poundwholesale.co.uk/bettina-microfibre-ultra-buff-car-cloths-3pc'}, {'supplier_ean': '5055441446714', 'amazon_asin': 'B0DFPVL488', 'supplier_title': 'Goodyear Silicone Window Squeegee 30cm', 'amazon_title': 'Goodyear Silicone Window Squeegee Ideal For Car Bodywork, Showers, Windows And Other Smooth Surfaces| Soft Silicone Blade| Removes 95% Of Standing Water| V-shaped Grip| Reusable And Long Lasting', 'supplier_price': 1.99, 'amazon_price': 3.99, 'match_method': 'EAN', 'confidence': 'high', 'created_at': '2025-07-18T10:52:28.920921', 'supplier_url': 'https://www.poundwholesale.co.uk/goodyear-silicone-window-squeegee-30cm'}, {'supplier_ean': '5055319528030', 'amazon_asin': 'B0DJM5VWR6', 'supplier_title': 'Rapide DP-60 Penetrating Maintenance Spray 100ml CDU', 'amazon_title': 'PNJB', 'supplier_price': 0.79, 'amazon_price': None, 'match_method': 'EAN', 'confidence': 'high', 'created_at': '2025-07-18T10:52:43.308895', 'supplier_url': 'https://www.poundwholesale.co.uk/rapide-dp-60-penetrating-maintenance-spray-100ml-cdu'}, {'supplier_ean': '5052578047708', 'amazon_asin': 'B09D7HXXXT', 'supplier_title': 'Bettina Assorted Microfibre Car Rags Bag', 'amazon_title': 'MR.SIGA', 'supplier_price': 1.79, 'amazon_price': None, 'match_method': 'EAN', 'confidence': 'high', 'created_at': '2025-07-18T10:52:56.953180', 'supplier_url': 'https://www.poundwholesale.co.uk/bettina-assorted-microfibre-car-rags-bag'}, {'supplier_ean': '8008990001061', 'amazon_asin': 'B00BFXBBHM', 'supplier_title': 'Classic Professional Car Sponge 15cm X 11cm X 5.5cm', 'amazon_title': 'Générique Auto Care – Wash Synthetic Sponge Pro Classic', 'supplier_price': 0.62, 'amazon_price': 3.89, 'match_method': 'EAN', 'confidence': 'high', 'created_at': '2025-07-18T10:53:42.902436', 'supplier_url': 'https://www.poundwholesale.co.uk/classic-professional-car-sponge-15cm-x-11cm-x-5-5cm'}, {'supplier_ean': '5055319529891', 'amazon_asin': 'B0CXN6VDPT', 'supplier_title': 'Rapide Multi Lube Oil Spray 250ml', 'amazon_title': 'Multi Lube Oil Spray High Performance Lubricates Cleans Prevents Rust - 300ml', 'supplier_price': 1.07, 'amazon_price': 5.49, 'match_method': 'EAN', 'confidence': 'high', 'created_at': '2025-07-18T10:54:33.090475', 'supplier_url': 'https://www.poundwholesale.co.uk/rapide-multi-lube-oil-spray-250ml'}, {'supplier_ean': '5055319599559', 'amazon_asin': 'B07NJGVPVQ', 'supplier_title': 'Auto Extreme Professional Chrome Effect Spray Paint 400ml', 'amazon_title': 'Auto Extreme Auto Spray Chrome, 400 ml', 'supplier_price': 2.03, 'amazon_price': 4.99, 'match_method': 'EAN', 'confidence': 'high', 'created_at': '2025-07-18T10:55:42.978833', 'supplier_url': 'https://www.poundwholesale.co.uk/auto-extreme-professional-chrome-effect-spray-paint-400ml'}, {'supplier_ean': '5053249228563', 'amazon_asin': 'B07R97BMMC', 'supplier_title': 'Carpride Alloy Wheel Spray Paint Matt Black', 'amazon_title': 'Car Pride 400ml High Grade Car Alloy Wheel Matt Black Fantastic Finish Surface Aerosol Spray Paint Can', 'supplier_price': 1.67, 'amazon_price': 5.69, 'match_method': 'EAN', 'confidence': 'high', 'created_at': '2025-07-18T10:56:35.936258', 'supplier_url': 'https://www.poundwholesale.co.uk/carpride-alloy-wheel-spray-paint-matt-black'}, {'supplier_ean': '5055319519045', 'amazon_asin': 'B07NJFYFZR', 'supplier_title': 'Auto Extreme Silver Wheel Spray Paint 250ml', 'amazon_title': 'Auto Extreme Auto Spray Silver Wheel, 250 ml', 'supplier_price': 0.92, 'amazon_price': 4.5, 'match_method': 'EAN', 'confidence': 'high', 'created_at': '2025-07-18T10:57:32.469691', 'supplier_url': 'https://www.poundwholesale.co.uk/auto-extreme-silver-wheel-spray-paint-250ml'}, {'supplier_ean': '5055319519212', 'amazon_asin': 'B09DYXN6YF', 'supplier_title': 'Auto Extreme Professional Black Gloss Spray Paint 400ml', 'amazon_title': 'Classic Signature - 1 x Auto Extreme Black Gloss Spray Paint 400ml, Professional Quality, Perfect Finish for Cars, Bikes,Vans, Metal, Wood', 'supplier_price': 1.82, 'amazon_price': 6.89, 'match_method': 'EAN', 'confidence': 'high', 'created_at': '2025-07-18T10:58:29.850682', 'supplier_url': 'https://www.poundwholesale.co.uk/auto-extreme-professional-black-gloss-spray-paint-400ml'}, {'supplier_ean': '5056170362405', 'amazon_asin': 'B006UCJ5NU', 'supplier_title': 'Bloc Multipurpose Penetrating Maintenance Spray 250ml', 'amazon_title': 'WD-40 Specialist', 'supplier_price': 1.03, 'amazon_price': None, 'match_method': 'EAN', 'confidence': 'high', 'created_at': '2025-07-18T10:58:41.438173', 'supplier_url': 'https://www.poundwholesale.co.uk/bloc-multipurpose-penetrating-maintenance-spray-250ml'}, {'supplier_ean': '5055319519106', 'amazon_asin': 'B09FLX734G', 'supplier_title': 'Auto Extreme Automotive Black Satin Spray Paint 250ml', 'amazon_title': 'Classic Signature - 1 x Black Satin Auto Extreme Spray Paint 250ml Professional Quality, Perfect Finish for Cars, Bikes,Vans, Metal, Wood', 'supplier_price': 0.92, 'amazon_price': 5.47, 'match_method': 'EAN', 'confidence': 'high', 'created_at': '2025-07-18T10:59:37.654163', 'supplier_url': 'https://www.poundwholesale.co.uk/auto-extreme-automotive-black-satin-spray-paint-250ml'}, {'supplier_ean': '5053249248677', 'amazon_asin': 'B000LD4V2E', 'supplier_title': 'Car Pride Black Gloss Spray Paint 400ml', 'amazon_title': 'Hycote', 'supplier_price': 1.73, 'amazon_price': None, 'match_method': 'EAN', 'confidence': 'high', 'created_at': '2025-07-18T10:59:51.150021', 'supplier_url': 'https://www.poundwholesale.co.uk/car-pride-black-gloss-spray-paint-400ml'}, {'supplier_ean': '5050375064300', 'amazon_asin': 'B01M0JVPJD', 'supplier_title': 'Car-Pride Quick Fix Tyre Repair 300ml', 'amazon_title': '2 X QUICK FIX CAR EMERGENCY FLAT TYRE INFLATE PUNCTURE REPAIR KIT', 'supplier_price': 1.77, 'amazon_price': 7.74, 'match_method': 'EAN', 'confidence': 'high', 'created_at': '2025-07-18T11:00:47.582374', 'supplier_url': 'https://www.poundwholesale.co.uk/quick-fix-tyre-repair'}, {'supplier_ean': '5055441446530', 'amazon_asin': 'B0993N1H9T', 'supplier_title': 'Goodyear Car Cockpit Cleaner 750ml', 'amazon_title': 'Goodyear Cockpit Cleaner 750ml- Effectively Cleans Dirt, Dust And Grime From the Dashboard And Surroundings| Protects Against Water And Dust Helping to Leave a Showroom Shine| Spray Weight 820g', 'supplier_price': 1.39, 'amazon_price': 5.13, 'match_method': 'EAN', 'confidence': 'high', 'created_at': '2025-07-18T11:01:48.222908', 'supplier_url': 'https://www.poundwholesale.co.uk/goodyear-cherry-scent-car-cockpit-cleaner-750ml'}, {'supplier_ean': '5055319519281', 'amazon_asin': 'B07NJGV658', 'supplier_title': 'Auto Extreme Professional Yellow Gloss Spray Paint 400ml', 'amazon_title': 'Auto Extreme Auto Extreme Yellow, 400 ml', 'supplier_price': 1.96, 'amazon_price': 5.49, 'match_method': 'EAN', 'confidence': 'high', 'created_at': '2025-07-18T11:02:38.788885', 'supplier_url': 'https://www.poundwholesale.co.uk/auto-extreme-professional-yellow-gloss-spray-paint-400ml'}, {'supplier_ean': '5056175980970', 'amazon_asin': 'B095HTD46T', 'supplier_title': 'Auto Extras Jar Candle Air Freshener 3 Pack Assorted', 'amazon_title': 'CRISTALINAS', 'supplier_price': 0.54, 'amazon_price': None, 'match_method': 'EAN', 'confidence': 'high', 'created_at': '2025-07-18T11:02:51.951099', 'supplier_url': 'https://www.poundwholesale.co.uk/auto-extras-jar-candle-air-freshener-3-pack-assorted'}, {'supplier_ean': '5055319529914', 'amazon_asin': 'B07XZF187M', 'supplier_title': 'Rapide PTFE Lubricant Spray 250ml', 'amazon_title': 'Rapide 300ml PTFE Grease Aerosol Spray Lubricant Can Chains Belts Cables Oil', 'supplier_price': 1.07, 'amazon_price': 4.99, 'match_method': 'EAN', 'confidence': 'high', 'created_at': '2025-07-18T11:03:38.329354', 'supplier_url': 'https://www.poundwholesale.co.uk/rapide-ptfe-lubricant-spray-250ml'}, {'supplier_ean': '5055441449203', 'amazon_asin': 'B0D12237Y2', 'supplier_title': 'Goodyear Expanding Car Cleaning Sponge', 'amazon_title': 'Goodyear Tyre and Wheel Deep Cleaning Multi-Purpose Brush | Ideal for Vehicle Tyres | Ergonomic L-Style Handle | Wide Curved Brush Head Covers Larger Surface | Removes Dirt and Grime', 'supplier_price': 0.72, 'amazon_price': 0.99, 'match_method': 'EAN', 'confidence': 'high', 'created_at': '2025-07-18T11:04:31.759859', 'supplier_url': 'https://www.poundwholesale.co.uk/goodyear-expanding-car-cleaning-sponge'}, {'supplier_ean': '5053249229768', 'amazon_asin': 'B0BZQ8C6CS', 'supplier_title': 'Chupa Chups Car Air Fresheners CDU Assorted Fragrances', 'amazon_title': 'One Million Car Air Freshener for Men | Strong Perfume Automotive Freshener | Odour Eliminating Technology with Vent Clip | Long Lasting Car Air Freshener by Perfa', 'supplier_price': 0.87, 'amazon_price': None, 'match_method': 'EAN', 'confidence': 'high', 'created_at': '2025-07-18T11:04:43.364574', 'supplier_url': 'https://www.poundwholesale.co.uk/chupa-chups-car-air-fresheners-cdu-assorted-fragrances'}, {'supplier_ean': '5050375002197', 'amazon_asin': 'B01MQHS127', 'supplier_title': 'Car Pride Stitched Natural Chamois Leather', 'amazon_title': '151 NATURAL CHAMOIS LEATHER', 'supplier_price': 0.85, 'amazon_price': 3.19, 'match_method': 'EAN', 'confidence': 'high', 'created_at': '2025-07-18T11:06:00.876295', 'supplier_url': 'https://www.poundwholesale.co.uk/stitched-natural-chamois-leather'}, {'supplier_ean': '5055441446431', 'amazon_asin': 'B0992QG9QK', 'supplier_title': 'Goodyear Instant Valet Upholstery Cleaner 750ml', 'amazon_title': 'GOODYEAR INSTANT VALET UPHOLSTERY CLEANER SPRAY 750ML', 'supplier_price': 1.4, 'amazon_price': 5.27, 'match_method': 'EAN', 'confidence': 'high', 'created_at': '2025-07-18T11:06:52.375016', 'supplier_url': 'https://www.poundwholesale.co.uk/goodyear-instant-valet-upholstery-cleaner-750ml'}, {'supplier_ean': '5053249245751', 'amazon_asin': 'B0BLL3XTRB', 'supplier_title': 'Car Pride Clean & Dry Microfibre Cloth', 'amazon_title': 'CARPRIDE® Clean and Dry Microfibre Cloth | For Car Exterior and Interior | 30 x 30 cm | Brown', 'supplier_price': 0.76, 'amazon_price': 2.95, 'match_method': 'EAN', 'confidence': 'high', 'created_at': '2025-07-18T11:07:43.161406', 'supplier_url': 'https://www.poundwholesale.co.uk/car-pride-clean-dry-microfibre-cloth'}, {'supplier_ean': '8008990001047', 'amazon_asin': 'B0DJFRHQ3H', 'supplier_title': 'Flash Car Synthetic Chamois Large', 'amazon_title': 'FLASH', 'supplier_price': 1.42, 'amazon_price': None, 'match_method': 'EAN', 'confidence': 'high', 'created_at': '2025-07-18T11:08:10.161535', 'supplier_url': 'https://www.poundwholesale.co.uk/flash-car-synthetic-chamois-large'}, {'supplier_ean': '5050375084148', 'amazon_asin': 'B07FRGHHQR', 'supplier_title': 'Car Pride Black Pack 300ml', 'amazon_title': 'Car Pride Black Pack Spray For Plastic Bumper & Exterior Trim Restorer 300ml', 'supplier_price': 0.93, 'amazon_price': 4.49, 'match_method': 'EAN_cached', 'confidence': 'low', 'created_at': '2025-07-18T11:08:10.231134', 'supplier_url': 'https://www.poundwholesale.co.uk/black-pack-300ml'}, {'supplier_ean': '5055319519311', 'amazon_asin': 'B07NJH9XCY', 'supplier_title': 'Auto Extreme Professional Racing Green Gloss Spray Paint 400ml', 'amazon_title': 'Auto Extreme Racing Green, 400 ml', 'supplier_price': 1.96, 'amazon_price': 5.65, 'match_method': 'EAN', 'confidence': 'high', 'created_at': '2025-07-18T11:09:04.876820', 'supplier_url': 'https://www.poundwholesale.co.uk/auto-extreme-professional-racing-green-gloss-spray-paint-400ml'}, {'supplier_ean': '5055319519137', 'amazon_asin': 'B07NJFXL6R', 'supplier_title': 'Auto Extreme Red Primer Spray Paint 250ml', 'amazon_title': 'Auto Extreme Auto Spray Red Primer, 250 ml', 'supplier_price': 0.92, 'amazon_price': 4.35, 'match_method': 'EAN', 'confidence': 'high', 'created_at': '2025-07-18T11:09:55.460107', 'supplier_url': 'https://www.poundwholesale.co.uk/mean-machine-auto-spray-red-primer-250ml'}, {'supplier_ean': '5038673050010', 'amazon_asin': 'B0FC6D5VDG', 'supplier_title': 'Portable Wet & Dry Auto Vacuum Cleaner', 'amazon_title': 'HYCHIKA 3 in 1 Wet and Dry Vacuum Cleaner, Power: 1200 W, 20 L Stainless Steel Tank, 6 M+ Cleaning Range (2.5 M Power Cores + 3.5 M Soft & Hard Hose), for Garden Outdoor Floor Sofa Cleaning', 'supplier_price': 10.18, 'amazon_price': None, 'match_method': 'EAN', 'confidence': 'high', 'created_at': '2025-07-18T11:10:08.518609', 'supplier_url': 'https://www.poundwholesale.co.uk/portable-wet-dry-auto-vacuum-cleaner'}, {'supplier_ean': '5052578034708', 'amazon_asin': 'B0CKTH6LDT', 'supplier_title': 'Bettina Microfibre Car Cloths 2 Pack', 'amazon_title': 'CarMax® - Original Twisted Loop Car Drying Towel - Double-Sided XXL - 90cm x 60cm 1400gsm Microfibre Towel for fast streak-free drying and detailing.', 'supplier_price': 0.79, 'amazon_price': 17.99, 'match_method': 'EAN_cached', 'confidence': 'low', 'created_at': '2025-07-18T11:10:08.580003', 'supplier_url': 'https://www.poundwholesale.co.uk/3pc-micro-fibre-car-cloths-highly-effective-wet-or-dry'}, {'supplier_ean': '5055441449142', 'amazon_asin': 'B0DF343YX8', 'supplier_title': 'Goodyear Microfibre Dusting Cloth Large 60cm X 40cm', 'amazon_title': 'Goodyear Microfibre Dusting Cloth I Specially designed microfibre cloth for windscreens, windows and mirrors | Statically charged cleaning fibres attract dust | Leaves a lint free finish | 60m x 40cm', 'supplier_price': 0.85, 'amazon_price': 1.99, 'match_method': 'EAN', 'confidence': 'high', 'created_at': '2025-07-18T11:10:57.177704', 'supplier_url': 'https://www.poundwholesale.co.uk/goodyear-microfibre-dusting-cloth-large-60cm-x-40cm'}, {'supplier_ean': '5055441449180', 'amazon_asin': 'B0D3JDFZJC', 'supplier_title': 'Goodyear Microfibre Car Cloth Set 4 Pack', 'amazon_title': 'Goodyear 4PC Microfibre Cloth Set- microfibre cloths for cleaning your vehicle | Cleaning fibres attract dust | Showroom finish | Machine washable | Dashboard, Buffing, Window cloth | Wash and drying', 'supplier_price': 2.59, 'amazon_price': 4.99, 'match_method': 'EAN', 'confidence': 'high', 'created_at': '2025-07-18T11:11:46.340949', 'supplier_url': 'https://www.poundwholesale.co.uk/goodyear-microfibre-car-cloth-set-4-pack'}, {'supplier_ean': '5055441449104', 'amazon_asin': 'B0DH8C367V', 'supplier_title': 'Goodyear Synthetic Chamois Cloth', 'amazon_title': 'Goodyear Synthetic Chamois -natural Chamois, Super Absorbent, Streak And Scratch Free, With A Greater Tolerance To Modern Car Cleaners| Stays Soft When Drying| Extra Large 72cm x 50cm|Machine Washable', 'supplier_price': 1.9, 'amazon_price': 2.99, 'match_method': 'EAN', 'confidence': 'high', 'created_at': '2025-07-18T11:12:43.381337', 'supplier_url': 'https://www.poundwholesale.co.uk/goodyear-synthetic-chamois-cloth'}, {'supplier_ean': '5055319530736', 'amazon_asin': 'B084VTS1NV', 'supplier_title': 'Auto Extreme Fresh Linen In-Car Fragrance Air Freshener Spray 100ml', 'amazon_title': 'Air Freshener Spray Concentrated Long Lasting Oil Based (New Car)', 'supplier_price': 0.65, 'amazon_price': None, 'match_method': 'EAN', 'confidence': 'high', 'created_at': '2025-07-18T11:12:55.532920', 'supplier_url': 'https://www.poundwholesale.co.uk/auto-extreme-fresh-linen-in-car-fragrance-air-freshener-spray-100ml'}, {'supplier_ean': '5055319519076', 'amazon_asin': 'B09FLX3QXD', 'supplier_title': 'Auto Extreme Automotive Red Gloss Spray Paint 250ml', 'amazon_title': 'Classic Signature - 1 x Auto Extreme Red Gloss Spray Paint 250ml, Professional Quality, Perfect Finish for Cars, Bikes,Vans, Metal, Wood', 'supplier_price': 0.92, 'amazon_price': 5.47, 'match_method': 'EAN', 'confidence': 'high', 'created_at': '2025-07-18T11:13:48.220197', 'supplier_url': 'https://www.poundwholesale.co.uk/auto-extreme-automotive-red-gloss-spray-paint-250ml'}, {'supplier_ean': '5050375003620', 'amazon_asin': 'B0DG2QVKZL', 'supplier_title': 'Car Pride Luxury Natural Chamois Leather', 'amazon_title': 'Hoover HF1 Plus Cordless Stick Vacuum Cleaner with Turbo Suction Mode, Up to 45 Min Runtime, LED Lights, Multi-Floor Nozzle, Anti Hair Wrap, Handheld Capability, 165w [HF1P10H]', 'supplier_price': 1.41, 'amazon_price': 99.0, 'match_method': 'EAN', 'confidence': 'high', 'created_at': '2025-07-18T11:14:56.832846', 'supplier_url': 'https://www.poundwholesale.co.uk/car-pride-luxury-natural-chamois-leather'}, {'supplier_ean': '00994743', 'amazon_asin': 'B0CCVFJ94Z', 'supplier_title': 'Wilko Ready To Use Screenwash 5l', 'amazon_title': 'Rain-X', 'supplier_price': 1.42, 'amazon_price': None, 'match_method': 'EAN', 'confidence': 'high', 'created_at': '2025-07-18T11:15:10.531582', 'supplier_url': 'https://www.poundwholesale.co.uk/wilko-ready-to-use-screenwash-5l'}, {'supplier_ean': '5055319556668', 'amazon_asin': 'B0BC1D6KPG', 'supplier_title': 'Auto Extreme Car Upholstery Brush 14cm X 6.5cm', 'amazon_title': '15° Curved Car Cleaning Brush with Telescopic Handle 43" Aluminum Alloy Long Rod Wash Mop For Washing Caravan Van Truck Boat RV Roof Soft Chenille Head Duster Clean Product Not Hurt Paint Scratch Free', 'supplier_price': 0.97, 'amazon_price': None, 'match_method': 'EAN', 'confidence': 'high', 'created_at': '2025-07-18T11:15:22.281479', 'supplier_url': 'https://www.poundwholesale.co.uk/auto-extreme-car-upholstery-brush-14cm-x-6-5cm'}, {'supplier_ean': '5050375083783', 'amazon_asin': 'B00A3T5F2G', 'supplier_title': 'Car Pride Instant Valet 300ml', 'amazon_title': 'Carpride Instant Valet Aerosol Spray 300ml', 'supplier_price': 0.97, 'amazon_price': 4.09, 'match_method': 'EAN_cached', 'confidence': 'low', 'created_at': '2025-07-18T11:15:22.357739', 'supplier_url': 'https://www.poundwholesale.co.uk/instant-valet-300ml'}, {'supplier_ean': '5055319512213', 'amazon_asin': 'B0F9329VCL', 'supplier_title': 'Auto Extreme Car Air Freshener Assorted Fragrances Clip Strip', 'amazon_title': 'Automizer - Creed Car Air Freshener for Men - Smart Car Air Freshener Diffuser Aventus Inspired Automatic On/Off Refillable Air Freshner, Gifts for Men/Women', 'supplier_price': 0.27, 'amazon_price': None, 'match_method': 'EAN', 'confidence': 'high', 'created_at': '2025-07-18T11:15:36.157612', 'supplier_url': 'https://www.poundwholesale.co.uk/auto-extreme-car-air-freshener-assorted-fragrances-clip-strip'}, {'supplier_ean': '5053249256832', 'amazon_asin': 'B0D2HLTZ4Q', 'supplier_title': 'Car Pride All Seasons Screen Wash Tablets 2pc', 'amazon_title': 'Screenwash Tablets For Cars, 100 Pcs Car Windshield Wash Tablets, Concentrated Screenwash Washer Fluid Car Window Cleaning Tablets for Metal, Plastic, Window Glass, Look Completely New', 'supplier_price': 0.74, 'amazon_price': None, 'match_method': 'EAN', 'confidence': 'high', 'created_at': '2025-07-18T11:15:50.415052', 'supplier_url': 'https://www.poundwholesale.co.uk/car-pride-all-seasons-screen-wash-tablets-2pc'}, {'supplier_ean': '5055056731861', 'amazon_asin': 'B09LHF2V7G', 'supplier_title': 'Guilty Pleasures Chocolate Chip Cookie 3D Car Air Freshener', 'amazon_title': 'Guilty Pleasures 3D Choc Cookie CAR FRESHENER', 'supplier_price': 0.38, 'amazon_price': 3.99, 'match_method': 'EAN', 'confidence': 'high', 'created_at': '2025-07-18T11:16:51.336470', 'supplier_url': 'https://www.poundwholesale.co.uk/guilty-pleasures-chocolate-chip-cookie-3d-air-freshener'}, {'supplier_ean': '5055441446479', 'amazon_asin': 'B0993YCZWB', 'supplier_title': 'Goodyear Fresh Fragrance Glass & Mirror Cleaner 750ml', 'amazon_title': 'Goodyear Glass & Mirror Cleaner 750ml - For a streak-free finish | Effective cleaner for car windscreens, side window, wing mirrors & rear view mirror | Suitable for rain sensor and acrylic windows', 'supplier_price': 1.36, 'amazon_price': 5.74, 'match_method': 'EAN', 'confidence': 'high', 'created_at': '2025-07-18T11:18:10.194551', 'supplier_url': 'https://www.poundwholesale.co.uk/goodyear-fresh-fragrance-glass-mirror-cleaner-750ml'}, {'supplier_ean': '5055441446455', 'amazon_asin': 'B0993N4XMC', 'supplier_title': 'Goodyear Back-To-Black Bumper & Trim Plastic Restorer 750ml', 'amazon_title': 'Goodyear Bumper and Trim Restorer 750ml-back to Black| Helps Bumper and Trim Plastic Look Like New| Restores, Protects and Shines| Long Lasting Gloss Finish| Suitable for All Exterior Plastics', 'supplier_price': 1.4, 'amazon_price': 4.89, 'match_method': 'EAN', 'confidence': 'high', 'created_at': '2025-07-18T11:19:05.192693', 'supplier_url': 'https://www.poundwholesale.co.uk/goodyear-black-bumper-trim-plastic-restorer-750ml'}, {'supplier_ean': '5015302400262', 'amazon_asin': 'B0B4R5265Z', 'supplier_title': 'Coco & Gray Assorted Colour Synthetic Chamois Cloths 3 Pack', 'amazon_title': 'Airlab', 'supplier_price': 0.64, 'amazon_price': None, 'match_method': 'EAN', 'confidence': 'high', 'created_at': '2025-07-18T11:19:19.017457', 'supplier_url': 'https://www.poundwholesale.co.uk/royle-shammy-pack-3'}, {'supplier_ean': '5055319519304', 'amazon_asin': 'B09F9N1DW9', 'supplier_title': 'Auto Extreme Professional Silver Body Spray Paint 400ml', 'amazon_title': 'Classic Signature - 1 x Auto Extreme Silver Body Spray Paint 400ml Professional Quality, Perfect Finish for Cars, Bikes,Vans, Metal, Wood', 'supplier_price': 1.82, 'amazon_price': 6.89, 'match_method': 'EAN', 'confidence': 'high', 'created_at': '2025-07-18T11:20:10.249623', 'supplier_url': 'https://www.poundwholesale.co.uk/auto-extreme-professional-silver-body-spray-paint-400ml'}, {'supplier_ean': '5053249200743', 'amazon_asin': 'B0DY5MX94X', 'supplier_title': 'Tango Card Car Air Freshener 2 Pack CDU Assorted Fragrances', 'amazon_title': 'Luxury Car Fragrance Gift Set, 2 Glass Car Diffusers, 2 x 30ml Refills, 2 x Vent Clips, 10 ml Interior Fabric Spray, Strong Fragrance, (Crede)', 'supplier_price': 0.74, 'amazon_price': None, 'match_method': 'EAN', 'confidence': 'high', 'created_at': '2025-07-18T11:20:38.365789', 'supplier_url': 'https://www.poundwholesale.co.uk/tango-card-car-air-freshener-2-pack-cdu-assorted-fragrances'}, {'supplier_ean': '5056175980963', 'amazon_asin': 'B0FH9LCRSZ', 'supplier_title': 'Auto Extras Jelly Baby Air Freshener Assorted', 'amazon_title': 'Car Air Freshener Aromatherapy Balm Long Lasting Fragrance Non-spill Solid 3D Tomato Shaped Travel Size Scented Balm 100g Eliminate Odor for Bedroom Toliet Elitzia ETAP2815', 'supplier_price': 0.65, 'amazon_price': None, 'match_method': 'EAN', 'confidence': 'high', 'created_at': '2025-07-18T11:20:51.448024', 'supplier_url': 'https://www.poundwholesale.co.uk/auto-extras-jelly-baby-air-freshener-assorted'}, {'supplier_ean': '5055319519298', 'amazon_asin': 'B07NJH3Q91', 'supplier_title': 'Auto Extreme Professional Black Satin Spray Paint 400ml', 'amazon_title': 'Auto Extreme Auto Extreme Black Satin, 400 ml', 'supplier_price': 1.82, 'amazon_price': 5.49, 'match_method': 'EAN', 'confidence': 'high', 'created_at': '2025-07-18T11:21:47.219390', 'supplier_url': 'https://www.poundwholesale.co.uk/auto-extreme-professional-black-satin-spray-paint-400ml'}, {'supplier_ean': '5055056770815', 'amazon_asin': 'B0BZQC1VY6', 'supplier_title': 'Millions Cola 3D Car Air Freshener', 'amazon_title': 'Creed Car Air Freshener for Men | Aventos Perfume Inspired Car Fragrances | Strong Freshener with Odour Eliminator Technology | Creed Automotive Air Freshener | GREED Scent by Perfa', 'supplier_price': 0.38, 'amazon_price': None, 'match_method': 'EAN', 'confidence': 'high', 'created_at': '2025-07-18T11:22:00.417347', 'supplier_url': 'https://www.poundwholesale.co.uk/millions-cola-3d-car-air-freshener'}, {'supplier_ean': '5052578015608', 'amazon_asin': 'B0DHXJ3Y9T', 'supplier_title': 'Bettina Car Sponges 3 Pack', 'amazon_title': '3 Pack Car Sponges,Jumbo Sponges For Car Cleaning,Anti Scratch Technology for Car Exterior & Window Washing- Perfect For Wheels, Windscreen & Bodywork (3 PCS (Yellow))', 'supplier_price': 0.84, 'amazon_price': 7.99, 'match_method': 'EAN_cached', 'confidence': 'low', 'created_at': '2025-07-18T11:22:00.495119', 'supplier_url': 'https://www.poundwholesale.co.uk/bettina-car-sponges-3-pack'}, {'supplier_ean': '5038673050010', 'amazon_asin': 'B0FC6D5VDG', 'supplier_title': 'Roadster Car Vacuum Cleaner 12V', 'amazon_title': 'HYCHIKA 3 in 1 Wet and Dry Vacuum Cleaner, Power: 1200 W, 20 L Stainless Steel Tank, 6 M+ Cleaning Range (2.5 M Power Cores + 3.5 M Soft & Hard Hose), for Garden Outdoor Floor Sofa Cleaning', 'supplier_price': 5.28, 'amazon_price': None, 'match_method': 'EAN_cached', 'confidence': 'low', 'created_at': '2025-07-18T11:22:00.576434', 'supplier_url': 'https://www.poundwholesale.co.uk/roadster-car-vacuum-cleaner-12v'}, {'supplier_ean': '5050375083752', 'amazon_asin': 'B01C4S4876', 'supplier_title': 'Car Pride Alloy Wheel Cleaner 300ml', 'amazon_title': 'Car Pride Wheel Clean, 300ml', 'supplier_price': 0.97, 'amazon_price': 4.05, 'match_method': 'EAN_cached', 'confidence': 'low', 'created_at': '2025-07-18T11:22:00.651582', 'supplier_url': 'https://www.poundwholesale.co.uk/alloy-wheel-cleaner'}, {'supplier_ean': '5055441452357', 'amazon_asin': 'B0DFPVGFZ4', 'supplier_title': 'Goodyear Extendable Car Windscreen Washer Squeegee Sponge Cleaner', 'amazon_title': 'Goodyear 2 In 1 Window Squeegee Flexible Rubber Blade| Netted Sponge Scrubber| Multi-purpose And Easy To Use| Non - Scratch| Ideal For Cleaning Windows And Windscreens| Compact Design, Easy Storage', 'supplier_price': 1.76, 'amazon_price': 2.99, 'match_method': 'EAN', 'confidence': 'high', 'created_at': '2025-07-18T11:22:54.109374', 'supplier_url': 'https://www.poundwholesale.co.uk/goodyear-extendable-car-windscreen-washer-squeegee-sponge-cleaner'}, {'supplier_ean': '5055257813090', 'amazon_asin': 'B0FH9LCRSZ', 'supplier_title': 'Fragranced Fruit Shaped Car Air Freshener', 'amazon_title': 'Car Air Freshener Aromatherapy Balm Long Lasting Fragrance Non-spill Solid 3D Tomato Shaped Travel Size Scented Balm 100g Eliminate Odor for Bedroom Toliet Elitzia ETAP2815', 'supplier_price': 0.6, 'amazon_price': None, 'match_method': 'EAN', 'confidence': 'high', 'created_at': '2025-07-18T11:23:05.509024', 'supplier_url': 'https://www.poundwholesale.co.uk/fragranced-fruit-shaped-car-air-freshener'}, {'supplier_ean': '5055319510615', 'amazon_asin': 'B0C49F6NG6', 'supplier_title': 'Auto Extreme Professional Petrol-Resistant Lacquer Clear Spray 400ml', 'amazon_title': 'Ozeino Wireless Gaming Headset, Compatible with PC Ps5 Ps4 Boasts 2.4GHz Lossless Audio, USB & Type-C, Flip Microphone and 40-Hr Battery - Suited for Switch, Laptop, Mac', 'supplier_price': 1.89, 'amazon_price': 23.11, 'match_method': 'EAN', 'confidence': 'high', 'created_at': '2025-07-18T11:24:21.169341', 'supplier_url': 'https://www.poundwholesale.co.uk/auto-extreme-professional-petrol-resistant-lacquer-clear-spray-400ml'}, {'supplier_ean': '5053249271453', 'amazon_asin': 'B0CHTHYL58', 'supplier_title': 'Car-Pride Biodegradable Interior Clean & Shine Wipes 30 Pack', 'amazon_title': 'AMK', 'supplier_price': 0.65, 'amazon_price': None, 'match_method': 'EAN', 'confidence': 'high', 'created_at': '2025-07-18T11:24:44.743060', 'supplier_url': 'https://www.poundwholesale.co.uk/car-pride-interior-clean-shine-wipes-30-pack'}, {'supplier_ean': '5055319519267', 'amazon_asin': 'B07NJGB772', 'supplier_title': 'Auto Extreme Professional Red Gloss Spray Paint 400ml', 'amazon_title': 'Auto Extreme Auto Extreme Red, 400 ml', 'supplier_price': 1.82, 'amazon_price': 5.79, 'match_method': 'EAN', 'confidence': 'high', 'created_at': '2025-07-18T11:25:35.589009', 'supplier_url': 'https://www.poundwholesale.co.uk/auto-extreme-professional-red-gloss-spray-paint-400ml'}, {'supplier_ean': '5056175987832', 'amazon_asin': 'B0BSFN7BK9', 'supplier_title': 'Bloome Gel Boat Air Freshener 150G Assorted Fragrance', 'amazon_title': 'SOL', 'supplier_price': 0.46, 'amazon_price': None, 'match_method': 'EAN', 'confidence': 'high', 'created_at': '2025-07-18T11:25:49.342872', 'supplier_url': 'https://www.poundwholesale.co.uk/bloome-gel-boat-air-freshener-150g-assorted-fragrance'}, {'supplier_ean': '5055441445021', 'amazon_asin': 'B0DJFGKQTJ', 'supplier_title': 'Dekton Tri-Extending Wash Brush 3m', 'amazon_title': 'Dekton Heavy Duty Tri-Extending Wash Brush | Long Reach Water Fed Brush for Cars, Boats, & More | Ergonomic Foam Grip | Soft Bristles Prevent Scratching | Telescopic Design Extends to 3 Metres', 'supplier_price': 13.64, 'amazon_price': 25.06, 'match_method': 'EAN', 'confidence': 'high', 'created_at': '2025-07-18T11:26:42.138251', 'supplier_url': 'https://www.poundwholesale.co.uk/dekton-tri-extending-wash-brush-3m'}, {'supplier_ean': '5038673410692', 'amazon_asin': 'B0DPX1HRM6', 'supplier_title': 'Car Air Fresheners Fruit Assorted CDU', 'amazon_title': 'Q QXUNMU', 'supplier_price': 0.34, 'amazon_price': None, 'match_method': 'EAN', 'confidence': 'high', 'created_at': '2025-07-18T11:26:57.017565', 'supplier_url': 'https://www.poundwholesale.co.uk/car-air-fresheners-fruit-assorted-cdu'}, {'supplier_ean': '5055441452319', 'amazon_asin': 'B0DJT8DYF6', 'supplier_title': 'Goodyear Wax Applicator Pad Set 3pc', 'amazon_title': 'Goodyear 3pc Applicator Set Specially Designed Microfiber Pad For Cleaning Your Vehicle|Ideal For Polishing And Waxing Of Painted Surfaces|Thick Microfiber Evenly Distributes Pressure For Application', 'supplier_price': 1.99, 'amazon_price': 2.99, 'match_method': 'EAN', 'confidence': 'high', 'created_at': '2025-07-18T11:27:44.877336', 'supplier_url': 'https://www.poundwholesale.co.uk/goodyear-wax-applicator-pad-set-3pc'}, {'supplier_ean': '5055441421902', 'amazon_asin': 'B0CZYRJ8ZX', 'supplier_title': 'Goodyear 2-In-1 Noodle Wash Mitt', 'amazon_title': 'Goodyear 2 In 1 Noodle Wash Mitt Extra Long Handle With Pivoting Head For Easy Reach All Around Your Windscreen | Microfiber Pad For Ultimate Cleaning | Excellent For Quick Defogging And Cleaning', 'supplier_price': 2.06, 'amazon_price': 5.29, 'match_method': 'EAN', 'confidence': 'high', 'created_at': '2025-07-18T11:28:33.825517', 'supplier_url': 'https://www.poundwholesale.co.uk/goodyear-2-in-1-noodle-wash-mitt'}, {'supplier_ean': '5052578611800', 'amazon_asin': 'B0BG8HY6NL', 'supplier_title': 'Bettina Comfortable Grip Jumbo Car Sponge', 'amazon_title': 'Xtremeauto', 'supplier_price': 0.6, 'amazon_price': None, 'match_method': 'EAN', 'confidence': 'high', 'created_at': '2025-07-18T11:28:47.461587', 'supplier_url': 'https://www.poundwholesale.co.uk/jumbo-car-sponge-with-comfortable-grip'}, {'supplier_ean': '5055441449227', 'amazon_asin': 'B0DFMH5XX9', 'supplier_title': 'Goodyear 2-In-1 Microfibre Drying Towel Xl 80cm X 60cm', 'amazon_title': 'Goodyear Microfiber Drying Towel Xl Deep Pile For Extra Absorbency| Microfiber Technology| Cleaning Fiber Attracts Dust |satin Safety Edging Protects Against Scratching| Extra Absorbency Free Finish', 'supplier_price': 2.21, 'amazon_price': 3.99, 'match_method': 'EAN', 'confidence': 'high', 'created_at': '2025-07-18T11:29:40.530652', 'supplier_url': 'https://www.poundwholesale.co.uk/goodyear-2-in-1-microfibre-drying-towel-xl-80cm-x-60cm'}, {'supplier_ean': '5055319530743', 'amazon_asin': 'B084VTS1NV', 'supplier_title': 'Auto Extreme Cedar Wood In-Car Fragrance Air Freshener Spray 100ml', 'amazon_title': 'Air Freshener Spray Concentrated Long Lasting Oil Based (New Car)', 'supplier_price': 0.65, 'amazon_price': None, 'match_method': 'EAN', 'confidence': 'high', 'created_at': '2025-07-18T11:29:54.290257', 'supplier_url': 'https://www.poundwholesale.co.uk/auto-extreme-cedar-wood-in-car-fragrance-air-freshener-spray-100ml'}, {'supplier_ean': '5055319519007', 'amazon_asin': 'B01FXX9AJA', 'supplier_title': 'Auto Extreme Automotive Black Matt Spray Paint 250ml', 'amazon_title': 'Black Matt Aerosol Spray Cans 250ml Car Auto Extreme Spray Paint (6)', 'supplier_price': 0.92, 'amazon_price': 9.95, 'match_method': 'EAN', 'confidence': 'high', 'created_at': '2025-07-18T11:30:50.315219', 'supplier_url': 'https://www.poundwholesale.co.uk/auto-extreme-automotive-black-matt-spray-paint-250ml'}, {'supplier_ean': '5055441449982', 'amazon_asin': 'B0DJH4WTZ5', 'supplier_title': 'Goodyear Anti-Smear Screenwash 1l', 'amazon_title': 'Goodyear 1 Litre Screen Wash-5% Ethanol| Blue Colour Liquid| Red Lid| English Label| Antifreeze Windscreen Wash Liquid| Prevents Freezing Of The Glass Washer System Down| Provide Clear Vision', 'supplier_price': 0.95, 'amazon_price': None, 'match_method': 'EAN', 'confidence': 'high', 'created_at': '2025-07-18T11:31:39.554668', 'supplier_url': 'https://www.poundwholesale.co.uk/goodyear-anti-smear-screenwash-1l'}, {'supplier_ean': '5055441405544', 'amazon_asin': 'B0D1R5SR4V', 'supplier_title': 'Goodyear Anti-Smear Screenwash 5l', 'amazon_title': 'Rain-X', 'supplier_price': 2.56, 'amazon_price': None, 'match_method': 'EAN', 'confidence': 'high', 'created_at': '2025-07-18T11:31:53.274959', 'supplier_url': 'https://www.poundwholesale.co.uk/goodyear-cherry-anti-smear-screenwash-5l'}, {'supplier_ean': '5053249003108', 'amazon_asin': 'B00CA36GJE', 'supplier_title': 'Carpride Scratch Remover Pen', 'amazon_title': 'Car Pride Paint Scratch Remover Pen - For Use On Any Colour Vehicle', 'supplier_price': 0.92, 'amazon_price': 2.98, 'match_method': 'EAN', 'confidence': 'high', 'created_at': '2025-07-18T11:32:49.414648', 'supplier_url': 'https://www.poundwholesale.co.uk/carpride-scratch-remover-pen'}, {'supplier_ean': '5050375054394', 'amazon_asin': 'B0F6C9BK5R', 'supplier_title': 'Car-Pride Wash & Wax 1L', 'amazon_title': 'Sopami Car Coating Spray, Waterless Car Wash Quick Effect Coating Agent, Multi-functional Coating Renewal Agent Polish Spray, Long-Lasting Protection Improves Clarity and Visibility(1pc)', 'supplier_price': 0.8, 'amazon_price': None, 'match_method': 'EAN', 'confidence': 'high', 'created_at': '2025-07-18T11:33:03.988685', 'supplier_url': 'https://www.poundwholesale.co.uk/wash-wax'}, {'supplier_ean': '5055056770792', 'amazon_asin': 'B0FH9LCRSZ', 'supplier_title': 'Millions Orange & Lemon 3D Car Air Freshener', 'amazon_title': 'Car Air Freshener Aromatherapy Balm Long Lasting Fragrance Non-spill Solid 3D Tomato Shaped Travel Size Scented Balm 100g Eliminate Odor for Bedroom Toliet Elitzia ETAP2815', 'supplier_price': 0.38, 'amazon_price': None, 'match_method': 'EAN', 'confidence': 'high', 'created_at': '2025-07-18T11:33:15.313131', 'supplier_url': 'https://www.poundwholesale.co.uk/millions-orange-lemon-3d-car-air-freshener'}, {'supplier_ean': '5050375086753', 'amazon_asin': 'B00IXMG80S', 'supplier_title': 'Car Pride Leather Cleaning Spray 250ml', 'amazon_title': '12 x Cans Of Leather cleaning spray, car cleaning, 300ml', 'supplier_price': 0.97, 'amazon_price': 19.95, 'match_method': 'EAN_cached', 'confidence': 'low', 'created_at': '2025-07-18T11:33:15.437428', 'supplier_url': 'https://www.poundwholesale.co.uk/leather-cleaning-spray-250ml'}, {'supplier_ean': '5050375084025', 'amazon_asin': 'B0032XLIJE', 'supplier_title': 'Car Pride Spray Wax 300ml', 'amazon_title': 'SPRAY CAR WAX SUPERFAST FORMULA PROTECTS PAINTWORK', 'supplier_price': 0.97, 'amazon_price': 3.99, 'match_method': 'EAN', 'confidence': 'high', 'created_at': '2025-07-18T11:34:12.145812', 'supplier_url': 'https://www.poundwholesale.co.uk/spray-wax-300ml'}, {'supplier_ean': '5055441452197', 'amazon_asin': 'B0DF33M8ZM', 'supplier_title': 'Goodyear Waffle Drying Cloth Large 40cm X 40cm', 'amazon_title': 'Goodyear Microfibre Waffle Cloth I Reduces drying time with less wring outs | Ideal for bodywork & glass | Designed microfibre cloth | Statically charged cleaning fibres | Leaves lint free finish', 'supplier_price': 0.95, 'amazon_price': 4.99, 'match_method': 'EAN', 'confidence': 'high', 'created_at': '2025-07-18T11:35:03.805673', 'supplier_url': 'https://www.poundwholesale.co.uk/goodyear-waffle-drying-cloth-large-40cm-x-40cm'}, {'supplier_ean': '5050375055483', 'amazon_asin': 'B01C4S4L4G', 'supplier_title': 'Car-Pride Handy Car Sponges 2 Pack', 'amazon_title': 'Car Pride CP011 Handy Car Cleaning Sponges, Pack of 3', 'supplier_price': 0.76, 'amazon_price': 4.99, 'match_method': 'EAN', 'confidence': 'high', 'created_at': '2025-07-18T11:35:55.273733', 'supplier_url': 'https://www.poundwholesale.co.uk/handy-car-sponges-3pk'}, {'supplier_ean': '5055319531740', 'amazon_asin': 'B0DG8VSKBB', 'supplier_title': 'Auto Extreme Professional Silver Alloy Wheel Spray Paint 400ml', 'amazon_title': 'RAPIDE Auto Extreme AX Alloy Wheel Spray Paint Silver 400ML | Ideal for Refreshing & Customizing Alloy Wheels | Long-Lasting, Chip & Fade Resistant | Smooth Satin Finish', 'supplier_price': 1.81, 'amazon_price': 7.95, 'match_method': 'EAN', 'confidence': 'high', 'created_at': '2025-07-18T11:36:42.632499', 'supplier_url': 'https://www.poundwholesale.co.uk/auto-extreme-professional-silver-alloy-wheel-spray-paint-400ml'}, {'supplier_ean': '5055319556651', 'amazon_asin': 'B0CTCSZD1T', 'supplier_title': 'Auto Extreme Cone Wheel Brush', 'amazon_title': 'Xtremeauto Soft Head Alloy Wheel Brush - Car Alloy Wheel Cleaner Brush Detailing Cleaning Brush, No Metal Non Scratch Rim Car Wheel Brush Perfect For Motorcycle, Cars & Bicycles (Orange', 'supplier_price': 1.42, 'amazon_price': None, 'match_method': 'EAN', 'confidence': 'high', 'created_at': '2025-07-18T11:36:58.182117', 'supplier_url': 'https://www.poundwholesale.co.uk/auto-extreme-cone-wheel-brush'}, {'supplier_ean': '5055319529884', 'amazon_asin': 'B07XZ8NKGR', 'supplier_title': 'Rapide Lithium Grease Spray 250ml', 'amazon_title': 'Rapide 300ml Lithium Grease Aerosol Spray Lubricant Can Multi-Purpose Hinge Track Oil', 'supplier_price': 1.07, 'amazon_price': 4.55, 'match_method': 'EAN', 'confidence': 'high', 'created_at': '2025-07-18T11:37:55.687057', 'supplier_url': 'https://www.poundwholesale.co.uk/rapide-lithium-grease-spray-250ml'}, {'supplier_ean': '5055441446493', 'amazon_asin': 'B0993NZQ15', 'supplier_title': 'Goodyear Alloy Wheel Cleaner 750ml', 'amazon_title': 'Goodyear Alloy Wheel Cleaner 750ml - for a Showroom Finish | Effective Cleaning for All Wheels | Effortlessly Removes Mud & Grime from Round The Wheel | Removes Dirt and Brake Dust | Easy Application', 'supplier_price': 1.39, 'amazon_price': 5.93, 'match_method': 'EAN', 'confidence': 'high', 'created_at': '2025-07-18T11:38:49.590834', 'supplier_url': 'https://www.poundwholesale.co.uk/goodyear-alloy-wheel-cleaner-750ml'}, {'supplier_ean': '5055441450780', 'amazon_asin': 'B0DK7MZS7R', 'supplier_title': 'Goodyear Back Car Seat Organiser Storage Bag', 'amazon_title': 'Goodyear Car Seat Back Storage Bag - Multipurpose Organizer for Vehicle Seats| Adjustable Straps |Product size: 40 x 55 cm| Material-Felt cloth| Multiple Pockets| Color-Grey| Durable, Water-Resistant', 'supplier_price': 2.2, 'amazon_price': 3.99, 'match_method': 'EAN', 'confidence': 'high', 'created_at': '2025-07-18T11:39:41.933717', 'supplier_url': 'https://www.poundwholesale.co.uk/goodyear-back-car-seat-organiser-storage-bag'}, {'supplier_ean': '5060417895304', 'amazon_asin': 'B0CJPBPJ9V', 'supplier_title': 'Sanitize Instant Protection 75% Alcohol Hand Gel 100ml', 'amazon_title': 'Palm Safe', 'supplier_price': 0.63, 'amazon_price': None, 'match_method': 'EAN', 'confidence': 'high', 'created_at': '2025-07-18T13:25:14.078140', 'supplier_url': 'https://www.poundwholesale.co.uk/sanitize-instant-protection-75-alcohol-hand-gel-100ml'}]
--- Logging error ---
Traceback (most recent call last):
  File "/usr/lib/python3.12/logging/__init__.py", line 1163, in emit
    stream.write(msg + self.terminator)
BlockingIOError: [Errno 11] write could not complete without blocking
Call stack:
  File "/mnt/c/Users/chris/Desktop/Amazon-FBA-Agent-System-v32/run_custom_poundwholesale.py", line 81, in <module>
    asyncio.run(main())
  File "/usr/lib/python3.12/asyncio/runners.py", line 194, in run
    return runner.run(main)
  File "/usr/lib/python3.12/asyncio/runners.py", line 118, in run
    return self._loop.run_until_complete(task)
  File "/usr/lib/python3.12/asyncio/base_events.py", line 674, in run_until_complete
    self.run_forever()
  File "/usr/lib/python3.12/asyncio/base_events.py", line 641, in run_forever
    self._run_once()
  File "/usr/lib/python3.12/asyncio/base_events.py", line 1987, in _run_once
    handle._run()
  File "/usr/lib/python3.12/asyncio/events.py", line 88, in _run
    self._context.run(self._callback, *self._args)
  File "/mnt/c/Users/chris/Desktop/Amazon-FBA-Agent-System-v32/run_custom_poundwholesale.py", line 64, in main
    await workflow.run()
  File "/mnt/c/Users/chris/Desktop/Amazon-FBA-Agent-System-v32/tools/passive_extraction_workflow_latest.py", line 1123, in run
    return await self._run_hybrid_processing_mode(
  File "/mnt/c/Users/chris/Desktop/Amazon-FBA-Agent-System-v32/tools/passive_extraction_workflow_latest.py", line 6065, in _run_hybrid_processing_mode
    chunk_results = await self._process_chunk_with_main_workflow_logic(
  File "/mnt/c/Users/chris/Desktop/Amazon-FBA-Agent-System-v32/tools/passive_extraction_workflow_latest.py", line 6363, in _process_chunk_with_main_workflow_logic
    self._save_linking_map(self.supplier_name)
  File "/mnt/c/Users/chris/Desktop/Amazon-FBA-Agent-System-v32/tools/passive_extraction_workflow_latest.py", line 1478, in _save_linking_map
    self.log.info(f"🔍 DEBUG: linking_map type: {type(self.linking_map)}, content: {self.linking_map}")
Message: '🔍 DEBUG: linking_map type: <class \'list\'>, content: [{\'supplier_ean\': \'5053249228587\', \'amazon_asin\': \'B075QDW3BF\', \'supplier_title\': \'Car Pride Under Body Seal Black 400ml\', \'amazon_title\': \'HP CF541A 203A Original LaserJet Toner Cartridge, Cyan, Single Pack\', \'supplier_price\': 1.73, \'amazon_price\': 64.99, \'match_method\': \'EAN\', \'confidence\': \'high\', \'created_at\': \'2025-07-18T10:13:11.088193\', \'supplier_url\': \'https://www.poundwholesale.co.uk/carpride-under-body-seal-black\'}, {\'supplier_ean\': \'5055319527750\', \'amazon_asin\': \'B0CX1X6R6G\', \'supplier_title\': \'Auto Extreme Car Detailing Brush Set 5 Pack\', \'amazon_title\': \'Kasauber\', \'supplier_price\': 2.1, \'amazon_price\': None, \'match_method\': \'EAN\', \'confidence\': \'high\', \'created_at\': \'2025-07-18T10:13:23.277485\', \'supplier_url\': \'https://www.poundwholesale.co.uk/auto-extreme-car-detailing-brush-set-5-pack\'}, {\'supplier_ean\': \'5055319528504\', \'amazon_asin\': \'B07NJGQFRF\', \'supplier_title\': \'Rapide RP-60 Penetrating Maintenance Spray with Control Nozzle 400ml\', \'amazon_title\': \'Rapide 2850 Paint Spray\', \'supplier_price\': 2.65, \'amazon_price\': 5.85, \'match_method\': \'EAN\', \'confidence\': \'high\', \'created_at\': \'2025-07-18T10:14:15.912179\', \'supplier_url\': \'https://www.poundwholesale.co.uk/rapide-rp-60-penetrating-maintenance-spray-with-control-nozzle-400ml\'}, {\'supplier_ean\': \'5055441452272\', \'amazon_asin\': \'B0DFMPNHT5\', \'supplier_title\': \'Goodyear Microfibre Luxury Valet Drying Towel Set 2 Pack\', \'amazon_title\': \'Goodyear 2PC Microfibre Luxury Valet Cloth Set I Microfibre technology| powerful cleaning | Extra absorbency for a swirl free finish | Ideal for buffing away polish & wax residue | Extra large towel\', \'supplier_price\': 2.14, \'amazon_price\': 6.59, \'match_method\': \'EAN\', \'confidence\': \'high\', \'created_at\': \'2025-07-18T10:15:06.821428\', \'supplier_url\': \'https://www.poundwholesale.co.uk/goodyear-microfibre-luxury-valet-drying-towel-set-2-pack\'}, {\'supplier_ean\': \'5053249229140\', \'amazon_asin\': \'B07N41XTV5\', \'supplier_title\': \'Carpride Alloy Wheel Spray Paint Silver Gloss\', \'amazon_title\': \'Car Pride Alloy Wheel Spray Paint Metallic Silver Repairer. 400ml\', \'supplier_price\': 1.67, \'amazon_price\': 5.4, \'match_method\': \'EAN\', \'confidence\': \'high\', \'created_at\': \'2025-07-18T10:16:10.522951\', \'supplier_url\': \'https://www.poundwholesale.co.uk/carpride-alloy-wheel-spray-paint-silver-gloss\'}, {\'supplier_ean\': \'5055056770822\', \'amazon_asin\': \'B09DTQ4S43\', \'supplier_title\': \'Millions Blackcurrant Buzz 3D Car Air Freshener\', \'amazon_title\': \'AIRFreshh\', \'supplier_price\': 0.38, \'amazon_price\': None, \'match_method\': \'EAN\', \'confidence\': \'high\', \'created_at\': \'2025-07-18T10:16:22.515075\', \'supplier_url\': \'https://www.poundwholesale.co.uk/millions-blackcurrant-buzz-3d-car-air-freshener\'}, {\'supplier_ean\': \'5055319519229\', \'amazon_asin\': \'B07NJGGW8P\', \'supplier_title\': \'Auto Extreme Professional White Gloss Spray Paint 400ml\', \'amazon_title\': \'Auto Extreme White Gloss, 400 ml\', \'supplier_price\': 1.82, \'amazon_price\': 5.3, \'match_method\': \'EAN\', \'confidence\': \'high\', \'created_at\': \'2025-07-18T10:17:22.092163\', \'supplier_url\': \'https://www.poundwholesale.co.uk/auto-extreme-professional-white-gloss-spray-paint-400ml\'}, {\'supplier_ean\': \'5055319529907\', \'amazon_asin\': \'B07XZDY64P\', \'supplier_title\': \'Rapide Silicone Lubricant Spray 250ml\', \'amazon_title\': \'300ml Silicone Grease Aerosol Spray Lubricant Can Water Resistant Oil\', \'supplier_price\': 1.07, \'amazon_price\': 4.79, \'match_method\': \'EAN\', \'confidence\': \'high\', \'created_at\': \'2025-07-18T10:18:10.835188\', \'supplier_url\': \'https://www.poundwholesale.co.uk/rapide-silicone-lubricant-spray-250ml\'}, {\'supplier_ean\': \'5050375036574\', \'amazon_asin\': \'B006URFAE8\', \'supplier_title\': \'Car Pride Assorted Fragrance Fresh Feet Car Air Fresheners 4 Pack CDU\', \'amazon_title\': \'Pack of 4 FRESH FEET, Car Air Fresheners, Carpride cp1128\', \'supplier_price\': 0.71, \'amazon_price\': 3.3, \'match_method\': \'EAN\', \'confidence\': \'high\', \'created_at\': \'2025-07-18T10:19:02.426082\', \'supplier_url\': \'https://www.poundwholesale.co.uk/car-pride-assorted-fragrance-fresh-feet-car-air-fresheners-4-pack-cdu\'}, {\'supplier_ean\': \'5055056731878\', \'amazon_asin\': \'B09LH29BZD\', \'supplier_title\': \'Guilty Pleasures Blueberry Ice Pop 3D Car Air Freshener\', \'amazon_title\': \'Guilty Pleasure 3D Blueberry CAR FRESHENER\', \'supplier_price\': 0.38, \'amazon_price\': 3.99, \'match_method\': \'EAN\', \'confidence\': \'high\', \'created_at\': \'2025-07-18T10:19:50.869058\', \'supplier_url\': \'https://www.poundwholesale.co.uk/guilty-pleasures-blueberry-ice-pop-3d-car-air-freshener\'}, {\'supplier_ean\': \'5055319514606\', \'amazon_asin\': \'B0CYH8F9F9\', \'supplier_title\': \'Auto Extreme Car Pump Sprayer 2L\', \'amazon_title\': \'My Garden 5 Litre Sprayer Pump - Weed Killer Pressure Sprayer Pump Action - High Pressure Long Reach Sprayers - Ideal For Spraying Water Fertiliser Herbicides Pesticides Preservative & Detergent\', \'supplier_price\': 3.85, \'amazon_price\': None, \'match_method\': \'EAN\', \'confidence\': \'high\', \'created_at\': \'2025-07-18T10:20:03.052455\', \'supplier_url\': \'https://www.poundwholesale.co.uk/auto-extreme-car-pump-sprayer-2l\'}, {\'supplier_ean\': \'5055319530781\', \'amazon_asin\': \'B09FKD19N4\', \'supplier_title\': \'Auto Extreme Tropical Mist In-Car Fragrance Air Freshener Spray 100ml\', \'amazon_title\': \'Air Freshener Spray Concentrated Long Lasting Oil Based (Ocean Breeze)\', \'supplier_price\': 0.65, \'amazon_price\': None, \'match_method\': \'EAN\', \'confidence\': \'high\', \'created_at\': \'2025-07-18T10:20:17.331393\', \'supplier_url\': \'https://www.poundwholesale.co.uk/auto-extreme-tropical-mist-in-car-fragrance-air-freshener-spray-100ml\'}, {\'supplier_ean\': \'5053249245799\', \'amazon_asin\': \'B0BLLV2M74\', \'supplier_title\': \'Car Pride Clean & Polish Microfibre Cloth\', \'amazon_title\': \'CARPRIDE® Clean and Polish MicroFibre Cloth for Car Exterior and Interior | Streak Free | 30 x 30 cm\', \'supplier_price\': 0.76, \'amazon_price\': 5.29, \'match_method\': \'EAN\', \'confidence\': \'high\', \'created_at\': \'2025-07-18T10:21:04.364223\', \'supplier_url\': \'https://www.poundwholesale.co.uk/car-pride-clean-polish-microfibre-cloth\'}, {\'supplier_ean\': \'5055319531849\', \'amazon_asin\': \'B074KFGHCP\', \'supplier_title\': \'Rapide Easy Grease Spray 250ml\', \'amazon_title\': \'HMT\', \'supplier_price\': 1.05, \'amazon_price\': None, \'match_method\': \'EAN\', \'confidence\': \'high\', \'created_at\': \'2025-07-18T10:21:17.993959\', \'supplier_url\': \'https://www.poundwholesale.co.uk/rapide-easy-grease-spray-250ml\'}, {\'supplier_ean\': \'5052578642705\', \'amazon_asin\': \'B07X22PHWJ\', \'supplier_title\': \'Bettina Chamois Demist & Dashboard Pad\', \'amazon_title\': \'Airlab\', \'supplier_price\': 0.75, \'amazon_price\': None, \'match_method\': \'EAN\', \'confidence\': \'high\', \'created_at\': \'2025-07-18T10:21:28.626273\', \'supplier_url\': \'https://www.poundwholesale.co.uk/bettina-chamois-demist-dashboard-pad\'}, {\'supplier_ean\': \'5052578633000\', \'amazon_asin\': \'B0F6K65PZT\', \'supplier_title\': \'Bettina Microfibre Mitt\', \'amazon_title\': \'Fogcosy\', \'supplier_price\': 0.95, \'amazon_price\': None, \'match_method\': \'EAN\', \'confidence\': \'high\', \'created_at\': \'2025-07-18T10:21:41.310298\', \'supplier_url\': \'https://www.poundwholesale.co.uk/microfibre-mit-highly-effective-wet-or-dry\'}, {\'supplier_ean\': \'5053249245669\', \'amazon_asin\': \'B0BLL1K79V\', \'supplier_title\': \'Car Pride Blue Microfibre Glass Cloth\', \'amazon_title\': \'Car-pride Glass Microfibre Cloth\', \'supplier_price\': 0.74, \'amazon_price\': 4.99, \'match_method\': \'EAN\', \'confidence\': \'high\', \'created_at\': \'2025-07-18T10:22:28.491046\', \'supplier_url\': \'https://www.poundwholesale.co.uk/car-pride-blue-microfibre-glass-cloth\'}, {\'supplier_ean\': \'5055056770785\', \'amazon_asin\': \'B0BLGR29X6\', \'supplier_title\': \'Millions Sour Strawberry 3D Car Air Freshener\', \'amazon_title\': \'Evair\', \'supplier_price\': 0.38, \'amazon_price\': None, \'match_method\': \'EAN\', \'confidence\': \'high\', \'created_at\': \'2025-07-18T10:22:40.894972\', \'supplier_url\': \'https://www.poundwholesale.co.uk/millions-sour-strawberry-3d-car-air-freshener\'}, {\'supplier_ean\': \'5053249248714\', \'amazon_asin\': \'B006T2450O\', \'supplier_title\': \'Car-Pride White Gloss Spray Paint 400ml\', \'amazon_title\': \'Tetrion\', \'supplier_price\': 1.73, \'amazon_price\': None, \'match_method\': \'EAN\', \'confidence\': \'high\', \'created_at\': \'2025-07-18T10:22:54.011676\', \'supplier_url\': \'https://www.poundwholesale.co.uk/car-pride-white-gloss-spray-paint-400ml\'}, {\'supplier_ean\': \'5055056731885\', \'amazon_asin\': \'B09LHBY2GF\', \'supplier_title\': \'Guilty Pleasures Vanilla & Cherry Cupcake 3D Car Air Freshener\', \'amazon_title\': \'Guilty Pleasure 3D Vanilla CAR FRESHENER\', \'supplier_price\': 0.38, \'amazon_price\': 3.99, \'match_method\': \'EAN\', \'confidence\': \'high\', \'created_at\': \'2025-07-18T10:23:41.006634\', \'supplier_url\': \'https://www.poundwholesale.co.uk/guilty-pleasures-vanilla-cherry-cupcake-3d-car-air-freshener\'}, {\'supplier_ean\': \'5055319531733\', \'amazon_asin\': \'B004SMKX7Q\', \'supplier_title\': \'Auto Extreme Professional Black Alloy Wheel Spray Paint 400ml\', \'amazon_title\': \'Hycote\', \'supplier_price\': 1.81, \'amazon_price\': None, \'match_method\': \'EAN\', \'confidence\': \'high\', \'created_at\': \'2025-07-18T10:23:55.039262\', \'supplier_url\': \'https://www.poundwholesale.co.uk/auto-extreme-professional-black-alloy-wheel-spray-paint-400ml\'}, {\'supplier_ean\': \'5055441459684\', \'amazon_asin\': \'B0DL9TR7T2\', \'supplier_title\': \'Goodyear 2-in-1 Telescopic Handle Scraper\', \'amazon_title\': \'Goodyear Telescopic Handle Scraper - Adjustable Ice Scraper with Extendable Handle | Sturdy Blade for Snow & Ice Removal | Ergonomic Grip | Compact and Durable Design | Ideal for Cars, Trucks & SUVs\', \'supplier_price\': 4.04, \'amazon_price\': 9.21, \'match_method\': \'EAN\', \'confidence\': \'high\', \'created_at\': \'2025-07-18T10:24:48.156817\', \'supplier_url\': \'https://www.poundwholesale.co.uk/goodyear-2-in-1-telescopic-handle-scraper\'}, {\'supplier_ean\': \'5055441427348\', \'amazon_asin\': \'B06XPVGMV8\', \'supplier_title\': \'Goodyear Portable Car Vacuum Cleaner 12V\', \'amazon_title\': \'Goodyear 12V DC Car/Van Cigarette Lighter Corded Vacuum Cleaner Powerful Suction\', \'supplier_price\': 5.72, \'amazon_price\': 10.99, \'match_method\': \'EAN\', \'confidence\': \'high\', \'created_at\': \'2025-07-18T10:25:44.453432\', \'supplier_url\': \'https://www.poundwholesale.co.uk/goodyear-portable-car-vacuum-cleaner-12v\'}, {\'supplier_ean\': \'5055319517027\', \'amazon_asin\': \'B01EQ7TPJE\', \'supplier_title\': \'Rapide DP-60 Multipurpose Maintenance Spray 750ml\', \'amazon_title\': \'Maintenance Oil 750ml Spray Can (DP60)\', \'supplier_price\': 2.77, \'amazon_price\': 6.95, \'match_method\': \'EAN\', \'confidence\': \'high\', \'created_at\': \'2025-07-18T10:26:39.185617\', \'supplier_url\': \'https://www.poundwholesale.co.uk/rapide-dp-60-multipurpose-maintenance-spray-750ml\'}, {\'supplier_ean\': \'5038673410708\', \'amazon_asin\': \'B0D1Y8TCDS\', \'supplier_title\': \'Car Air Fresheners Leaf Assorted CDU\', \'amazon_title\': \'Ikeda Car Fragrance: Hanging Car Air Freshener | 10ml Hanging Car Decoration | 45 Days Long Lasting Fragrance | With Clip | For Car Home | 1 Piece (10ml x 1 Piece, Coconut)\', \'supplier_price\': 0.33, \'amazon_price\': None, \'match_method\': \'EAN\', \'confidence\': \'high\', \'created_at\': \'2025-07-18T10:26:52.496784\', \'supplier_url\': \'https://www.poundwholesale.co.uk/car-air-fresheners-leaf-assorted-cdu\'}, {\'supplier_ean\': \'5053249224053\', \'amazon_asin\': \'B0DMN8CMH8\', \'supplier_title\': \'Tango Car Air Freshener Assorted\', \'amazon_title\': \'10/50/100PCS Custom LOGO Car Bulk Air Fresheners, Custom Air Fresheners for Car Bulk, Air Freshener with Photo, Double-Sided Personalised Photo and Text Car Air Fresheners (10Pcs Square)\', \'supplier_price\': 0.76, \'amazon_price\': None, \'match_method\': \'EAN\', \'confidence\': \'high\', \'created_at\': \'2025-07-18T10:27:03.571134\', \'supplier_url\': \'https://www.poundwholesale.co.uk/tango-car-air-freshener-assorted\'}, {\'supplier_ean\': \'5050375051270\', \'amazon_asin\': \'B00BPN9Z2A\', \'supplier_title\': \'Car Pride Alloy Wheel Cleaning Brush\', \'amazon_title\': \'Car Pride ALLOY WHEEL BRUSH\', \'supplier_price\': 0.71, \'amazon_price\': 3.95, \'match_method\': \'EAN\', \'confidence\': \'high\', \'created_at\': \'2025-07-18T10:27:53.467488\', \'supplier_url\': \'https://www.poundwholesale.co.uk/car-pride-alloy-wheel-cleaning-brush\'}, {\'supplier_ean\': \'5055319519250\', \'amazon_asin\': \'B01MT7OBIO\', \'supplier_title\': \'Auto Extreme Professional Clear Lacquer Spray 400ml\', \'amazon_title\': \'Auto Extreme Clear Lacquer Spray Paint 400ml\', \'supplier_price\': 1.82, \'amazon_price\': 5.32, \'match_method\': \'EAN\', \'confidence\': \'high\', \'created_at\': \'2025-07-18T10:28:54.182013\', \'supplier_url\': \'https://www.poundwholesale.co.uk/auto-extreme-professional-clear-lacquer-spray-400ml\'}, {\'supplier_ean\': \'5055441446578\', \'amazon_asin\': \'B0993MX5GX\', \'supplier_title\': \'Goodyear Waterless Wash & Wax 750ml\', \'amazon_title\': \'GOODYEAR WATERLESS WASH N WAX SPRAY 750ML\', \'supplier_price\': 2.06, \'amazon_price\': 5.93, \'match_method\': \'EAN\', \'confidence\': \'high\', \'created_at\': \'2025-07-18T10:29:47.233890\', \'supplier_url\': \'https://www.poundwholesale.co.uk/goodyear-waterless-wash-wax-750ml\'}, {\'supplier_ean\': \'5055319519113\', \'amazon_asin\': \'B07NJGQ85R\', \'supplier_title\': \'Auto Extreme Automotive Silver Spray Paint 250ml\', \'amazon_title\': \'Auto Extreme Auto Spray Paint Silver, 250 ml\', \'supplier_price\': 0.92, \'amazon_price\': 4.1, \'match_method\': \'EAN\', \'confidence\': \'high\', \'created_at\': \'2025-07-18T10:30:42.274698\', \'supplier_url\': \'https://www.poundwholesale.co.uk/auto-extreme-automotive-silver-spray-paint-250ml\'}, {\'supplier_ean\': \'5055441452210\', \'amazon_asin\': \'B0DH8DT3MS\', \'supplier_title\': \'Goodyear Natural Leather Chamois Cloth Xl\', \'amazon_title\': \'Goodyear Xl Genuine Leather Chamois -natural Chamois, Super Absorbent, Streak, Scratch Free, With Greater Tolerance To Car Cleaners| Stays Soft When Drying| Ideal For Cleaning Of Interior And Exterior\', \'supplier_price\': 3.83, \'amazon_price\': 5.99, \'match_method\': \'EAN\', \'confidence\': \'high\', \'created_at\': \'2025-07-18T10:31:39.934257\', \'supplier_url\': \'https://www.poundwholesale.co.uk/goodyear-natural-leather-chamois-cloth-xl\'}, {\'supplier_ean\': \'5050375045439\', \'amazon_asin\': \'B003L6U0NC\', \'supplier_title\': \'Car-Pride Microfibre Mitt 3 Assorted Colours\', \'amazon_title\': \'Car Pride Microfibre Magic Mitt - Dusts, Scrubs, Cleans and Polishes\', \'supplier_price\': 0.98, \'amazon_price\': 4.34, \'match_method\': \'EAN\', \'confidence\': \'high\', \'created_at\': \'2025-07-18T10:32:54.935150\', \'supplier_url\': \'https://www.poundwholesale.co.uk/microfibre-mitt\'}, {\'supplier_ean\': \'5055441446516\', \'amazon_asin\': \'B0D9YH94ZQ\', \'supplier_title\': \'Goodyear Gloss Tyre Shine 750ml\', \'amazon_title\': \'Auto Xpert Slick Shine, Premium Tyre Dressing, Long Lasting Wet-Look Finish, Protects Against Water and Dust, Easy to Apply, All Weather Tyre Protection. (5 Litre)\', \'supplier_price\': 1.39, \'amazon_price\': None, \'match_method\': \'EAN\', \'confidence\': \'high\', \'created_at\': \'2025-07-18T10:33:09.394012\', \'supplier_url\': \'https://www.poundwholesale.co.uk/goodyear-gloss-tyre-shine-750ml\'}, {\'supplier_ean\': \'5055441449166\', \'amazon_asin\': \'B0D11XP9V1\', \'supplier_title\': \'Goodyear Microfibre Buffing Cloth Large 40cm\', \'amazon_title\': \'Goodyear Microfibre Buffing Cloth I Specially designed microfibre cloth for polishing and buffing your vehicle | Showroom finish | Microfibre attract more dirt than normal cloth | Machine washable\', \'supplier_price\': 0.85, \'amazon_price\': 1.99, \'match_method\': \'EAN\', \'confidence\': \'high\', \'created_at\': \'2025-07-18T10:34:04.595027\', \'supplier_url\': \'https://www.poundwholesale.co.uk/goodyear-microfibre-buffing-cloth-large-40cm\'}, {\'supplier_ean\': \'5055319529877\', \'amazon_asin\': \'B07Y1V1WMW\', \'supplier_title\': \'Rapide Copper Grease Spray 250ml\', \'amazon_title\': \'Rapide 300ml Copper Grease Aerosol Spray Lubricant Can Anti Seize Brake Pad Squeal Oil\', \'supplier_price\': 1.07, \'amazon_price\': 4.95, \'match_method\': \'EAN\', \'confidence\': \'high\', \'created_at\': \'2025-07-18T10:34:58.176694\', \'supplier_url\': \'https://www.poundwholesale.co.uk/rapide-copper-grease-spray-250ml\'}, {\'supplier_ean\': \'5055441446752\', \'amazon_asin\': \'B0DJWDHG1Y\', \'supplier_title\': \'Goodyear Hydrophobic Polymer Formulation Wash & Wax 2.5l\', \'amazon_title\': \'Goodyear Wash And Wax Hydrophobic Polymer 2.5 Ltr | Leaves A Glossy Just Waxed Deep Protective Shine | Polymer-acrylic Polyethylene Copolymer Wax | Effectively Cleans Dirt And Grime From Your Vehicle\', \'supplier_price\': 3.05, \'amazon_price\': 5.99, \'match_method\': \'EAN\', \'confidence\': \'high\', \'created_at\': \'2025-07-18T10:35:51.556162\', \'supplier_url\': \'https://www.poundwholesale.co.uk/goodyear-hydrophobic-polymer-formulation-wash-wax-2-5l\'}, {\'supplier_ean\': \'5055056731892\', \'amazon_asin\': \'B094HGXWJC\', \'supplier_title\': \'Guilty Pleasures Strawberry Doughnut 3D Car Air Freshener\', \'amazon_title\': \'GUILTY PLEASURES STRAWBERRY DOUGHNUT 3D CAR AIR FRESHENER\', \'supplier_price\': 0.38, \'amazon_price\': 1.5, \'match_method\': \'EAN\', \'confidence\': \'high\', \'created_at\': \'2025-07-18T10:36:38.989576\', \'supplier_url\': \'https://www.poundwholesale.co.uk/guilty-pleasures-strawberry-doughnut-3d-car-air-freshener\'}, {\'supplier_ean\': \'5055319519236\', \'amazon_asin\': \'B07NJGT1BN\', \'supplier_title\': \'Auto Extreme Professional Grey Primer Spray Paint 400ml\', \'amazon_title\': \'Auto Extreme Auto Extreme Grey Primer, 400 ml\', \'supplier_price\': 1.82, \'amazon_price\': 5.44, \'match_method\': \'EAN\', \'confidence\': \'high\', \'created_at\': \'2025-07-18T10:37:31.087578\', \'supplier_url\': \'https://www.poundwholesale.co.uk/auto-extreme-professional-grey-primer-spray-paint-400ml\'}, {\'supplier_ean\': \'5055441453309\', \'amazon_asin\': \'B094DFY8PC\', \'supplier_title\': \'Goodyear Anti-Smear Blue Screenwash 5L\', \'amazon_title\': \'Prestone\', \'supplier_price\': 2.7, \'amazon_price\': None, \'match_method\': \'EAN\', \'confidence\': \'high\', \'created_at\': \'2025-07-18T10:37:44.323618\', \'supplier_url\': \'https://www.poundwholesale.co.uk/goodyear-anti-smear-blue-screenwash-5l\'}, {\'supplier_ean\': \'5055319558839\', \'amazon_asin\': \'B0CTCSZD1T\', \'supplier_title\': \'Auto Extreme Microfibre Wheel Wash Brush 46cm\', \'amazon_title\': \'Xtremeauto\', \'supplier_price\': 2.79, \'amazon_price\': None, \'match_method\': \'EAN\', \'confidence\': \'high\', \'created_at\': \'2025-07-18T10:37:55.429624\', \'supplier_url\': \'https://www.poundwholesale.co.uk/auto-extreme-microfibre-wheel-wash-brush-46cm\'}, {\'supplier_ean\': \'5055319511995\', \'amazon_asin\': \'B09C44BVZY\', \'supplier_title\': \'Auto Extreme Professional Red Gloss Brake Caliper Spray Paint 400ml\', \'amazon_title\': \'Tailored Paint\', \'supplier_price\': 2.73, \'amazon_price\': None, \'match_method\': \'EAN\', \'confidence\': \'high\', \'created_at\': \'2025-07-18T10:38:08.805743\', \'supplier_url\': \'https://www.poundwholesale.co.uk/auto-extreme-professional-red-gloss-brake-caliper-spray-paint-400ml\'}, {\'supplier_ean\': \'5055319519205\', \'amazon_asin\': \'B09DYZTY7G\', \'supplier_title\': \'Auto Extreme Professional Black Matt Spray Paint 400ml\', \'amazon_title\': \'Classic Signature - 1 x Auto Extreme Black Matt Spray Paint 400ml, Professional Quality, Perfect Finish for Cars, Bikes,Vans, Metal, Wood\', \'supplier_price\': 1.82, \'amazon_price\': 6.89, \'match_method\': \'EAN\', \'confidence\': \'high\', \'created_at\': \'2025-07-18T10:38:58.185842\', \'supplier_url\': \'https://www.poundwholesale.co.uk/auto-extreme-professional-black-matt-spray-paint-400ml\'}, {\'supplier_ean\': \'5055319531818\', \'amazon_asin\': \'B000LD4V2E\', \'supplier_title\': \'Auto Extreme Professional Black Bumper & Trim Spray Paint 400ml\', \'amazon_title\': \'Hycote\', \'supplier_price\': 1.81, \'amazon_price\': None, \'match_method\': \'EAN\', \'confidence\': \'high\', \'created_at\': \'2025-07-18T10:39:11.840698\', \'supplier_url\': \'https://www.poundwholesale.co.uk/auto-extreme-professional-black-bumper-trim-spray-paint-400ml\'}, {\'supplier_ean\': \'5053249226576\', \'amazon_asin\': \'B07CZHPQRY\', \'supplier_title\': \'151 Super Maintenance Spray 200ml\', \'amazon_title\': \'151 Products 2X Super Multipurpose Oil - 200ml, 20ml x 10, Bike Chain, Multipurpose, 0.26kg\', \'supplier_price\': 1.14, \'amazon_price\': 5.28, \'match_method\': \'EAN\', \'confidence\': \'high\', \'created_at\': \'2025-07-18T10:40:10.708714\', \'supplier_url\': \'https://www.poundwholesale.co.uk/supermaintenance-spray-300ml\'}, {\'supplier_ean\': \'5050375083813\', \'amazon_asin\': \'B0DG2QVKZL\', \'supplier_title\': \'Car Pride Interior Clean & Shine 300ml\', \'amazon_title\': \'Hoover HF1 Plus Cordless Stick Vacuum Cleaner with Turbo Suction Mode, Up to 45 Min Runtime, LED Lights, Multi-Floor Nozzle, Anti Hair Wrap, Handheld Capability, 165w [HF1P10H]\', \'supplier_price\': 0.95, \'amazon_price\': 99.0, \'match_method\': \'EAN\', \'confidence\': \'high\', \'created_at\': \'2025-07-18T10:41:15.031823\', \'supplier_url\': \'https://www.poundwholesale.co.uk/interior-clean-shine-300ml\'}, {\'supplier_ean\': \'5055319519120\', \'amazon_asin\': \'B07NJGQFPJ\', \'supplier_title\': \'Auto Extreme Automotive White Primer Spray Paint 250ml\', \'amazon_title\': \'Auto Extreme Auto Spray White Primer, 250 ml\', \'supplier_price\': 0.92, \'amazon_price\': 5.19, \'match_method\': \'EAN\', \'confidence\': \'high\', \'created_at\': \'2025-07-18T10:42:08.243130\', \'supplier_url\': \'https://www.poundwholesale.co.uk/auto-extreme-automotive-white-primer-spray-paint-250ml\'}, {\'supplier_ean\': \'5055441449128\', \'amazon_asin\': \'B0DF3573G7\', \'supplier_title\': \'Goodyear Microfibre Wash & Dry Cloth Large 40cm\', \'amazon_title\': \'Goodyear Microfibre Wash and Dry Cloth Large Specially designed microfibre cloth for washing and drying your vehicle |Dual purpose |Microfibres attract more dirt than a normal cloth| Machine washable\', \'supplier_price\': 0.8, \'amazon_price\': 5.03, \'match_method\': \'EAN\', \'confidence\': \'high\', \'created_at\': \'2025-07-18T10:42:56.491855\', \'supplier_url\': \'https://www.poundwholesale.co.uk/goodyear-microfibre-wash-dry-cloth-large-40cm\'}, {\'supplier_ean\': \'5050375084087\', \'amazon_asin\': \'B004V424UK\', \'supplier_title\': \'Car Pride Tyre Shine 300ml\', \'amazon_title\': \'151 CAR VAN BIKE TYRE SHINE WET LOOK SPRAY BLACK\', \'supplier_price\': 0.93, \'amazon_price\': 4.2, \'match_method\': \'EAN\', \'confidence\': \'high\', \'created_at\': \'2025-07-18T10:43:52.714822\', \'supplier_url\': \'https://www.poundwholesale.co.uk/tyre-shine-300ml\'}, {\'supplier_ean\': \'5052578042604\', \'amazon_asin\': \'B089P24HXC\', \'supplier_title\': \'Bettina Natural Chamois Leather Cloth 30cm X 30cm\', \'amazon_title\': \'CarMax® English Premium Grade Natural Chamois Leather - Large - Perfect for drying off the whole car, glass, mirrors, inside and out, super soft and highly absorbent, Made in the UK\', \'supplier_price\': 0.91, \'amazon_price\': None, \'match_method\': \'EAN\', \'confidence\': \'high\', \'created_at\': \'2025-07-18T10:44:06.608980\', \'supplier_url\': \'https://www.poundwholesale.co.uk/bettina-chamois-leather-cloth\'}, {\'supplier_ean\': \'5055319512008\', \'amazon_asin\': \'B0D6N5WJK2\', \'supplier_title\': \'Auto Extreme Professional Yellow Gloss Brake Caliper Spray Paint 400ml\', \'amazon_title\': \'AX PRO Break Caliper Spray Yellow Gloss 400ml\', \'supplier_price\': 2.73, \'amazon_price\': 4.87, \'match_method\': \'EAN\', \'confidence\': \'high\', \'created_at\': \'2025-07-18T10:44:49.215843\', \'supplier_url\': \'https://www.poundwholesale.co.uk/auto-extreme-professional-yellow-gloss-brake-caliper-spray-paint-400ml\'}, {\'supplier_ean\': \'5055441452173\', \'amazon_asin\': \'B0DF358GFW\', \'supplier_title\': \'Goodyear Microfibre Window Cloth Large 40cm X 40cm\', \'amazon_title\': \'Goodyear microfibre Window Cloth I Designed Microfiber Cloth for windscreens, windows and mirrors| Statically charged cleaning| Leaves lint free finish| Ideal for effective cleaning of glass surfaces\', \'supplier_price\': 1.06, \'amazon_price\': 1.99, \'match_method\': \'EAN\', \'confidence\': \'high\', \'created_at\': \'2025-07-18T10:45:39.365206\', \'supplier_url\': \'https://www.poundwholesale.co.uk/goodyear-microfibre-window-cloth-large-40cm-x-40cm\'}, {\'supplier_ean\': \'5052578414708\', \'amazon_asin\': \'B0BG8HY6NL\', \'supplier_title\': \'Bettina Giant Car Sponge\', \'amazon_title\': \'Xtremeauto\', \'supplier_price\': 0.87, \'amazon_price\': None, \'match_method\': \'EAN\', \'confidence\': \'high\', \'created_at\': \'2025-07-18T10:45:52.603673\', \'supplier_url\': \'https://www.poundwholesale.co.uk/bettina-giant-car-sponge\'}, {\'supplier_ean\': \'5050375083967\', \'amazon_asin\': \'B004V423RY\', \'supplier_title\': \'Car Pride Window & Mirror Cleaner 300ml\', \'amazon_title\': \'WINDOW MIRROR GLASS CERAMIC CLEANER - NON SMEAR\', \'supplier_price\': 0.97, \'amazon_price\': 4.45, \'match_method\': \'EAN_cached\', \'confidence\': \'low\', \'created_at\': \'2025-07-18T10:45:52.672388\', \'supplier_url\': \'https://www.poundwholesale.co.uk/window-mirror-cleaner-300ml\'}, {\'supplier_ean\': \'5055441444536\', \'amazon_asin\': \'B0DF33XNMX\', \'supplier_title\': \'Goodyear Luxury Deep Pile Microfibre 2-In-1 Valet Cloth 45cm X 38cm\', \'amazon_title\': \'Goodyear Luxury Valet Cloth Large Deep pile for absorbency| For showroom perfect finish |2 in 1 luxury car cloth| Microfibre technology| Cleaning fibre| Satin safety edging protects against scratching\', \'supplier_price\': 3.02, \'amazon_price\': 7.0, \'match_method\': \'EAN\', \'confidence\': \'high\', \'created_at\': \'2025-07-18T10:46:44.263284\', \'supplier_url\': \'https://www.poundwholesale.co.uk/goodyear-luxury-deep-pile-microfibre-2-in-1-valet-cloth-45cm-x-38cm\'}, {\'supplier_ean\': \'5055441446554\', \'amazon_asin\': \'B0DJWFVY3H\', \'supplier_title\': \'Goodyear Snow Foam Pre-Wash Shampoo 1l\', \'amazon_title\': \'Goodyear 1L Snow Foam Cherry Scent Pressure Washer Or Foam Lancer | Covers The Vehicle In A Rich Blanket Of Foam | Gently Loosen Dirt & Heavy Soiling | More Concentrated Solution The Thicker The Foam\', \'supplier_price\': 2.54, \'amazon_price\': 7.99, \'match_method\': \'EAN\', \'confidence\': \'high\', \'created_at\': \'2025-07-18T10:47:33.544513\', \'supplier_url\': \'https://www.poundwholesale.co.uk/goodyear-cherry-snow-form-pre-wash-shampoo-1l\'}, {\'supplier_ean\': \'5055319519021\', \'amazon_asin\': \'B09FLXRC5F\', \'supplier_title\': \'Auto Extreme Automotive White Gloss Spray Paint 250ml\', \'amazon_title\': \'Classic Signature - 1 x Auto Extreme White Gloss Spray Paint 250ml Professional Quality, Perfect Finish for Cars, Bikes,Vans, Metal, Wood\', \'supplier_price\': 0.92, \'amazon_price\': 5.47, \'match_method\': \'EAN\', \'confidence\': \'high\', \'created_at\': \'2025-07-18T10:48:41.581930\', \'supplier_url\': \'https://www.poundwholesale.co.uk/auto-extreme-automotive-white-gloss-spray-paint-250ml\'}, {\'supplier_ean\': \'5055319519274\', \'amazon_asin\': \'B09F9MVQS1\', \'supplier_title\': \'Auto Extreme Professional Blue Gloss Spray Paint 400ml\', \'amazon_title\': \'Classic Signature - 1 x Auto Extreme Blue Gloss Spray Paint 400ml, Professional Quality, Perfect Finish for Cars, Bikes,Vans, Metal, Wood\', \'supplier_price\': 1.82, \'amazon_price\': 6.89, \'match_method\': \'EAN\', \'confidence\': \'high\', \'created_at\': \'2025-07-18T10:49:36.222143\', \'supplier_url\': \'https://www.poundwholesale.co.uk/auto-extreme-professional-blue-gloss-spray-paint-400ml\'}, {\'supplier_ean\': \'5050375127340\', \'amazon_asin\': \'B076DD8QMP\', \'supplier_title\': \'Tango Car Air Freshener CDU Assorted Fragrances\', \'amazon_title\': \'Tango Liquid Car Air Freshener 4pk - Cherry Orange Apple & Lemon\', \'supplier_price\': 0.74, \'amazon_price\': 5.49, \'match_method\': \'EAN\', \'confidence\': \'high\', \'created_at\': \'2025-07-18T10:50:21.970905\', \'supplier_url\': \'https://www.poundwholesale.co.uk/tango-car-air-freshener-cdu-assorted-fragrances\'}, {\'supplier_ean\': \'5055319519243\', \'amazon_asin\': \'B07NJHJC44\', \'supplier_title\': \'Auto Extreme Professional Silver Wheel Spray Paint 400ml\', \'amazon_title\': \'Auto Extreme Silver Wheel, 400 ml\', \'supplier_price\': 1.82, \'amazon_price\': 5.5, \'match_method\': \'EAN\', \'confidence\': \'high\', \'created_at\': \'2025-07-18T10:51:15.720754\', \'supplier_url\': \'https://www.poundwholesale.co.uk/auto-extreme-professional-silver-wheel-spray-paint-400ml\'}, {\'supplier_ean\': \'5055319530798\', \'amazon_asin\': \'B0BZQ9D3SS\', \'supplier_title\': \'Auto Extreme Ocean Breeze In-Car Fragrance Air Freshener Spray 100ml\', \'amazon_title\': \'Car Air Freshener for Men with Vent Clip | Strong Perfume Automotive Air Freshener | Odour Eliminating Technology with Vent Clip | Car Air Fresheners by Perfa\', \'supplier_price\': 0.65, \'amazon_price\': None, \'match_method\': \'EAN\', \'confidence\': \'high\', \'created_at\': \'2025-07-18T10:51:27.401020\', \'supplier_url\': \'https://www.poundwholesale.co.uk/auto-extreme-ocean-breeze-in-car-fragrance-air-freshener-spray-100ml\'}, {\'supplier_ean\': \'5052578047807\', \'amazon_asin\': \'B0FB44TV8Y\', \'supplier_title\': \'Bettina Microfibre Ultra Buff Car Cloths 3pc\', \'amazon_title\': \'Towelogy\', \'supplier_price\': 1.79, \'amazon_price\': None, \'match_method\': \'EAN\', \'confidence\': \'high\', \'created_at\': \'2025-07-18T10:51:38.488644\', \'supplier_url\': \'https://www.poundwholesale.co.uk/bettina-microfibre-ultra-buff-car-cloths-3pc\'}, {\'supplier_ean\': \'5055441446714\', \'amazon_asin\': \'B0DFPVL488\', \'supplier_title\': \'Goodyear Silicone Window Squeegee 30cm\', \'amazon_title\': \'Goodyear Silicone Window Squeegee Ideal For Car Bodywork, Showers, Windows And Other Smooth Surfaces| Soft Silicone Blade| Removes 95% Of Standing Water| V-shaped Grip| Reusable And Long Lasting\', \'supplier_price\': 1.99, \'amazon_price\': 3.99, \'match_method\': \'EAN\', \'confidence\': \'high\', \'created_at\': \'2025-07-18T10:52:28.920921\', \'supplier_url\': \'https://www.poundwholesale.co.uk/goodyear-silicone-window-squeegee-30cm\'}, {\'supplier_ean\': \'5055319528030\', \'amazon_asin\': \'B0DJM5VWR6\', \'supplier_title\': \'Rapide DP-60 Penetrating Maintenance Spray 100ml CDU\', \'amazon_title\': \'PNJB\', \'supplier_price\': 0.79, \'amazon_price\': None, \'match_method\': \'EAN\', \'confidence\': \'high\', \'created_at\': \'2025-07-18T10:52:43.308895\', \'supplier_url\': \'https://www.poundwholesale.co.uk/rapide-dp-60-penetrating-maintenance-spray-100ml-cdu\'}, {\'supplier_ean\': \'5052578047708\', \'amazon_asin\': \'B09D7HXXXT\', \'supplier_title\': \'Bettina Assorted Microfibre Car Rags Bag\', \'amazon_title\': \'MR.SIGA\', \'supplier_price\': 1.79, \'amazon_price\': None, \'match_method\': \'EAN\', \'confidence\': \'high\', \'created_at\': \'2025-07-18T10:52:56.953180\', \'supplier_url\': \'https://www.poundwholesale.co.uk/bettina-assorted-microfibre-car-rags-bag\'}, {\'supplier_ean\': \'8008990001061\', \'amazon_asin\': \'B00BFXBBHM\', \'supplier_title\': \'Classic Professional Car Sponge 15cm X 11cm X 5.5cm\', \'amazon_title\': \'Générique Auto Care – Wash Synthetic Sponge Pro Classic\', \'supplier_price\': 0.62, \'amazon_price\': 3.89, \'match_method\': \'EAN\', \'confidence\': \'high\', \'created_at\': \'2025-07-18T10:53:42.902436\', \'supplier_url\': \'https://www.poundwholesale.co.uk/classic-professional-car-sponge-15cm-x-11cm-x-5-5cm\'}, {\'supplier_ean\': \'5055319529891\', \'amazon_asin\': \'B0CXN6VDPT\', \'supplier_title\': \'Rapide Multi Lube Oil Spray 250ml\', \'amazon_title\': \'Multi Lube Oil Spray High Performance Lubricates Cleans Prevents Rust - 300ml\', \'supplier_price\': 1.07, \'amazon_price\': 5.49, \'match_method\': \'EAN\', \'confidence\': \'high\', \'created_at\': \'2025-07-18T10:54:33.090475\', \'supplier_url\': \'https://www.poundwholesale.co.uk/rapide-multi-lube-oil-spray-250ml\'}, {\'supplier_ean\': \'5055319599559\', \'amazon_asin\': \'B07NJGVPVQ\', \'supplier_title\': \'Auto Extreme Professional Chrome Effect Spray Paint 400ml\', \'amazon_title\': \'Auto Extreme Auto Spray Chrome, 400 ml\', \'supplier_price\': 2.03, \'amazon_price\': 4.99, \'match_method\': \'EAN\', \'confidence\': \'high\', \'created_at\': \'2025-07-18T10:55:42.978833\', \'supplier_url\': \'https://www.poundwholesale.co.uk/auto-extreme-professional-chrome-effect-spray-paint-400ml\'}, {\'supplier_ean\': \'5053249228563\', \'amazon_asin\': \'B07R97BMMC\', \'supplier_title\': \'Carpride Alloy Wheel Spray Paint Matt Black\', \'amazon_title\': \'Car Pride 400ml High Grade Car Alloy Wheel Matt Black Fantastic Finish Surface Aerosol Spray Paint Can\', \'supplier_price\': 1.67, \'amazon_price\': 5.69, \'match_method\': \'EAN\', \'confidence\': \'high\', \'created_at\': \'2025-07-18T10:56:35.936258\', \'supplier_url\': \'https://www.poundwholesale.co.uk/carpride-alloy-wheel-spray-paint-matt-black\'}, {\'supplier_ean\': \'5055319519045\', \'amazon_asin\': \'B07NJFYFZR\', \'supplier_title\': \'Auto Extreme Silver Wheel Spray Paint 250ml\', \'amazon_title\': \'Auto Extreme Auto Spray Silver Wheel, 250 ml\', \'supplier_price\': 0.92, \'amazon_price\': 4.5, \'match_method\': \'EAN\', \'confidence\': \'high\', \'created_at\': \'2025-07-18T10:57:32.469691\', \'supplier_url\': \'https://www.poundwholesale.co.uk/auto-extreme-silver-wheel-spray-paint-250ml\'}, {\'supplier_ean\': \'5055319519212\', \'amazon_asin\': \'B09DYXN6YF\', \'supplier_title\': \'Auto Extreme Professional Black Gloss Spray Paint 400ml\', \'amazon_title\': \'Classic Signature - 1 x Auto Extreme Black Gloss Spray Paint 400ml, Professional Quality, Perfect Finish for Cars, Bikes,Vans, Metal, Wood\', \'supplier_price\': 1.82, \'amazon_price\': 6.89, \'match_method\': \'EAN\', \'confidence\': \'high\', \'created_at\': \'2025-07-18T10:58:29.850682\', \'supplier_url\': \'https://www.poundwholesale.co.uk/auto-extreme-professional-black-gloss-spray-paint-400ml\'}, {\'supplier_ean\': \'5056170362405\', \'amazon_asin\': \'B006UCJ5NU\', \'supplier_title\': \'Bloc Multipurpose Penetrating Maintenance Spray 250ml\', \'amazon_title\': \'WD-40 Specialist\', \'supplier_price\': 1.03, \'amazon_price\': None, \'match_method\': \'EAN\', \'confidence\': \'high\', \'created_at\': \'2025-07-18T10:58:41.438173\', \'supplier_url\': \'https://www.poundwholesale.co.uk/bloc-multipurpose-penetrating-maintenance-spray-250ml\'}, {\'supplier_ean\': \'5055319519106\', \'amazon_asin\': \'B09FLX734G\', \'supplier_title\': \'Auto Extreme Automotive Black Satin Spray Paint 250ml\', \'amazon_title\': \'Classic Signature - 1 x Black Satin Auto Extreme Spray Paint 250ml Professional Quality, Perfect Finish for Cars, Bikes,Vans, Metal, Wood\', \'supplier_price\': 0.92, \'amazon_price\': 5.47, \'match_method\': \'EAN\', \'confidence\': \'high\', \'created_at\': \'2025-07-18T10:59:37.654163\', \'supplier_url\': \'https://www.poundwholesale.co.uk/auto-extreme-automotive-black-satin-spray-paint-250ml\'}, {\'supplier_ean\': \'5053249248677\', \'amazon_asin\': \'B000LD4V2E\', \'supplier_title\': \'Car Pride Black Gloss Spray Paint 400ml\', \'amazon_title\': \'Hycote\', \'supplier_price\': 1.73, \'amazon_price\': None, \'match_method\': \'EAN\', \'confidence\': \'high\', \'created_at\': \'2025-07-18T10:59:51.150021\', \'supplier_url\': \'https://www.poundwholesale.co.uk/car-pride-black-gloss-spray-paint-400ml\'}, {\'supplier_ean\': \'5050375064300\', \'amazon_asin\': \'B01M0JVPJD\', \'supplier_title\': \'Car-Pride Quick Fix Tyre Repair 300ml\', \'amazon_title\': \'2 X QUICK FIX CAR EMERGENCY FLAT TYRE INFLATE PUNCTURE REPAIR KIT\', \'supplier_price\': 1.77, \'amazon_price\': 7.74, \'match_method\': \'EAN\', \'confidence\': \'high\', \'created_at\': \'2025-07-18T11:00:47.582374\', \'supplier_url\': \'https://www.poundwholesale.co.uk/quick-fix-tyre-repair\'}, {\'supplier_ean\': \'5055441446530\', \'amazon_asin\': \'B0993N1H9T\', \'supplier_title\': \'Goodyear Car Cockpit Cleaner 750ml\', \'amazon_title\': \'Goodyear Cockpit Cleaner 750ml- Effectively Cleans Dirt, Dust And Grime From the Dashboard And Surroundings| Protects Against Water And Dust Helping to Leave a Showroom Shine| Spray Weight 820g\', \'supplier_price\': 1.39, \'amazon_price\': 5.13, \'match_method\': \'EAN\', \'confidence\': \'high\', \'created_at\': \'2025-07-18T11:01:48.222908\', \'supplier_url\': \'https://www.poundwholesale.co.uk/goodyear-cherry-scent-car-cockpit-cleaner-750ml\'}, {\'supplier_ean\': \'5055319519281\', \'amazon_asin\': \'B07NJGV658\', \'supplier_title\': \'Auto Extreme Professional Yellow Gloss Spray Paint 400ml\', \'amazon_title\': \'Auto Extreme Auto Extreme Yellow, 400 ml\', \'supplier_price\': 1.96, \'amazon_price\': 5.49, \'match_method\': \'EAN\', \'confidence\': \'high\', \'created_at\': \'2025-07-18T11:02:38.788885\', \'supplier_url\': \'https://www.poundwholesale.co.uk/auto-extreme-professional-yellow-gloss-spray-paint-400ml\'}, {\'supplier_ean\': \'5056175980970\', \'amazon_asin\': \'B095HTD46T\', \'supplier_title\': \'Auto Extras Jar Candle Air Freshener 3 Pack Assorted\', \'amazon_title\': \'CRISTALINAS\', \'supplier_price\': 0.54, \'amazon_price\': None, \'match_method\': \'EAN\', \'confidence\': \'high\', \'created_at\': \'2025-07-18T11:02:51.951099\', \'supplier_url\': \'https://www.poundwholesale.co.uk/auto-extras-jar-candle-air-freshener-3-pack-assorted\'}, {\'supplier_ean\': \'5055319529914\', \'amazon_asin\': \'B07XZF187M\', \'supplier_title\': \'Rapide PTFE Lubricant Spray 250ml\', \'amazon_title\': \'Rapide 300ml PTFE Grease Aerosol Spray Lubricant Can Chains Belts Cables Oil\', \'supplier_price\': 1.07, \'amazon_price\': 4.99, \'match_method\': \'EAN\', \'confidence\': \'high\', \'created_at\': \'2025-07-18T11:03:38.329354\', \'supplier_url\': \'https://www.poundwholesale.co.uk/rapide-ptfe-lubricant-spray-250ml\'}, {\'supplier_ean\': \'5055441449203\', \'amazon_asin\': \'B0D12237Y2\', \'supplier_title\': \'Goodyear Expanding Car Cleaning Sponge\', \'amazon_title\': \'Goodyear Tyre and Wheel Deep Cleaning Multi-Purpose Brush | Ideal for Vehicle Tyres | Ergonomic L-Style Handle | Wide Curved Brush Head Covers Larger Surface | Removes Dirt and Grime\', \'supplier_price\': 0.72, \'amazon_price\': 0.99, \'match_method\': \'EAN\', \'confidence\': \'high\', \'created_at\': \'2025-07-18T11:04:31.759859\', \'supplier_url\': \'https://www.poundwholesale.co.uk/goodyear-expanding-car-cleaning-sponge\'}, {\'supplier_ean\': \'5053249229768\', \'amazon_asin\': \'B0BZQ8C6CS\', \'supplier_title\': \'Chupa Chups Car Air Fresheners CDU Assorted Fragrances\', \'amazon_title\': \'One Million Car Air Freshener for Men | Strong Perfume Automotive Freshener | Odour Eliminating Technology with Vent Clip | Long Lasting Car Air Freshener by Perfa\', \'supplier_price\': 0.87, \'amazon_price\': None, \'match_method\': \'EAN\', \'confidence\': \'high\', \'created_at\': \'2025-07-18T11:04:43.364574\', \'supplier_url\': \'https://www.poundwholesale.co.uk/chupa-chups-car-air-fresheners-cdu-assorted-fragrances\'}, {\'supplier_ean\': \'5050375002197\', \'amazon_asin\': \'B01MQHS127\', \'supplier_title\': \'Car Pride Stitched Natural Chamois Leather\', \'amazon_title\': \'151 NATURAL CHAMOIS LEATHER\', \'supplier_price\': 0.85, \'amazon_price\': 3.19, \'match_method\': \'EAN\', \'confidence\': \'high\', \'created_at\': \'2025-07-18T11:06:00.876295\', \'supplier_url\': \'https://www.poundwholesale.co.uk/stitched-natural-chamois-leather\'}, {\'supplier_ean\': \'5055441446431\', \'amazon_asin\': \'B0992QG9QK\', \'supplier_title\': \'Goodyear Instant Valet Upholstery Cleaner 750ml\', \'amazon_title\': \'GOODYEAR INSTANT VALET UPHOLSTERY CLEANER SPRAY 750ML\', \'supplier_price\': 1.4, \'amazon_price\': 5.27, \'match_method\': \'EAN\', \'confidence\': \'high\', \'created_at\': \'2025-07-18T11:06:52.375016\', \'supplier_url\': \'https://www.poundwholesale.co.uk/goodyear-instant-valet-upholstery-cleaner-750ml\'}, {\'supplier_ean\': \'5053249245751\', \'amazon_asin\': \'B0BLL3XTRB\', \'supplier_title\': \'Car Pride Clean & Dry Microfibre Cloth\', \'amazon_title\': \'CARPRIDE® Clean and Dry Microfibre Cloth | For Car Exterior and Interior | 30 x 30 cm | Brown\', \'supplier_price\': 0.76, \'amazon_price\': 2.95, \'match_method\': \'EAN\', \'confidence\': \'high\', \'created_at\': \'2025-07-18T11:07:43.161406\', \'supplier_url\': \'https://www.poundwholesale.co.uk/car-pride-clean-dry-microfibre-cloth\'}, {\'supplier_ean\': \'8008990001047\', \'amazon_asin\': \'B0DJFRHQ3H\', \'supplier_title\': \'Flash Car Synthetic Chamois Large\', \'amazon_title\': \'FLASH\', \'supplier_price\': 1.42, \'amazon_price\': None, \'match_method\': \'EAN\', \'confidence\': \'high\', \'created_at\': \'2025-07-18T11:08:10.161535\', \'supplier_url\': \'https://www.poundwholesale.co.uk/flash-car-synthetic-chamois-large\'}, {\'supplier_ean\': \'5050375084148\', \'amazon_asin\': \'B07FRGHHQR\', \'supplier_title\': \'Car Pride Black Pack 300ml\', \'amazon_title\': \'Car Pride Black Pack Spray For Plastic Bumper & Exterior Trim Restorer 300ml\', \'supplier_price\': 0.93, \'amazon_price\': 4.49, \'match_method\': \'EAN_cached\', \'confidence\': \'low\', \'created_at\': \'2025-07-18T11:08:10.231134\', \'supplier_url\': \'https://www.poundwholesale.co.uk/black-pack-300ml\'}, {\'supplier_ean\': \'5055319519311\', \'amazon_asin\': \'B07NJH9XCY\', \'supplier_title\': \'Auto Extreme Professional Racing Green Gloss Spray Paint 400ml\', \'amazon_title\': \'Auto Extreme Racing Green, 400 ml\', \'supplier_price\': 1.96, \'amazon_price\': 5.65, \'match_method\': \'EAN\', \'confidence\': \'high\', \'created_at\': \'2025-07-18T11:09:04.876820\', \'supplier_url\': \'https://www.poundwholesale.co.uk/auto-extreme-professional-racing-green-gloss-spray-paint-400ml\'}, {\'supplier_ean\': \'5055319519137\', \'amazon_asin\': \'B07NJFXL6R\', \'supplier_title\': \'Auto Extreme Red Primer Spray Paint 250ml\', \'amazon_title\': \'Auto Extreme Auto Spray Red Primer, 250 ml\', \'supplier_price\': 0.92, \'amazon_price\': 4.35, \'match_method\': \'EAN\', \'confidence\': \'high\', \'created_at\': \'2025-07-18T11:09:55.460107\', \'supplier_url\': \'https://www.poundwholesale.co.uk/mean-machine-auto-spray-red-primer-250ml\'}, {\'supplier_ean\': \'5038673050010\', \'amazon_asin\': \'B0FC6D5VDG\', \'supplier_title\': \'Portable Wet & Dry Auto Vacuum Cleaner\', \'amazon_title\': \'HYCHIKA 3 in 1 Wet and Dry Vacuum Cleaner, Power: 1200 W, 20 L Stainless Steel Tank, 6 M+ Cleaning Range (2.5 M Power Cores + 3.5 M Soft & Hard Hose), for Garden Outdoor Floor Sofa Cleaning\', \'supplier_price\': 10.18, \'amazon_price\': None, \'match_method\': \'EAN\', \'confidence\': \'high\', \'created_at\': \'2025-07-18T11:10:08.518609\', \'supplier_url\': \'https://www.poundwholesale.co.uk/portable-wet-dry-auto-vacuum-cleaner\'}, {\'supplier_ean\': \'5052578034708\', \'amazon_asin\': \'B0CKTH6LDT\', \'supplier_title\': \'Bettina Microfibre Car Cloths 2 Pack\', \'amazon_title\': \'CarMax® - Original Twisted Loop Car Drying Towel - Double-Sided XXL - 90cm x 60cm 1400gsm Microfibre Towel for fast streak-free drying and detailing.\', \'supplier_price\': 0.79, \'amazon_price\': 17.99, \'match_method\': \'EAN_cached\', \'confidence\': \'low\', \'created_at\': \'2025-07-18T11:10:08.580003\', \'supplier_url\': \'https://www.poundwholesale.co.uk/3pc-micro-fibre-car-cloths-highly-effective-wet-or-dry\'}, {\'supplier_ean\': \'5055441449142\', \'amazon_asin\': \'B0DF343YX8\', \'supplier_title\': \'Goodyear Microfibre Dusting Cloth Large 60cm X 40cm\', \'amazon_title\': \'Goodyear Microfibre Dusting Cloth I Specially designed microfibre cloth for windscreens, windows and mirrors | Statically charged cleaning fibres attract dust | Leaves a lint free finish | 60m x 40cm\', \'supplier_price\': 0.85, \'amazon_price\': 1.99, \'match_method\': \'EAN\', \'confidence\': \'high\', \'created_at\': \'2025-07-18T11:10:57.177704\', \'supplier_url\': \'https://www.poundwholesale.co.uk/goodyear-microfibre-dusting-cloth-large-60cm-x-40cm\'}, {\'supplier_ean\': \'5055441449180\', \'amazon_asin\': \'B0D3JDFZJC\', \'supplier_title\': \'Goodyear Microfibre Car Cloth Set 4 Pack\', \'amazon_title\': \'Goodyear 4PC Microfibre Cloth Set- microfibre cloths for cleaning your vehicle | Cleaning fibres attract dust | Showroom finish | Machine washable | Dashboard, Buffing, Window cloth | Wash and drying\', \'supplier_price\': 2.59, \'amazon_price\': 4.99, \'match_method\': \'EAN\', \'confidence\': \'high\', \'created_at\': \'2025-07-18T11:11:46.340949\', \'supplier_url\': \'https://www.poundwholesale.co.uk/goodyear-microfibre-car-cloth-set-4-pack\'}, {\'supplier_ean\': \'5055441449104\', \'amazon_asin\': \'B0DH8C367V\', \'supplier_title\': \'Goodyear Synthetic Chamois Cloth\', \'amazon_title\': \'Goodyear Synthetic Chamois -natural Chamois, Super Absorbent, Streak And Scratch Free, With A Greater Tolerance To Modern Car Cleaners| Stays Soft When Drying| Extra Large 72cm x 50cm|Machine Washable\', \'supplier_price\': 1.9, \'amazon_price\': 2.99, \'match_method\': \'EAN\', \'confidence\': \'high\', \'created_at\': \'2025-07-18T11:12:43.381337\', \'supplier_url\': \'https://www.poundwholesale.co.uk/goodyear-synthetic-chamois-cloth\'}, {\'supplier_ean\': \'5055319530736\', \'amazon_asin\': \'B084VTS1NV\', \'supplier_title\': \'Auto Extreme Fresh Linen In-Car Fragrance Air Freshener Spray 100ml\', \'amazon_title\': \'Air Freshener Spray Concentrated Long Lasting Oil Based (New Car)\', \'supplier_price\': 0.65, \'amazon_price\': None, \'match_method\': \'EAN\', \'confidence\': \'high\', \'created_at\': \'2025-07-18T11:12:55.532920\', \'supplier_url\': \'https://www.poundwholesale.co.uk/auto-extreme-fresh-linen-in-car-fragrance-air-freshener-spray-100ml\'}, {\'supplier_ean\': \'5055319519076\', \'amazon_asin\': \'B09FLX3QXD\', \'supplier_title\': \'Auto Extreme Automotive Red Gloss Spray Paint 250ml\', \'amazon_title\': \'Classic Signature - 1 x Auto Extreme Red Gloss Spray Paint 250ml, Professional Quality, Perfect Finish for Cars, Bikes,Vans, Metal, Wood\', \'supplier_price\': 0.92, \'amazon_price\': 5.47, \'match_method\': \'EAN\', \'confidence\': \'high\', \'created_at\': \'2025-07-18T11:13:48.220197\', \'supplier_url\': \'https://www.poundwholesale.co.uk/auto-extreme-automotive-red-gloss-spray-paint-250ml\'}, {\'supplier_ean\': \'5050375003620\', \'amazon_asin\': \'B0DG2QVKZL\', \'supplier_title\': \'Car Pride Luxury Natural Chamois Leather\', \'amazon_title\': \'Hoover HF1 Plus Cordless Stick Vacuum Cleaner with Turbo Suction Mode, Up to 45 Min Runtime, LED Lights, Multi-Floor Nozzle, Anti Hair Wrap, Handheld Capability, 165w [HF1P10H]\', \'supplier_price\': 1.41, \'amazon_price\': 99.0, \'match_method\': \'EAN\', \'confidence\': \'high\', \'created_at\': \'2025-07-18T11:14:56.832846\', \'supplier_url\': \'https://www.poundwholesale.co.uk/car-pride-luxury-natural-chamois-leather\'}, {\'supplier_ean\': \'00994743\', \'amazon_asin\': \'B0CCVFJ94Z\', \'supplier_title\': \'Wilko Ready To Use Screenwash 5l\', \'amazon_title\': \'Rain-X\', \'supplier_price\': 1.42, \'amazon_price\': None, \'match_method\': \'EAN\', \'confidence\': \'high\', \'created_at\': \'2025-07-18T11:15:10.531582\', \'supplier_url\': \'https://www.poundwholesale.co.uk/wilko-ready-to-use-screenwash-5l\'}, {\'supplier_ean\': \'5055319556668\', \'amazon_asin\': \'B0BC1D6KPG\', \'supplier_title\': \'Auto Extreme Car Upholstery Brush 14cm X 6.5cm\', \'amazon_title\': \'15° Curved Car Cleaning Brush with Telescopic Handle 43" Aluminum Alloy Long Rod Wash Mop For Washing Caravan Van Truck Boat RV Roof Soft Chenille Head Duster Clean Product Not Hurt Paint Scratch Free\', \'supplier_price\': 0.97, \'amazon_price\': None, \'match_method\': \'EAN\', \'confidence\': \'high\', \'created_at\': \'2025-07-18T11:15:22.281479\', \'supplier_url\': \'https://www.poundwholesale.co.uk/auto-extreme-car-upholstery-brush-14cm-x-6-5cm\'}, {\'supplier_ean\': \'5050375083783\', \'amazon_asin\': \'B00A3T5F2G\', \'supplier_title\': \'Car Pride Instant Valet 300ml\', \'amazon_title\': \'Carpride Instant Valet Aerosol Spray 300ml\', \'supplier_price\': 0.97, \'amazon_price\': 4.09, \'match_method\': \'EAN_cached\', \'confidence\': \'low\', \'created_at\': \'2025-07-18T11:15:22.357739\', \'supplier_url\': \'https://www.poundwholesale.co.uk/instant-valet-300ml\'}, {\'supplier_ean\': \'5055319512213\', \'amazon_asin\': \'B0F9329VCL\', \'supplier_title\': \'Auto Extreme Car Air Freshener Assorted Fragrances Clip Strip\', \'amazon_title\': \'Automizer - Creed Car Air Freshener for Men - Smart Car Air Freshener Diffuser Aventus Inspired Automatic On/Off Refillable Air Freshner, Gifts for Men/Women\', \'supplier_price\': 0.27, \'amazon_price\': None, \'match_method\': \'EAN\', \'confidence\': \'high\', \'created_at\': \'2025-07-18T11:15:36.157612\', \'supplier_url\': \'https://www.poundwholesale.co.uk/auto-extreme-car-air-freshener-assorted-fragrances-clip-strip\'}, {\'supplier_ean\': \'5053249256832\', \'amazon_asin\': \'B0D2HLTZ4Q\', \'supplier_title\': \'Car Pride All Seasons Screen Wash Tablets 2pc\', \'amazon_title\': \'Screenwash Tablets For Cars, 100 Pcs Car Windshield Wash Tablets, Concentrated Screenwash Washer Fluid Car Window Cleaning Tablets for Metal, Plastic, Window Glass, Look Completely New\', \'supplier_price\': 0.74, \'amazon_price\': None, \'match_method\': \'EAN\', \'confidence\': \'high\', \'created_at\': \'2025-07-18T11:15:50.415052\', \'supplier_url\': \'https://www.poundwholesale.co.uk/car-pride-all-seasons-screen-wash-tablets-2pc\'}, {\'supplier_ean\': \'5055056731861\', \'amazon_asin\': \'B09LHF2V7G\', \'supplier_title\': \'Guilty Pleasures Chocolate Chip Cookie 3D Car Air Freshener\', \'amazon_title\': \'Guilty Pleasures 3D Choc Cookie CAR FRESHENER\', \'supplier_price\': 0.38, \'amazon_price\': 3.99, \'match_method\': \'EAN\', \'confidence\': \'high\', \'created_at\': \'2025-07-18T11:16:51.336470\', \'supplier_url\': \'https://www.poundwholesale.co.uk/guilty-pleasures-chocolate-chip-cookie-3d-air-freshener\'}, {\'supplier_ean\': \'5055441446479\', \'amazon_asin\': \'B0993YCZWB\', \'supplier_title\': \'Goodyear Fresh Fragrance Glass & Mirror Cleaner 750ml\', \'amazon_title\': \'Goodyear Glass & Mirror Cleaner 750ml - For a streak-free finish | Effective cleaner for car windscreens, side window, wing mirrors & rear view mirror | Suitable for rain sensor and acrylic windows\', \'supplier_price\': 1.36, \'amazon_price\': 5.74, \'match_method\': \'EAN\', \'confidence\': \'high\', \'created_at\': \'2025-07-18T11:18:10.194551\', \'supplier_url\': \'https://www.poundwholesale.co.uk/goodyear-fresh-fragrance-glass-mirror-cleaner-750ml\'}, {\'supplier_ean\': \'5055441446455\', \'amazon_asin\': \'B0993N4XMC\', \'supplier_title\': \'Goodyear Back-To-Black Bumper & Trim Plastic Restorer 750ml\', \'amazon_title\': \'Goodyear Bumper and Trim Restorer 750ml-back to Black| Helps Bumper and Trim Plastic Look Like New| Restores, Protects and Shines| Long Lasting Gloss Finish| Suitable for All Exterior Plastics\', \'supplier_price\': 1.4, \'amazon_price\': 4.89, \'match_method\': \'EAN\', \'confidence\': \'high\', \'created_at\': \'2025-07-18T11:19:05.192693\', \'supplier_url\': \'https://www.poundwholesale.co.uk/goodyear-black-bumper-trim-plastic-restorer-750ml\'}, {\'supplier_ean\': \'5015302400262\', \'amazon_asin\': \'B0B4R5265Z\', \'supplier_title\': \'Coco & Gray Assorted Colour Synthetic Chamois Cloths 3 Pack\', \'amazon_title\': \'Airlab\', \'supplier_price\': 0.64, \'amazon_price\': None, \'match_method\': \'EAN\', \'confidence\': \'high\', \'created_at\': \'2025-07-18T11:19:19.017457\', \'supplier_url\': \'https://www.poundwholesale.co.uk/royle-shammy-pack-3\'}, {\'supplier_ean\': \'5055319519304\', \'amazon_asin\': \'B09F9N1DW9\', \'supplier_title\': \'Auto Extreme Professional Silver Body Spray Paint 400ml\', \'amazon_title\': \'Classic Signature - 1 x Auto Extreme Silver Body Spray Paint 400ml Professional Quality, Perfect Finish for Cars, Bikes,Vans, Metal, Wood\', \'supplier_price\': 1.82, \'amazon_price\': 6.89, \'match_method\': \'EAN\', \'confidence\': \'high\', \'created_at\': \'2025-07-18T11:20:10.249623\', \'supplier_url\': \'https://www.poundwholesale.co.uk/auto-extreme-professional-silver-body-spray-paint-400ml\'}, {\'supplier_ean\': \'5053249200743\', \'amazon_asin\': \'B0DY5MX94X\', \'supplier_title\': \'Tango Card Car Air Freshener 2 Pack CDU Assorted Fragrances\', \'amazon_title\': \'Luxury Car Fragrance Gift Set, 2 Glass Car Diffusers, 2 x 30ml Refills, 2 x Vent Clips, 10 ml Interior Fabric Spray, Strong Fragrance, (Crede)\', \'supplier_price\': 0.74, \'amazon_price\': None, \'match_method\': \'EAN\', \'confidence\': \'high\', \'created_at\': \'2025-07-18T11:20:38.365789\', \'supplier_url\': \'https://www.poundwholesale.co.uk/tango-card-car-air-freshener-2-pack-cdu-assorted-fragrances\'}, {\'supplier_ean\': \'5056175980963\', \'amazon_asin\': \'B0FH9LCRSZ\', \'supplier_title\': \'Auto Extras Jelly Baby Air Freshener Assorted\', \'amazon_title\': \'Car Air Freshener Aromatherapy Balm Long Lasting Fragrance Non-spill Solid 3D Tomato Shaped Travel Size Scented Balm 100g Eliminate Odor for Bedroom Toliet Elitzia ETAP2815\', \'supplier_price\': 0.65, \'amazon_price\': None, \'match_method\': \'EAN\', \'confidence\': \'high\', \'created_at\': \'2025-07-18T11:20:51.448024\', \'supplier_url\': \'https://www.poundwholesale.co.uk/auto-extras-jelly-baby-air-freshener-assorted\'}, {\'supplier_ean\': \'5055319519298\', \'amazon_asin\': \'B07NJH3Q91\', \'supplier_title\': \'Auto Extreme Professional Black Satin Spray Paint 400ml\', \'amazon_title\': \'Auto Extreme Auto Extreme Black Satin, 400 ml\', \'supplier_price\': 1.82, \'amazon_price\': 5.49, \'match_method\': \'EAN\', \'confidence\': \'high\', \'created_at\': \'2025-07-18T11:21:47.219390\', \'supplier_url\': \'https://www.poundwholesale.co.uk/auto-extreme-professional-black-satin-spray-paint-400ml\'}, {\'supplier_ean\': \'5055056770815\', \'amazon_asin\': \'B0BZQC1VY6\', \'supplier_title\': \'Millions Cola 3D Car Air Freshener\', \'amazon_title\': \'Creed Car Air Freshener for Men | Aventos Perfume Inspired Car Fragrances | Strong Freshener with Odour Eliminator Technology | Creed Automotive Air Freshener | GREED Scent by Perfa\', \'supplier_price\': 0.38, \'amazon_price\': None, \'match_method\': \'EAN\', \'confidence\': \'high\', \'created_at\': \'2025-07-18T11:22:00.417347\', \'supplier_url\': \'https://www.poundwholesale.co.uk/millions-cola-3d-car-air-freshener\'}, {\'supplier_ean\': \'5052578015608\', \'amazon_asin\': \'B0DHXJ3Y9T\', \'supplier_title\': \'Bettina Car Sponges 3 Pack\', \'amazon_title\': \'3 Pack Car Sponges,Jumbo Sponges For Car Cleaning,Anti Scratch Technology for Car Exterior & Window Washing- Perfect For Wheels, Windscreen & Bodywork (3 PCS (Yellow))\', \'supplier_price\': 0.84, \'amazon_price\': 7.99, \'match_method\': \'EAN_cached\', \'confidence\': \'low\', \'created_at\': \'2025-07-18T11:22:00.495119\', \'supplier_url\': \'https://www.poundwholesale.co.uk/bettina-car-sponges-3-pack\'}, {\'supplier_ean\': \'5038673050010\', \'amazon_asin\': \'B0FC6D5VDG\', \'supplier_title\': \'Roadster Car Vacuum Cleaner 12V\', \'amazon_title\': \'HYCHIKA 3 in 1 Wet and Dry Vacuum Cleaner, Power: 1200 W, 20 L Stainless Steel Tank, 6 M+ Cleaning Range (2.5 M Power Cores + 3.5 M Soft & Hard Hose), for Garden Outdoor Floor Sofa Cleaning\', \'supplier_price\': 5.28, \'amazon_price\': None, \'match_method\': \'EAN_cached\', \'confidence\': \'low\', \'created_at\': \'2025-07-18T11:22:00.576434\', \'supplier_url\': \'https://www.poundwholesale.co.uk/roadster-car-vacuum-cleaner-12v\'}, {\'supplier_ean\': \'5050375083752\', \'amazon_asin\': \'B01C4S4876\', \'supplier_title\': \'Car Pride Alloy Wheel Cleaner 300ml\', \'amazon_title\': \'Car Pride Wheel Clean, 300ml\', \'supplier_price\': 0.97, \'amazon_price\': 4.05, \'match_method\': \'EAN_cached\', \'confidence\': \'low\', \'created_at\': \'2025-07-18T11:22:00.651582\', \'supplier_url\': \'https://www.poundwholesale.co.uk/alloy-wheel-cleaner\'}, {\'supplier_ean\': \'5055441452357\', \'amazon_asin\': \'B0DFPVGFZ4\', \'supplier_title\': \'Goodyear Extendable Car Windscreen Washer Squeegee Sponge Cleaner\', \'amazon_title\': \'Goodyear 2 In 1 Window Squeegee Flexible Rubber Blade| Netted Sponge Scrubber| Multi-purpose And Easy To Use| Non - Scratch| Ideal For Cleaning Windows And Windscreens| Compact Design, Easy Storage\', \'supplier_price\': 1.76, \'amazon_price\': 2.99, \'match_method\': \'EAN\', \'confidence\': \'high\', \'created_at\': \'2025-07-18T11:22:54.109374\', \'supplier_url\': \'https://www.poundwholesale.co.uk/goodyear-extendable-car-windscreen-washer-squeegee-sponge-cleaner\'}, {\'supplier_ean\': \'5055257813090\', \'amazon_asin\': \'B0FH9LCRSZ\', \'supplier_title\': \'Fragranced Fruit Shaped Car Air Freshener\', \'amazon_title\': \'Car Air Freshener Aromatherapy Balm Long Lasting Fragrance Non-spill Solid 3D Tomato Shaped Travel Size Scented Balm 100g Eliminate Odor for Bedroom Toliet Elitzia ETAP2815\', \'supplier_price\': 0.6, \'amazon_price\': None, \'match_method\': \'EAN\', \'confidence\': \'high\', \'created_at\': \'2025-07-18T11:23:05.509024\', \'supplier_url\': \'https://www.poundwholesale.co.uk/fragranced-fruit-shaped-car-air-freshener\'}, {\'supplier_ean\': \'5055319510615\', \'amazon_asin\': \'B0C49F6NG6\', \'supplier_title\': \'Auto Extreme Professional Petrol-Resistant Lacquer Clear Spray 400ml\', \'amazon_title\': \'Ozeino Wireless Gaming Headset, Compatible with PC Ps5 Ps4 Boasts 2.4GHz Lossless Audio, USB & Type-C, Flip Microphone and 40-Hr Battery - Suited for Switch, Laptop, Mac\', \'supplier_price\': 1.89, \'amazon_price\': 23.11, \'match_method\': \'EAN\', \'confidence\': \'high\', \'created_at\': \'2025-07-18T11:24:21.169341\', \'supplier_url\': \'https://www.poundwholesale.co.uk/auto-extreme-professional-petrol-resistant-lacquer-clear-spray-400ml\'}, {\'supplier_ean\': \'5053249271453\', \'amazon_asin\': \'B0CHTHYL58\', \'supplier_title\': \'Car-Pride Biodegradable Interior Clean & Shine Wipes 30 Pack\', \'amazon_title\': \'AMK\', \'supplier_price\': 0.65, \'amazon_price\': None, \'match_method\': \'EAN\', \'confidence\': \'high\', \'created_at\': \'2025-07-18T11:24:44.743060\', \'supplier_url\': \'https://www.poundwholesale.co.uk/car-pride-interior-clean-shine-wipes-30-pack\'}, {\'supplier_ean\': \'5055319519267\', \'amazon_asin\': \'B07NJGB772\', \'supplier_title\': \'Auto Extreme Professional Red Gloss Spray Paint 400ml\', \'amazon_title\': \'Auto Extreme Auto Extreme Red, 400 ml\', \'supplier_price\': 1.82, \'amazon_price\': 5.79, \'match_method\': \'EAN\', \'confidence\': \'high\', \'created_at\': \'2025-07-18T11:25:35.589009\', \'supplier_url\': \'https://www.poundwholesale.co.uk/auto-extreme-professional-red-gloss-spray-paint-400ml\'}, {\'supplier_ean\': \'5056175987832\', \'amazon_asin\': \'B0BSFN7BK9\', \'supplier_title\': \'Bloome Gel Boat Air Freshener 150G Assorted Fragrance\', \'amazon_title\': \'SOL\', \'supplier_price\': 0.46, \'amazon_price\': None, \'match_method\': \'EAN\', \'confidence\': \'high\', \'created_at\': \'2025-07-18T11:25:49.342872\', \'supplier_url\': \'https://www.poundwholesale.co.uk/bloome-gel-boat-air-freshener-150g-assorted-fragrance\'}, {\'supplier_ean\': \'5055441445021\', \'amazon_asin\': \'B0DJFGKQTJ\', \'supplier_title\': \'Dekton Tri-Extending Wash Brush 3m\', \'amazon_title\': \'Dekton Heavy Duty Tri-Extending Wash Brush | Long Reach Water Fed Brush for Cars, Boats, & More | Ergonomic Foam Grip | Soft Bristles Prevent Scratching | Telescopic Design Extends to 3 Metres\', \'supplier_price\': 13.64, \'amazon_price\': 25.06, \'match_method\': \'EAN\', \'confidence\': \'high\', \'created_at\': \'2025-07-18T11:26:42.138251\', \'supplier_url\': \'https://www.poundwholesale.co.uk/dekton-tri-extending-wash-brush-3m\'}, {\'supplier_ean\': \'5038673410692\', \'amazon_asin\': \'B0DPX1HRM6\', \'supplier_title\': \'Car Air Fresheners Fruit Assorted CDU\', \'amazon_title\': \'Q QXUNMU\', \'supplier_price\': 0.34, \'amazon_price\': None, \'match_method\': \'EAN\', \'confidence\': \'high\', \'created_at\': \'2025-07-18T11:26:57.017565\', \'supplier_url\': \'https://www.poundwholesale.co.uk/car-air-fresheners-fruit-assorted-cdu\'}, {\'supplier_ean\': \'5055441452319\', \'amazon_asin\': \'B0DJT8DYF6\', \'supplier_title\': \'Goodyear Wax Applicator Pad Set 3pc\', \'amazon_title\': \'Goodyear 3pc Applicator Set Specially Designed Microfiber Pad For Cleaning Your Vehicle|Ideal For Polishing And Waxing Of Painted Surfaces|Thick Microfiber Evenly Distributes Pressure For Application\', \'supplier_price\': 1.99, \'amazon_price\': 2.99, \'match_method\': \'EAN\', \'confidence\': \'high\', \'created_at\': \'2025-07-18T11:27:44.877336\', \'supplier_url\': \'https://www.poundwholesale.co.uk/goodyear-wax-applicator-pad-set-3pc\'}, {\'supplier_ean\': \'5055441421902\', \'amazon_asin\': \'B0CZYRJ8ZX\', \'supplier_title\': \'Goodyear 2-In-1 Noodle Wash Mitt\', \'amazon_title\': \'Goodyear 2 In 1 Noodle Wash Mitt Extra Long Handle With Pivoting Head For Easy Reach All Around Your Windscreen | Microfiber Pad For Ultimate Cleaning | Excellent For Quick Defogging And Cleaning\', \'supplier_price\': 2.06, \'amazon_price\': 5.29, \'match_method\': \'EAN\', \'confidence\': \'high\', \'created_at\': \'2025-07-18T11:28:33.825517\', \'supplier_url\': \'https://www.poundwholesale.co.uk/goodyear-2-in-1-noodle-wash-mitt\'}, {\'supplier_ean\': \'5052578611800\', \'amazon_asin\': \'B0BG8HY6NL\', \'supplier_title\': \'Bettina Comfortable Grip Jumbo Car Sponge\', \'amazon_title\': \'Xtremeauto\', \'supplier_price\': 0.6, \'amazon_price\': None, \'match_method\': \'EAN\', \'confidence\': \'high\', \'created_at\': \'2025-07-18T11:28:47.461587\', \'supplier_url\': \'https://www.poundwholesale.co.uk/jumbo-car-sponge-with-comfortable-grip\'}, {\'supplier_ean\': \'5055441449227\', \'amazon_asin\': \'B0DFMH5XX9\', \'supplier_title\': \'Goodyear 2-In-1 Microfibre Drying Towel Xl 80cm X 60cm\', \'amazon_title\': \'Goodyear Microfiber Drying Towel Xl Deep Pile For Extra Absorbency| Microfiber Technology| Cleaning Fiber Attracts Dust |satin Safety Edging Protects Against Scratching| Extra Absorbency Free Finish\', \'supplier_price\': 2.21, \'amazon_price\': 3.99, \'match_method\': \'EAN\', \'confidence\': \'high\', \'created_at\': \'2025-07-18T11:29:40.530652\', \'supplier_url\': \'https://www.poundwholesale.co.uk/goodyear-2-in-1-microfibre-drying-towel-xl-80cm-x-60cm\'}, {\'supplier_ean\': \'5055319530743\', \'amazon_asin\': \'B084VTS1NV\', \'supplier_title\': \'Auto Extreme Cedar Wood In-Car Fragrance Air Freshener Spray 100ml\', \'amazon_title\': \'Air Freshener Spray Concentrated Long Lasting Oil Based (New Car)\', \'supplier_price\': 0.65, \'amazon_price\': None, \'match_method\': \'EAN\', \'confidence\': \'high\', \'created_at\': \'2025-07-18T11:29:54.290257\', \'supplier_url\': \'https://www.poundwholesale.co.uk/auto-extreme-cedar-wood-in-car-fragrance-air-freshener-spray-100ml\'}, {\'supplier_ean\': \'5055319519007\', \'amazon_asin\': \'B01FXX9AJA\', \'supplier_title\': \'Auto Extreme Automotive Black Matt Spray Paint 250ml\', \'amazon_title\': \'Black Matt Aerosol Spray Cans 250ml Car Auto Extreme Spray Paint (6)\', \'supplier_price\': 0.92, \'amazon_price\': 9.95, \'match_method\': \'EAN\', \'confidence\': \'high\', \'created_at\': \'2025-07-18T11:30:50.315219\', \'supplier_url\': \'https://www.poundwholesale.co.uk/auto-extreme-automotive-black-matt-spray-paint-250ml\'}, {\'supplier_ean\': \'5055441449982\', \'amazon_asin\': \'B0DJH4WTZ5\', \'supplier_title\': \'Goodyear Anti-Smear Screenwash 1l\', \'amazon_title\': \'Goodyear 1 Litre Screen Wash-5% Ethanol| Blue Colour Liquid| Red Lid| English Label| Antifreeze Windscreen Wash Liquid| Prevents Freezing Of The Glass Washer System Down| Provide Clear Vision\', \'supplier_price\': 0.95, \'amazon_price\': None, \'match_method\': \'EAN\', \'confidence\': \'high\', \'created_at\': \'2025-07-18T11:31:39.554668\', \'supplier_url\': \'https://www.poundwholesale.co.uk/goodyear-anti-smear-screenwash-1l\'}, {\'supplier_ean\': \'5055441405544\', \'amazon_asin\': \'B0D1R5SR4V\', \'supplier_title\': \'Goodyear Anti-Smear Screenwash 5l\', \'amazon_title\': \'Rain-X\', \'supplier_price\': 2.56, \'amazon_price\': None, \'match_method\': \'EAN\', \'confidence\': \'high\', \'created_at\': \'2025-07-18T11:31:53.274959\', \'supplier_url\': \'https://www.poundwholesale.co.uk/goodyear-cherry-anti-smear-screenwash-5l\'}, {\'supplier_ean\': \'5053249003108\', \'amazon_asin\': \'B00CA36GJE\', \'supplier_title\': \'Carpride Scratch Remover Pen\', \'amazon_title\': \'Car Pride Paint Scratch Remover Pen - For Use On Any Colour Vehicle\', \'supplier_price\': 0.92, \'amazon_price\': 2.98, \'match_method\': \'EAN\', \'confidence\': \'high\', \'created_at\': \'2025-07-18T11:32:49.414648\', \'supplier_url\': \'https://www.poundwholesale.co.uk/carpride-scratch-remover-pen\'}, {\'supplier_ean\': \'5050375054394\', \'amazon_asin\': \'B0F6C9BK5R\', \'supplier_title\': \'Car-Pride Wash & Wax 1L\', \'amazon_title\': \'Sopami Car Coating Spray, Waterless Car Wash Quick Effect Coating Agent, Multi-functional Coating Renewal Agent Polish Spray, Long-Lasting Protection Improves Clarity and Visibility(1pc)\', \'supplier_price\': 0.8, \'amazon_price\': None, \'match_method\': \'EAN\', \'confidence\': \'high\', \'created_at\': \'2025-07-18T11:33:03.988685\', \'supplier_url\': \'https://www.poundwholesale.co.uk/wash-wax\'}, {\'supplier_ean\': \'5055056770792\', \'amazon_asin\': \'B0FH9LCRSZ\', \'supplier_title\': \'Millions Orange & Lemon 3D Car Air Freshener\', \'amazon_title\': \'Car Air Freshener Aromatherapy Balm Long Lasting Fragrance Non-spill Solid 3D Tomato Shaped Travel Size Scented Balm 100g Eliminate Odor for Bedroom Toliet Elitzia ETAP2815\', \'supplier_price\': 0.38, \'amazon_price\': None, \'match_method\': \'EAN\', \'confidence\': \'high\', \'created_at\': \'2025-07-18T11:33:15.313131\', \'supplier_url\': \'https://www.poundwholesale.co.uk/millions-orange-lemon-3d-car-air-freshener\'}, {\'supplier_ean\': \'5050375086753\', \'amazon_asin\': \'B00IXMG80S\', \'supplier_title\': \'Car Pride Leather Cleaning Spray 250ml\', \'amazon_title\': \'12 x Cans Of Leather cleaning spray, car cleaning, 300ml\', \'supplier_price\': 0.97, \'amazon_price\': 19.95, \'match_method\': \'EAN_cached\', \'confidence\': \'low\', \'created_at\': \'2025-07-18T11:33:15.437428\', \'supplier_url\': \'https://www.poundwholesale.co.uk/leather-cleaning-spray-250ml\'}, {\'supplier_ean\': \'5050375084025\', \'amazon_asin\': \'B0032XLIJE\', \'supplier_title\': \'Car Pride Spray Wax 300ml\', \'amazon_title\': \'SPRAY CAR WAX SUPERFAST FORMULA PROTECTS PAINTWORK\', \'supplier_price\': 0.97, \'amazon_price\': 3.99, \'match_method\': \'EAN\', \'confidence\': \'high\', \'created_at\': \'2025-07-18T11:34:12.145812\', \'supplier_url\': \'https://www.poundwholesale.co.uk/spray-wax-300ml\'}, {\'supplier_ean\': \'5055441452197\', \'amazon_asin\': \'B0DF33M8ZM\', \'supplier_title\': \'Goodyear Waffle Drying Cloth Large 40cm X 40cm\', \'amazon_title\': \'Goodyear Microfibre Waffle Cloth I Reduces drying time with less wring outs | Ideal for bodywork & glass | Designed microfibre cloth | Statically charged cleaning fibres | Leaves lint free finish\', \'supplier_price\': 0.95, \'amazon_price\': 4.99, \'match_method\': \'EAN\', \'confidence\': \'high\', \'created_at\': \'2025-07-18T11:35:03.805673\', \'supplier_url\': \'https://www.poundwholesale.co.uk/goodyear-waffle-drying-cloth-large-40cm-x-40cm\'}, {\'supplier_ean\': \'5050375055483\', \'amazon_asin\': \'B01C4S4L4G\', \'supplier_title\': \'Car-Pride Handy Car Sponges 2 Pack\', \'amazon_title\': \'Car Pride CP011 Handy Car Cleaning Sponges, Pack of 3\', \'supplier_price\': 0.76, \'amazon_price\': 4.99, \'match_method\': \'EAN\', \'confidence\': \'high\', \'created_at\': \'2025-07-18T11:35:55.273733\', \'supplier_url\': \'https://www.poundwholesale.co.uk/handy-car-sponges-3pk\'}, {\'supplier_ean\': \'5055319531740\', \'amazon_asin\': \'B0DG8VSKBB\', \'supplier_title\': \'Auto Extreme Professional Silver Alloy Wheel Spray Paint 400m2025-07-19 02:37:46,759 - PassiveExtractionWorkflow - INFO - 🔍 DEBUG: Target file path: /mnt/c/Users/chris/Desktop/Amazon-FBA-Agent-System-v32/OUTPUTS/FBA_ANALYSIS/linking_maps/poundwholesale.co.uk/linking_map.json
2025-07-19 02:37:46,761 - PassiveExtractionWorkflow - INFO - ✅ Directory created: /mnt/c/Users/chris/Desktop/Amazon-FBA-Agent-System-v32/OUTPUTS/FBA_ANALYSIS/linking_maps/poundwholesale.co.uk
2025-07-19 02:37:46,762 - PassiveExtractionWorkflow - INFO - 🔍 DEBUG: Temporary file path: /mnt/c/Users/chris/Desktop/Amazon-FBA-Agent-System-v32/OUTPUTS/FBA_ANALYSIS/linking_maps/poundwholesale.co.uk/linking_map.json.tmp
2025-07-19 02:37:46,763 - PassiveExtractionWorkflow - INFO - 🔍 DEBUG: Writing linking map data to temporary file...
2025-07-19 02:37:46,780 - PassiveExtractionWorkflow - INFO - ✅ Temporary file written successfully: /mnt/c/Users/chris/Desktop/Amazon-FBA-Agent-System-v32/OUTPUTS/FBA_ANALYSIS/linking_maps/poundwholesale.co.uk/linking_map.json.tmp
2025-07-19 02:37:46,782 - PassiveExtractionWorkflow - INFO - 🔍 DEBUG: Moving temporary file to final location...
2025-07-19 02:37:46,791 - PassiveExtractionWorkflow - INFO - ✅ Successfully saved linking map with 141 entries to /mnt/c/Users/chris/Desktop/Amazon-FBA-Agent-System-v32/OUTPUTS/FBA_ANALYSIS/linking_maps/poundwholesale.co.uk/linking_map.json
2025-07-19 02:37:46,800 - PassiveExtractionWorkflow - INFO - ✅ VERIFICATION: File exists at /mnt/c/Users/chris/Desktop/Amazon-FBA-Agent-System-v32/OUTPUTS/FBA_ANALYSIS/linking_maps/poundwholesale.co.uk/linking_map.json with size 74159 bytes
2025-07-19 02:37:46,802 - PassiveExtractionWorkflow - INFO - --- Processing supplier product 61/147: 'Auto Extreme Professional Black Matt Spray Paint 400ml' ---
2025-07-19 02:37:46,803 - PassiveExtractionWorkflow - INFO - Product already processed: https://www.poundwholesale.co.uk/auto-extreme-professional-black-matt-spray-paint-400ml. Skipping.
2025-07-19 02:37:46,804 - PassiveExtractionWorkflow - INFO - --- Processing supplier product 62/147: 'Goodyear Microfibre Dusting Cloth Large 60cm X 40cm' ---
2025-07-19 02:37:46,806 - PassiveExtractionWorkflow - INFO - Product already processed: https://www.poundwholesale.co.uk/goodyear-microfibre-dusting-cloth-large-60cm-x-40cm. Skipping.
2025-07-19 02:37:46,808 - PassiveExtractionWorkflow - INFO - --- Processing supplier product 63/147: 'Auto Extreme Professional Chrome Effect Spray Paint 400ml' ---
2025-07-19 02:37:46,809 - PassiveExtractionWorkflow - INFO - Product already processed: https://www.poundwholesale.co.uk/auto-extreme-professional-chrome-effect-spray-paint-400ml. Skipping.
2025-07-19 02:37:46,810 - PassiveExtractionWorkflow - INFO - --- Processing supplier product 64/147: 'Goodyear Anti-Smear Screenwash 1l' ---
2025-07-19 02:37:46,810 - PassiveExtractionWorkflow - INFO - Product already processed: https://www.poundwholesale.co.uk/goodyear-anti-smear-screenwash-1l. Skipping.
2025-07-19 02:37:46,811 - PassiveExtractionWorkflow - INFO - --- Processing supplier product 65/147: 'Rapide Lithium Grease Spray 250ml' ---
2025-07-19 02:37:46,812 - PassiveExtractionWorkflow - INFO - Product already processed: https://www.poundwholesale.co.uk/rapide-lithium-grease-spray-250ml. Skipping.
2025-07-19 02:37:46,814 - PassiveExtractionWorkflow - INFO - --- Processing supplier product 66/147: 'Car Pride Assorted Fragrance Fresh Feet Car Air Fresheners 4 Pack CDU' ---
2025-07-19 02:37:46,816 - PassiveExtractionWorkflow - INFO - Product already processed: https://www.poundwholesale.co.uk/car-pride-assorted-fragrance-fresh-feet-car-air-fresheners-4-pack-cdu. Skipping.
2025-07-19 02:37:46,816 - PassiveExtractionWorkflow - INFO - --- Processing supplier product 67/147: 'Auto Extreme Car Detailing Brush Set 5 Pack' ---
2025-07-19 02:37:46,818 - PassiveExtractionWorkflow - INFO - Product already processed: https://www.poundwholesale.co.uk/auto-extreme-car-detailing-brush-set-5-pack. Skipping.
2025-07-19 02:37:46,820 - PassiveExtractionWorkflow - INFO - --- Processing supplier product 68/147: 'Rapide RP-60 Penetrating Maintenance Spray with Control Nozzle 400ml' ---
2025-07-19 02:37:46,822 - PassiveExtractionWorkflow - INFO - Product already processed: https://www.poundwholesale.co.uk/rapide-rp-60-penetrating-maintenance-spray-with-control-nozzle-400ml. Skipping.
2025-07-19 02:37:46,824 - PassiveExtractionWorkflow - INFO - --- Processing supplier product 69/147: 'Rapide Silicone Lubricant Spray 250ml' ---
2025-07-19 02:37:46,826 - PassiveExtractionWorkflow - INFO - Product already processed: https://www.poundwholesale.co.uk/rapide-silicone-lubricant-spray-250ml. Skipping.
2025-07-19 02:37:46,827 - PassiveExtractionWorkflow - INFO - --- Processing supplier product 70/147: 'Guilty Pleasures Blueberry Ice Pop 3D Car Air Freshener' ---
2025-07-19 02:37:46,828 - PassiveExtractionWorkflow - INFO - Product already processed: https://www.poundwholesale.co.uk/guilty-pleasures-blueberry-ice-pop-3d-car-air-freshener. Skipping.
2025-07-19 02:37:46,829 - PassiveExtractionWorkflow - INFO - --- Processing supplier product 71/147: 'Car Pride Clean & Polish Microfibre Cloth' ---
2025-07-19 02:37:46,832 - PassiveExtractionWorkflow - INFO - Product already processed: https://www.poundwholesale.co.uk/car-pride-clean-polish-microfibre-cloth. Skipping.
2025-07-19 02:37:46,833 - PassiveExtractionWorkflow - INFO - --- Processing supplier product 72/147: 'Bettina Chamois Demist & Dashboard Pad' ---
2025-07-19 02:37:46,835 - PassiveExtractionWorkflow - INFO - Product already processed: https://www.poundwholesale.co.uk/bettina-chamois-demist-dashboard-pad. Skipping.
2025-07-19 02:37:46,837 - PassiveExtractionWorkflow - INFO - --- Processing supplier product 73/147: 'Car-Pride White Gloss Spray Paint 400ml' ---
2025-07-19 02:37:46,839 - PassiveExtractionWorkflow - INFO - Product already processed: https://www.poundwholesale.co.uk/car-pride-white-gloss-spray-paint-400ml. Skipping.
2025-07-19 02:37:46,839 - PassiveExtractionWorkflow - INFO - --- Processing supplier product 74/147: 'Goodyear 2-in-1 Telescopic Handle Scraper' ---
2025-07-19 02:37:46,841 - PassiveExtractionWorkflow - INFO - Product already processed: https://www.poundwholesale.co.uk/goodyear-2-in-1-telescopic-handle-scraper. Skipping.
2025-07-19 02:37:46,842 - PassiveExtractionWorkflow - INFO - --- Processing supplier product 75/147: 'Goodyear Portable Car Vacuum Cleaner 12V' ---
2025-07-19 02:37:46,844 - PassiveExtractionWorkflow - INFO - Product already processed: https://www.poundwholesale.co.uk/goodyear-portable-car-vacuum-cleaner-12v. Skipping.
2025-07-19 02:37:46,845 - PassiveExtractionWorkflow - INFO - --- Processing supplier product 76/147: 'Rapide DP-60 Multipurpose Maintenance Spray 750ml' ---
2025-07-19 02:37:46,846 - PassiveExtractionWorkflow - INFO - Product already processed: https://www.poundwholesale.co.uk/rapide-dp-60-multipurpose-maintenance-spray-750ml. Skipping.
2025-07-19 02:37:46,848 - PassiveExtractionWorkflow - INFO - --- Processing supplier product 77/147: 'Tango Car Air Freshener Assorted' ---
2025-07-19 02:37:46,850 - PassiveExtractionWorkflow - INFO - Product already processed: https://www.poundwholesale.co.uk/tango-car-air-freshener-assorted. Skipping.
2025-07-19 02:37:46,851 - PassiveExtractionWorkflow - INFO - --- Processing supplier product 78/147: 'Car Pride Alloy Wheel Cleaning Brush' ---
2025-07-19 02:37:46,852 - PassiveExtractionWorkflow - INFO - Product already processed: https://www.poundwholesale.co.uk/car-pride-alloy-wheel-cleaning-brush. Skipping.
2025-07-19 02:37:46,854 - PassiveExtractionWorkflow - INFO - --- Processing supplier product 79/147: 'Auto Extreme Professional Clear Lacquer Spray 400ml' ---
2025-07-19 02:37:46,855 - PassiveExtractionWorkflow - INFO - Product already processed: https://www.poundwholesale.co.uk/auto-extreme-professional-clear-lacquer-spray-400ml. Skipping.
2025-07-19 02:37:46,856 - PassiveExtractionWorkflow - INFO - --- Processing supplier product 80/147: 'Goodyear Waterless Wash & Wax 750ml' ---
2025-07-19 02:37:46,857 - PassiveExtractionWorkflow - INFO - Product already processed: https://www.poundwholesale.co.uk/goodyear-waterless-wash-wax-750ml. Skipping.
2025-07-19 02:37:46,859 - PassiveExtractionWorkflow - INFO - --- Processing supplier product 81/147: 'Auto Extreme Automotive Silver Spray Paint 250ml' ---
2025-07-19 02:37:46,860 - PassiveExtractionWorkflow - INFO - Product already processed: https://www.poundwholesale.co.uk/auto-extreme-automotive-silver-spray-paint-250ml. Skipping.
2025-07-19 02:37:46,861 - PassiveExtractionWorkflow - INFO - --- Processing supplier product 82/147: 'Car-Pride Quick & Effective De-Icer 600ml' ---
2025-07-19 02:37:46,862 - PassiveExtractionWorkflow - INFO - Attempting Amazon search using EAN: 5050375010994
2025-07-19 02:37:46,895 - tools.passive_extraction_workflow_latest - INFO - Searching Amazon by EAN: 5050375010994 for supplier product: 'Car-Pride Quick & Effective De-Icer 600ml' (FixedAmazonExtractor)
2025-07-19 02:37:46,897 - tools.passive_extraction_workflow_latest - INFO - No page provided to search_by_ean, getting one from BrowserManager.
2025-07-19 02:37:46,899 - utils.browser_manager - INFO - ♻️ Reusing cached page for https://www.amazon.co.uk
2025-07-19 02:37:46,901 - tools.passive_extraction_workflow_latest - INFO - Navigating to Amazon UK to search for EAN: 5050375010994
2025-07-19 02:37:49,702 - tools.passive_extraction_workflow_latest - INFO - Waiting for search results page to load for EAN 5050375010994...
2025-07-19 02:37:50,029 - tools.passive_extraction_workflow_latest - INFO - Found search results container with selector: div.s-search-results
2025-07-19 02:37:52,113 - tools.passive_extraction_workflow_latest - INFO - Found 16 search result elements using selector: div.s-result-item[data-asin]:not([data-asin=''])
2025-07-19 02:37:52,113 - tools.passive_extraction_workflow_latest - INFO - Processing 16 search result elements for EAN 5050375010994
2025-07-19 02:37:52,134 - tools.passive_extraction_workflow_latest - DEBUG - Processing element 1: ASIN B0DWDJVSVG
2025-07-19 02:37:52,152 - tools.passive_extraction_workflow_latest - DEBUG - ASIN B0DWDJVSVG HTML structure sample: <div role="listitem" data-asin="B0DWDJVSVG" data-index="2" data-uuid="2fa4feb3-4bb2-4b05-90ef-fec71d98da1c" id="2fa4feb3-4bb2-4b05-90ef-fec71d98da1c" data-component-type="s-search-result" class="sg-col-4-of-4 sg-col-4-of-24 sg-col-4-of-12 s-result-item s-asin sg-col-4-of-16 AdHolder sg-col s-widget-spacing-small sg-col-4-of-8 sg-col-4-of-20" data-component-id="5" data-cel-widget="search_result_0"><div class="sg-col-inner"><div cel_widget_id="MAIN-SEARCH_RESULTS-2" class="s-widget-container s-spacing-small s-widget-container-height-small celwidget slot=MAIN template=SEARCH_RESULTS widgetId=sear...
2025-07-19 02:37:52,153 - tools.passive_extraction_workflow_latest - DEBUG - Error checking sponsored badge for ASIN B0DWDJVSVG: 'ElementHandle' object has no attribute 'locator'
2025-07-19 02:37:52,154 - tools.passive_extraction_workflow_latest - DEBUG - Error checking aria-label for ASIN B0DWDJVSVG: 'ElementHandle' object has no attribute 'locator'
2025-07-19 02:37:52,196 - tools.passive_extraction_workflow_latest - INFO - Skipping sponsored result: ASIN B0DWDJVSVG (detected by ad-specific class: 'AdHolder')
2025-07-19 02:37:52,220 - tools.passive_extraction_workflow_latest - DEBUG - Processing element 2: ASIN B08PL6Z617
2025-07-19 02:37:52,241 - tools.passive_extraction_workflow_latest - DEBUG - ASIN B08PL6Z617 HTML structure sample: <div role="listitem" data-asin="B08PL6Z617" data-index="3" data-uuid="349e2596-b502-4ea5-8c2f-d67b7daeb8a7" id="349e2596-b502-4ea5-8c2f-d67b7daeb8a7" data-component-type="s-search-result" class="sg-col-4-of-4 sg-col-4-of-24 sg-col-4-of-12 s-result-item s-asin sg-col-4-of-16 AdHolder sg-col s-widget-spacing-small sg-col-4-of-8 sg-col-4-of-20" data-component-id="8" data-cel-widget="search_result_1"><div class="sg-col-inner"><div cel_widget_id="MAIN-SEARCH_RESULTS-3" class="s-widget-container s-spacing-small s-widget-container-height-small celwidget slot=MAIN template=SEARCH_RESULTS widgetId=sear...
2025-07-19 02:37:52,242 - tools.passive_extraction_workflow_latest - DEBUG - Error checking sponsored badge for ASIN B08PL6Z617: 'ElementHandle' object has no attribute 'locator'
2025-07-19 02:37:52,243 - tools.passive_extraction_workflow_latest - DEBUG - Error checking aria-label for ASIN B08PL6Z617: 'ElementHandle' object has no attribute 'locator'
2025-07-19 02:37:52,284 - tools.passive_extraction_workflow_latest - INFO - Skipping sponsored result: ASIN B08PL6Z617 (detected by ad-specific class: 'AdHolder')
2025-07-19 02:37:52,308 - tools.passive_extraction_workflow_latest - DEBUG - Processing element 3: ASIN B0CWH1ZBTY
2025-07-19 02:37:52,328 - tools.passive_extraction_workflow_latest - DEBUG - ASIN B0CWH1ZBTY HTML structure sample: <div role="listitem" data-asin="B0CWH1ZBTY" data-index="4" data-uuid="9b3bc3a8-5cfc-4144-8df1-5dab10cb3a49" id="9b3bc3a8-5cfc-4144-8df1-5dab10cb3a49" data-component-type="s-search-result" class="sg-col-4-of-4 sg-col-4-of-24 sg-col-4-of-12 s-result-item s-asin sg-col-4-of-16 AdHolder sg-col s-widget-spacing-small sg-col-4-of-8 sg-col-4-of-20" data-component-id="11" data-cel-widget="search_result_2"><div class="sg-col-inner"><div cel_widget_id="MAIN-SEARCH_RESULTS-4" class="s-widget-container s-spacing-small s-widget-container-height-small celwidget slot=MAIN template=SEARCH_RESULTS widgetId=sea...
2025-07-19 02:37:52,329 - tools.passive_extraction_workflow_latest - DEBUG - Error checking sponsored badge for ASIN B0CWH1ZBTY: 'ElementHandle' object has no attribute 'locator'
2025-07-19 02:37:52,330 - tools.passive_extraction_workflow_latest - DEBUG - Error checking aria-label for ASIN B0CWH1ZBTY: 'ElementHandle' object has no attribute 'locator'
2025-07-19 02:37:52,367 - tools.passive_extraction_workflow_latest - INFO - Skipping sponsored result: ASIN B0CWH1ZBTY (detected by ad-specific class: 'AdHolder')
2025-07-19 02:37:52,388 - tools.passive_extraction_workflow_latest - DEBUG - Processing element 4: ASIN B0CWH2386T
2025-07-19 02:37:52,389 - tools.passive_extraction_workflow_latest - DEBUG - Error checking sponsored badge for ASIN B0CWH2386T: 'ElementHandle' object has no attribute 'locator'
2025-07-19 02:37:52,389 - tools.passive_extraction_workflow_latest - DEBUG - Error checking aria-label for ASIN B0CWH2386T: 'ElementHandle' object has no attribute 'locator'
2025-07-19 02:37:52,431 - tools.passive_extraction_workflow_latest - INFO - Skipping sponsored result: ASIN B0CWH2386T (detected by ad-specific class: 'AdHolder')
2025-07-19 02:37:52,452 - tools.passive_extraction_workflow_latest - DEBUG - Processing element 5: ASIN B0CWH221ZS
2025-07-19 02:37:52,453 - tools.passive_extraction_workflow_latest - DEBUG - Error checking sponsored badge for ASIN B0CWH221ZS: 'ElementHandle' object has no attribute 'locator'
2025-07-19 02:37:52,454 - tools.passive_extraction_workflow_latest - DEBUG - Error checking aria-label for ASIN B0CWH221ZS: 'ElementHandle' object has no attribute 'locator'
2025-07-19 02:37:52,497 - tools.passive_extraction_workflow_latest - INFO - Skipping sponsored result: ASIN B0CWH221ZS (detected by ad-specific class: 'AdHolder')
2025-07-19 02:37:52,526 - tools.passive_extraction_workflow_latest - DEBUG - Processing element 6: ASIN B0DHSCVF64
2025-07-19 02:37:52,527 - tools.passive_extraction_workflow_latest - DEBUG - Error checking sponsored badge for ASIN B0DHSCVF64: 'ElementHandle' object has no attribute 'locator'
2025-07-19 02:37:52,527 - tools.passive_extraction_workflow_latest - DEBUG - Error checking aria-label for ASIN B0DHSCVF64: 'ElementHandle' object has no attribute 'locator'
2025-07-19 02:37:52,568 - tools.passive_extraction_workflow_latest - INFO - Skipping sponsored result: ASIN B0DHSCVF64 (detected by ad-specific class: 'AdHolder')
2025-07-19 02:37:52,592 - tools.passive_extraction_workflow_latest - DEBUG - Processing element 7: ASIN B0DB59Z2W2
2025-07-19 02:37:52,593 - tools.passive_extraction_workflow_latest - DEBUG - Error checking sponsored badge for ASIN B0DB59Z2W2: 'ElementHandle' object has no attribute 'locator'
2025-07-19 02:37:52,594 - tools.passive_extraction_workflow_latest - DEBUG - Error checking aria-label for ASIN B0DB59Z2W2: 'ElementHandle' object has no attribute 'locator'
2025-07-19 02:37:52,636 - tools.passive_extraction_workflow_latest - INFO - Skipping sponsored result: ASIN B0DB59Z2W2 (detected by ad-specific class: 'AdHolder')
2025-07-19 02:37:52,663 - tools.passive_extraction_workflow_latest - DEBUG - Processing element 8: ASIN B0CFVYS1F5
2025-07-19 02:37:52,663 - tools.passive_extraction_workflow_latest - DEBUG - Error checking sponsored badge for ASIN B0CFVYS1F5: 'ElementHandle' object has no attribute 'locator'
2025-07-19 02:37:52,664 - tools.passive_extraction_workflow_latest - DEBUG - Error checking aria-label for ASIN B0CFVYS1F5: 'ElementHandle' object has no attribute 'locator'
2025-07-19 02:37:52,712 - tools.passive_extraction_workflow_latest - INFO - Skipping sponsored result: ASIN B0CFVYS1F5 (detected by ad-specific class: 'AdHolder')
2025-07-19 02:37:52,738 - tools.passive_extraction_workflow_latest - DEBUG - Processing element 9: ASIN B08WZGQDTL
2025-07-19 02:37:52,739 - tools.passive_extraction_workflow_latest - DEBUG - Error checking sponsored badge for ASIN B08WZGQDTL: 'ElementHandle' object has no attribute 'locator'
2025-07-19 02:37:52,739 - tools.passive_extraction_workflow_latest - DEBUG - Error checking aria-label for ASIN B08WZGQDTL: 'ElementHandle' object has no attribute 'locator'
2025-07-19 02:37:52,779 - tools.passive_extraction_workflow_latest - INFO - Skipping sponsored result: ASIN B08WZGQDTL (detected by ad-specific class: 'AdHolder')
2025-07-19 02:37:52,803 - tools.passive_extraction_workflow_latest - DEBUG - Processing element 10: ASIN B01CKFNI9M
2025-07-19 02:37:52,804 - tools.passive_extraction_workflow_latest - DEBUG - Error checking sponsored badge for ASIN B01CKFNI9M: 'ElementHandle' object has no attribute 'locator'
2025-07-19 02:37:52,804 - tools.passive_extraction_workflow_latest - DEBUG - Error checking aria-label for ASIN B01CKFNI9M: 'ElementHandle' object has no attribute 'locator'
2025-07-19 02:37:52,846 - tools.passive_extraction_workflow_latest - INFO - Skipping sponsored result: ASIN B01CKFNI9M (detected by ad-specific class: 'AdHolder')
2025-07-19 02:37:52,880 - tools.passive_extraction_workflow_latest - DEBUG - Processing element 11: ASIN B09BNWHBTY
2025-07-19 02:37:52,881 - tools.passive_extraction_workflow_latest - DEBUG - Error checking sponsored badge for ASIN B09BNWHBTY: 'ElementHandle' object has no attribute 'locator'
2025-07-19 02:37:52,881 - tools.passive_extraction_workflow_latest - DEBUG - Error checking aria-label for ASIN B09BNWHBTY: 'ElementHandle' object has no attribute 'locator'
2025-07-19 02:37:52,916 - tools.passive_extraction_workflow_latest - INFO - Skipping sponsored result: ASIN B09BNWHBTY (detected by ad-specific class: 'AdHolder')
2025-07-19 02:37:52,944 - tools.passive_extraction_workflow_latest - DEBUG - Processing element 12: ASIN B00OVNK7XC
2025-07-19 02:37:52,944 - tools.passive_extraction_workflow_latest - DEBUG - Error checking sponsored badge for ASIN B00OVNK7XC: 'ElementHandle' object has no attribute 'locator'
2025-07-19 02:37:52,945 - tools.passive_extraction_workflow_latest - DEBUG - Error checking aria-label for ASIN B00OVNK7XC: 'ElementHandle' object has no attribute 'locator'
2025-07-19 02:37:52,984 - tools.passive_extraction_workflow_latest - INFO - Skipping sponsored result: ASIN B00OVNK7XC (detected by ad-specific class: 'AdHolder')
2025-07-19 02:37:53,008 - tools.passive_extraction_workflow_latest - DEBUG - Processing element 13: ASIN B0DWDDNK1Q
2025-07-19 02:37:53,009 - tools.passive_extraction_workflow_latest - DEBUG - Error checking sponsored badge for ASIN B0DWDDNK1Q: 'ElementHandle' object has no attribute 'locator'
2025-07-19 02:37:53,010 - tools.passive_extraction_workflow_latest - DEBUG - Error checking aria-label for ASIN B0DWDDNK1Q: 'ElementHandle' object has no attribute 'locator'
2025-07-19 02:37:53,052 - tools.passive_extraction_workflow_latest - INFO - Skipping sponsored result: ASIN B0DWDDNK1Q (detected by ad-specific class: 'AdHolder')
2025-07-19 02:37:53,069 - tools.passive_extraction_workflow_latest - DEBUG - Processing element 14: ASIN B0DKJWSJJD
2025-07-19 02:37:53,069 - tools.passive_extraction_workflow_latest - DEBUG - Error checking sponsored badge for ASIN B0DKJWSJJD: 'ElementHandle' object has no attribute 'locator'
2025-07-19 02:37:53,070 - tools.passive_extraction_workflow_latest - DEBUG - Error checking aria-label for ASIN B0DKJWSJJD: 'ElementHandle' object has no attribute 'locator'
2025-07-19 02:37:53,112 - tools.passive_extraction_workflow_latest - INFO - Skipping sponsored result: ASIN B0DKJWSJJD (detected by ad-specific class: 'AdHolder')
2025-07-19 02:37:53,137 - tools.passive_extraction_workflow_latest - DEBUG - Processing element 15: ASIN B0C3QW9RTS
2025-07-19 02:37:53,137 - tools.passive_extraction_workflow_latest - DEBUG - Error checking sponsored badge for ASIN B0C3QW9RTS: 'ElementHandle' object has no attribute 'locator'
2025-07-19 02:37:53,138 - tools.passive_extraction_workflow_latest - DEBUG - Error checking aria-label for ASIN B0C3QW9RTS: 'ElementHandle' object has no attribute 'locator'
2025-07-19 02:37:53,181 - tools.passive_extraction_workflow_latest - INFO - Skipping sponsored result: ASIN B0C3QW9RTS (detected by ad-specific class: 'AdHolder')
2025-07-19 02:37:53,181 - tools.passive_extraction_workflow_latest - WARNING - EAN 5050375010994 returned no organic results - skipping
2025-07-19 02:37:53,182 - tools.passive_extraction_workflow_latest - WARNING - No Amazon results or error for EAN '5050375010994'. Details: no_organic_results
2025-07-19 02:37:53,182 - tools.passive_extraction_workflow_latest - INFO - Falling back to title search for supplier product: 'Car-Pride Quick & Effective De-Icer 600ml'
2025-07-19 02:37:53,183 - tools.passive_extraction_workflow_latest - INFO - Searching Amazon by title using search bar: 'Car-Pride Quick & Effective De-Icer 600ml'
2025-07-19 02:37:53,183 - tools.passive_extraction_workflow_latest - INFO - Navigating to Amazon UK to search for title: Car-Pride Quick & Effective De-Icer 600ml
2025-07-19 02:37:57,091 - tools.passive_extraction_workflow_latest - INFO - Title search found 35 elements using selector: div.s-search-results > div[data-asin]
2025-07-19 02:37:58,837 - tools.passive_extraction_workflow_latest - DEBUG - ASIN B0DN1LMXJV title extracted using selector 'h2 span.a-size-base-plus': ANGIX...
2025-07-19 02:37:59,222 - tools.passive_extraction_workflow_latest - DEBUG - ASIN B0BDRVCDDL title extracted using selector 'h2 span.a-size-base-plus': Quebec...
2025-07-19 02:37:59,663 - tools.passive_extraction_workflow_latest - DEBUG - ASIN B0CN3GT5WS title extracted using selector 'h2 span.a-size-base-plus': AA...
2025-07-19 02:38:00,081 - tools.passive_extraction_workflow_latest - DEBUG - ASIN B09LYV4D66 title extracted using selector 'h2 span.a-size-base-plus': AA...
2025-07-19 02:38:00,441 - tools.passive_extraction_workflow_latest - DEBUG - ASIN B0DLN1TQMF title extracted using selector 'h2 span.a-size-base-plus': Armor All...
2025-07-19 02:38:00,961 - tools.passive_extraction_workflow_latest - DEBUG - ASIN B0DSVTSMSD title extracted using selector 'h2': De Icer Spray for car 600ml x 2 Pack Blue Star Dei...
2025-07-19 02:38:01,360 - tools.passive_extraction_workflow_latest - DEBUG - ASIN B000N2QCXY title extracted using selector 'h2 span.a-size-base-plus': CarPlan...
2025-07-19 02:38:01,847 - tools.passive_extraction_workflow_latest - DEBUG - ASIN B08RWBRRDZ title extracted using selector 'h2': 2X 400ml MIDHILL CAR PRIDE DE ICER WITH NEW FORMUL...
2025-07-19 02:38:01,848 - tools.passive_extraction_workflow_latest - INFO - Title search found 8 results for 'Car-Pride Quick & Effective De-Icer 600ml'
2025-07-19 02:38:01,849 - tools.passive_extraction_workflow_latest - INFO - Title search successful for 'Car-Pride Quick & Effective De-Icer 600ml' after EAN '5050375010994' failed
2025-07-19 02:38:01,851 - PassiveExtractionWorkflow - INFO - ✅ EAN search successful for 5050375010994. Using EAN result without title fallback.
2025-07-19 02:38:01,868 - PassiveExtractionWorkflow - INFO - 💾 Saved Amazon data to /mnt/c/Users/chris/Desktop/Amazon-FBA-Agent-System-v32/OUTPUTS/FBA_ANALYSIS/amazon_cache/amazon_B0DN1LMXJV_5050375010994.json
2025-07-19 02:38:01,871 - PassiveExtractionWorkflow - DEBUG - 🔍 DEBUG: linking_map type: <class 'list'>, value: [{'supplier_ean': '5053249228587', 'amazon_asin': 'B075QDW3BF', 'supplier_title': 'Car Pride Under Body Seal Black 400ml', 'amazon_title': 'HP CF541A 203A Original LaserJet Toner Cartridge, Cyan, Single Pack', 'supplier_price': 1.73, 'amazon_price': 64.99, 'match_method': 'EAN', 'confidence': 'high', 'created_at': '2025-07-18T10:13:11.088193', 'supplier_url': 'https://www.poundwholesale.co.uk/carpride-under-body-seal-black'}, {'supplier_ean': '5055319527750', 'amazon_asin': 'B0CX1X6R6G', 'supplier_title': 'Auto Extreme Car Detailing Brush Set 5 Pack', 'amazon_title': 'Kasauber', 'supplier_price': 2.1, 'amazon_price': None, 'match_method': 'EAN', 'confidence': 'high', 'created_at': '2025-07-18T10:13:23.277485', 'supplier_url': 'https://www.poundwholesale.co.uk/auto-extreme-car-detailing-brush-set-5-pack'}, {'supplier_ean': '5055319528504', 'amazon_asin': 'B07NJGQFRF', 'supplier_title': 'Rapide RP-60 Penetrating Maintenance Spray with Control Nozzle 400ml', 'amazon_title': 'Rapide 2850 Paint Spray', 'supplier_price': 2.65, 'amazon_price': 5.85, 'match_method': 'EAN', 'confidence': 'high', 'created_at': '2025-07-18T10:14:15.912179', 'supplier_url': 'https://www.poundwholesale.co.uk/rapide-rp-60-penetrating-maintenance-spray-with-control-nozzle-400ml'}, {'supplier_ean': '5055441452272', 'amazon_asin': 'B0DFMPNHT5', 'supplier_title': 'Goodyear Microfibre Luxury Valet Drying Towel Set 2 Pack', 'amazon_title': 'Goodyear 2PC Microfibre Luxury Valet Cloth Set I Microfibre technology| powerful cleaning | Extra absorbency for a swirl free finish | Ideal for buffing away polish & wax residue | Extra large towel', 'supplier_price': 2.14, 'amazon_price': 6.59, 'match_method': 'EAN', 'confidence': 'high', 'created_at': '2025-07-18T10:15:06.821428', 'supplier_url': 'https://www.poundwholesale.co.uk/goodyear-microfibre-luxury-valet-drying-towel-set-2-pack'}, {'supplier_ean': '5053249229140', 'amazon_asin': 'B07N41XTV5', 'supplier_title': 'Carpride Alloy Wheel Spray Paint Silver Gloss', 'amazon_title': 'Car Pride Alloy Wheel Spray Paint Metallic Silver Repairer. 400ml', 'supplier_price': 1.67, 'amazon_price': 5.4, 'match_method': 'EAN', 'confidence': 'high', 'created_at': '2025-07-18T10:16:10.522951', 'supplier_url': 'https://www.poundwholesale.co.uk/carpride-alloy-wheel-spray-paint-silver-gloss'}, {'supplier_ean': '5055056770822', 'amazon_asin': 'B09DTQ4S43', 'supplier_title': 'Millions Blackcurrant Buzz 3D Car Air Freshener', 'amazon_title': 'AIRFreshh', 'supplier_price': 0.38, 'amazon_price': None, 'match_method': 'EAN', 'confidence': 'high', 'created_at': '2025-07-18T10:16:22.515075', 'supplier_url': 'https://www.poundwholesale.co.uk/millions-blackcurrant-buzz-3d-car-air-freshener'}, {'supplier_ean': '5055319519229', 'amazon_asin': 'B07NJGGW8P', 'supplier_title': 'Auto Extreme Professional White Gloss Spray Paint 400ml', 'amazon_title': 'Auto Extreme White Gloss, 400 ml', 'supplier_price': 1.82, 'amazon_price': 5.3, 'match_method': 'EAN', 'confidence': 'high', 'created_at': '2025-07-18T10:17:22.092163', 'supplier_url': 'https://www.poundwholesale.co.uk/auto-extreme-professional-white-gloss-spray-paint-400ml'}, {'supplier_ean': '5055319529907', 'amazon_asin': 'B07XZDY64P', 'supplier_title': 'Rapide Silicone Lubricant Spray 250ml', 'amazon_title': '300ml Silicone Grease Aerosol Spray Lubricant Can Water Resistant Oil', 'supplier_price': 1.07, 'amazon_price': 4.79, 'match_method': 'EAN', 'confidence': 'high', 'created_at': '2025-07-18T10:18:10.835188', 'supplier_url': 'https://www.poundwholesale.co.uk/rapide-silicone-lubricant-spray-250ml'}, {'supplier_ean': '5050375036574', 'amazon_asin': 'B006URFAE8', 'supplier_title': 'Car Pride Assorted Fragrance Fresh Feet Car Air Fresheners 4 Pack CDU', 'amazon_title': 'Pack of 4 FRESH FEET, Car Air Fresheners, Carpride cp1128', 'supplier_price': 0.71, 'amazon_price': 3.3, 'match_method': 'EAN', 'confidence': 'high', 'created_at': '2025-07-18T10:19:02.426082', 'supplier_url': 'https://www.poundwholesale.co.uk/car-pride-assorted-fragrance-fresh-feet-car-air-fresheners-4-pack-cdu'}, {'supplier_ean': '5055056731878', 'amazon_asin': 'B09LH29BZD', 'supplier_title': 'Guilty Pleasures Blueberry Ice Pop 3D Car Air Freshener', 'amazon_title': 'Guilty Pleasure 3D Blueberry CAR FRESHENER', 'supplier_price': 0.38, 'amazon_price': 3.99, 'match_method': 'EAN', 'confidence': 'high', 'created_at': '2025-07-18T10:19:50.869058', 'supplier_url': 'https://www.poundwholesale.co.uk/guilty-pleasures-blueberry-ice-pop-3d-car-air-freshener'}, {'supplier_ean': '5055319514606', 'amazon_asin': 'B0CYH8F9F9', 'supplier_title': 'Auto Extreme Car Pump Sprayer 2L', 'amazon_title': 'My Garden 5 Litre Sprayer Pump - Weed Killer Pressure Sprayer Pump Action - High Pressure Long Reach Sprayers - Ideal For Spraying Water Fertiliser Herbicides Pesticides Preservative & Detergent', 'supplier_price': 3.85, 'amazon_price': None, 'match_method': 'EAN', 'confidence': 'high', 'created_at': '2025-07-18T10:20:03.052455', 'supplier_url': 'https://www.poundwholesale.co.uk/auto-extreme-car-pump-sprayer-2l'}, {'supplier_ean': '5055319530781', 'amazon_asin': 'B09FKD19N4', 'supplier_title': 'Auto Extreme Tropical Mist In-Car Fragrance Air Freshener Spray 100ml', 'amazon_title': 'Air Freshener Spray Concentrated Long Lasting Oil Based (Ocean Breeze)', 'supplier_price': 0.65, 'amazon_price': None, 'match_method': 'EAN', 'confidence': 'high', 'created_at': '2025-07-18T10:20:17.331393', 'supplier_url': 'https://www.poundwholesale.co.uk/auto-extreme-tropical-mist-in-car-fragrance-air-freshener-spray-100ml'}, {'supplier_ean': '5053249245799', 'amazon_asin': 'B0BLLV2M74', 'supplier_title': 'Car Pride Clean & Polish Microfibre Cloth', 'amazon_title': 'CARPRIDE® Clean and Polish MicroFibre Cloth for Car Exterior and Interior | Streak Free | 30 x 30 cm', 'supplier_price': 0.76, 'amazon_price': 5.29, 'match_method': 'EAN', 'confidence': 'high', 'created_at': '2025-07-18T10:21:04.364223', 'supplier_url': 'https://www.poundwholesale.co.uk/car-pride-clean-polish-microfibre-cloth'}, {'supplier_ean': '5055319531849', 'amazon_asin': 'B074KFGHCP', 'supplier_title': 'Rapide Easy Grease Spray 250ml', 'amazon_title': 'HMT', 'supplier_price': 1.05, 'amazon_price': None, 'match_method': 'EAN', 'confidence': 'high', 'created_at': '2025-07-18T10:21:17.993959', 'supplier_url': 'https://www.poundwholesale.co.uk/rapide-easy-grease-spray-250ml'}, {'supplier_ean': '5052578642705', 'amazon_asin': 'B07X22PHWJ', 'supplier_title': 'Bettina Chamois Demist & Dashboard Pad', 'amazon_title': 'Airlab', 'supplier_price': 0.75, 'amazon_price': None, 'match_method': 'EAN', 'confidence': 'high', 'created_at': '2025-07-18T10:21:28.626273', 'supplier_url': 'https://www.poundwholesale.co.uk/bettina-chamois-demist-dashboard-pad'}, {'supplier_ean': '5052578633000', 'amazon_asin': 'B0F6K65PZT', 'supplier_title': 'Bettina Microfibre Mitt', 'amazon_title': 'Fogcosy', 'supplier_price': 0.95, 'amazon_price': None, 'match_method': 'EAN', 'confidence': 'high', 'created_at': '2025-07-18T10:21:41.310298', 'supplier_url': 'https://www.poundwholesale.co.uk/microfibre-mit-highly-effective-wet-or-dry'}, {'supplier_ean': '5053249245669', 'amazon_asin': 'B0BLL1K79V', 'supplier_title': 'Car Pride Blue Microfibre Glass Cloth', 'amazon_title': 'Car-pride Glass Microfibre Cloth', 'supplier_price': 0.74, 'amazon_price': 4.99, 'match_method': 'EAN', 'confidence': 'high', 'created_at': '2025-07-18T10:22:28.491046', 'supplier_url': 'https://www.poundwholesale.co.uk/car-pride-blue-microfibre-glass-cloth'}, {'supplier_ean': '5055056770785', 'amazon_asin': 'B0BLGR29X6', 'supplier_title': 'Millions Sour Strawberry 3D Car Air Freshener', 'amazon_title': 'Evair', 'supplier_price': 0.38, 'amazon_price': None, 'match_method': 'EAN', 'confidence': 'high', 'created_at': '2025-07-18T10:22:40.894972', 'supplier_url': 'https://www.poundwholesale.co.uk/millions-sour-strawberry-3d-car-air-freshener'}, {'supplier_ean': '5053249248714', 'amazon_asin': 'B006T2450O', 'supplier_title': 'Car-Pride White Gloss Spray Paint 400ml', 'amazon_title': 'Tetrion', 'supplier_price': 1.73, 'amazon_price': None, 'match_method': 'EAN', 'confidence': 'high', 'created_at': '2025-07-18T10:22:54.011676', 'supplier_url': 'https://www.poundwholesale.co.uk/car-pride-white-gloss-spray-paint-400ml'}, {'supplier_ean': '5055056731885', 'amazon_asin': 'B09LHBY2GF', 'supplier_title': 'Guilty Pleasures Vanilla & Cherry Cupcake 3D Car Air Freshener', 'amazon_title': 'Guilty Pleasure 3D Vanilla CAR FRESHENER', 'supplier_price': 0.38, 'amazon_price': 3.99, 'match_method': 'EAN', 'confidence': 'high', 'created_at': '2025-07-18T10:23:41.006634', 'supplier_url': 'https://www.poundwholesale.co.uk/guilty-pleasures-vanilla-cherry-cupcake-3d-car-air-freshener'}, {'supplier_ean': '5055319531733', 'amazon_asin': 'B004SMKX7Q', 'supplier_title': 'Auto Extreme Professional Black Alloy Wheel Spray Paint 400ml', 'amazon_title': 'Hycote', 'supplier_price': 1.81, 'amazon_price': None, 'match_method': 'EAN', 'confidence': 'high', 'created_at': '2025-07-18T10:23:55.039262', 'supplier_url': 'https://www.poundwholesale.co.uk/auto-extreme-professional-black-alloy-wheel-spray-paint-400ml'}, {'supplier_ean': '5055441459684', 'amazon_asin': 'B0DL9TR7T2', 'supplier_title': 'Goodyear 2-in-1 Telescopic Handle Scraper', 'amazon_title': 'Goodyear Telescopic Handle Scraper - Adjustable Ice Scraper with Extendable Handle | Sturdy Blade for Snow & Ice Removal | Ergonomic Grip | Compact and Durable Design | Ideal for Cars, Trucks & SUVs', 'supplier_price': 4.04, 'amazon_price': 9.21, 'match_method': 'EAN', 'confidence': 'high', 'created_at': '2025-07-18T10:24:48.156817', 'supplier_url': 'https://www.poundwholesale.co.uk/goodyear-2-in-1-telescopic-handle-scraper'}, {'supplier_ean': '5055441427348', 'amazon_asin': 'B06XPVGMV8', 'supplier_title': 'Goodyear Portable Car Vacuum Cleaner 12V', 'amazon_title': 'Goodyear 12V DC Car/Van Cigarette Lighter Corded Vacuum Cleaner Powerful Suction', 'supplier_price': 5.72, 'amazon_price': 10.99, 'match_method': 'EAN', 'confidence': 'high', 'created_at': '2025-07-18T10:25:44.453432', 'supplier_url': 'https://www.poundwholesale.co.uk/goodyear-portable-car-vacuum-cleaner-12v'}, {'supplier_ean': '5055319517027', 'amazon_asin': 'B01EQ7TPJE', 'supplier_title': 'Rapide DP-60 Multipurpose Maintenance Spray 750ml', 'amazon_title': 'Maintenance Oil 750ml Spray Can (DP60)', 'supplier_price': 2.77, 'amazon_price': 6.95, 'match_method': 'EAN', 'confidence': 'high', 'created_at': '2025-07-18T10:26:39.185617', 'supplier_url': 'https://www.poundwholesale.co.uk/rapide-dp-60-multipurpose-maintenance-spray-750ml'}, {'supplier_ean': '5038673410708', 'amazon_asin': 'B0D1Y8TCDS', 'supplier_title': 'Car Air Fresheners Leaf Assorted CDU', 'amazon_title': 'Ikeda Car Fragrance: Hanging Car Air Freshener | 10ml Hanging Car Decoration | 45 Days Long Lasting Fragrance | With Clip | For Car Home | 1 Piece (10ml x 1 Piece, Coconut)', 'supplier_price': 0.33, 'amazon_price': None, 'match_method': 'EAN', 'confidence': 'high', 'created_at': '2025-07-18T10:26:52.496784', 'supplier_url': 'https://www.poundwholesale.co.uk/car-air-fresheners-leaf-assorted-cdu'}, {'supplier_ean': '5053249224053', 'amazon_asin': 'B0DMN8CMH8', 'supplier_title': 'Tango Car Air Freshener Assorted', 'amazon_title': '10/50/100PCS Custom LOGO Car Bulk Air Fresheners, Custom Air Fresheners for Car Bulk, Air Freshener with Photo, Double-Sided Personalised Photo and Text Car Air Fresheners (10Pcs Square)', 'supplier_price': 0.76, 'amazon_price': None, 'match_method': 'EAN', 'confidence': 'high', 'created_at': '2025-07-18T10:27:03.571134', 'supplier_url': 'https://www.poundwholesale.co.uk/tango-car-air-freshener-assorted'}, {'supplier_ean': '5050375051270', 'amazon_asin': 'B00BPN9Z2A', 'supplier_title': 'Car Pride Alloy Wheel Cleaning Brush', 'amazon_title': 'Car Pride ALLOY WHEEL BRUSH', 'supplier_price': 0.71, 'amazon_price': 3.95, 'match_method': 'EAN', 'confidence': 'high', 'created_at': '2025-07-18T10:27:53.467488', 'supplier_url': 'https://www.poundwholesale.co.uk/car-pride-alloy-wheel-cleaning-brush'}, {'supplier_ean': '5055319519250', 'amazon_asin': 'B01MT7OBIO', 'supplier_title': 'Auto Extreme Professional Clear Lacquer Spray 400ml', 'amazon_title': 'Auto Extreme Clear Lacquer Spray Paint 400ml', 'supplier_price': 1.82, 'amazon_price': 5.32, 'match_method': 'EAN', 'confidence': 'high', 'created_at': '2025-07-18T10:28:54.182013', 'supplier_url': 'https://www.poundwholesale.co.uk/auto-extreme-professional-clear-lacquer-spray-400ml'}, {'supplier_ean': '5055441446578', 'amazon_asin': 'B0993MX5GX', 'supplier_title': 'Goodyear Waterless Wash & Wax 750ml', 'amazon_title': 'GOODYEAR WATERLESS WASH N WAX SPRAY 750ML', 'supplier_price': 2.06, 'amazon_price': 5.93, 'match_method': 'EAN', 'confidence': 'high', 'created_at': '2025-07-18T10:29:47.233890', 'supplier_url': 'https://www.poundwholesale.co.uk/goodyear-waterless-wash-wax-750ml'}, {'supplier_ean': '5055319519113', 'amazon_asin': 'B07NJGQ85R', 'supplier_title': 'Auto Extreme Automotive Silver Spray Paint 250ml', 'amazon_title': 'Auto Extreme Auto Spray Paint Silver, 250 ml', 'supplier_price': 0.92, 'amazon_price': 4.1, 'match_method': 'EAN', 'confidence': 'high', 'created_at': '2025-07-18T10:30:42.274698', 'supplier_url': 'https://www.poundwholesale.co.uk/auto-extreme-automotive-silver-spray-paint-250ml'}, {'supplier_ean': '5055441452210', 'amazon_asin': 'B0DH8DT3MS', 'supplier_title': 'Goodyear Natural Leather Chamois Cloth Xl', 'amazon_title': 'Goodyear Xl Genuine Leather Chamois -natural Chamois, Super Absorbent, Streak, Scratch Free, With Greater Tolerance To Car Cleaners| Stays Soft When Drying| Ideal For Cleaning Of Interior And Exterior', 'supplier_price': 3.83, 'amazon_price': 5.99, 'match_method': 'EAN', 'confidence': 'high', 'created_at': '2025-07-18T10:31:39.934257', 'supplier_url': 'https://www.poundwholesale.co.uk/goodyear-natural-leather-chamois-cloth-xl'}, {'supplier_ean': '5050375045439', 'amazon_asin': 'B003L6U0NC', 'supplier_title': 'Car-Pride Microfibre Mitt 3 Assorted Colours', 'amazon_title': 'Car Pride Microfibre Magic Mitt - Dusts, Scrubs, Cleans and Polishes', 'supplier_price': 0.98, 'amazon_price': 4.34, 'match_method': 'EAN', 'confidence': 'high', 'created_at': '2025-07-18T10:32:54.935150', 'supplier_url': 'https://www.poundwholesale.co.uk/microfibre-mitt'}, {'supplier_ean': '5055441446516', 'amazon_asin': 'B0D9YH94ZQ', 'supplier_title': 'Goodyear Gloss Tyre Shine 750ml', 'amazon_title': 'Auto Xpert Slick Shine, Premium Tyre Dressing, Long Lasting Wet-Look Finish, Protects Against Water and Dust, Easy to Apply, All Weather Tyre Protection. (5 Litre)', 'supplier_price': 1.39, 'amazon_price': None, 'match_method': 'EAN', 'confidence': 'high', 'created_at': '2025-07-18T10:33:09.394012', 'supplier_url': 'https://www.poundwholesale.co.uk/goodyear-gloss-tyre-shine-750ml'}, {'supplier_ean': '5055441449166', 'amazon_asin': 'B0D11XP9V1', 'supplier_title': 'Goodyear Microfibre Buffing Cloth Large 40cm', 'amazon_title': 'Goodyear Microfibre Buffing Cloth I Specially designed microfibre cloth for polishing and buffing your vehicle | Showroom finish | Microfibre attract more dirt than normal cloth | Machine washable', 'supplier_price': 0.85, 'amazon_price': 1.99, 'match_method': 'EAN', 'confidence': 'high', 'created_at': '2025-07-18T10:34:04.595027', 'supplier_url': 'https://www.poundwholesale.co.uk/goodyear-microfibre-buffing-cloth-large-40cm'}, {'supplier_ean': '5055319529877', 'amazon_asin': 'B07Y1V1WMW', 'supplier_title': 'Rapide Copper Grease Spray 250ml', 'amazon_title': 'Rapide 300ml Copper Grease Aerosol Spray Lubricant Can Anti Seize Brake Pad Squeal Oil', 'supplier_price': 1.07, 'amazon_price': 4.95, 'match_method': 'EAN', 'confidence': 'high', 'created_at': '2025-07-18T10:34:58.176694', 'supplier_url': 'https://www.poundwholesale.co.uk/rapide-copper-grease-spray-250ml'}, {'supplier_ean': '5055441446752', 'amazon_asin': 'B0DJWDHG1Y', 'supplier_title': 'Goodyear Hydrophobic Polymer Formulation Wash & Wax 2.5l', 'amazon_title': 'Goodyear Wash And Wax Hydrophobic Polymer 2.5 Ltr | Leaves A Glossy Just Waxed Deep Protective Shine | Polymer-acrylic Polyethylene Copolymer Wax | Effectively Cleans Dirt And Grime From Your Vehicle', 'supplier_price': 3.05, 'amazon_price': 5.99, 'match_method': 'EAN', 'confidence': 'high', 'created_at': '2025-07-18T10:35:51.556162', 'supplier_url': 'https://www.poundwholesale.co.uk/goodyear-hydrophobic-polymer-formulation-wash-wax-2-5l'}, {'supplier_ean': '5055056731892', 'amazon_asin': 'B094HGXWJC', 'supplier_title': 'Guilty Pleasures Strawberry Doughnut 3D Car Air Freshener', 'amazon_title': 'GUILTY PLEASURES STRAWBERRY DOUGHNUT 3D CAR AIR FRESHENER', 'supplier_price': 0.38, 'amazon_price': 1.5, 'match_method': 'EAN', 'confidence': 'high', 'created_at': '2025-07-18T10:36:38.989576', 'supplier_url': 'https://www.poundwholesale.co.uk/guilty-pleasures-strawberry-doughnut-3d-car-air-freshener'}, {'supplier_ean': '5055319519236', 'amazon_asin': 'B07NJGT1BN', 'supplier_title': 'Auto Extreme Professional Grey Primer Spray Paint 400ml', 'amazon_title': 'Auto Extreme Auto Extreme Grey Primer, 400 ml', 'supplier_price': 1.82, 'amazon_price': 5.44, 'match_method': 'EAN', 'confidence': 'high', 'created_at': '2025-07-18T10:37:31.087578', 'supplier_url': 'https://www.poundwholesale.co.uk/auto-extreme-professional-grey-primer-spray-paint-400ml'}, {'supplier_ean': '5055441453309', 'amazon_asin': 'B094DFY8PC', 'supplier_title': 'Goodyear Anti-Smear Blue Screenwash 5L', 'amazon_title': 'Prestone', 'supplier_price': 2.7, 'amazon_price': None, 'match_method': 'EAN', 'confidence': 'high', 'created_at': '2025-07-18T10:37:44.323618', 'supplier_url': 'https://www.poundwholesale.co.uk/goodyear-anti-smear-blue-screenwash-5l'}, {'supplier_ean': '5055319558839', 'amazon_asin': 'B0CTCSZD1T', 'supplier_title': 'Auto Extreme Microfibre Wheel Wash Brush 46cm', 'amazon_title': 'Xtremeauto', 'supplier_price': 2.79, 'amazon_price': None, 'match_method': 'EAN', 'confidence': 'high', 'created_at': '2025-07-18T10:37:55.429624', 'supplier_url': 'https://www.poundwholesale.co.uk/auto-extreme-microfibre-wheel-wash-brush-46cm'}, {'supplier_ean': '5055319511995', 'amazon_asin': 'B09C44BVZY', 'supplier_title': 'Auto Extreme Professional Red Gloss Brake Caliper Spray Paint 400ml', 'amazon_title': 'Tailored Paint', 'supplier_price': 2.73, 'amazon_price': None, 'match_method': 'EAN', 'confidence': 'high', 'created_at': '2025-07-18T10:38:08.805743', 'supplier_url': 'https://www.poundwholesale.co.uk/auto-extreme-professional-red-gloss-brake-caliper-spray-paint-400ml'}, {'supplier_ean': '5055319519205', 'amazon_asin': 'B09DYZTY7G', 'supplier_title': 'Auto Extreme Professional Black Matt Spray Paint 400ml', 'amazon_title': 'Classic Signature - 1 x Auto Extreme Black Matt Spray Paint 400ml, Professional Quality, Perfect Finish for Cars, Bikes,Vans, Metal, Wood', 'supplier_price': 1.82, 'amazon_price': 6.89, 'match_method': 'EAN', 'confidence': 'high', 'created_at': '2025-07-18T10:38:58.185842', 'supplier_url': 'https://www.poundwholesale.co.uk/auto-extreme-professional-black-matt-spray-paint-400ml'}, {'supplier_ean': '5055319531818', 'amazon_asin': 'B000LD4V2E', 'supplier_title': 'Auto Extreme Professional Black Bumper & Trim Spray Paint 400ml', 'amazon_title': 'Hycote', 'supplier_price': 1.81, 'amazon_price': None, 'match_method': 'EAN', 'confidence': 'high', 'created_at': '2025-07-18T10:39:11.840698', 'supplier_url': 'https://www.poundwholesale.co.uk/auto-extreme-professional-black-bumper-trim-spray-paint-400ml'}, {'supplier_ean': '5053249226576', 'amazon_asin': 'B07CZHPQRY', 'supplier_title': '151 Super Maintenance Spray 200ml', 'amazon_title': '151 Products 2X Super Multipurpose Oil - 200ml, 20ml x 10, Bike Chain, Multipurpose, 0.26kg', 'supplier_price': 1.14, 'amazon_price': 5.28, 'match_method': 'EAN', 'confidence': 'high', 'created_at': '2025-07-18T10:40:10.708714', 'supplier_url': 'https://www.poundwholesale.co.uk/supermaintenance-spray-300ml'}, {'supplier_ean': '5050375083813', 'amazon_asin': 'B0DG2QVKZL', 'supplier_title': 'Car Pride Interior Clean & Shine 300ml', 'amazon_title': 'Hoover HF1 Plus Cordless Stick Vacuum Cleaner with Turbo Suction Mode, Up to 45 Min Runtime, LED Lights, Multi-Floor Nozzle, Anti Hair Wrap, Handheld Capability, 165w [HF1P10H]', 'supplier_price': 0.95, 'amazon_price': 99.0, 'match_method': 'EAN', 'confidence': 'high', 'created_at': '2025-07-18T10:41:15.031823', 'supplier_url': 'https://www.poundwholesale.co.uk/interior-clean-shine-300ml'}, {'supplier_ean': '5055319519120', 'amazon_asin': 'B07NJGQFPJ', 'supplier_title': 'Auto Extreme Automotive White Primer Spray Paint 250ml', 'amazon_title': 'Auto Extreme Auto Spray White Primer, 250 ml', 'supplier_price': 0.92, 'amazon_price': 5.19, 'match_method': 'EAN', 'confidence': 'high', 'created_at': '2025-07-18T10:42:08.243130', 'supplier_url': 'https://www.poundwholesale.co.uk/auto-extreme-automotive-white-primer-spray-paint-250ml'}, {'supplier_ean': '5055441449128', 'amazon_asin': 'B0DF3573G7', 'supplier_title': 'Goodyear Microfibre Wash & Dry Cloth Large 40cm', 'amazon_title': 'Goodyear Microfibre Wash and Dry Cloth Large Specially designed microfibre cloth for washing and drying your vehicle |Dual purpose |Microfibres attract more dirt than a normal cloth| Machine washable', 'supplier_price': 0.8, 'amazon_price': 5.03, 'match_method': 'EAN', 'confidence': 'high', 'created_at': '2025-07-18T10:42:56.491855', 'supplier_url': 'https://www.poundwholesale.co.uk/goodyear-microfibre-wash-dry-cloth-large-40cm'}, {'supplier_ean': '5050375084087', 'amazon_asin': 'B004V424UK', 'supplier_title': 'Car Pride Tyre Shine 300ml', 'amazon_title': '151 CAR VAN BIKE TYRE SHINE WET LOOK SPRAY BLACK', 'supplier_price': 0.93, 'amazon_price': 4.2, 'match_method': 'EAN', 'confidence': 'high', 'created_at': '2025-07-18T10:43:52.714822', 'supplier_url': 'https://www.poundwholesale.co.uk/tyre-shine-300ml'}, {'supplier_ean': '5052578042604', 'amazon_asin': 'B089P24HXC', 'supplier_title': 'Bettina Natural Chamois Leather Cloth 30cm X 30cm', 'amazon_title': 'CarMax® English Premium Grade Natural Chamois Leather - Large - Perfect for drying off the whole car, glass, mirrors, inside and out, super soft and highly absorbent, Made in the UK', 'supplier_price': 0.91, 'amazon_price': None, 'match_method': 'EAN', 'confidence': 'high', 'created_at': '2025-07-18T10:44:06.608980', 'supplier_url': 'https://www.poundwholesale.co.uk/bettina-chamois-leather-cloth'}, {'supplier_ean': '5055319512008', 'amazon_asin': 'B0D6N5WJK2', 'supplier_title': 'Auto Extreme Professional Yellow Gloss Brake Caliper Spray Paint 400ml', 'amazon_title': 'AX PRO Break Caliper Spray Yellow Gloss 400ml', 'supplier_price': 2.73, 'amazon_price': 4.87, 'match_method': 'EAN', 'confidence': 'high', 'created_at': '2025-07-18T10:44:49.215843', 'supplier_url': 'https://www.poundwholesale.co.uk/auto-extreme-professional-yellow-gloss-brake-caliper-spray-paint-400ml'}, {'supplier_ean': '5055441452173', 'amazon_asin': 'B0DF358GFW', 'supplier_title': 'Goodyear Microfibre Window Cloth Large 40cm X 40cm', 'amazon_title': 'Goodyear microfibre Window Cloth I Designed Microfiber Cloth for windscreens, windows and mirrors| Statically charged cleaning| Leaves lint free finish| Ideal for effective cleaning of glass surfaces', 'supplier_price': 1.06, 'amazon_price': 1.99, 'match_method': 'EAN', 'confidence': 'high', 'created_at': '2025-07-18T10:45:39.365206', 'supplier_url': 'https://www.poundwholesale.co.uk/goodyear-microfibre-window-cloth-large-40cm-x-40cm'}, {'supplier_ean': '5052578414708', 'amazon_asin': 'B0BG8HY6NL', 'supplier_title': 'Bettina Giant Car Sponge', 'amazon_title': 'Xtremeauto', 'supplier_price': 0.87, 'amazon_price': None, 'match_method': 'EAN', 'confidence': 'high', 'created_at': '2025-07-18T10:45:52.603673', 'supplier_url': 'https://www.poundwholesale.co.uk/bettina-giant-car-sponge'}, {'supplier_ean': '5050375083967', 'amazon_asin': 'B004V423RY', 'supplier_title': 'Car Pride Window & Mirror Cleaner 300ml', 'amazon_title': 'WINDOW MIRROR GLASS CERAMIC CLEANER - NON SMEAR', 'supplier_price': 0.97, 'amazon_price': 4.45, 'match_method': 'EAN_cached', 'confidence': 'low', 'created_at': '2025-07-18T10:45:52.672388', 'supplier_url': 'https://www.poundwholesale.co.uk/window-mirror-cleaner-300ml'}, {'supplier_ean': '5055441444536', 'amazon_asin': 'B0DF33XNMX', 'supplier_title': 'Goodyear Luxury Deep Pile Microfibre 2-In-1 Valet Cloth 45cm X 38cm', 'amazon_title': 'Goodyear Luxury Valet Cloth Large Deep pile for absorbency| For showroom perfect finish |2 in 1 luxury car cloth| Microfibre technology| Cleaning fibre| Satin safety edging protects against scratching', 'supplier_price': 3.02, 'amazon_price': 7.0, 'match_method': 'EAN', 'confidence': 'high', 'created_at': '2025-07-18T10:46:44.263284', 'supplier_url': 'https://www.poundwholesale.co.uk/goodyear-luxury-deep-pile-microfibre-2-in-1-valet-cloth-45cm-x-38cm'}, {'supplier_ean': '5055441446554', 'amazon_asin': 'B0DJWFVY3H', 'supplier_title': 'Goodyear Snow Foam Pre-Wash Shampoo 1l', 'amazon_title': 'Goodyear 1L Snow Foam Cherry Scent Pressure Washer Or Foam Lancer | Covers The Vehicle In A Rich Blanket Of Foam | Gently Loosen Dirt & Heavy Soiling | More Concentrated Solution The Thicker The Foam', 'supplier_price': 2.54, 'amazon_price': 7.99, 'match_method': 'EAN', 'confidence': 'high', 'created_at': '2025-07-18T10:47:33.544513', 'supplier_url': 'https://www.poundwholesale.co.uk/goodyear-cherry-snow-form-pre-wash-shampoo-1l'}, {'supplier_ean': '5055319519021', 'amazon_asin': 'B09FLXRC5F', 'supplier_title': 'Auto Extreme Automotive White Gloss Spray Paint 250ml', 'amazon_title': 'Classic Signature - 1 x Auto Extreme White Gloss Spray Paint 250ml Professional Quality, Perfect Finish for Cars, Bikes,Vans, Metal, Wood', 'supplier_price': 0.92, 'amazon_price': 5.47, 'match_method': 'EAN', 'confidence': 'high', 'created_at': '2025-07-18T10:48:41.581930', 'supplier_url': 'https://www.poundwholesale.co.uk/auto-extreme-automotive-white-gloss-spray-paint-250ml'}, {'supplier_ean': '5055319519274', 'amazon_asin': 'B09F9MVQS1', 'supplier_title': 'Auto Extreme Professional Blue Gloss Spray Paint 400ml', 'amazon_title': 'Classic Signature - 1 x Auto Extreme Blue Gloss Spray Paint 400ml, Professional Quality, Perfect Finish for Cars, Bikes,Vans, Metal, Wood', 'supplier_price': 1.82, 'amazon_price': 6.89, 'match_method': 'EAN', 'confidence': 'high', 'created_at': '2025-07-18T10:49:36.222143', 'supplier_url': 'https://www.poundwholesale.co.uk/auto-extreme-professional-blue-gloss-spray-paint-400ml'}, {'supplier_ean': '5050375127340', 'amazon_asin': 'B076DD8QMP', 'supplier_title': 'Tango Car Air Freshener CDU Assorted Fragrances', 'amazon_title': 'Tango Liquid Car Air Freshener 4pk - Cherry Orange Apple & Lemon', 'supplier_price': 0.74, 'amazon_price': 5.49, 'match_method': 'EAN', 'confidence': 'high', 'created_at': '2025-07-18T10:50:21.970905', 'supplier_url': 'https://www.poundwholesale.co.uk/tango-car-air-freshener-cdu-assorted-fragrances'}, {'supplier_ean': '5055319519243', 'amazon_asin': 'B07NJHJC44', 'supplier_title': 'Auto Extreme Professional Silver Wheel Spray Paint 400ml', 'amazon_title': 'Auto Extreme Silver Wheel, 400 ml', 'supplier_price': 1.82, 'amazon_price': 5.5, 'match_method': 'EAN', 'confidence': 'high', 'created_at': '2025-07-18T10:51:15.720754', 'supplier_url': 'https://www.poundwholesale.co.uk/auto-extreme-professional-silver-wheel-spray-paint-400ml'}, {'supplier_ean': '5055319530798', 'amazon_asin': 'B0BZQ9D3SS', 'supplier_title': 'Auto Extreme Ocean Breeze In-Car Fragrance Air Freshener Spray 100ml', 'amazon_title': 'Car Air Freshener for Men with Vent Clip | Strong Perfume Automotive Air Freshener | Odour Eliminating Technology with Vent Clip | Car Air Fresheners by Perfa', 'supplier_price': 0.65, 'amazon_price': None, 'match_method': 'EAN', 'confidence': 'high', 'created_at': '2025-07-18T10:51:27.401020', 'supplier_url': 'https://www.poundwholesale.co.uk/auto-extreme-ocean-breeze-in-car-fragrance-air-freshener-spray-100ml'}, {'supplier_ean': '5052578047807', 'amazon_asin': 'B0FB44TV8Y', 'supplier_title': 'Bettina Microfibre Ultra Buff Car Cloths 3pc', 'amazon_title': 'Towelogy', 'supplier_price': 1.79, 'amazon_price': None, 'match_method': 'EAN', 'confidence': 'high', 'created_at': '2025-07-18T10:51:38.488644', 'supplier_url': 'https://www.poundwholesale.co.uk/bettina-microfibre-ultra-buff-car-cloths-3pc'}, {'supplier_ean': '5055441446714', 'amazon_asin': 'B0DFPVL488', 'supplier_title': 'Goodyear Silicone Window Squeegee 30cm', 'amazon_title': 'Goodyear Silicone Window Squeegee Ideal For Car Bodywork, Showers, Windows And Other Smooth Surfaces| Soft Silicone Blade| Removes 95% Of Standing Water| V-shaped Grip| Reusable And Long Lasting', 'supplier_price': 1.99, 'amazon_price': 3.99, 'match_method': 'EAN', 'confidence': 'high', 'created_at': '2025-07-18T10:52:28.920921', 'supplier_url': 'https://www.poundwholesale.co.uk/goodyear-silicone-window-squeegee-30cm'}, {'supplier_ean': '5055319528030', 'amazon_asin': 'B0DJM5VWR6', 'supplier_title': 'Rapide DP-60 Penetrating Maintenance Spray 100ml CDU', 'amazon_title': 'PNJB', 'supplier_price': 0.79, 'amazon_price': None, 'match_method': 'EAN', 'confidence': 'high', 'created_at': '2025-07-18T10:52:43.308895', 'supplier_url': 'https://www.poundwholesale.co.uk/rapide-dp-60-penetrating-maintenance-spray-100ml-cdu'}, {'supplier_ean': '5052578047708', 'amazon_asin': 'B09D7HXXXT', 'supplier_title': 'Bettina Assorted Microfibre Car Rags Bag', 'amazon_title': 'MR.SIGA', 'supplier_price': 1.79, 'amazon_price': None, 'match_method': 'EAN', 'confidence': 'high', 'created_at': '2025-07-18T10:52:56.953180', 'supplier_url': 'https://www.poundwholesale.co.uk/bettina-assorted-microfibre-car-rags-bag'}, {'supplier_ean': '8008990001061', 'amazon_asin': 'B00BFXBBHM', 'supplier_title': 'Classic Professional Car Sponge 15cm X 11cm X 5.5cm', 'amazon_title': 'Générique Auto Care – Wash Synthetic Sponge Pro Classic', 'supplier_price': 0.62, 'amazon_price': 3.89, 'match_method': 'EAN', 'confidence': 'high', 'created_at': '2025-07-18T10:53:42.902436', 'supplier_url': 'https://www.poundwholesale.co.uk/classic-professional-car-sponge-15cm-x-11cm-x-5-5cm'}, {'supplier_ean': '5055319529891', 'amazon_asin': 'B0CXN6VDPT', 'supplier_title': 'Rapide Multi Lube Oil Spray 250ml', 'amazon_title': 'Multi Lube Oil Spray High Performance Lubricates Cleans Prevents Rust - 300ml', 'supplier_price': 1.07, 'amazon_price': 5.49, 'match_method': 'EAN', 'confidence': 'high', 'created_at': '2025-07-18T10:54:33.090475', 'supplier_url': 'https://www.poundwholesale.co.uk/rapide-multi-lube-oil-spray-250ml'}, {'supplier_ean': '5055319599559', 'amazon_asin': 'B07NJGVPVQ', 'supplier_title': 'Auto Extreme Professional Chrome Effect Spray Paint 400ml', 'amazon_title': 'Auto Extreme Auto Spray Chrome, 400 ml', 'supplier_price': 2.03, 'amazon_price': 4.99, 'match_method': 'EAN', 'confidence': 'high', 'created_at': '2025-07-18T10:55:42.978833', 'supplier_url': 'https://www.poundwholesale.co.uk/auto-extreme-professional-chrome-effect-spray-paint-400ml'}, {'supplier_ean': '5053249228563', 'amazon_asin': 'B07R97BMMC', 'supplier_title': 'Carpride Alloy Wheel Spray Paint Matt Black', 'amazon_title': 'Car Pride 400ml High Grade Car Alloy Wheel Matt Black Fantastic Finish Surface Aerosol Spray Paint Can', 'supplier_price': 1.67, 'amazon_price': 5.69, 'match_method': 'EAN', 'confidence': 'high', 'created_at': '2025-07-18T10:56:35.936258', 'supplier_url': 'https://www.poundwholesale.co.uk/carpride-alloy-wheel-spray-paint-matt-black'}, {'supplier_ean': '5055319519045', 'amazon_asin': 'B07NJFYFZR', 'supplier_title': 'Auto Extreme Silver Wheel Spray Paint 250ml', 'amazon_title': 'Auto Extreme Auto Spray Silver Wheel, 250 ml', 'supplier_price': 0.92, 'amazon_price': 4.5, 'match_method': 'EAN', 'confidence': 'high', 'created_at': '2025-07-18T10:57:32.469691', 'supplier_url': 'https://www.poundwholesale.co.uk/auto-extreme-silver-wheel-spray-paint-250ml'}, {'supplier_ean': '5055319519212', 'amazon_asin': 'B09DYXN6YF', 'supplier_title': 'Auto Extreme Professional Black Gloss Spray Paint 400ml', 'amazon_title': 'Classic Signature - 1 x Auto Extreme Black Gloss Spray Paint 400ml, Professional Quality, Perfect Finish for Cars, Bikes,Vans, Metal, Wood', 'supplier_price': 1.82, 'amazon_price': 6.89, 'match_method': 'EAN', 'confidence': 'high', 'created_at': '2025-07-18T10:58:29.850682', 'supplier_url': 'https://www.poundwholesale.co.uk/auto-extreme-professional-black-gloss-spray-paint-400ml'}, {'supplier_ean': '5056170362405', 'amazon_asin': 'B006UCJ5NU', 'supplier_title': 'Bloc Multipurpose Penetrating Maintenance Spray 250ml', 'amazon_title': 'WD-40 Specialist', 'supplier_price': 1.03, 'amazon_price': None, 'match_method': 'EAN', 'confidence': 'high', 'created_at': '2025-07-18T10:58:41.438173', 'supplier_url': 'https://www.poundwholesale.co.uk/bloc-multipurpose-penetrating-maintenance-spray-250ml'}, {'supplier_ean': '5055319519106', 'amazon_asin': 'B09FLX734G', 'supplier_title': 'Auto Extreme Automotive Black Satin Spray Paint 250ml', 'amazon_title': 'Classic Signature - 1 x Black Satin Auto Extreme Spray Paint 250ml Professional Quality, Perfect Finish for Cars, Bikes,Vans, Metal, Wood', 'supplier_price': 0.92, 'amazon_price': 5.47, 'match_method': 'EAN', 'confidence': 'high', 'created_at': '2025-07-18T10:59:37.654163', 'supplier_url': 'https://www.poundwholesale.co.uk/auto-extreme-automotive-black-satin-spray-paint-250ml'}, {'supplier_ean': '5053249248677', 'amazon_asin': 'B000LD4V2E', 'supplier_title': 'Car Pride Black Gloss Spray Paint 400ml', 'amazon_title': 'Hycote', 'supplier_price': 1.73, 'amazon_price': None, 'match_method': 'EAN', 'confidence': 'high', 'created_at': '2025-07-18T10:59:51.150021', 'supplier_url': 'https://www.poundwholesale.co.uk/car-pride-black-gloss-spray-paint-400ml'}, {'supplier_ean': '5050375064300', 'amazon_asin': 'B01M0JVPJD', 'supplier_title': 'Car-Pride Quick Fix Tyre Repair 300ml', 'amazon_title': '2 X QUICK FIX CAR EMERGENCY FLAT TYRE INFLATE PUNCTURE REPAIR KIT', 'supplier_price': 1.77, 'amazon_price': 7.74, 'match_method': 'EAN', 'confidence': 'high', 'created_at': '2025-07-18T11:00:47.582374', 'supplier_url': 'https://www.poundwholesale.co.uk/quick-fix-tyre-repair'}, {'supplier_ean': '5055441446530', 'amazon_asin': 'B0993N1H9T', 'supplier_title': 'Goodyear Car Cockpit Cleaner 750ml', 'amazon_title': 'Goodyear Cockpit Cleaner 750ml- Effectively Cleans Dirt, Dust And Grime From the Dashboard And Surroundings| Protects Against Water And Dust Helping to Leave a Showroom Shine| Spray Weight 820g', 'supplier_price': 1.39, 'amazon_price': 5.13, 'match_method': 'EAN', 'confidence': 'high', 'created_at': '2025-07-18T11:01:48.222908', 'supplier_url': 'https://www.poundwholesale.co.uk/goodyear-cherry-scent-car-cockpit-cleaner-750ml'}, {'supplier_ean': '5055319519281', 'amazon_asin': 'B07NJGV658', 'supplier_title': 'Auto Extreme Professional Yellow Gloss Spray Paint 400ml', 'amazon_title': 'Auto Extreme Auto Extreme Yellow, 400 ml', 'supplier_price': 1.96, 'amazon_price': 5.49, 'match_method': 'EAN', 'confidence': 'high', 'created_at': '2025-07-18T11:02:38.788885', 'supplier_url': 'https://www.poundwholesale.co.uk/auto-extreme-professional-yellow-gloss-spray-paint-400ml'}, {'supplier_ean': '5056175980970', 'amazon_asin': 'B095HTD46T', 'supplier_title': 'Auto Extras Jar Candle Air Freshener 3 Pack Assorted', 'amazon_title': 'CRISTALINAS', 'supplier_price': 0.54, 'amazon_price': None, 'match_method': 'EAN', 'confidence': 'high', 'created_at': '2025-07-18T11:02:51.951099', 'supplier_url': 'https://www.poundwholesale.co.uk/auto-extras-jar-candle-air-freshener-3-pack-assorted'}, {'supplier_ean': '5055319529914', 'amazon_asin': 'B07XZF187M', 'supplier_title': 'Rapide PTFE Lubricant Spray 250ml', 'amazon_title': 'Rapide 300ml PTFE Grease Aerosol Spray Lubricant Can Chains Belts Cables Oil', 'supplier_price': 1.07, 'amazon_price': 4.99, 'match_method': 'EAN', 'confidence': 'high', 'created_at': '2025-07-18T11:03:38.329354', 'supplier_url': 'https://www.poundwholesale.co.uk/rapide-ptfe-lubricant-spray-250ml'}, {'supplier_ean': '5055441449203', 'amazon_asin': 'B0D12237Y2', 'supplier_title': 'Goodyear Expanding Car Cleaning Sponge', 'amazon_title': 'Goodyear Tyre and Wheel Deep Cleaning Multi-Purpose Brush | Ideal for Vehicle Tyres | Ergonomic L-Style Handle | Wide Curved Brush Head Covers Larger Surface | Removes Dirt and Grime', 'supplier_price': 0.72, 'amazon_price': 0.99, 'match_method': 'EAN', 'confidence': 'high', 'created_at': '2025-07-18T11:04:31.759859', 'supplier_url': 'https://www.poundwholesale.co.uk/goodyear-expanding-car-cleaning-sponge'}, {'supplier_ean': '5053249229768', 'amazon_asin': 'B0BZQ8C6CS', 'supplier_title': 'Chupa Chups Car Air Fresheners CDU Assorted Fragrances', 'amazon_title': 'One Million Car Air Freshener for Men | Strong Perfume Automotive Freshener | Odour Eliminating Technology with Vent Clip | Long Lasting Car Air Freshener by Perfa', 'supplier_price': 0.87, 'amazon_price': None, 'match_method': 'EAN', 'confidence': 'high', 'created_at': '2025-07-18T11:04:43.364574', 'supplier_url': 'https://www.poundwholesale.co.uk/chupa-chups-car-air-fresheners-cdu-assorted-fragrances'}, {'supplier_ean': '5050375002197', 'amazon_asin': 'B01MQHS127', 'supplier_title': 'Car Pride Stitched Natural Chamois Leather', 'amazon_title': '151 NATURAL CHAMOIS LEATHER', 'supplier_price': 0.85, 'amazon_price': 3.19, 'match_method': 'EAN', 'confidence': 'high', 'created_at': '2025-07-18T11:06:00.876295', 'supplier_url': 'https://www.poundwholesale.co.uk/stitched-natural-chamois-leather'}, {'supplier_ean': '5055441446431', 'amazon_asin': 'B0992QG9QK', 'supplier_title': 'Goodyear Instant Valet Upholstery Cleaner 750ml', 'amazon_title': 'GOODYEAR INSTANT VALET UPHOLSTERY CLEANER SPRAY 750ML', 'supplier_price': 1.4, 'amazon_price': 5.27, 'match_method': 'EAN', 'confidence': 'high', 'created_at': '2025-07-18T11:06:52.375016', 'supplier_url': 'https://www.poundwholesale.co.uk/goodyear-instant-valet-upholstery-cleaner-750ml'}, {'supplier_ean': '5053249245751', 'amazon_asin': 'B0BLL3XTRB', 'supplier_title': 'Car Pride Clean & Dry Microfibre Cloth', 'amazon_title': 'CARPRIDE® Clean and Dry Microfibre Cloth | For Car Exterior and Interior | 30 x 30 cm | Brown', 'supplier_price': 0.76, 'amazon_price': 2.95, 'match_method': 'EAN', 'confidence': 'high', 'created_at': '2025-07-18T11:07:43.161406', 'supplier_url': 'https://www.poundwholesale.co.uk/car-pride-clean-dry-microfibre-cloth'}, {'supplier_ean': '8008990001047', 'amazon_asin': 'B0DJFRHQ3H', 'supplier_title': 'Flash Car Synthetic Chamois Large', 'amazon_title': 'FLASH', 'supplier_price': 1.42, 'amazon_price': None, 'match_method': 'EAN', 'confidence': 'high', 'created_at': '2025-07-18T11:08:10.161535', 'supplier_url': 'https://www.poundwholesale.co.uk/flash-car-synthetic-chamois-large'}, {'supplier_ean': '5050375084148', 'amazon_asin': 'B07FRGHHQR', 'supplier_title': 'Car Pride Black Pack 300ml', 'amazon_title': 'Car Pride Black Pack Spray For Plastic Bumper & Exterior Trim Restorer 300ml', 'supplier_price': 0.93, 'amazon_price': 4.49, 'match_method': 'EAN_cached', 'confidence': 'low', 'created_at': '2025-07-18T11:08:10.231134', 'supplier_url': 'https://www.poundwholesale.co.uk/black-pack-300ml'}, {'supplier_ean': '5055319519311', 'amazon_asin': 'B07NJH9XCY', 'supplier_title': 'Auto Extreme Professional Racing Green Gloss Spray Paint 400ml', 'amazon_title': 'Auto Extreme Racing Green, 400 ml', 'supplier_price': 1.96, 'amazon_price': 5.65, 'match_method': 'EAN', 'confidence': 'high', 'created_at': '2025-07-18T11:09:04.876820', 'supplier_url': 'https://www.poundwholesale.co.uk/auto-extreme-professional-racing-green-gloss-spray-paint-400ml'}, {'supplier_ean': '5055319519137', 'amazon_asin': 'B07NJFXL6R', 'supplier_title': 'Auto Extreme Red Primer Spray Paint 250ml', 'amazon_title': 'Auto Extreme Auto Spray Red Primer, 250 ml', 'supplier_price': 0.92, 'amazon_price': 4.35, 'match_method': 'EAN', 'confidence': 'high', 'created_at': '2025-07-18T11:09:55.460107', 'supplier_url': 'https://www.poundwholesale.co.uk/mean-machine-auto-spray-red-primer-250ml'}, {'supplier_ean': '5038673050010', 'amazon_asin': 'B0FC6D5VDG', 'supplier_title': 'Portable Wet & Dry Auto Vacuum Cleaner', 'amazon_title': 'HYCHIKA 3 in 1 Wet and Dry Vacuum Cleaner, Power: 1200 W, 20 L Stainless Steel Tank, 6 M+ Cleaning Range (2.5 M Power Cores + 3.5 M Soft & Hard Hose), for Garden Outdoor Floor Sofa Cleaning', 'supplier_price': 10.18, 'amazon_price': None, 'match_method': 'EAN', 'confidence': 'high', 'created_at': '2025-07-18T11:10:08.518609', 'supplier_url': 'https://www.poundwholesale.co.uk/portable-wet-dry-auto-vacuum-cleaner'}, {'supplier_ean': '5052578034708', 'amazon_asin': 'B0CKTH6LDT', 'supplier_title': 'Bettina Microfibre Car Cloths 2 Pack', 'amazon_title': 'CarMax® - Original Twisted Loop Car Drying Towel - Double-Sided XXL - 90cm x 60cm 1400gsm Microfibre Towel for fast streak-free drying and detailing.', 'supplier_price': 0.79, 'amazon_price': 17.99, 'match_method': 'EAN_cached', 'confidence': 'low', 'created_at': '2025-07-18T11:10:08.580003', 'supplier_url': 'https://www.poundwholesale.co.uk/3pc-micro-fibre-car-cloths-highly-effective-wet-or-dry'}, {'supplier_ean': '5055441449142', 'amazon_asin': 'B0DF343YX8', 'supplier_title': 'Goodyear Microfibre Dusting Cloth Large 60cm X 40cm', 'amazon_title': 'Goodyear Microfibre Dusting Cloth I Specially designed microfibre cloth for windscreens, windows and mirrors | Statically charged cleaning fibres attract dust | Leaves a lint free finish | 60m x 40cm', 'supplier_price': 0.85, 'amazon_price': 1.99, 'match_method': 'EAN', 'confidence': 'high', 'created_at': '2025-07-18T11:10:57.177704', 'supplier_url': 'https://www.poundwholesale.co.uk/goodyear-microfibre-dusting-cloth-large-60cm-x-40cm'}, {'supplier_ean': '5055441449180', 'amazon_asin': 'B0D3JDFZJC', 'supplier_title': 'Goodyear Microfibre Car Cloth Set 4 Pack', 'amazon_title': 'Goodyear 4PC Microfibre Cloth Set- microfibre cloths for cleaning your vehicle | Cleaning fibres attract dust | Showroom finish | Machine washable | Dashboard, Buffing, Window cloth | Wash and drying', 'supplier_price': 2.59, 'amazon_price': 4.99, 'match_method': 'EAN', 'confidence': 'high', 'created_at': '2025-07-18T11:11:46.340949', 'supplier_url': 'https://www.poundwholesale.co.uk/goodyear-microfibre-car-cloth-set-4-pack'}, {'supplier_ean': '5055441449104', 'amazon_asin': 'B0DH8C367V', 'supplier_title': 'Goodyear Synthetic Chamois Cloth', 'amazon_title': 'Goodyear Synthetic Chamois -natural Chamois, Super Absorbent, Streak And Scratch Free, With A Greater Tolerance To Modern Car Cleaners| Stays Soft When Drying| Extra Large 72cm x 50cm|Machine Washable', 'supplier_price': 1.9, 'amazon_price': 2.99, 'match_method': 'EAN', 'confidence': 'high', 'created_at': '2025-07-18T11:12:43.381337', 'supplier_url': 'https://www.poundwholesale.co.uk/goodyear-synthetic-chamois-cloth'}, {'supplier_ean': '5055319530736', 'amazon_asin': 'B084VTS1NV', 'supplier_title': 'Auto Extreme Fresh Linen In-Car Fragrance Air Freshener Spray 100ml', 'amazon_title': 'Air Freshener Spray Concentrated Long Lasting Oil Based (New Car)', 'supplier_price': 0.65, 'amazon_price': None, 'match_method': 'EAN', 'confidence': 'high', 'created_at': '2025-07-18T11:12:55.532920', 'supplier_url': 'https://www.poundwholesale.co.uk/auto-extreme-fresh-linen-in-car-fragrance-air-freshener-spray-100ml'}, {'supplier_ean': '5055319519076', 'amazon_asin': 'B09FLX3QXD', 'supplier_title': 'Auto Extreme Automotive Red Gloss Spray Paint 250ml', 'amazon_title': 'Classic Signature - 1 x Auto Extreme Red Gloss Spray Paint 250ml, Professional Quality, Perfect Finish for Cars, Bikes,Vans, Metal, Wood', 'supplier_price': 0.92, 'amazon_price': 5.47, 'match_method': 'EAN', 'confidence': 'high', 'created_at': '2025-07-18T11:13:48.220197', 'supplier_url': 'https://www.poundwholesale.co.uk/auto-extreme-automotive-red-gloss-spray-paint-250ml'}, {'supplier_ean': '5050375003620', 'amazon_asin': 'B0DG2QVKZL', 'supplier_title': 'Car Pride Luxury Natural Chamois Leather', 'amazon_title': 'Hoover HF1 Plus Cordless Stick Vacuum Cleaner with Turbo Suction Mode, Up to 45 Min Runtime, LED Lights, Multi-Floor Nozzle, Anti Hair Wrap, Handheld Capability, 165w [HF1P10H]', 'supplier_price': 1.41, 'amazon_price': 99.0, 'match_method': 'EAN', 'confidence': 'high', 'created_at': '2025-07-18T11:14:56.832846', 'supplier_url': 'https://www.poundwholesale.co.uk/car-pride-luxury-natural-chamois-leather'}, {'supplier_ean': '00994743', 'amazon_asin': 'B0CCVFJ94Z', 'supplier_title': 'Wilko Ready To Use Screenwash 5l', 'amazon_title': 'Rain-X', 'supplier_price': 1.42, 'amazon_price': None, 'match_method': 'EAN', 'confidence': 'high', 'created_at': '2025-07-18T11:15:10.531582', 'supplier_url': 'https://www.poundwholesale.co.uk/wilko-ready-to-use-screenwash-5l'}, {'supplier_ean': '5055319556668', 'amazon_asin': 'B0BC1D6KPG', 'supplier_title': 'Auto Extreme Car Upholstery Brush 14cm X 6.5cm', 'amazon_title': '15° Curved Car Cleaning Brush with Telescopic Handle 43" Aluminum Alloy Long Rod Wash Mop For Washing Caravan Van Truck Boat RV Roof Soft Chenille Head Duster Clean Product Not Hurt Paint Scratch Free', 'supplier_price': 0.97, 'amazon_price': None, 'match_method': 'EAN', 'confidence': 'high', 'created_at': '2025-07-18T11:15:22.281479', 'supplier_url': 'https://www.poundwholesale.co.uk/auto-extreme-car-upholstery-brush-14cm-x-6-5cm'}, {'supplier_ean': '5050375083783', 'amazon_asin': 'B00A3T5F2G', 'supplier_title': 'Car Pride Instant Valet 300ml', 'amazon_title': 'Carpride Instant Valet Aerosol Spray 300ml', 'supplier_price': 0.97, 'amazon_price': 4.09, 'match_method': 'EAN_cached', 'confidence': 'low', 'created_at': '2025-07-18T11:15:22.357739', 'supplier_url': 'https://www.poundwholesale.co.uk/instant-valet-300ml'}, {'supplier_ean': '5055319512213', 'amazon_asin': 'B0F9329VCL', 'supplier_title': 'Auto Extreme Car Air Freshener Assorted Fragrances Clip Strip', 'amazon_title': 'Automizer - Creed Car Air Freshener for Men - Smart Car Air Freshener Diffuser Aventus Inspired Automatic On/Off Refillable Air Freshner, Gifts for Men/Women', 'supplier_price': 0.27, 'amazon_price': None, 'match_method': 'EAN', 'confidence': 'high', 'created_at': '2025-07-18T11:15:36.157612', 'supplier_url': 'https://www.poundwholesale.co.uk/auto-extreme-car-air-freshener-assorted-fragrances-clip-strip'}, {'supplier_ean': '5053249256832', 'amazon_asin': 'B0D2HLTZ4Q', 'supplier_title': 'Car Pride All Seasons Screen Wash Tablets 2pc', 'amazon_title': 'Screenwash Tablets For Cars, 100 Pcs Car Windshield Wash Tablets, Concentrated Screenwash Washer Fluid Car Window Cleaning Tablets for Metal, Plastic, Window Glass, Look Completely New', 'supplier_price': 0.74, 'amazon_price': None, 'match_method': 'EAN', 'confidence': 'high', 'created_at': '2025-07-18T11:15:50.415052', 'supplier_url': 'https://www.poundwholesale.co.uk/car-pride-all-seasons-screen-wash-tablets-2pc'}, {'supplier_ean': '5055056731861', 'amazon_asin': 'B09LHF2V7G', 'supplier_title': 'Guilty Pleasures Chocolate Chip Cookie 3D Car Air Freshener', 'amazon_title': 'Guilty Pleasures 3D Choc Cookie CAR FRESHENER', 'supplier_price': 0.38, 'amazon_price': 3.99, 'match_method': 'EAN', 'confidence': 'high', 'created_at': '2025-07-18T11:16:51.336470', 'supplier_url': 'https://www.poundwholesale.co.uk/guilty-pleasures-chocolate-chip-cookie-3d-air-freshener'}, {'supplier_ean': '5055441446479', 'amazon_asin': 'B0993YCZWB', 'supplier_title': 'Goodyear Fresh Fragrance Glass & Mirror Cleaner 750ml', 'amazon_title': 'Goodyear Glass & Mirror Cleaner 750ml - For a streak-free finish | Effective cleaner for car windscreens, side window, wing mirrors & rear view mirror | Suitable for rain sensor and acrylic windows', 'supplier_price': 1.36, 'amazon_price': 5.74, 'match_method': 'EAN', 'confidence': 'high', 'created_at': '2025-07-18T11:18:10.194551', 'supplier_url': 'https://www.poundwholesale.co.uk/goodyear-fresh-fragrance-glass-mirror-cleaner-750ml'}, {'supplier_ean': '5055441446455', 'amazon_asin': 'B0993N4XMC', 'supplier_title': 'Goodyear Back-To-Black Bumper & Trim Plastic Restorer 750ml', 'amazon_title': 'Goodyear Bumper and Trim Restorer 750ml-back to Black| Helps Bumper and Trim Plastic Look Like New| Restores, Protects and Shines| Long Lasting Gloss Finish| Suitable for All Exterior Plastics', 'supplier_price': 1.4, 'amazon_price': 4.89, 'match_method': 'EAN', 'confidence': 'high', 'created_at': '2025-07-18T11:19:05.192693', 'supplier_url': 'https://www.poundwholesale.co.uk/goodyear-black-bumper-trim-plastic-restorer-750ml'}, {'supplier_ean': '5015302400262', 'amazon_asin': 'B0B4R5265Z', 'supplier_title': 'Coco & Gray Assorted Colour Synthetic Chamois Cloths 3 Pack', 'amazon_title': 'Airlab', 'supplier_price': 0.64, 'amazon_price': None, 'match_method': 'EAN', 'confidence': 'high', 'created_at': '2025-07-18T11:19:19.017457', 'supplier_url': 'https://www.poundwholesale.co.uk/royle-shammy-pack-3'}, {'supplier_ean': '5055319519304', 'amazon_asin': 'B09F9N1DW9', 'supplier_title': 'Auto Extreme Professional Silver Body Spray Paint 400ml', 'amazon_title': 'Classic Signature - 1 x Auto Extreme Silver Body Spray Paint 400ml Professional Quality, Perfect Finish for Cars, Bikes,Vans, Metal, Wood', 'supplier_price': 1.82, 'amazon_price': 6.89, 'match_method': 'EAN', 'confidence': 'high', 'created_at': '2025-07-18T11:20:10.249623', 'supplier_url': 'https://www.poundwholesale.co.uk/auto-extreme-professional-silver-body-spray-paint-400ml'}, {'supplier_ean': '5053249200743', 'amazon_asin': 'B0DY5MX94X', 'supplier_title': 'Tango Card Car Air Freshener 2 Pack CDU Assorted Fragrances', 'amazon_title': 'Luxury Car Fragrance Gift Set, 2 Glass Car Diffusers, 2 x 30ml Refills, 2 x Vent Clips, 10 ml Interior Fabric Spray, Strong Fragrance, (Crede)', 'supplier_price': 0.74, 'amazon_price': None, 'match_method': 'EAN', 'confidence': 'high', 'created_at': '2025-07-18T11:20:38.365789', 'supplier_url': 'https://www.poundwholesale.co.uk/tango-card-car-air-freshener-2-pack-cdu-assorted-fragrances'}, {'supplier_ean': '5056175980963', 'amazon_asin': 'B0FH9LCRSZ', 'supplier_title': 'Auto Extras Jelly Baby Air Freshener Assorted', 'amazon_title': 'Car Air Freshener Aromatherapy Balm Long Lasting Fragrance Non-spill Solid 3D Tomato Shaped Travel Size Scented Balm 100g Eliminate Odor for Bedroom Toliet Elitzia ETAP2815', 'supplier_price': 0.65, 'amazon_price': None, 'match_method': 'EAN', 'confidence': 'high', 'created_at': '2025-07-18T11:20:51.448024', 'supplier_url': 'https://www.poundwholesale.co.uk/auto-extras-jelly-baby-air-freshener-assorted'}, {'supplier_ean': '5055319519298', 'amazon_asin': 'B07NJH3Q91', 'supplier_title': 'Auto Extreme Professional Black Satin Spray Paint 400ml', 'amazon_title': 'Auto Extreme Auto Extreme Black Satin, 400 ml', 'supplier_price': 1.82, 'amazon_price': 5.49, 'match_method': 'EAN', 'confidence': 'high', 'created_at': '2025-07-18T11:21:47.219390', 'supplier_url': 'https://www.poundwholesale.co.uk/auto-extreme-professional-black-satin-spray-paint-400ml'}, {'supplier_ean': '5055056770815', 'amazon_asin': 'B0BZQC1VY6', 'supplier_title': 'Millions Cola 3D Car Air Freshener', 'amazon_title': 'Creed Car Air Freshener for Men | Aventos Perfume Inspired Car Fragrances | Strong Freshener with Odour Eliminator Technology | Creed Automotive Air Freshener | GREED Scent by Perfa', 'supplier_price': 0.38, 'amazon_price': None, 'match_method': 'EAN', 'confidence': 'high', 'created_at': '2025-07-18T11:22:00.417347', 'supplier_url': 'https://www.poundwholesale.co.uk/millions-cola-3d-car-air-freshener'}, {'supplier_ean': '5052578015608', 'amazon_asin': 'B0DHXJ3Y9T', 'supplier_title': 'Bettina Car Sponges 3 Pack', 'amazon_title': '3 Pack Car Sponges,Jumbo Sponges For Car Cleaning,Anti Scratch Technology for Car Exterior & Window Washing- Perfect For Wheels, Windscreen & Bodywork (3 PCS (Yellow))', 'supplier_price': 0.84, 'amazon_price': 7.99, 'match_method': 'EAN_cached', 'confidence': 'low', 'created_at': '2025-07-18T11:22:00.495119', 'supplier_url': 'https://www.poundwholesale.co.uk/bettina-car-sponges-3-pack'}, {'supplier_ean': '5038673050010', 'amazon_asin': 'B0FC6D5VDG', 'supplier_title': 'Roadster Car Vacuum Cleaner 12V', 'amazon_title': 'HYCHIKA 3 in 1 Wet and Dry Vacuum Cleaner, Power: 1200 W, 20 L Stainless Steel Tank, 6 M+ Cleaning Range (2.5 M Power Cores + 3.5 M Soft & Hard Hose), for Garden Outdoor Floor Sofa Cleaning', 'supplier_price': 5.28, 'amazon_price': None, 'match_method': 'EAN_cached', 'confidence': 'low', 'created_at': '2025-07-18T11:22:00.576434', 'supplier_url': 'https://www.poundwholesale.co.uk/roadster-car-vacuum-cleaner-12v'}, {'supplier_ean': '5050375083752', 'amazon_asin': 'B01C4S4876', 'supplier_title': 'Car Pride Alloy Wheel Cleaner 300ml', 'amazon_title': 'Car Pride Wheel Clean, 300ml', 'supplier_price': 0.97, 'amazon_price': 4.05, 'match_method': 'EAN_cached', 'confidence': 'low', 'created_at': '2025-07-18T11:22:00.651582', 'supplier_url': 'https://www.poundwholesale.co.uk/alloy-wheel-cleaner'}, {'supplier_ean': '5055441452357', 'amazon_asin': 'B0DFPVGFZ4', 'supplier_title': 'Goodyear Extendable Car Windscreen Washer Squeegee Sponge Cleaner', 'amazon_title': 'Goodyear 2 In 1 Window Squeegee Flexible Rubber Blade| Netted Sponge Scrubber| Multi-purpose And Easy To Use| Non - Scratch| Ideal For Cleaning Windows And Windscreens| Compact Design, Easy Storage', 'supplier_price': 1.76, 'amazon_price': 2.99, 'match_method': 'EAN', 'confidence': 'high', 'created_at': '2025-07-18T11:22:54.109374', 'supplier_url': 'https://www.poundwholesale.co.uk/goodyear-extendable-car-windscreen-washer-squeegee-sponge-cleaner'}, {'supplier_ean': '5055257813090', 'amazon_asin': 'B0FH9LCRSZ', 'supplier_title': 'Fragranced Fruit Shaped Car Air Freshener', 'amazon_title': 'Car Air Freshener Aromatherapy Balm Long Lasting Fragrance Non-spill Solid 3D Tomato Shaped Travel Size Scented Balm 100g Eliminate Odor for Bedroom Toliet Elitzia ETAP2815', 'supplier_price': 0.6, 'amazon_price': None, 'match_method': 'EAN', 'confidence': 'high', 'created_at': '2025-07-18T11:23:05.509024', 'supplier_url': 'https://www.poundwholesale.co.uk/fragranced-fruit-shaped-car-air-freshener'}, {'supplier_ean': '5055319510615', 'amazon_asin': 'B0C49F6NG6', 'supplier_title': 'Auto Extreme Professional Petrol-Resistant Lacquer Clear Spray 400ml', 'amazon_title': 'Ozeino Wireless Gaming Headset, Compatible with PC Ps5 Ps4 Boasts 2.4GHz Lossless Audio, USB & Type-C, Flip Microphone and 40-Hr Battery - Suited for Switch, Laptop, Mac', 'supplier_price': 1.89, 'amazon_price': 23.11, 'match_method': 'EAN', 'confidence': 'high', 'created_at': '2025-07-18T11:24:21.169341', 'supplier_url': 'https://www.poundwholesale.co.uk/auto-extreme-professional-petrol-resistant-lacquer-clear-spray-400ml'}, {'supplier_ean': '5053249271453', 'amazon_asin': 'B0CHTHYL58', 'supplier_title': 'Car-Pride Biodegradable Interior Clean & Shine Wipes 30 Pack', 'amazon_title': 'AMK', 'supplier_price': 0.65, 'amazon_price': None, 'match_method': 'EAN', 'confidence': 'high', 'created_at': '2025-07-18T11:24:44.743060', 'supplier_url': 'https://www.poundwholesale.co.uk/car-pride-interior-clean-shine-wipes-30-pack'}, {'supplier_ean': '5055319519267', 'amazon_asin': 'B07NJGB772', 'supplier_title': 'Auto Extreme Professional Red Gloss Spray Paint 400ml', 'amazon_title': 'Auto Extreme Auto Extreme Red, 400 ml', 'supplier_price': 1.82, 'amazon_price': 5.79, 'match_method': 'EAN', 'confidence': 'high', 'created_at': '2025-07-18T11:25:35.589009', 'supplier_url': 'https://www.poundwholesale.co.uk/auto-extreme-professional-red-gloss-spray-paint-400ml'}, {'supplier_ean': '5056175987832', 'amazon_asin': 'B0BSFN7BK9', 'supplier_title': 'Bloome Gel Boat Air Freshener 150G Assorted Fragrance', 'amazon_title': 'SOL', 'supplier_price': 0.46, 'amazon_price': None, 'match_method': 'EAN', 'confidence': 'high', 'created_at': '2025-07-18T11:25:49.342872', 'supplier_url': 'https://www.poundwholesale.co.uk/bloome-gel-boat-air-freshener-150g-assorted-fragrance'}, {'supplier_ean': '5055441445021', 'amazon_asin': 'B0DJFGKQTJ', 'supplier_title': 'Dekton Tri-Extending Wash Brush 3m', 'amazon_title': 'Dekton Heavy Duty Tri-Extending Wash Brush | Long Reach Water Fed Brush for Cars, Boats, & More | Ergonomic Foam Grip | Soft Bristles Prevent Scratching | Telescopic Design Extends to 3 Metres', 'supplier_price': 13.64, 'amazon_price': 25.06, 'match_method': 'EAN', 'confidence': 'high', 'created_at': '2025-07-18T11:26:42.138251', 'supplier_url': 'https://www.poundwholesale.co.uk/dekton-tri-extending-wash-brush-3m'}, {'supplier_ean': '5038673410692', 'amazon_asin': 'B0DPX1HRM6', 'supplier_title': 'Car Air Fresheners Fruit Assorted CDU', 'amazon_title': 'Q QXUNMU', 'supplier_price': 0.34, 'amazon_price': None, 'match_method': 'EAN', 'confidence': 'high', 'created_at': '2025-07-18T11:26:57.017565', 'supplier_url': 'https://www.poundwholesale.co.uk/car-air-fresheners-fruit-assorted-cdu'}, {'supplier_ean': '5055441452319', 'amazon_asin': 'B0DJT8DYF6', 'supplier_title': 'Goodyear Wax Applicator Pad Set 3pc', 'amazon_title': 'Goodyear 3pc Applicator Set Specially Designed Microfiber Pad For Cleaning Your Vehicle|Ideal For Polishing And Waxing Of Painted Surfaces|Thick Microfiber Evenly Distributes Pressure For Application', 'supplier_price': 1.99, 'amazon_price': 2.99, 'match_method': 'EAN', 'confidence': 'high', 'created_at': '2025-07-18T11:27:44.877336', 'supplier_url': 'https://www.poundwholesale.co.uk/goodyear-wax-applicator-pad-set-3pc'}, {'supplier_ean': '5055441421902', 'amazon_asin': 'B0CZYRJ8ZX', 'supplier_title': 'Goodyear 2-In-1 Noodle Wash Mitt', 'amazon_title': 'Goodyear 2 In 1 Noodle Wash Mitt Extra Long Handle With Pivoting Head For Easy Reach All Around Your Windscreen | Microfiber Pad For Ultimate Cleaning | Excellent For Quick Defogging And Cleaning', 'supplier_price': 2.06, 'amazon_price': 5.29, 'match_method': 'EAN', 'confidence': 'high', 'created_at': '2025-07-18T11:28:33.825517', 'supplier_url': 'https://www.poundwholesale.co.uk/goodyear-2-in-1-noodle-wash-mitt'}, {'supplier_ean': '5052578611800', 'amazon_asin': 'B0BG8HY6NL', 'supplier_title': 'Bettina Comfortable Grip Jumbo Car Sponge', 'amazon_title': 'Xtremeauto', 'supplier_price': 0.6, 'amazon_price': None, 'match_method': 'EAN', 'confidence': 'high', 'created_at': '2025-07-18T11:28:47.461587', 'supplier_url': 'https://www.poundwholesale.co.uk/jumbo-car-sponge-with-comfortable-grip'}, {'supplier_ean': '5055441449227', 'amazon_asin': 'B0DFMH5XX9', 'supplier_title': 'Goodyear 2-In-1 Microfibre Drying Towel Xl 80cm X 60cm', 'amazon_title': 'Goodyear Microfiber Drying Towel Xl Deep Pile For Extra Absorbency| Microfiber Technology| Cleaning Fiber Attracts Dust |satin Safety Edging Protects Against Scratching| Extra Absorbency Free Finish', 'supplier_price': 2.21, 'amazon_price': 3.99, 'match_method': 'EAN', 'confidence': 'high', 'created_at': '2025-07-18T11:29:40.530652', 'supplier_url': 'https://www.poundwholesale.co.uk/goodyear-2-in-1-microfibre-drying-towel-xl-80cm-x-60cm'}, {'supplier_ean': '5055319530743', 'amazon_asin': 'B084VTS1NV', 'supplier_title': 'Auto Extreme Cedar Wood In-Car Fragrance Air Freshener Spray 100ml', 'amazon_title': 'Air Freshener Spray Concentrated Long Lasting Oil Based (New Car)', 'supplier_price': 0.65, 'amazon_price': None, 'match_method': 'EAN', 'confidence': 'high', 'created_at': '2025-07-18T11:29:54.290257', 'supplier_url': 'https://www.poundwholesale.co.uk/auto-extreme-cedar-wood-in-car-fragrance-air-freshener-spray-100ml'}, {'supplier_ean': '5055319519007', 'amazon_asin': 'B01FXX9AJA', 'supplier_title': 'Auto Extreme Automotive Black Matt Spray Paint 250ml', 'amazon_title': 'Black Matt Aerosol Spray Cans 250ml Car Auto Extreme Spray Paint (6)', 'supplier_price': 0.92, 'amazon_price': 9.95, 'match_method': 'EAN', 'confidence': 'high', 'created_at': '2025-07-18T11:30:50.315219', 'supplier_url': 'https://www.poundwholesale.co.uk/auto-extreme-automotive-black-matt-spray-paint-250ml'}, {'supplier_ean': '5055441449982', 'amazon_asin': 'B0DJH4WTZ5', 'supplier_title': 'Goodyear Anti-Smear Screenwash 1l', 'amazon_title': 'Goodyear 1 Litre Screen Wash-5% Ethanol| Blue Colour Liquid| Red Lid| English Label| Antifreeze Windscreen Wash Liquid| Prevents Freezing Of The Glass Washer System Down| Provide Clear Vision', 'supplier_price': 0.95, 'amazon_price': None, 'match_method': 'EAN', 'confidence': 'high', 'created_at': '2025-07-18T11:31:39.554668', 'supplier_url': 'https://www.poundwholesale.co.uk/goodyear-anti-smear-screenwash-1l'}, {'supplier_ean': '5055441405544', 'amazon_asin': 'B0D1R5SR4V', 'supplier_title': 'Goodyear Anti-Smear Screenwash 5l', 'amazon_title': 'Rain-X', 'supplier_price': 2.56, 'amazon_price': None, 'match_method': 'EAN', 'confidence': 'high', 'created_at': '2025-07-18T11:31:53.274959', 'supplier_url': 'https://www.poundwholesale.co.uk/goodyear-cherry-anti-smear-screenwash-5l'}, {'supplier_ean': '5053249003108', 'amazon_asin': 'B00CA36GJE', 'supplier_title': 'Carpride Scratch Remover Pen', 'amazon_title': 'Car Pride Paint Scratch Remover Pen - For Use On Any Colour Vehicle', 'supplier_price': 0.92, 'amazon_price': 2.98, 'match_method': 'EAN', 'confidence': 'high', 'created_at': '2025-07-18T11:32:49.414648', 'supplier_url': 'https://www.poundwholesale.co.uk/carpride-scratch-remover-pen'}, {'supplier_ean': '5050375054394', 'amazon_asin': 'B0F6C9BK5R', 'supplier_title': 'Car-Pride Wash & Wax 1L', 'amazon_title': 'Sopami Car Coating Spray, Waterless Car Wash Quick Effect Coating Agent, Multi-functional Coating Renewal Agent Polish Spray, Long-Lasting Protection Improves Clarity and Visibility(1pc)', 'supplier_price': 0.8, 'amazon_price': None, 'match_method': 'EAN', 'confidence': 'high', 'created_at': '2025-07-18T11:33:03.988685', 'supplier_url': 'https://www.poundwholesale.co.uk/wash-wax'}, {'supplier_ean': '5055056770792', 'amazon_asin': 'B0FH9LCRSZ', 'supplier_title': 'Millions Orange & Lemon 3D Car Air Freshener', 'amazon_title': 'Car Air Freshener Aromatherapy Balm Long Lasting Fragrance Non-spill Solid 3D Tomato Shaped Travel Size Scented Balm 100g Eliminate Odor for Bedroom Toliet Elitzia ETAP2815', 'supplier_price': 0.38, 'amazon_price': None, 'match_method': 'EAN', 'confidence': 'high', 'created_at': '2025-07-18T11:33:15.313131', 'supplier_url': 'https://www.poundwholesale.co.uk/millions-orange-lemon-3d-car-air-freshener'}, {'supplier_ean': '5050375086753', 'amazon_asin': 'B00IXMG80S', 'supplier_title': 'Car Pride Leather Cleaning Spray 250ml', 'amazon_title': '12 x Cans Of Leather cleaning spray, car cleaning, 300ml', 'supplier_price': 0.97, 'amazon_price': 19.95, 'match_method': 'EAN_cached', 'confidence': 'low', 'created_at': '2025-07-18T11:33:15.437428', 'supplier_url': 'https://www.poundwholesale.co.uk/leather-cleaning-spray-250ml'}, {'supplier_ean': '5050375084025', 'amazon_asin': 'B0032XLIJE', 'supplier_title': 'Car Pride Spray Wax 300ml', 'amazon_title': 'SPRAY CAR WAX SUPERFAST FORMULA PROTECTS PAINTWORK', 'supplier_price': 0.97, 'amazon_price': 3.99, 'match_method': 'EAN', 'confidence': 'high', 'created_at': '2025-07-18T11:34:12.145812', 'supplier_url': 'https://www.poundwholesale.co.uk/spray-wax-300ml'}, {'supplier_ean': '5055441452197', 'amazon_asin': 'B0DF33M8ZM', 'supplier_title': 'Goodyear Waffle Drying Cloth Large 40cm X 40cm', 'amazon_title': 'Goodyear Microfibre Waffle Cloth I Reduces drying time with less wring outs | Ideal for bodywork & glass | Designed microfibre cloth | Statically charged cleaning fibres | Leaves lint free finish', 'supplier_price': 0.95, 'amazon_price': 4.99, 'match_method': 'EAN', 'confidence': 'high', 'created_at': '2025-07-18T11:35:03.805673', 'supplier_url': 'https://www.poundwholesale.co.uk/goodyear-waffle-drying-cloth-large-40cm-x-40cm'}, {'supplier_ean': '5050375055483', 'amazon_asin': 'B01C4S4L4G', 'supplier_title': 'Car-Pride Handy Car Sponges 2 Pack', 'amazon_title': 'Car Pride CP011 Handy Car Cleaning Sponges, Pack of 3', 'supplier_price': 0.76, 'amazon_price': 4.99, 'match_method': 'EAN', 'confidence': 'high', 'created_at': '2025-07-18T11:35:55.273733', 'supplier_url': 'https://www.poundwholesale.co.uk/handy-car-sponges-3pk'}, {'supplier_ean': '5055319531740', 'amazon_asin': 'B0DG8VSKBB', 'supplier_title': 'Auto Extreme Professional Silver Alloy Wheel Spray Paint 400ml', 'amazon_title': 'RAPIDE Auto Extreme AX Alloy Wheel Spray Paint Silver 400ML | Ideal for Refreshing & Customizing Alloy Wheels | Long-Lasting, Chip & Fade Resistant | Smooth Satin Finish', 'supplier_price': 1.81, 'amazon_price': 7.95, 'match_method': 'EAN', 'confidence': 'high', 'created_at': '2025-07-18T11:36:42.632499', 'supplier_url': 'https://www.poundwholesale.co.uk/auto-extreme-professional-silver-alloy-wheel-spray-paint-400ml'}, {'supplier_ean': '5055319556651', 'amazon_asin': 'B0CTCSZD1T', 'supplier_title': 'Auto Extreme Cone Wheel Brush', 'amazon_title': 'Xtremeauto Soft Head Alloy Wheel Brush - Car Alloy Wheel Cleaner Brush Detailing Cleaning Brush, No Metal Non Scratch Rim Car Wheel Brush Perfect For Motorcycle, Cars & Bicycles (Orange', 'supplier_price': 1.42, 'amazon_price': None, 'match_method': 'EAN', 'confidence': 'high', 'created_at': '2025-07-18T11:36:58.182117', 'supplier_url': 'https://www.poundwholesale.co.uk/auto-extreme-cone-wheel-brush'}, {'supplier_ean': '5055319529884', 'amazon_asin': 'B07XZ8NKGR', 'supplier_title': 'Rapide Lithium Grease Spray 250ml', 'amazon_title': 'Rapide 300ml Lithium Grease Aerosol Spray Lubricant Can Multi-Purpose Hinge Track Oil', 'supplier_price': 1.07, 'amazon_price': 4.55, 'match_method': 'EAN', 'confidence': 'high', 'created_at': '2025-07-18T11:37:55.687057', 'supplier_url': 'https://www.poundwholesale.co.uk/rapide-lithium-grease-spray-250ml'}, {'supplier_ean': '5055441446493', 'amazon_asin': 'B0993NZQ15', 'supplier_title': 'Goodyear Alloy Wheel Cleaner 750ml', 'amazon_title': 'Goodyear Alloy Wheel Cleaner 750ml - for a Showroom Finish | Effective Cleaning for All Wheels | Effortlessly Removes Mud & Grime from Round The Wheel | Removes Dirt and Brake Dust | Easy Application', 'supplier_price': 1.39, 'amazon_price': 5.93, 'match_method': 'EAN', 'confidence': 'high', 'created_at': '2025-07-18T11:38:49.590834', 'supplier_url': 'https://www.poundwholesale.co.uk/goodyear-alloy-wheel-cleaner-750ml'}, {'supplier_ean': '5055441450780', 'amazon_asin': 'B0DK7MZS7R', 'supplier_title': 'Goodyear Back Car Seat Organiser Storage Bag', 'amazon_title': 'Goodyear Car Seat Back Storage Bag - Multipurpose Organizer for Vehicle Seats| Adjustable Straps |Product size: 40 x 55 cm| Material-Felt cloth| Multiple Pockets| Color-Grey| Durable, Water-Resistant', 'supplier_price': 2.2, 'amazon_price': 3.99, 'match_method': 'EAN', 'confidence': 'high', 'created_at': '2025-07-18T11:39:41.933717', 'supplier_url': 'https://www.poundwholesale.co.uk/goodyear-back-car-seat-organiser-storage-bag'}, {'supplier_ean': '5060417895304', 'amazon_asin': 'B0CJPBPJ9V', 'supplier_title': 'Sanitize Instant Protection 75% Alcohol Hand Gel 100ml', 'amazon_title': 'Palm Safe', 'supplier_price': 0.63, 'amazon_price': None, 'match_method': 'EAN', 'confidence': 'high', 'created_at': '2025-07-18T13:25:14.078140', 'supplier_url': 'https://www.poundwholesale.co.uk/sanitize-instant-protection-75-alcohol-hand-gel-100ml'}]
--- Logging error ---
Traceback (most recent call last):
  File "/usr/lib/python3.12/logging/__init__.py", line 1163, in emit
    stream.write(msg + self.terminator)
BlockingIOError: [Errno 11] write could not complete without blocking
Call stack:
  File "/mnt/c/Users/chris/Desktop/Amazon-FBA-Agent-System-v32/run_custom_poundwholesale.py", line 81, in <module>
    asyncio.run(main())
  File "/usr/lib/python3.12/asyncio/runners.py", line 194, in run
    return runner.run(main)
  File "/usr/lib/python3.12/asyncio/runners.py", line 118, in run
    return self._loop.run_until_complete(task)
  File "/usr/lib/python3.12/asyncio/base_events.py", line 674, in run_until_complete
    self.run_forever()
  File "/usr/lib/python3.12/asyncio/base_events.py", line 641, in run_forever
    self._run_once()
  File "/usr/lib/python3.12/asyncio/base_events.py", line 1987, in _run_once
    handle._run()
  File "/usr/lib/python3.12/asyncio/events.py", line 88, in _run
    self._context.run(self._callback, *self._args)
  File "/mnt/c/Users/chris/Desktop/Amazon-FBA-Agent-System-v32/run_custom_poundwholesale.py", line 64, in main
    await workflow.run()
  File "/mnt/c/Users/chris/Desktop/Amazon-FBA-Agent-System-v32/tools/passive_extraction_workflow_latest.py", line 1123, in run
    return await self._run_hybrid_processing_mode(
  File "/mnt/c/Users/chris/Desktop/Amazon-FBA-Agent-System-v32/tools/passive_extraction_workflow_latest.py", line 6065, in _run_hybrid_processing_mode
    chunk_results = await self._process_chunk_with_main_workflow_logic(
  File "/mnt/c/Users/chris/Desktop/Amazon-FBA-Agent-System-v32/tools/passive_extraction_workflow_latest.py", line 6296, in _process_chunk_with_main_workflow_logic
    self.log.debug(f"🔍 DEBUG: linking_map type: {type(self.linking_map)}, value: {self.linking_map}")
Message: '🔍 DEBUG: linking_map type: <class \'list\'>, value: [{\'supplier_ean\': \'5053249228587\', \'amazon_asin\': \'B075QDW3BF\', \'supplier_title\': \'Car Pride Under Body Seal Black 400ml\', \'amazon_title\': \'HP CF541A 203A Original LaserJet Toner Cartridge, Cyan, Single Pack\', \'supplier_price\': 1.73, \'amazon_price\': 64.99, \'match_method\': \'EAN\', \'confidence\': \'high\', \'created_at\': \'2025-07-18T10:13:11.088193\', \'supplier_url\': \'https://www.poundwholesale.co.uk/carpride-under-body-seal-black\'}, {\'supplier_ean\': \'5055319527750\', \'amazon_asin\': \'B0CX1X6R6G\', \'supplier_title\': \'Auto Extreme Car Detailing Brush Set 5 Pack\', \'amazon_title\': \'Kasauber\', \'supplier_price\': 2.1, \'amazon_price\': None, \'match_method\': \'EAN\', \'confidence\': \'high\', \'created_at\': \'2025-07-18T10:13:23.277485\', \'supplier_url\': \'https://www.poundwholesale.co.uk/auto-extreme-car-detailing-brush-set-5-pack\'}, {\'supplier_ean\': \'5055319528504\', \'amazon_asin\': \'B07NJGQFRF\', \'supplier_title\': \'Rapide RP-60 Penetrating Maintenance Spray with Control Nozzle 400ml\', \'amazon_title\': \'Rapide 2850 Paint Spray\', \'supplier_price\': 2.65, \'amazon_price\': 5.85, \'match_method\': \'EAN\', \'confidence\': \'high\', \'created_at\': \'2025-07-18T10:14:15.912179\', \'supplier_url\': \'https://www.poundwholesale.co.uk/rapide-rp-60-penetrating-maintenance-spray-with-control-nozzle-400ml\'}, {\'supplier_ean\': \'5055441452272\', \'amazon_asin\': \'B0DFMPNHT5\', \'supplier_title\': \'Goodyear Microfibre Luxury Valet Drying Towel Set 2 Pack\', \'amazon_title\': \'Goodyear 2PC Microfibre Luxury Valet Cloth Set I Microfibre technology| powerful cleaning | Extra absorbency for a swirl free finish | Ideal for buffing away polish & wax residue | Extra large towel\', \'supplier_price\': 2.14, \'amazon_price\': 6.59, \'match_method\': \'EAN\', \'confidence\': \'high\', \'created_at\': \'2025-07-18T10:15:06.821428\', \'supplier_url\': \'https://www.poundwholesale.co.uk/goodyear-microfibre-luxury-valet-drying-towel-set-2-pack\'}, {\'supplier_ean\': \'5053249229140\', \'amazon_asin\': \'B07N41XTV5\', \'supplier_title\': \'Carpride Alloy Wheel Spray Paint Silver Gloss\', \'amazon_title\': \'Car Pride Alloy Wheel Spray Paint Metallic Silver Repairer. 400ml\', \'supplier_price\': 1.67, \'amazon_price\': 5.4, \'match_method\': \'EAN\', \'confidence\': \'high\', \'created_at\': \'2025-07-18T10:16:10.522951\', \'supplier_url\': \'https://www.poundwholesale.co.uk/carpride-alloy-wheel-spray-paint-silver-gloss\'}, {\'supplier_ean\': \'5055056770822\', \'amazon_asin\': \'B09DTQ4S43\', \'supplier_title\': \'Millions Blackcurrant Buzz 3D Car Air Freshener\', \'amazon_title\': \'AIRFreshh\', \'supplier_price\': 0.38, \'amazon_price\': None, \'match_method\': \'EAN\', \'confidence\': \'high\', \'created_at\': \'2025-07-18T10:16:22.515075\', \'supplier_url\': \'https://www.poundwholesale.co.uk/millions-blackcurrant-buzz-3d-car-air-freshener\'}, {\'supplier_ean\': \'5055319519229\', \'amazon_asin\': \'B07NJGGW8P\', \'supplier_title\': \'Auto Extreme Professional White Gloss Spray Paint 400ml\', \'amazon_title\': \'Auto Extreme White Gloss, 400 ml\', \'supplier_price\': 1.82, \'amazon_price\': 5.3, \'match_method\': \'EAN\', \'confidence\': \'high\', \'created_at\': \'2025-07-18T10:17:22.092163\', \'supplier_url\': \'https://www.poundwholesale.co.uk/auto-extreme-professional-white-gloss-spray-paint-400ml\'}, {\'supplier_ean\': \'5055319529907\', \'amazon_asin\': \'B07XZDY64P\', \'supplier_title\': \'Rapide Silicone Lubricant Spray 250ml\', \'amazon_title\': \'300ml Silicone Grease Aerosol Spray Lubricant Can Water Resistant Oil\', \'supplier_price\': 1.07, \'amazon_price\': 4.79, \'match_method\': \'EAN\', \'confidence\': \'high\', \'created_at\': \'2025-07-18T10:18:10.835188\', \'supplier_url\': \'https://www.poundwholesale.co.uk/rapide-silicone-lubricant-spray-250ml\'}, {\'supplier_ean\': \'5050375036574\', \'amazon_asin\': \'B006URFAE8\', \'supplier_title\': \'Car Pride Assorted Fragrance Fresh Feet Car Air Fresheners 4 Pack CDU\', \'amazon_title\': \'Pack of 4 FRESH FEET, Car Air Fresheners, Carpride cp1128\', \'supplier_price\': 0.71, \'amazon_price\': 3.3, \'match_method\': \'EAN\', \'confidence\': \'high\', \'created_at\': \'2025-07-18T10:19:02.426082\', \'supplier_url\': \'https://www.poundwholesale.co.uk/car-pride-assorted-fragrance-fresh-feet-car-air-fresheners-4-pack-cdu\'}, {\'supplier_ean\': \'5055056731878\', \'amazon_asin\': \'B09LH29BZD\', \'supplier_title\': \'Guilty Pleasures Blueberry Ice Pop 3D Car Air Freshener\', \'amazon_title\': \'Guilty Pleasure 3D Blueberry CAR FRESHENER\', \'supplier_price\': 0.38, \'amazon_price\': 3.99, \'match_method\': \'EAN\', \'confidence\': \'high\', \'created_at\': \'2025-07-18T10:19:50.869058\', \'supplier_url\': \'https://www.poundwholesale.co.uk/guilty-pleasures-blueberry-ice-pop-3d-car-air-freshener\'}, {\'supplier_ean\': \'5055319514606\', \'amazon_asin\': \'B0CYH8F9F9\', \'supplier_title\': \'Auto Extreme Car Pump Sprayer 2L\', \'amazon_title\': \'My Garden 5 Litre Sprayer Pump - Weed Killer Pressure Sprayer Pump Action - High Pressure Long Reach Sprayers - Ideal For Spraying Water Fertiliser Herbicides Pesticides Preservative & Detergent\', \'supplier_price\': 3.85, \'amazon_price\': None, \'match_method\': \'EAN\', \'confidence\': \'high\', \'created_at\': \'2025-07-18T10:20:03.052455\', \'supplier_url\': \'https://www.poundwholesale.co.uk/auto-extreme-car-pump-sprayer-2l\'}, {\'supplier_ean\': \'5055319530781\', \'amazon_asin\': \'B09FKD19N4\', \'supplier_title\': \'Auto Extreme Tropical Mist In-Car Fragrance Air Freshener Spray 100ml\', \'amazon_title\': \'Air Freshener Spray Concentrated Long Lasting Oil Based (Ocean Breeze)\', \'supplier_price\': 0.65, \'amazon_price\': None, \'match_method\': \'EAN\', \'confidence\': \'high\', \'created_at\': \'2025-07-18T10:20:17.331393\', \'supplier_url\': \'https://www.poundwholesale.co.uk/auto-extreme-tropical-mist-in-car-fragrance-air-freshener-spray-100ml\'}, {\'supplier_ean\': \'5053249245799\', \'amazon_asin\': \'B0BLLV2M74\', \'supplier_title\': \'Car Pride Clean & Polish Microfibre Cloth\', \'amazon_title\': \'CARPRIDE® Clean and Polish MicroFibre Cloth for Car Exterior and Interior | Streak Free | 30 x 30 cm\', \'supplier_price\': 0.76, \'amazon_price\': 5.29, \'match_method\': \'EAN\', \'confidence\': \'high\', \'created_at\': \'2025-07-18T10:21:04.364223\', \'supplier_url\': \'https://www.poundwholesale.co.uk/car-pride-clean-polish-microfibre-cloth\'}, {\'supplier_ean\': \'5055319531849\', \'amazon_asin\': \'B074KFGHCP\', \'supplier_title\': \'Rapide Easy Grease Spray 250ml\', \'amazon_title\': \'HMT\', \'supplier_price\': 1.05, \'amazon_price\': None, \'match_method\': \'EAN\', \'confidence\': \'high\', \'created_at\': \'2025-07-18T10:21:17.993959\', \'supplier_url\': \'https://www.poundwholesale.co.uk/rapide-easy-grease-spray-250ml\'}, {\'supplier_ean\': \'5052578642705\', \'amazon_asin\': \'B07X22PHWJ\', \'supplier_title\': \'Bettina Chamois Demist & Dashboard Pad\', \'amazon_title\': \'Airlab\', \'supplier_price\': 0.75, \'amazon_price\': None, \'match_method\': \'EAN\', \'confidence\': \'high\', \'created_at\': \'2025-07-18T10:21:28.626273\', \'supplier_url\': \'https://www.poundwholesale.co.uk/bettina-chamois-demist-dashboard-pad\'}, {\'supplier_ean\': \'5052578633000\', \'amazon_asin\': \'B0F6K65PZT\', \'supplier_title\': \'Bettina Microfibre Mitt\', \'amazon_title\': \'Fogcosy\', \'supplier_price\': 0.95, \'amazon_price\': None, \'match_method\': \'EAN\', \'confidence\': \'high\', \'created_at\': \'2025-07-18T10:21:41.310298\', \'supplier_url\': \'https://www.poundwholesale.co.uk/microfibre-mit-highly-effective-wet-or-dry\'}, {\'supplier_ean\': \'5053249245669\', \'amazon_asin\': \'B0BLL1K79V\', \'supplier_title\': \'Car Pride Blue Microfibre Glass Cloth\', \'amazon_title\': \'Car-pride Glass Microfibre Cloth\', \'supplier_price\': 0.74, \'amazon_price\': 4.99, \'match_method\': \'EAN\', \'confidence\': \'high\', \'created_at\': \'2025-07-18T10:22:28.491046\', \'supplier_url\': \'https://www.poundwholesale.co.uk/car-pride-blue-microfibre-glass-cloth\'}, {\'supplier_ean\': \'5055056770785\', \'amazon_asin\': \'B0BLGR29X6\', \'supplier_title\': \'Millions Sour Strawberry 3D Car Air Freshener\', \'amazon_title\': \'Evair\', \'supplier_price\': 0.38, \'amazon_price\': None, \'match_method\': \'EAN\', \'confidence\': \'high\', \'created_at\': \'2025-07-18T10:22:40.894972\', \'supplier_url\': \'https://www.poundwholesale.co.uk/millions-sour-strawberry-3d-car-air-freshener\'}, {\'supplier_ean\': \'5053249248714\', \'amazon_asin\': \'B006T2450O\', \'supplier_title\': \'Car-Pride White Gloss Spray Paint 400ml\', \'amazon_title\': \'Tetrion\', \'supplier_price\': 1.73, \'amazon_price\': None, \'match_method\': \'EAN\', \'confidence\': \'high\', \'created_at\': \'2025-07-18T10:22:54.011676\', \'supplier_url\': \'https://www.poundwholesale.co.uk/car-pride-white-gloss-spray-paint-400ml\'}, {\'supplier_ean\': \'5055056731885\', \'amazon_asin\': \'B09LHBY2GF\', \'supplier_title\': \'Guilty Pleasures Vanilla & Cherry Cupcake 3D Car Air Freshener\', \'amazon_title\': \'Guilty Pleasure 3D Vanilla CAR FRESHENER\', \'supplier_price\': 0.38, \'amazon_price\': 3.99, \'match_method\': \'EAN\', \'confidence\': \'high\', \'created_at\': \'2025-07-18T10:23:41.006634\', \'supplier_url\': \'https://www.poundwholesale.co.uk/guilty-pleasures-vanilla-cherry-cupcake-3d-car-air-freshener\'}, {\'supplier_ean\': \'5055319531733\', \'amazon_asin\': \'B004SMKX7Q\', \'supplier_title\': \'Auto Extreme Professional Black Alloy Wheel Spray Paint 400ml\', \'amazon_title\': \'Hycote\', \'supplier_price\': 1.81, \'amazon_price\': None, \'match_method\': \'EAN\', \'confidence\': \'high\', \'created_at\': \'2025-07-18T10:23:55.039262\', \'supplier_url\': \'https://www.poundwholesale.co.uk/auto-extreme-professional-black-alloy-wheel-spray-paint-400ml\'}, {\'supplier_ean\': \'5055441459684\', \'amazon_asin\': \'B0DL9TR7T2\', \'supplier_title\': \'Goodyear 2-in-1 Telescopic Handle Scraper\', \'amazon_title\': \'Goodyear Telescopic Handle Scraper - Adjustable Ice Scraper with Extendable Handle | Sturdy Blade for Snow & Ice Removal | Ergonomic Grip | Compact and Durable Design | Ideal for Cars, Trucks & SUVs\', \'supplier_price\': 4.04, \'amazon_price\': 9.21, \'match_method\': \'EAN\', \'confidence\': \'high\', \'created_at\': \'2025-07-18T10:24:48.156817\', \'supplier_url\': \'https://www.poundwholesale.co.uk/goodyear-2-in-1-telescopic-handle-scraper\'}, {\'supplier_ean\': \'5055441427348\', \'amazon_asin\': \'B06XPVGMV8\', \'supplier_title\': \'Goodyear Portable Car Vacuum Cleaner 12V\', \'amazon_title\': \'Goodyear 12V DC Car/Van Cigarette Lighter Corded Vacuum Cleaner Powerful Suction\', \'supplier_price\': 5.72, \'amazon_price\': 10.99, \'match_method\': \'EAN\', \'confidence\': \'high\', \'created_at\': \'2025-07-18T10:25:44.453432\', \'supplier_url\': \'https://www.poundwholesale.co.uk/goodyear-portable-car-vacuum-cleaner-12v\'}, {\'supplier_ean\': \'5055319517027\', \'amazon_asin\': \'B01EQ7TPJE\', \'supplier_title\': \'Rapide DP-60 Multipurpose Maintenance Spray 750ml\', \'amazon_title\': \'Maintenance Oil 750ml Spray Can (DP60)\', \'supplier_price\': 2.77, \'amazon_price\': 6.95, \'match_method\': \'EAN\', \'confidence\': \'high\', \'created_at\': \'2025-07-18T10:26:39.185617\', \'supplier_url\': \'https://www.poundwholesale.co.uk/rapide-dp-60-multipurpose-maintenance-spray-750ml\'}, {\'supplier_ean\': \'5038673410708\', \'amazon_asin\': \'B0D1Y8TCDS\', \'supplier_title\': \'Car Air Fresheners Leaf Assorted CDU\', \'amazon_title\': \'Ikeda Car Fragrance: Hanging Car Air Freshener | 10ml Hanging Car Decoration | 45 Days Long Lasting Fragrance | With Clip | For Car Home | 1 Piece (10ml x 1 Piece, Coconut)\', \'supplier_price\': 0.33, \'amazon_price\': None, \'match_method\': \'EAN\', \'confidence\': \'high\', \'created_at\': \'2025-07-18T10:26:52.496784\', \'supplier_url\': \'https://www.poundwholesale.co.uk/car-air-fresheners-leaf-assorted-cdu\'}, {\'supplier_ean\': \'5053249224053\', \'amazon_asin\': \'B0DMN8CMH8\', \'supplier_title\': \'Tango Car Air Freshener Assorted\', \'amazon_title\': \'10/50/100PCS Custom LOGO Car Bulk Air Fresheners, Custom Air Fresheners for Car Bulk, Air Freshener with Photo, Double-Sided Personalised Photo and Text Car Air Fresheners (10Pcs Square)\', \'supplier_price\': 0.76, \'amazon_price\': None, \'match_method\': \'EAN\', \'confidence\': \'high\', \'created_at\': \'2025-07-18T10:27:03.571134\', \'supplier_url\': \'https://www.poundwholesale.co.uk/tango-car-air-freshener-assorted\'}, {\'supplier_ean\': \'5050375051270\', \'amazon_asin\': \'B00BPN9Z2A\', \'supplier_title\': \'Car Pride Alloy Wheel Cleaning Brush\', \'amazon_title\': \'Car Pride ALLOY WHEEL BRUSH\', \'supplier_price\': 0.71, \'amazon_price\': 3.95, \'match_method\': \'EAN\', \'confidence\': \'high\', \'created_at\': \'2025-07-18T10:27:53.467488\', \'supplier_url\': \'https://www.poundwholesale.co.uk/car-pride-alloy-wheel-cleaning-brush\'}, {\'supplier_ean\': \'5055319519250\', \'amazon_asin\': \'B01MT7OBIO\', \'supplier_title\': \'Auto Extreme Professional Clear Lacquer Spray 400ml\', \'amazon_title\': \'Auto Extreme Clear Lacquer Spray Paint 400ml\', \'supplier_price\': 1.82, \'amazon_price\': 5.32, \'match_method\': \'EAN\', \'confidence\': \'high\', \'created_at\': \'2025-07-18T10:28:54.182013\', \'supplier_url\': \'https://www.poundwholesale.co.uk/auto-extreme-professional-clear-lacquer-spray-400ml\'}, {\'supplier_ean\': \'5055441446578\', \'amazon_asin\': \'B0993MX5GX\', \'supplier_title\': \'Goodyear Waterless Wash & Wax 750ml\', \'amazon_title\': \'GOODYEAR WATERLESS WASH N WAX SPRAY 750ML\', \'supplier_price\': 2.06, \'amazon_price\': 5.93, \'match_method\': \'EAN\', \'confidence\': \'high\', \'created_at\': \'2025-07-18T10:29:47.233890\', \'supplier_url\': \'https://www.poundwholesale.co.uk/goodyear-waterless-wash-wax-750ml\'}, {\'supplier_ean\': \'5055319519113\', \'amazon_asin\': \'B07NJGQ85R\', \'supplier_title\': \'Auto Extreme Automotive Silver Spray Paint 250ml\', \'amazon_title\': \'Auto Extreme Auto Spray Paint Silver, 250 ml\', \'supplier_price\': 0.92, \'amazon_price\': 4.1, \'match_method\': \'EAN\', \'confidence\': \'high\', \'created_at\': \'2025-07-18T10:30:42.274698\', \'supplier_url\': \'https://www.poundwholesale.co.uk/auto-extreme-automotive-silver-spray-paint-250ml\'}, {\'supplier_ean\': \'5055441452210\', \'amazon_asin\': \'B0DH8DT3MS\', \'supplier_title\': \'Goodyear Natural Leather Chamois Cloth Xl\', \'amazon_title\': \'Goodyear Xl Genuine Leather Chamois -natural Chamois, Super Absorbent, Streak, Scratch Free, With Greater Tolerance To Car Cleaners| Stays Soft When Drying| Ideal For Cleaning Of Interior And Exterior\', \'supplier_price\': 3.83, \'amazon_price\': 5.99, \'match_method\': \'EAN\', \'confidence\': \'high\', \'created_at\': \'2025-07-18T10:31:39.934257\', \'supplier_url\': \'https://www.poundwholesale.co.uk/goodyear-natural-leather-chamois-cloth-xl\'}, {\'supplier_ean\': \'5050375045439\', \'amazon_asin\': \'B003L6U0NC\', \'supplier_title\': \'Car-Pride Microfibre Mitt 3 Assorted Colours\', \'amazon_title\': \'Car Pride Microfibre Magic Mitt - Dusts, Scrubs, Cleans and Polishes\', \'supplier_price\': 0.98, \'amazon_price\': 4.34, \'match_method\': \'EAN\', \'confidence\': \'high\', \'created_at\': \'2025-07-18T10:32:54.935150\', \'supplier_url\': \'https://www.poundwholesale.co.uk/microfibre-mitt\'}, {\'supplier_ean\': \'5055441446516\', \'amazon_asin\': \'B0D9YH94ZQ\', \'supplier_title\': \'Goodyear Gloss Tyre Shine 750ml\', \'amazon_title\': \'Auto Xpert Slick Shine, Premium Tyre Dressing, Long Lasting Wet-Look Finish, Protects Against Water and Dust, Easy to Apply, All Weather Tyre Protection. (5 Litre)\', \'supplier_price\': 1.39, \'amazon_price\': None, \'match_method\': \'EAN\', \'confidence\': \'high\', \'created_at\': \'2025-07-18T10:33:09.394012\', \'supplier_url\': \'https://www.poundwholesale.co.uk/goodyear-gloss-tyre-shine-750ml\'}, {\'supplier_ean\': \'5055441449166\', \'amazon_asin\': \'B0D11XP9V1\', \'supplier_title\': \'Goodyear Microfibre Buffing Cloth Large 40cm\', \'amazon_title\': \'Goodyear Microfibre Buffing Cloth I Specially designed microfibre cloth for polishing and buffing your vehicle | Showroom finish | Microfibre attract more dirt than normal cloth | Machine washable\', \'supplier_price\': 0.85, \'amazon_price\': 1.99, \'match_method\': \'EAN\', \'confidence\': \'high\', \'created_at\': \'2025-07-18T10:34:04.595027\', \'supplier_url\': \'https://www.poundwholesale.co.uk/goodyear-microfibre-buffing-cloth-large-40cm\'}, {\'supplier_ean\': \'5055319529877\', \'amazon_asin\': \'B07Y1V1WMW\', \'supplier_title\': \'Rapide Copper Grease Spray 250ml\', \'amazon_title\': \'Rapide 300ml Copper Grease Aerosol Spray Lubricant Can Anti Seize Brake Pad Squeal Oil\', \'supplier_price\': 1.07, \'amazon_price\': 4.95, \'match_method\': \'EAN\', \'confidence\': \'high\', \'created_at\': \'2025-07-18T10:34:58.176694\', \'supplier_url\': \'https://www.poundwholesale.co.uk/rapide-copper-grease-spray-250ml\'}, {\'supplier_ean\': \'5055441446752\', \'amazon_asin\': \'B0DJWDHG1Y\', \'supplier_title\': \'Goodyear Hydrophobic Polymer Formulation Wash & Wax 2.5l\', \'amazon_title\': \'Goodyear Wash And Wax Hydrophobic Polymer 2.5 Ltr | Leaves A Glossy Just Waxed Deep Protective Shine | Polymer-acrylic Polyethylene Copolymer Wax | Effectively Cleans Dirt And Grime From Your Vehicle\', \'supplier_price\': 3.05, \'amazon_price\': 5.99, \'match_method\': \'EAN\', \'confidence\': \'high\', \'created_at\': \'2025-07-18T10:35:51.556162\', \'supplier_url\': \'https://www.poundwholesale.co.uk/goodyear-hydrophobic-polymer-formulation-wash-wax-2-5l\'}, {\'supplier_ean\': \'5055056731892\', \'amazon_asin\': \'B094HGXWJC\', \'supplier_title\': \'Guilty Pleasures Strawberry Doughnut 3D Car Air Freshener\', \'amazon_title\': \'GUILTY PLEASURES STRAWBERRY DOUGHNUT 3D CAR AIR FRESHENER\', \'supplier_price\': 0.38, \'amazon_price\': 1.5, \'match_method\': \'EAN\', \'confidence\': \'high\', \'created_at\': \'2025-07-18T10:36:38.989576\', \'supplier_url\': \'https://www.poundwholesale.co.uk/guilty-pleasures-strawberry-doughnut-3d-car-air-freshener\'}, {\'supplier_ean\': \'5055319519236\', \'amazon_asin\': \'B07NJGT1BN\', \'supplier_title\': \'Auto Extreme Professional Grey Primer Spray Paint 400ml\', \'amazon_title\': \'Auto Extreme Auto Extreme Grey Primer, 400 ml\', \'supplier_price\': 1.82, \'amazon_price\': 5.44, \'match_method\': \'EAN\', \'confidence\': \'high\', \'created_at\': \'2025-07-18T10:37:31.087578\', \'supplier_url\': \'https://www.poundwholesale.co.uk/auto-extreme-professional-grey-primer-spray-paint-400ml\'}, {\'supplier_ean\': \'5055441453309\', \'amazon_asin\': \'B094DFY8PC\', \'supplier_title\': \'Goodyear Anti-Smear Blue Screenwash 5L\', \'amazon_title\': \'Prestone\', \'supplier_price\': 2.7, \'amazon_price\': None, \'match_method\': \'EAN\', \'confidence\': \'high\', \'created_at\': \'2025-07-18T10:37:44.323618\', \'supplier_url\': \'https://www.poundwholesale.co.uk/goodyear-anti-smear-blue-screenwash-5l\'}, {\'supplier_ean\': \'5055319558839\', \'amazon_asin\': \'B0CTCSZD1T\', \'supplier_title\': \'Auto Extreme Microfibre Wheel Wash Brush 46cm\', \'amazon_title\': \'Xtremeauto\', \'supplier_price\': 2.79, \'amazon_price\': None, \'match_method\': \'EAN\', \'confidence\': \'high\', \'created_at\': \'2025-07-18T10:37:55.429624\', \'supplier_url\': \'https://www.poundwholesale.co.uk/auto-extreme-microfibre-wheel-wash-brush-46cm\'}, {\'supplier_ean\': \'5055319511995\', \'amazon_asin\': \'B09C44BVZY\', \'supplier_title\': \'Auto Extreme Professional Red Gloss Brake Caliper Spray Paint 400ml\', \'amazon_title\': \'Tailored Paint\', \'supplier_price\': 2.73, \'amazon_price\': None, \'match_method\': \'EAN\', \'confidence\': \'high\', \'created_at\': \'2025-07-18T10:38:08.805743\', \'supplier_url\': \'https://www.poundwholesale.co.uk/auto-extreme-professional-red-gloss-brake-caliper-spray-paint-400ml\'}, {\'supplier_ean\': \'5055319519205\', \'amazon_asin\': \'B09DYZTY7G\', \'supplier_title\': \'Auto Extreme Professional Black Matt Spray Paint 400ml\', \'amazon_title\': \'Classic Signature - 1 x Auto Extreme Black Matt Spray Paint 400ml, Professional Quality, Perfect Finish for Cars, Bikes,Vans, Metal, Wood\', \'supplier_price\': 1.82, \'amazon_price\': 6.89, \'match_method\': \'EAN\', \'confidence\': \'high\', \'created_at\': \'2025-07-18T10:38:58.185842\', \'supplier_url\': \'https://www.poundwholesale.co.uk/auto-extreme-professional-black-matt-spray-paint-400ml\'}, {\'supplier_ean\': \'5055319531818\', \'amazon_asin\': \'B000LD4V2E\', \'supplier_title\': \'Auto Extreme Professional Black Bumper & Trim Spray Paint 400ml\', \'amazon_title\': \'Hycote\', \'supplier_price\': 1.81, \'amazon_price\': None, \'match_method\': \'EAN\', \'confidence\': \'high\', \'created_at\': \'2025-07-18T10:39:11.840698\', \'supplier_url\': \'https://www.poundwholesale.co.uk/auto-extreme-professional-black-bumper-trim-spray-paint-400ml\'}, {\'supplier_ean\': \'5053249226576\', \'amazon_asin\': \'B07CZHPQRY\', \'supplier_title\': \'151 Super Maintenance Spray 200ml\', \'amazon_title\': \'151 Products 2X Super Multipurpose Oil - 200ml, 20ml x 10, Bike Chain, Multipurpose, 0.26kg\', \'supplier_price\': 1.14, \'amazon_price\': 5.28, \'match_method\': \'EAN\', \'confidence\': \'high\', \'created_at\': \'2025-07-18T10:40:10.708714\', \'supplier_url\': \'https://www.poundwholesale.co.uk/supermaintenance-spray-300ml\'}, {\'supplier_ean\': \'5050375083813\', \'amazon_asin\': \'B0DG2QVKZL\', \'supplier_title\': \'Car Pride Interior Clean & Shine 300ml\', \'amazon_title\': \'Hoover HF1 Plus Cordless Stick Vacuum Cleaner with Turbo Suction Mode, Up to 45 Min Runtime, LED Lights, Multi-Floor Nozzle, Anti Hair Wrap, Handheld Capability, 165w [HF1P10H]\', \'supplier_price\': 0.95, \'amazon_price\': 99.0, \'match_method\': \'EAN\', \'confidence\': \'high\', \'created_at\': \'2025-07-18T10:41:15.031823\', \'supplier_url\': \'https://www.poundwholesale.co.uk/interior-clean-shine-300ml\'}, {\'supplier_ean\': \'5055319519120\', \'amazon_asin\': \'B07NJGQFPJ\', \'supplier_title\': \'Auto Extreme Automotive White Primer Spray Paint 250ml\', \'amazon_title\': \'Auto Extreme Auto Spray White Primer, 250 ml\', \'supplier_price\': 0.92, \'amazon_price\': 5.19, \'match_method\': \'EAN\', \'confidence\': \'high\', \'created_at\': \'2025-07-18T10:42:08.243130\', \'supplier_url\': \'https://www.poundwholesale.co.uk/auto-extreme-automotive-white-primer-spray-paint-250ml\'}, {\'supplier_ean\': \'5055441449128\', \'amazon_asin\': \'B0DF3573G7\', \'supplier_title\': \'Goodyear Microfibre Wash & Dry Cloth Large 40cm\', \'amazon_title\': \'Goodyear Microfibre Wash and Dry Cloth Large Specially designed microfibre cloth for washing and drying your vehicle |Dual purpose |Microfibres attract more dirt than a normal cloth| Machine washable\', \'supplier_price\': 0.8, \'amazon_price\': 5.03, \'match_method\': \'EAN\', \'confidence\': \'high\', \'created_at\': \'2025-07-18T10:42:56.491855\', \'supplier_url\': \'https://www.poundwholesale.co.uk/goodyear-microfibre-wash-dry-cloth-large-40cm\'}, {\'supplier_ean\': \'5050375084087\', \'amazon_asin\': \'B004V424UK\', \'supplier_title\': \'Car Pride Tyre Shine 300ml\', \'amazon_title\': \'151 CAR VAN BIKE TYRE SHINE WET LOOK SPRAY BLACK\', \'supplier_price\': 0.93, \'amazon_price\': 4.2, \'match_method\': \'EAN\', \'confidence\': \'high\', \'created_at\': \'2025-07-18T10:43:52.714822\', \'supplier_url\': \'https://www.poundwholesale.co.uk/tyre-shine-300ml\'}, {\'supplier_ean\': \'5052578042604\', \'amazon_asin\': \'B089P24HXC\', \'supplier_title\': \'Bettina Natural Chamois Leather Cloth 30cm X 30cm\', \'amazon_title\': \'CarMax® English Premium Grade Natural Chamois Leather - Large - Perfect for drying off the whole car, glass, mirrors, inside and out, super soft and highly absorbent, Made in the UK\', \'supplier_price\': 0.91, \'amazon_price\': None, \'match_method\': \'EAN\', \'confidence\': \'high\', \'created_at\': \'2025-07-18T10:44:06.608980\', \'supplier_url\': \'https://www.poundwholesale.co.uk/bettina-chamois-leather-cloth\'}, {\'supplier_ean\': \'5055319512008\', \'amazon_asin\': \'B0D6N5WJK2\', \'supplier_title\': \'Auto Extreme Professional Yellow Gloss Brake Caliper Spray Paint 400ml\', \'amazon_title\': \'AX PRO Break Caliper Spray Yellow Gloss 400ml\', \'supplier_price\': 2.73, \'amazon_price\': 4.87, \'match_method\': \'EAN\', \'confidence\': \'high\', \'created_at\': \'2025-07-18T10:44:49.215843\', \'supplier_url\': \'https://www.poundwholesale.co.uk/auto-extreme-professional-yellow-gloss-brake-caliper-spray-paint-400ml\'}, {\'supplier_ean\': \'5055441452173\', \'amazon_asin\': \'B0DF358GFW\', \'supplier_title\': \'Goodyear Microfibre Window Cloth Large 40cm X 40cm\', \'amazon_title\': \'Goodyear microfibre Window Cloth I Designed Microfiber Cloth for windscreens, windows and mirrors| Statically charged cleaning| Leaves lint free finish| Ideal for effective cleaning of glass surfaces\', \'supplier_price\': 1.06, \'amazon_price\': 1.99, \'match_method\': \'EAN\', \'confidence\': \'high\', \'created_at\': \'2025-07-18T10:45:39.365206\', \'supplier_url\': \'https://www.poundwholesale.co.uk/goodyear-microfibre-window-cloth-large-40cm-x-40cm\'}, {\'supplier_ean\': \'5052578414708\', \'amazon_asin\': \'B0BG8HY6NL\', \'supplier_title\': \'Bettina Giant Car Sponge\', \'amazon_title\': \'Xtremeauto\', \'supplier_price\': 0.87, \'amazon_price\': None, \'match_method\': \'EAN\', \'confidence\': \'high\', \'created_at\': \'2025-07-18T10:45:52.603673\', \'supplier_url\': \'https://www.poundwholesale.co.uk/bettina-giant-car-sponge\'}, {\'supplier_ean\': \'5050375083967\', \'amazon_asin\': \'B004V423RY\', \'supplier_title\': \'Car Pride Window & Mirror Cleaner 300ml\', \'amazon_title\': \'WINDOW MIRROR GLASS CERAMIC CLEANER - NON SMEAR\', \'supplier_price\': 0.97, \'amazon_price\': 4.45, \'match_method\': \'EAN_cached\', \'confidence\': \'low\', \'created_at\': \'2025-07-18T10:45:52.672388\', \'supplier_url\': \'https://www.poundwholesale.co.uk/window-mirror-cleaner-300ml\'}, {\'supplier_ean\': \'5055441444536\', \'amazon_asin\': \'B0DF33XNMX\', \'supplier_title\': \'Goodyear Luxury Deep Pile Microfibre 2-In-1 Valet Cloth 45cm X 38cm\', \'amazon_title\': \'Goodyear Luxury Valet Cloth Large Deep pile for absorbency| For showroom perfect finish |2 in 1 luxury car cloth| Microfibre technology| Cleaning fibre| Satin safety edging protects against scratching\', \'supplier_price\': 3.02, \'amazon_price\': 7.0, \'match_method\': \'EAN\', \'confidence\': \'high\', \'created_at\': \'2025-07-18T10:46:44.263284\', \'supplier_url\': \'https://www.poundwholesale.co.uk/goodyear-luxury-deep-pile-microfibre-2-in-1-valet-cloth-45cm-x-38cm\'}, {\'supplier_ean\': \'5055441446554\', \'amazon_asin\': \'B0DJWFVY3H\', \'supplier_title\': \'Goodyear Snow Foam Pre-Wash Shampoo 1l\', \'amazon_title\': \'Goodyear 1L Snow Foam Cherry Scent Pressure Washer Or Foam Lancer | Covers The Vehicle In A Rich Blanket Of Foam | Gently Loosen Dirt & Heavy Soiling | More Concentrated Solution The Thicker The Foam\', \'supplier_price\': 2.54, \'amazon_price\': 7.99, \'match_method\': \'EAN\', \'confidence\': \'high\', \'created_at\': \'2025-07-18T10:47:33.544513\', \'supplier_url\': \'https://www.poundwholesale.co.uk/goodyear-cherry-snow-form-pre-wash-shampoo-1l\'}, {\'supplier_ean\': \'5055319519021\', \'amazon_asin\': \'B09FLXRC5F\', \'supplier_title\': \'Auto Extreme Automotive White Gloss Spray Paint 250ml\', \'amazon_title\': \'Classic Signature - 1 x Auto Extreme White Gloss Spray Paint 250ml Professional Quality, Perfect Finish for Cars, Bikes,Vans, Metal, Wood\', \'supplier_price\': 0.92, \'amazon_price\': 5.47, \'match_method\': \'EAN\', \'confidence\': \'high\', \'created_at\': \'2025-07-18T10:48:41.581930\', \'supplier_url\': \'https://www.poundwholesale.co.uk/auto-extreme-automotive-white-gloss-spray-paint-250ml\'}, {\'supplier_ean\': \'5055319519274\', \'amazon_asin\': \'B09F9MVQS1\', \'supplier_title\': \'Auto Extreme Professional Blue Gloss Spray Paint 400ml\', \'amazon_title\': \'Classic Signature - 1 x Auto Extreme Blue Gloss Spray Paint 400ml, Professional Quality, Perfect Finish for Cars, Bikes,Vans, Metal, Wood\', \'supplier_price\': 1.82, \'amazon_price\': 6.89, \'match_method\': \'EAN\', \'confidence\': \'high\', \'created_at\': \'2025-07-18T10:49:36.222143\', \'supplier_url\': \'https://www.poundwholesale.co.uk/auto-extreme-professional-blue-gloss-spray-paint-400ml\'}, {\'supplier_ean\': \'5050375127340\', \'amazon_asin\': \'B076DD8QMP\', \'supplier_title\': \'Tango Car Air Freshener CDU Assorted Fragrances\', \'amazon_title\': \'Tango Liquid Car Air Freshener 4pk - Cherry Orange Apple & Lemon\', \'supplier_price\': 0.74, \'amazon_price\': 5.49, \'match_method\': \'EAN\', \'confidence\': \'high\', \'created_at\': \'2025-07-18T10:50:21.970905\', \'supplier_url\': \'https://www.poundwholesale.co.uk/tango-car-air-freshener-cdu-assorted-fragrances\'}, {\'supplier_ean\': \'5055319519243\', \'amazon_asin\': \'B07NJHJC44\', \'supplier_title\': \'Auto Extreme Professional Silver Wheel Spray Paint 400ml\', \'amazon_title\': \'Auto Extreme Silver Wheel, 400 ml\', \'supplier_price\': 1.82, \'amazon_price\': 5.5, \'match_method\': \'EAN\', \'confidence\': \'high\', \'created_at\': \'2025-07-18T10:51:15.720754\', \'supplier_url\': \'https://www.poundwholesale.co.uk/auto-extreme-professional-silver-wheel-spray-paint-400ml\'}, {\'supplier_ean\': \'5055319530798\', \'amazon_asin\': \'B0BZQ9D3SS\', \'supplier_title\': \'Auto Extreme Ocean Breeze In-Car Fragrance Air Freshener Spray 100ml\', \'amazon_title\': \'Car Air Freshener for Men with Vent Clip | Strong Perfume Automotive Air Freshener | Odour Eliminating Technology with Vent Clip | Car Air Fresheners by Perfa\', \'supplier_price\': 0.65, \'amazon_price\': None, \'match_method\': \'EAN\', \'confidence\': \'high\', \'created_at\': \'2025-07-18T10:51:27.401020\', \'supplier_url\': \'https://www.poundwholesale.co.uk/auto-extreme-ocean-breeze-in-car-fragrance-air-freshener-spray-100ml\'}, {\'supplier_ean\': \'5052578047807\', \'amazon_asin\': \'B0FB44TV8Y\', \'supplier_title\': \'Bettina Microfibre Ultra Buff Car Cloths 3pc\', \'amazon_title\': \'Towelogy\', \'supplier_price\': 1.79, \'amazon_price\': None, \'match_method\': \'EAN\', \'confidence\': \'high\', \'created_at\': \'2025-07-18T10:51:38.488644\', \'supplier_url\': \'https://www.poundwholesale.co.uk/bettina-microfibre-ultra-buff-car-cloths-3pc\'}, {\'supplier_ean\': \'5055441446714\', \'amazon_asin\': \'B0DFPVL488\', \'supplier_title\': \'Goodyear Silicone Window Squeegee 30cm\', \'amazon_title\': \'Goodyear Silicone Window Squeegee Ideal For Car Bodywork, Showers, Windows And Other Smooth Surfaces| Soft Silicone Blade| Removes 95% Of Standing Water| V-shaped Grip| Reusable And Long Lasting\', \'supplier_price\': 1.99, \'amazon_price\': 3.99, \'match_method\': \'EAN\', \'confidence\': \'high\', \'created_at\': \'2025-07-18T10:52:28.920921\', \'supplier_url\': \'https://www.poundwholesale.co.uk/goodyear-silicone-window-squeegee-30cm\'}, {\'supplier_ean\': \'5055319528030\', \'amazon_asin\': \'B0DJM5VWR6\', \'supplier_title\': \'Rapide DP-60 Penetrating Maintenance Spray 100ml CDU\', \'amazon_title\': \'PNJB\', \'supplier_price\': 0.79, \'amazon_price\': None, \'match_method\': \'EAN\', \'confidence\': \'high\', \'created_at\': \'2025-07-18T10:52:43.308895\', \'supplier_url\': \'https://www.poundwholesale.co.uk/rapide-dp-60-penetrating-maintenance-spray-100ml-cdu\'}, {\'supplier_ean\': \'5052578047708\', \'amazon_asin\': \'B09D7HXXXT\', \'supplier_title\': \'Bettina Assorted Microfibre Car Rags Bag\', \'amazon_title\': \'MR.SIGA\', \'supplier_price\': 1.79, \'amazon_price\': None, \'match_method\': \'EAN\', \'confidence\': \'high\', \'created_at\': \'2025-07-18T10:52:56.953180\', \'supplier_url\': \'https://www.poundwholesale.co.uk/bettina-assorted-microfibre-car-rags-bag\'}, {\'supplier_ean\': \'8008990001061\', \'amazon_asin\': \'B00BFXBBHM\', \'supplier_title\': \'Classic Professional Car Sponge 15cm X 11cm X 5.5cm\', \'amazon_title\': \'Générique Auto Care – Wash Synthetic Sponge Pro Classic\', \'supplier_price\': 0.62, \'amazon_price\': 3.89, \'match_method\': \'EAN\', \'confidence\': \'high\', \'created_at\': \'2025-07-18T10:53:42.902436\', \'supplier_url\': \'https://www.poundwholesale.co.uk/classic-professional-car-sponge-15cm-x-11cm-x-5-5cm\'}, {\'supplier_ean\': \'5055319529891\', \'amazon_asin\': \'B0CXN6VDPT\', \'supplier_title\': \'Rapide Multi Lube Oil Spray 250ml\', \'amazon_title\': \'Multi Lube Oil Spray High Performance Lubricates Cleans Prevents Rust - 300ml\', \'supplier_price\': 1.07, \'amazon_price\': 5.49, \'match_method\': \'EAN\', \'confidence\': \'high\', \'created_at\': \'2025-07-18T10:54:33.090475\', \'supplier_url\': \'https://www.poundwholesale.co.uk/rapide-multi-lube-oil-spray-250ml\'}, {\'supplier_ean\': \'5055319599559\', \'amazon_asin\': \'B07NJGVPVQ\', \'supplier_title\': \'Auto Extreme Professional Chrome Effect Spray Paint 400ml\', \'amazon_title\': \'Auto Extreme Auto Spray Chrome, 400 ml\', \'supplier_price\': 2.03, \'amazon_price\': 4.99, \'match_method\': \'EAN\', \'confidence\': \'high\', \'created_at\': \'2025-07-18T10:55:42.978833\', \'supplier_url\': \'https://www.poundwholesale.co.uk/auto-extreme-professional-chrome-effect-spray-paint-400ml\'}, {\'supplier_ean\': \'5053249228563\', \'amazon_asin\': \'B07R97BMMC\', \'supplier_title\': \'Carpride Alloy Wheel Spray Paint Matt Black\', \'amazon_title\': \'Car Pride 400ml High Grade Car Alloy Wheel Matt Black Fantastic Finish Surface Aerosol Spray Paint Can\', \'supplier_price\': 1.67, \'amazon_price\': 5.69, \'match_method\': \'EAN\', \'confidence\': \'high\', \'created_at\': \'2025-07-18T10:56:35.936258\', \'supplier_url\': \'https://www.poundwholesale.co.uk/carpride-alloy-wheel-spray-paint-matt-black\'}, {\'supplier_ean\': \'5055319519045\', \'amazon_asin\': \'B07NJFYFZR\', \'supplier_title\': \'Auto Extreme Silver Wheel Spray Paint 250ml\', \'amazon_title\': \'Auto Extreme Auto Spray Silver Wheel, 250 ml\', \'supplier_price\': 0.92, \'amazon_price\': 4.5, \'match_method\': \'EAN\', \'confidence\': \'high\', \'created_at\': \'2025-07-18T10:57:32.469691\', \'supplier_url\': \'https://www.poundwholesale.co.uk/auto-extreme-silver-wheel-spray-paint-250ml\'}, {\'supplier_ean\': \'5055319519212\', \'amazon_asin\': \'B09DYXN6YF\', \'supplier_title\': \'Auto Extreme Professional Black Gloss Spray Paint 400ml\', \'amazon_title\': \'Classic Signature - 1 x Auto Extreme Black Gloss Spray Paint 400ml, Professional Quality, Perfect Finish for Cars, Bikes,Vans, Metal, Wood\', \'supplier_price\': 1.82, \'amazon_price\': 6.89, \'match_method\': \'EAN\', \'confidence\': \'high\', \'created_at\': \'2025-07-18T10:58:29.850682\', \'supplier_url\': \'https://www.poundwholesale.co.uk/auto-extreme-professional-black-gloss-spray-paint-400ml\'}, {\'supplier_ean\': \'5056170362405\', \'amazon_asin\': \'B006UCJ5NU\', \'supplier_title\': \'Bloc Multipurpose Penetrating Maintenance Spray 250ml\', \'amazon_title\': \'WD-40 Specialist\', \'supplier_price\': 1.03, \'amazon_price\': None, \'match_method\': \'EAN\', \'confidence\': \'high\', \'created_at\': \'2025-07-18T10:58:41.438173\', \'supplier_url\': \'https://www.poundwholesale.co.uk/bloc-multipurpose-penetrating-maintenance-spray-250ml\'}, {\'supplier_ean\': \'5055319519106\', \'amazon_asin\': \'B09FLX734G\', \'supplier_title\': \'Auto Extreme Automotive Black Satin Spray Paint 250ml\', \'amazon_title\': \'Classic Signature - 1 x Black Satin Auto Extreme Spray Paint 250ml Professional Quality, Perfect Finish for Cars, Bikes,Vans, Metal, Wood\', \'supplier_price\': 0.92, \'amazon_price\': 5.47, \'match_method\': \'EAN\', \'confidence\': \'high\', \'created_at\': \'2025-07-18T10:59:37.654163\', \'supplier_url\': \'https://www.poundwholesale.co.uk/auto-extreme-automotive-black-satin-spray-paint-250ml\'}, {\'supplier_ean\': \'5053249248677\', \'amazon_asin\': \'B000LD4V2E\', \'supplier_title\': \'Car Pride Black Gloss Spray Paint 400ml\', \'amazon_title\': \'Hycote\', \'supplier_price\': 1.73, \'amazon_price\': None, \'match_method\': \'EAN\', \'confidence\': \'high\', \'created_at\': \'2025-07-18T10:59:51.150021\', \'supplier_url\': \'https://www.poundwholesale.co.uk/car-pride-black-gloss-spray-paint-400ml\'}, {\'supplier_ean\': \'5050375064300\', \'amazon_asin\': \'B01M0JVPJD\', \'supplier_title\': \'Car-Pride Quick Fix Tyre Repair 300ml\', \'amazon_title\': \'2 X QUICK FIX CAR EMERGENCY FLAT TYRE INFLATE PUNCTURE REPAIR KIT\', \'supplier_price\': 1.77, \'amazon_price\': 7.74, \'match_method\': \'EAN\', \'confidence\': \'high\', \'created_at\': \'2025-07-18T11:00:47.582374\', \'supplier_url\': \'https://www.poundwholesale.co.uk/quick-fix-tyre-repair\'}, {\'supplier_ean\': \'5055441446530\', \'amazon_asin\': \'B0993N1H9T\', \'supplier_title\': \'Goodyear Car Cockpit Cleaner 750ml\', \'amazon_title\': \'Goodyear Cockpit Cleaner 750ml- Effectively Cleans Dirt, Dust And Grime From the Dashboard And Surroundings| Protects Against Water And Dust Helping to Leave a Showroom Shine| Spray Weight 820g\', \'supplier_price\': 1.39, \'amazon_price\': 5.13, \'match_method\': \'EAN\', \'confidence\': \'high\', \'created_at\': \'2025-07-18T11:01:48.222908\', \'supplier_url\': \'https://www.poundwholesale.co.uk/goodyear-cherry-scent-car-cockpit-cleaner-750ml\'}, {\'supplier_ean\': \'5055319519281\', \'amazon_asin\': \'B07NJGV658\', \'supplier_title\': \'Auto Extreme Professional Yellow Gloss Spray Paint 400ml\', \'amazon_title\': \'Auto Extreme Auto Extreme Yellow, 400 ml\', \'supplier_price\': 1.96, \'amazon_price\': 5.49, \'match_method\': \'EAN\', \'confidence\': \'high\', \'created_at\': \'2025-07-18T11:02:38.788885\', \'supplier_url\': \'https://www.poundwholesale.co.uk/auto-extreme-professional-yellow-gloss-spray-paint-400ml\'}, {\'supplier_ean\': \'5056175980970\', \'amazon_asin\': \'B095HTD46T\', \'supplier_title\': \'Auto Extras Jar Candle Air Freshener 3 Pack Assorted\', \'amazon_title\': \'CRISTALINAS\', \'supplier_price\': 0.54, \'amazon_price\': None, \'match_method\': \'EAN\', \'confidence\': \'high\', \'created_at\': \'2025-07-18T11:02:51.951099\', \'supplier_url\': \'https://www.poundwholesale.co.uk/auto-extras-jar-candle-air-freshener-3-pack-assorted\'}, {\'supplier_ean\': \'5055319529914\', \'amazon_asin\': \'B07XZF187M\', \'supplier_title\': \'Rapide PTFE Lubricant Spray 250ml\', \'amazon_title\': \'Rapide 300ml PTFE Grease Aerosol Spray Lubricant Can Chains Belts Cables Oil\', \'supplier_price\': 1.07, \'amazon_price\': 4.99, \'match_method\': \'EAN\', \'confidence\': \'high\', \'created_at\': \'2025-07-18T11:03:38.329354\', \'supplier_url\': \'https://www.poundwholesale.co.uk/rapide-ptfe-lubricant-spray-250ml\'}, {\'supplier_ean\': \'5055441449203\', \'amazon_asin\': \'B0D12237Y2\', \'supplier_title\': \'Goodyear Expanding Car Cleaning Sponge\', \'amazon_title\': \'Goodyear Tyre and Wheel Deep Cleaning Multi-Purpose Brush | Ideal for Vehicle Tyres | Ergonomic L-Style Handle | Wide Curved Brush Head Covers Larger Surface | Removes Dirt and Grime\', \'supplier_price\': 0.72, \'amazon_price\': 0.99, \'match_method\': \'EAN\', \'confidence\': \'high\', \'created_at\': \'2025-07-18T11:04:31.759859\', \'supplier_url\': \'https://www.poundwholesale.co.uk/goodyear-expanding-car-cleaning-sponge\'}, {\'supplier_ean\': \'5053249229768\', \'amazon_asin\': \'B0BZQ8C6CS\', \'supplier_title\': \'Chupa Chups Car Air Fresheners CDU Assorted Fragrances\', \'amazon_title\': \'One Million Car Air Freshener for Men | Strong Perfume Automotive Freshener | Odour Eliminating Technology with Vent Clip | Long Lasting Car Air Freshener by Perfa\', \'supplier_price\': 0.87, \'amazon_price\': None, \'match_method\': \'EAN\', \'confidence\': \'high\', \'created_at\': \'2025-07-18T11:04:43.364574\', \'supplier_url\': \'https://www.poundwholesale.co.uk/chupa-chups-car-air-fresheners-cdu-assorted-fragrances\'}, {\'supplier_ean\': \'5050375002197\', \'amazon_asin\': \'B01MQHS127\', \'supplier_title\': \'Car Pride Stitched Natural Chamois Leather\', \'amazon_title\': \'151 NATURAL CHAMOIS LEATHER\', \'supplier_price\': 0.85, \'amazon_price\': 3.19, \'match_method\': \'EAN\', \'confidence\': \'high\', \'created_at\': \'2025-07-18T11:06:00.876295\', \'supplier_url\': \'https://www.poundwholesale.co.uk/stitched-natural-chamois-leather\'}, {\'supplier_ean\': \'5055441446431\', \'amazon_asin\': \'B0992QG9QK\', \'supplier_title\': \'Goodyear Instant Valet Upholstery Cleaner 750ml\', \'amazon_title\': \'GOODYEAR INSTANT VALET UPHOLSTERY CLEANER SPRAY 750ML\', \'supplier_price\': 1.4, \'amazon_price\': 5.27, \'match_method\': \'EAN\', \'confidence\': \'high\', \'created_at\': \'2025-07-18T11:06:52.375016\', \'supplier_url\': \'https://www.poundwholesale.co.uk/goodyear-instant-valet-upholstery-cleaner-750ml\'}, {\'supplier_ean\': \'5053249245751\', \'amazon_asin\': \'B0BLL3XTRB\', \'supplier_title\': \'Car Pride Clean & Dry Microfibre Cloth\', \'amazon_title\': \'CARPRIDE® Clean and Dry Microfibre Cloth | For Car Exterior and Interior | 30 x 30 cm | Brown\', \'supplier_price\': 0.76, \'amazon_price\': 2.95, \'match_method\': \'EAN\', \'confidence\': \'high\', \'created_at\': \'2025-07-18T11:07:43.161406\', \'supplier_url\': \'https://www.poundwholesale.co.uk/car-pride-clean-dry-microfibre-cloth\'}, {\'supplier_ean\': \'8008990001047\', \'amazon_asin\': \'B0DJFRHQ3H\', \'supplier_title\': \'Flash Car Synthetic Chamois Large\', \'amazon_title\': \'FLASH\', \'supplier_price\': 1.42, \'amazon_price\': None, \'match_method\': \'EAN\', \'confidence\': \'high\', \'created_at\': \'2025-07-18T11:08:10.161535\', \'supplier_url\': \'https://www.poundwholesale.co.uk/flash-car-synthetic-chamois-large\'}, {\'supplier_ean\': \'5050375084148\', \'amazon_asin\': \'B07FRGHHQR\', \'supplier_title\': \'Car Pride Black Pack 300ml\', \'amazon_title\': \'Car Pride Black Pack Spray For Plastic Bumper & Exterior Trim Restorer 300ml\', \'supplier_price\': 0.93, \'amazon_price\': 4.49, \'match_method\': \'EAN_cached\', \'confidence\': \'low\', \'created_at\': \'2025-07-18T11:08:10.231134\', \'supplier_url\': \'https://www.poundwholesale.co.uk/black-pack-300ml\'}, {\'supplier_ean\': \'5055319519311\', \'amazon_asin\': \'B07NJH9XCY\', \'supplier_title\': \'Auto Extreme Professional Racing Green Gloss Spray Paint 400ml\', \'amazon_title\': \'Auto Extreme Racing Green, 400 ml\', \'supplier_price\': 1.96, \'amazon_price\': 5.65, \'match_method\': \'EAN\', \'confidence\': \'high\', \'created_at\': \'2025-07-18T11:09:04.876820\', \'supplier_url\': \'https://www.poundwholesale.co.uk/auto-extreme-professional-racing-green-gloss-spray-paint-400ml\'}, {\'supplier_ean\': \'5055319519137\', \'amazon_asin\': \'B07NJFXL6R\', \'supplier_title\': \'Auto Extreme Red Primer Spray Paint 250ml\', \'amazon_title\': \'Auto Extreme Auto Spray Red Primer, 250 ml\', \'supplier_price\': 0.92, \'amazon_price\': 4.35, \'match_method\': \'EAN\', \'confidence\': \'high\', \'created_at\': \'2025-07-18T11:09:55.460107\', \'supplier_url\': \'https://www.poundwholesale.co.uk/mean-machine-auto-spray-red-primer-250ml\'}, {\'supplier_ean\': \'5038673050010\', \'amazon_asin\': \'B0FC6D5VDG\', \'supplier_title\': \'Portable Wet & Dry Auto Vacuum Cleaner\', \'amazon_title\': \'HYCHIKA 3 in 1 Wet and Dry Vacuum Cleaner, Power: 1200 W, 20 L Stainless Steel Tank, 6 M+ Cleaning Range (2.5 M Power Cores + 3.5 M Soft & Hard Hose), for Garden Outdoor Floor Sofa Cleaning\', \'supplier_price\': 10.18, \'amazon_price\': None, \'match_method\': \'EAN\', \'confidence\': \'high\', \'created_at\': \'2025-07-18T11:10:08.518609\', \'supplier_url\': \'https://www.poundwholesale.co.uk/portable-wet-dry-auto-vacuum-cleaner\'}, {\'supplier_ean\': \'5052578034708\', \'amazon_asin\': \'B0CKTH6LDT\', \'supplier_title\': \'Bettina Microfibre Car Cloths 2 Pack\', \'amazon_title\': \'CarMax® - Original Twisted Loop Car Drying Towel - Double-Sided XXL - 90cm x 60cm 1400gsm Microfibre Towel for fast streak-free drying and detailing.\', \'supplier_price\': 0.79, \'amazon_price\': 17.99, \'match_method\': \'EAN_cached\', \'confidence\': \'low\', \'created_at\': \'2025-07-18T11:10:08.580003\', \'supplier_url\': \'https://www.poundwholesale.co.uk/3pc-micro-fibre-car-cloths-highly-effective-wet-or-dry\'}, {\'supplier_ean\': \'5055441449142\', \'amazon_asin\': \'B0DF343YX8\', \'supplier_title\': \'Goodyear Microfibre Dusting Cloth Large 60cm X 40cm\', \'amazon_title\': \'Goodyear Microfibre Dusting Cloth I Specially designed microfibre cloth for windscreens, windows and mirrors | Statically charged cleaning fibres attract dust | Leaves a lint free finish | 60m x 40cm\', \'supplier_price\': 0.85, \'amazon_price\': 1.99, \'match_method\': \'EAN\', \'confidence\': \'high\', \'created_at\': \'2025-07-18T11:10:57.177704\', \'supplier_url\': \'https://www.poundwholesale.co.uk/goodyear-microfibre-dusting-cloth-large-60cm-x-40cm\'}, {\'supplier_ean\': \'5055441449180\', \'amazon_asin\': \'B0D3JDFZJC\', \'supplier_title\': \'Goodyear Microfibre Car Cloth Set 4 Pack\', \'amazon_title\': \'Goodyear 4PC Microfibre Cloth Set- microfibre cloths for cleaning your vehicle | Cleaning fibres attract dust | Showroom finish | Machine washable | Dashboard, Buffing, Window cloth | Wash and drying\', \'supplier_price\': 2.59, \'amazon_price\': 4.99, \'match_method\': \'EAN\', \'confidence\': \'high\', \'created_at\': \'2025-07-18T11:11:46.340949\', \'supplier_url\': \'https://www.poundwholesale.co.uk/goodyear-microfibre-car-cloth-set-4-pack\'}, {\'supplier_ean\': \'5055441449104\', \'amazon_asin\': \'B0DH8C367V\', \'supplier_title\': \'Goodyear Synthetic Chamois Cloth\', \'amazon_title\': \'Goodyear Synthetic Chamois -natural Chamois, Super Absorbent, Streak And Scratch Free, With A Greater Tolerance To Modern Car Cleaners| Stays Soft When Drying| Extra Large 72cm x 50cm|Machine Washable\', \'supplier_price\': 1.9, \'amazon_price\': 2.99, \'match_method\': \'EAN\', \'confidence\': \'high\', \'created_at\': \'2025-07-18T11:12:43.381337\', \'supplier_url\': \'https://www.poundwholesale.co.uk/goodyear-synthetic-chamois-cloth\'}, {\'supplier_ean\': \'5055319530736\', \'amazon_asin\': \'B084VTS1NV\', \'supplier_title\': \'Auto Extreme Fresh Linen In-Car Fragrance Air Freshener Spray 100ml\', \'amazon_title\': \'Air Freshener Spray Concentrated Long Lasting Oil Based (New Car)\', \'supplier_price\': 0.65, \'amazon_price\': None, \'match_method\': \'EAN\', \'confidence\': \'high\', \'created_at\': \'2025-07-18T11:12:55.532920\', \'supplier_url\': \'https://www.poundwholesale.co.uk/auto-extreme-fresh-linen-in-car-fragrance-air-freshener-spray-100ml\'}, {\'supplier_ean\': \'5055319519076\', \'amazon_asin\': \'B09FLX3QXD\', \'supplier_title\': \'Auto Extreme Automotive Red Gloss Spray Paint 250ml\', \'amazon_title\': \'Classic Signature - 1 x Auto Extreme Red Gloss Spray Paint 250ml, Professional Quality, Perfect Finish for Cars, Bikes,Vans, Metal, Wood\', \'supplier_price\': 0.92, \'amazon_price\': 5.47, \'match_method\': \'EAN\', \'confidence\': \'high\', \'created_at\': \'2025-07-18T11:13:48.220197\', \'supplier_url\': \'https://www.poundwholesale.co.uk/auto-extreme-automotive-red-gloss-spray-paint-250ml\'}, {\'supplier_ean\': \'5050375003620\', \'amazon_asin\': \'B0DG2QVKZL\', \'supplier_title\': \'Car Pride Luxury Natural Chamois Leather\', \'amazon_title\': \'Hoover HF1 Plus Cordless Stick Vacuum Cleaner with Turbo Suction Mode, Up to 45 Min Runtime, LED Lights, Multi-Floor Nozzle, Anti Hair Wrap, Handheld Capability, 165w [HF1P10H]\', \'supplier_price\': 1.41, \'amazon_price\': 99.0, \'match_method\': \'EAN\', \'confidence\': \'high\', \'created_at\': \'2025-07-18T11:14:56.832846\', \'supplier_url\': \'https://www.poundwholesale.co.uk/car-pride-luxury-natural-chamois-leather\'}, {\'supplier_ean\': \'00994743\', \'amazon_asin\': \'B0CCVFJ94Z\', \'supplier_title\': \'Wilko Ready To Use Screenwash 5l\', \'amazon_title\': \'Rain-X\', \'supplier_price\': 1.42, \'amazon_price\': None, \'match_method\': \'EAN\', \'confidence\': \'high\', \'created_at\': \'2025-07-18T11:15:10.531582\', \'supplier_url\': \'https://www.poundwholesale.co.uk/wilko-ready-to-use-screenwash-5l\'}, {\'supplier_ean\': \'5055319556668\', \'amazon_asin\': \'B0BC1D6KPG\', \'supplier_title\': \'Auto Extreme Car Upholstery Brush 14cm X 6.5cm\', \'amazon_title\': \'15° Curved Car Cleaning Brush with Telescopic Handle 43" Aluminum Alloy Long Rod Wash Mop For Washing Caravan Van Truck Boat RV Roof Soft Chenille Head Duster Clean Product Not Hurt Paint Scratch Free\', \'supplier_price\': 0.97, \'amazon_price\': None, \'match_method\': \'EAN\', \'confidence\': \'high\', \'created_at\': \'2025-07-18T11:15:22.281479\', \'supplier_url\': \'https://www.poundwholesale.co.uk/auto-extreme-car-upholstery-brush-14cm-x-6-5cm\'}, {\'supplier_ean\': \'5050375083783\', \'amazon_asin\': \'B00A3T5F2G\', \'supplier_title\': \'Car Pride Instant Valet 300ml\', \'amazon_title\': \'Carpride Instant Valet Aerosol Spray 300ml\', \'supplier_price\': 0.97, \'amazon_price\': 4.09, \'match_method\': \'EAN_cached\', \'confidence\': \'low\', \'created_at\': \'2025-07-18T11:15:22.357739\', \'supplier_url\': \'https://www.poundwholesale.co.uk/instant-valet-300ml\'}, {\'supplier_ean\': \'5055319512213\', \'amazon_asin\': \'B0F9329VCL\', \'supplier_title\': \'Auto Extreme Car Air Freshener Assorted Fragrances Clip Strip\', \'amazon_title\': \'Automizer - Creed Car Air Freshener for Men - Smart Car Air Freshener Diffuser Aventus Inspired Automatic On/Off Refillable Air Freshner, Gifts for Men/Women\', \'supplier_price\': 0.27, \'amazon_price\': None, \'match_method\': \'EAN\', \'confidence\': \'high\', \'created_at\': \'2025-07-18T11:15:36.157612\', \'supplier_url\': \'https://www.poundwholesale.co.uk/auto-extreme-car-air-freshener-assorted-fragrances-clip-strip\'}, {\'supplier_ean\': \'5053249256832\', \'amazon_asin\': \'B0D2HLTZ4Q\', \'supplier_title\': \'Car Pride All Seasons Screen Wash Tablets 2pc\', \'amazon_title\': \'Screenwash Tablets For Cars, 100 Pcs Car Windshield Wash Tablets, Concentrated Screenwash Washer Fluid Car Window Cleaning Tablets for Metal, Plastic, Window Glass, Look Completely New\', \'supplier_price\': 0.74, \'amazon_price\': None, \'match_method\': \'EAN\', \'confidence\': \'high\', \'created_at\': \'2025-07-18T11:15:50.415052\', \'supplier_url\': \'https://www.poundwholesale.co.uk/car-pride-all-seasons-screen-wash-tablets-2pc\'}, {\'supplier_ean\': \'5055056731861\', \'amazon_asin\': \'B09LHF2V7G\', \'supplier_title\': \'Guilty Pleasures Chocolate Chip Cookie 3D Car Air Freshener\', \'amazon_title\': \'Guilty Pleasures 3D Choc Cookie CAR FRESHENER\', \'supplier_price\': 0.38, \'amazon_price\': 3.99, \'match_method\': \'EAN\', \'confidence\': \'high\', \'created_at\': \'2025-07-18T11:16:51.336470\', \'supplier_url\': \'https://www.poundwholesale.co.uk/guilty-pleasures-chocolate-chip-cookie-3d-air-freshener\'}, {\'supplier_ean\': \'5055441446479\', \'amazon_asin\': \'B0993YCZWB\', \'supplier_title\': \'Goodyear Fresh Fragrance Glass & Mirror Cleaner 750ml\', \'amazon_title\': \'Goodyear Glass & Mirror Cleaner 750ml - For a streak-free finish | Effective cleaner for car windscreens, side window, wing mirrors & rear view mirror | Suitable for rain sensor and acrylic windows\', \'supplier_price\': 1.36, \'amazon_price\': 5.74, \'match_method\': \'EAN\', \'confidence\': \'high\', \'created_at\': \'2025-07-18T11:18:10.194551\', \'supplier_url\': \'https://www.poundwholesale.co.uk/goodyear-fresh-fragrance-glass-mirror-cleaner-750ml\'}, {\'supplier_ean\': \'5055441446455\', \'amazon_asin\': \'B0993N4XMC\', \'supplier_title\': \'Goodyear Back-To-Black Bumper & Trim Plastic Restorer 750ml\', \'amazon_title\': \'Goodyear Bumper and Trim Restorer 750ml-back to Black| Helps Bumper and Trim Plastic Look Like New| Restores, Protects and Shines| Long Lasting Gloss Finish| Suitable for All Exterior Plastics\', \'supplier_price\': 1.4, \'amazon_price\': 4.89, \'match_method\': \'EAN\', \'confidence\': \'high\', \'created_at\': \'2025-07-18T11:19:05.192693\', \'supplier_url\': \'https://www.poundwholesale.co.uk/goodyear-black-bumper-trim-plastic-restorer-750ml\'}, {\'supplier_ean\': \'5015302400262\', \'amazon_asin\': \'B0B4R5265Z\', \'supplier_title\': \'Coco & Gray Assorted Colour Synthetic Chamois Cloths 3 Pack\', \'amazon_title\': \'Airlab\', \'supplier_price\': 0.64, \'amazon_price\': None, \'match_method\': \'EAN\', \'confidence\': \'high\', \'created_at\': \'2025-07-18T11:19:19.017457\', \'supplier_url\': \'https://www.poundwholesale.co.uk/royle-shammy-pack-3\'}, {\'supplier_ean\': \'5055319519304\', \'amazon_asin\': \'B09F9N1DW9\', \'supplier_title\': \'Auto Extreme Professional Silver Body Spray Paint 400ml\', \'amazon_title\': \'Classic Signature - 1 x Auto Extreme Silver Body Spray Paint 400ml Professional Quality, Perfect Finish for Cars, Bikes,Vans, Metal, Wood\', \'supplier_price\': 1.82, \'amazon_price\': 6.89, \'match_method\': \'EAN\', \'confidence\': \'high\', \'created_at\': \'2025-07-18T11:20:10.249623\', \'supplier_url\': \'https://www.poundwholesale.co.uk/auto-extreme-professional-silver-body-spray-paint-400ml\'}, {\'supplier_ean\': \'5053249200743\', \'amazon_asin\': \'B0DY5MX94X\', \'supplier_title\': \'Tango Card Car Air Freshener 2 Pack CDU Assorted Fragrances\', \'amazon_title\': \'Luxury Car Fragrance Gift Set, 2 Glass Car Diffusers, 2 x 30ml Refills, 2 x Vent Clips, 10 ml Interior Fabric Spray, Strong Fragrance, (Crede)\', \'supplier_price\': 0.74, \'amazon_price\': None, \'match_method\': \'EAN\', \'confidence\': \'high\', \'created_at\': \'2025-07-18T11:20:38.365789\', \'supplier_url\': \'https://www.poundwholesale.co.uk/tango-card-car-air-freshener-2-pack-cdu-assorted-fragrances\'}, {\'supplier_ean\': \'5056175980963\', \'amazon_asin\': \'B0FH9LCRSZ\', \'supplier_title\': \'Auto Extras Jelly Baby Air Freshener Assorted\', \'amazon_title\': \'Car Air Freshener Aromatherapy Balm Long Lasting Fragrance Non-spill Solid 3D Tomato Shaped Travel Size Scented Balm 100g Eliminate Odor for Bedroom Toliet Elitzia ETAP2815\', \'supplier_price\': 0.65, \'amazon_price\': None, \'match_method\': \'EAN\', \'confidence\': \'high\', \'created_at\': \'2025-07-18T11:20:51.448024\', \'supplier_url\': \'https://www.poundwholesale.co.uk/auto-extras-jelly-baby-air-freshener-assorted\'}, {\'supplier_ean\': \'5055319519298\', \'amazon_asin\': \'B07NJH3Q91\', \'supplier_title\': \'Auto Extreme Professional Black Satin Spray Paint 400ml\', \'amazon_title\': \'Auto Extreme Auto Extreme Black Satin, 400 ml\', \'supplier_price\': 1.82, \'amazon_price\': 5.49, \'match_method\': \'EAN\', \'confidence\': \'high\', \'created_at\': \'2025-07-18T11:21:47.219390\', \'supplier_url\': \'https://www.poundwholesale.co.uk/auto-extreme-professional-black-satin-spray-paint-400ml\'}, {\'supplier_ean\': \'5055056770815\', \'amazon_asin\': \'B0BZQC1VY6\', \'supplier_title\': \'Millions Cola 3D Car Air Freshener\', \'amazon_title\': \'Creed Car Air Freshener for Men | Aventos Perfume Inspired Car Fragrances | Strong Freshener with Odour Eliminator Technology | Creed Automotive Air Freshener | GREED Scent by Perfa\', \'supplier_price\': 0.38, \'amazon_price\': None, \'match_method\': \'EAN\', \'confidence\': \'high\', \'created_at\': \'2025-07-18T11:22:00.417347\', \'supplier_url\': \'https://www.poundwholesale.co.uk/millions-cola-3d-car-air-freshener\'}, {\'supplier_ean\': \'5052578015608\', \'amazon_asin\': \'B0DHXJ3Y9T\', \'supplier_title\': \'Bettina Car Sponges 3 Pack\', \'amazon_title\': \'3 Pack Car Sponges,Jumbo Sponges For Car Cleaning,Anti Scratch Technology for Car Exterior & Window Washing- Perfect For Wheels, Windscreen & Bodywork (3 PCS (Yellow))\', \'supplier_price\': 0.84, \'amazon_price\': 7.99, \'match_method\': \'EAN_cached\', \'confidence\': \'low\', \'created_at\': \'2025-07-18T11:22:00.495119\', \'supplier_url\': \'https://www.poundwholesale.co.uk/bettina-car-sponges-3-pack\'}, {\'supplier_ean\': \'5038673050010\', \'amazon_asin\': \'B0FC6D5VDG\', \'supplier_title\': \'Roadster Car Vacuum Cleaner 12V\', \'amazon_title\': \'HYCHIKA 3 in 1 Wet and Dry Vacuum Cleaner, Power: 1200 W, 20 L Stainless Steel Tank, 6 M+ Cleaning Range (2.5 M Power Cores + 3.5 M Soft & Hard Hose), for Garden Outdoor Floor Sofa Cleaning\', \'supplier_price\': 5.28, \'amazon_price\': None, \'match_method\': \'EAN_cached\', \'confidence\': \'low\', \'created_at\': \'2025-07-18T11:22:00.576434\', \'supplier_url\': \'https://www.poundwholesale.co.uk/roadster-car-vacuum-cleaner-12v\'}, {\'supplier_ean\': \'5050375083752\', \'amazon_asin\': \'B01C4S4876\', \'supplier_title\': \'Car Pride Alloy Wheel Cleaner 300ml\', \'amazon_title\': \'Car Pride Wheel Clean, 300ml\', \'supplier_price\': 0.97, \'amazon_price\': 4.05, \'match_method\': \'EAN_cached\', \'confidence\': \'low\', \'created_2025-07-19 02:38:01,890 - PassiveExtractionWorkflow - INFO - ❌ Not profitable product: Car-Pride Quick & Effective De-Icer 600ml
2025-07-19 02:38:01,929 - PassiveExtractionWorkflow - INFO - --- Processing supplier product 83/147: 'Car-Pride Microfibre Mitt 3 Assorted Colours' ---
2025-07-19 02:38:01,931 - PassiveExtractionWorkflow - INFO - Product already processed: https://www.poundwholesale.co.uk/microfibre-mitt. Skipping.
2025-07-19 02:38:01,933 - PassiveExtractionWorkflow - INFO - --- Processing supplier product 84/147: 'Goodyear Gloss Tyre Shine 750ml' ---
2025-07-19 02:38:01,935 - PassiveExtractionWorkflow - INFO - Product already processed: https://www.poundwholesale.co.uk/goodyear-gloss-tyre-shine-750ml. Skipping.
2025-07-19 02:38:01,936 - PassiveExtractionWorkflow - INFO - --- Processing supplier product 85/147: 'Rapide Copper Grease Spray 250ml' ---
2025-07-19 02:38:01,939 - PassiveExtractionWorkflow - INFO - Product already processed: https://www.poundwholesale.co.uk/rapide-copper-grease-spray-250ml. Skipping.
2025-07-19 02:38:01,940 - PassiveExtractionWorkflow - INFO - --- Processing supplier product 86/147: 'Goodyear Hydrophobic Polymer Formulation Wash & Wax 2.5l' ---
2025-07-19 02:38:01,942 - PassiveExtractionWorkflow - INFO - Product already processed: https://www.poundwholesale.co.uk/goodyear-hydrophobic-polymer-formulation-wash-wax-2-5l. Skipping.
2025-07-19 02:38:01,943 - PassiveExtractionWorkflow - INFO - --- Processing supplier product 87/147: 'Auto Extreme Professional Black Bumper & Trim Spray Paint 400ml' ---
2025-07-19 02:38:01,945 - PassiveExtractionWorkflow - INFO - Product already processed: https://www.poundwholesale.co.uk/auto-extreme-professional-black-bumper-trim-spray-paint-400ml. Skipping.
2025-07-19 02:38:01,946 - PassiveExtractionWorkflow - INFO - --- Processing supplier product 88/147: 'Car Pride Interior Clean & Shine 300ml' ---
2025-07-19 02:38:01,949 - PassiveExtractionWorkflow - INFO - Product already processed: https://www.poundwholesale.co.uk/interior-clean-shine-300ml. Skipping.
2025-07-19 02:38:01,951 - PassiveExtractionWorkflow - INFO - --- Processing supplier product 89/147: 'Auto Extreme Automotive White Primer Spray Paint 250ml' ---
2025-07-19 02:38:01,953 - PassiveExtractionWorkflow - INFO - Product already processed: https://www.poundwholesale.co.uk/auto-extreme-automotive-white-primer-spray-paint-250ml. Skipping.
2025-07-19 02:38:01,955 - PassiveExtractionWorkflow - INFO - --- Processing supplier product 90/147: 'Goodyear Microfibre Wash & Dry Cloth Large 40cm' ---
2025-07-19 02:38:01,956 - PassiveExtractionWorkflow - INFO - Product already processed: https://www.poundwholesale.co.uk/goodyear-microfibre-wash-dry-cloth-large-40cm. Skipping.
2025-07-19 02:38:01,957 - PassiveExtractionWorkflow - INFO - --- Processing supplier product 91/147: 'Car Pride Window & Mirror Cleaner 300ml' ---
2025-07-19 02:38:01,958 - PassiveExtractionWorkflow - INFO - Product already processed: https://www.poundwholesale.co.uk/window-mirror-cleaner-300ml. Skipping.
2025-07-19 02:38:01,959 - PassiveExtractionWorkflow - INFO - --- Processing supplier product 92/147: 'Goodyear Snow Foam Pre-Wash Shampoo 1l' ---
2025-07-19 02:38:01,961 - PassiveExtractionWorkflow - INFO - Product already processed: https://www.poundwholesale.co.uk/goodyear-cherry-snow-form-pre-wash-shampoo-1l. Skipping.
2025-07-19 02:38:01,963 - PassiveExtractionWorkflow - INFO - --- Processing supplier product 93/147: 'Auto Extreme Automotive White Gloss Spray Paint 250ml' ---
2025-07-19 02:38:01,965 - PassiveExtractionWorkflow - INFO - Product already processed: https://www.poundwholesale.co.uk/auto-extreme-automotive-white-gloss-spray-paint-250ml. Skipping.
2025-07-19 02:38:01,967 - PassiveExtractionWorkflow - INFO - --- Processing supplier product 94/147: 'Auto Extreme Professional Blue Gloss Spray Paint 400ml' ---
2025-07-19 02:38:01,968 - PassiveExtractionWorkflow - INFO - Product already processed: https://www.poundwholesale.co.uk/auto-extreme-professional-blue-gloss-spray-paint-400ml. Skipping.
2025-07-19 02:38:01,969 - PassiveExtractionWorkflow - INFO - --- Processing supplier product 95/147: 'Tango Car Air Freshener CDU Assorted Fragrances' ---
2025-07-19 02:38:01,971 - PassiveExtractionWorkflow - INFO - Product already processed: https://www.poundwholesale.co.uk/tango-car-air-freshener-cdu-assorted-fragrances. Skipping.
2025-07-19 02:38:01,972 - PassiveExtractionWorkflow - INFO - --- Processing supplier product 96/147: 'Auto Extreme Ocean Breeze In-Car Fragrance Air Freshener Spray 100ml' ---
2025-07-19 02:38:01,974 - PassiveExtractionWorkflow - INFO - Product already processed: https://www.poundwholesale.co.uk/auto-extreme-ocean-breeze-in-car-fragrance-air-freshener-spray-100ml. Skipping.
2025-07-19 02:38:01,976 - PassiveExtractionWorkflow - INFO - --- Processing supplier product 97/147: 'Bettina Microfibre Ultra Buff Car Cloths 3pc' ---
2025-07-19 02:38:01,977 - PassiveExtractionWorkflow - INFO - Product already processed: https://www.poundwholesale.co.uk/bettina-microfibre-ultra-buff-car-cloths-3pc. Skipping.
2025-07-19 02:38:01,979 - PassiveExtractionWorkflow - INFO - --- Processing supplier product 98/147: 'Bettina Assorted Microfibre Car Rags Bag' ---
2025-07-19 02:38:01,980 - PassiveExtractionWorkflow - INFO - Product already processed: https://www.poundwholesale.co.uk/bettina-assorted-microfibre-car-rags-bag. Skipping.
2025-07-19 02:38:01,982 - PassiveExtractionWorkflow - INFO - --- Processing supplier product 99/147: 'Carpride Alloy Wheel Spray Paint Matt Black' ---
2025-07-19 02:38:01,984 - PassiveExtractionWorkflow - INFO - Product already processed: https://www.poundwholesale.co.uk/carpride-alloy-wheel-spray-paint-matt-black. Skipping.
2025-07-19 02:38:01,985 - PassiveExtractionWorkflow - INFO - --- Processing supplier product 100/147: 'Auto Extreme Silver Wheel Spray Paint 250ml' ---
2025-07-19 02:38:01,987 - PassiveExtractionWorkflow - INFO - Product already processed: https://www.poundwholesale.co.uk/auto-extreme-silver-wheel-spray-paint-250ml. Skipping.
2025-07-19 02:38:01,989 - PassiveExtractionWorkflow - INFO - --- Processing supplier product 101/147: 'Auto Extreme Professional Black Gloss Spray Paint 400ml' ---
2025-07-19 02:38:01,991 - PassiveExtractionWorkflow - INFO - Product already processed: https://www.poundwholesale.co.uk/auto-extreme-professional-black-gloss-spray-paint-400ml. Skipping.
2025-07-19 02:38:01,993 - PassiveExtractionWorkflow - INFO - --- Processing supplier product 102/147: 'Bloc Multipurpose Penetrating Maintenance Spray 250ml' ---
2025-07-19 02:38:01,995 - PassiveExtractionWorkflow - INFO - Product already processed: https://www.poundwholesale.co.uk/bloc-multipurpose-penetrating-maintenance-spray-250ml. Skipping.
2025-07-19 02:38:01,997 - PassiveExtractionWorkflow - INFO - --- Processing supplier product 103/147: 'Auto Extreme Automotive Black Satin Spray Paint 250ml' ---
2025-07-19 02:38:01,998 - PassiveExtractionWorkflow - INFO - Product already processed: https://www.poundwholesale.co.uk/auto-extreme-automotive-black-satin-spray-paint-250ml. Skipping.
2025-07-19 02:38:02,000 - PassiveExtractionWorkflow - INFO - --- Processing supplier product 104/147: 'Car Pride Black Gloss Spray Paint 400ml' ---
2025-07-19 02:38:02,002 - PassiveExtractionWorkflow - INFO - Product already processed: https://www.poundwholesale.co.uk/car-pride-black-gloss-spray-paint-400ml. Skipping.
2025-07-19 02:38:02,004 - PassiveExtractionWorkflow - INFO - --- Processing supplier product 105/147: 'Goodyear Car Cockpit Cleaner 750ml' ---
2025-07-19 02:38:02,005 - PassiveExtractionWorkflow - INFO - Product already processed: https://www.poundwholesale.co.uk/goodyear-cherry-scent-car-cockpit-cleaner-750ml. Skipping.
2025-07-19 02:38:02,007 - PassiveExtractionWorkflow - INFO - --- Processing supplier product 106/147: 'Auto Extreme Professional Yellow Gloss Spray Paint 400ml' ---
2025-07-19 02:38:02,009 - PassiveExtractionWorkflow - INFO - Product already processed: https://www.poundwholesale.co.uk/auto-extreme-professional-yellow-gloss-spray-paint-400ml. Skipping.
2025-07-19 02:38:02,011 - PassiveExtractionWorkflow - INFO - --- Processing supplier product 107/147: 'Auto Extras Jar Candle Air Freshener 3 Pack Assorted' ---
2025-07-19 02:38:02,012 - PassiveExtractionWorkflow - INFO - Product already processed: https://www.poundwholesale.co.uk/auto-extras-jar-candle-air-freshener-3-pack-assorted. Skipping.
2025-07-19 02:38:02,014 - PassiveExtractionWorkflow - INFO - --- Processing supplier product 108/147: 'Goodyear Expanding Car Cleaning Sponge' ---
2025-07-19 02:38:02,016 - PassiveExtractionWorkflow - INFO - Product already processed: https://www.poundwholesale.co.uk/goodyear-expanding-car-cleaning-sponge. Skipping.
2025-07-19 02:38:02,017 - PassiveExtractionWorkflow - INFO - --- Processing supplier product 109/147: 'Goodyear 2-In-1 Bug Removing Sponge' ---
2025-07-19 02:38:02,019 - PassiveExtractionWorkflow - INFO - Attempting Amazon search using EAN: 5055441452340
2025-07-19 02:38:02,070 - tools.passive_extraction_workflow_latest - INFO - Searching Amazon by EAN: 5055441452340 for supplier product: 'Goodyear 2-In-1 Bug Removing Sponge' (FixedAmazonExtractor)
2025-07-19 02:38:02,071 - tools.passive_extraction_workflow_latest - INFO - No page provided to search_by_ean, getting one from BrowserManager.
2025-07-19 02:38:02,074 - utils.browser_manager - INFO - ♻️ Reusing cached page for https://www.amazon.co.uk
2025-07-19 02:38:02,076 - tools.passive_extraction_workflow_latest - INFO - Navigating to Amazon UK to search for EAN: 5055441452340
2025-07-19 02:38:05,483 - tools.passive_extraction_workflow_latest - INFO - Waiting for search results page to load for EAN 5055441452340...
2025-07-19 02:38:05,904 - tools.passive_extraction_workflow_latest - INFO - Found search results container with selector: div.s-search-results
2025-07-19 02:38:07,972 - tools.passive_extraction_workflow_latest - INFO - Found 9 search result elements using selector: div.s-result-item[data-asin]:not([data-asin=''])
2025-07-19 02:38:07,973 - tools.passive_extraction_workflow_latest - INFO - Processing 9 search result elements for EAN 5055441452340
2025-07-19 02:38:07,996 - tools.passive_extraction_workflow_latest - DEBUG - Processing element 1: ASIN B0BGNMD8L7
2025-07-19 02:38:08,020 - tools.passive_extraction_workflow_latest - DEBUG - ASIN B0BGNMD8L7 HTML structure sample: <div role="listitem" data-asin="B0BGNMD8L7" data-index="2" data-uuid="c2a666e9-5c67-496b-a24c-acf903325dd1" id="c2a666e9-5c67-496b-a24c-acf903325dd1" data-component-type="s-search-result" class="sg-col-4-of-4 sg-col-4-of-24 sg-col-4-of-12 s-result-item s-asin sg-col-4-of-16 AdHolder sg-col s-widget-spacing-small sg-col-4-of-8 sg-col-4-of-20" data-component-id="5" data-cel-widget="search_result_0"><div class="sg-col-inner"><div cel_widget_id="MAIN-SEARCH_RESULTS-2" class="s-widget-container s-spacing-small s-widget-container-height-small celwidget slot=MAIN template=SEARCH_RESULTS widgetId=sear...
2025-07-19 02:38:08,021 - tools.passive_extraction_workflow_latest - DEBUG - Error checking sponsored badge for ASIN B0BGNMD8L7: 'ElementHandle' object has no attribute 'locator'
2025-07-19 02:38:08,022 - tools.passive_extraction_workflow_latest - DEBUG - Error checking aria-label for ASIN B0BGNMD8L7: 'ElementHandle' object has no attribute 'locator'
2025-07-19 02:38:08,066 - tools.passive_extraction_workflow_latest - INFO - Skipping sponsored result: ASIN B0BGNMD8L7 (detected by ad-specific class: 'AdHolder')
2025-07-19 02:38:08,088 - tools.passive_extraction_workflow_latest - DEBUG - Processing element 2: ASIN B0BXDB9K31
2025-07-19 02:38:08,108 - tools.passive_extraction_workflow_latest - DEBUG - ASIN B0BXDB9K31 HTML structure sample: <div role="listitem" data-asin="B0BXDB9K31" data-index="4" data-uuid="21b5c7c3-1283-4a88-8cb0-7f988c46d660" id="21b5c7c3-1283-4a88-8cb0-7f988c46d660" data-component-type="s-search-result" class="sg-col-4-of-4 sg-col-4-of-24 sg-col-4-of-12 s-result-item s-asin sg-col-4-of-16 AdHolder sg-col s-widget-spacing-small sg-col-4-of-8 sg-col-4-of-20" data-component-id="10" data-cel-widget="search_result_1"><div class="sg-col-inner"><div cel_widget_id="MAIN-SEARCH_RESULTS-4" class="s-widget-container s-spacing-small s-widget-container-height-small celwidget slot=MAIN template=SEARCH_RESULTS widgetId=sea...
2025-07-19 02:38:08,109 - tools.passive_extraction_workflow_latest - DEBUG - Error checking sponsored badge for ASIN B0BXDB9K31: 'ElementHandle' object has no attribute 'locator'
2025-07-19 02:38:08,109 - tools.passive_extraction_workflow_latest - DEBUG - Error checking aria-label for ASIN B0BXDB9K31: 'ElementHandle' object has no attribute 'locator'
2025-07-19 02:38:08,158 - tools.passive_extraction_workflow_latest - INFO - Skipping sponsored result: ASIN B0BXDB9K31 (detected by ad-specific class: 'AdHolder')
2025-07-19 02:38:08,187 - tools.passive_extraction_workflow_latest - DEBUG - Processing element 3: ASIN B0CHY7S7RW
2025-07-19 02:38:08,209 - tools.passive_extraction_workflow_latest - DEBUG - ASIN B0CHY7S7RW HTML structure sample: <div role="listitem" data-asin="B0CHY7S7RW" data-index="5" data-uuid="06899b6b-9aa9-40f5-891d-e0e7bba13cdd" id="06899b6b-9aa9-40f5-891d-e0e7bba13cdd" data-component-type="s-search-result" class="sg-col-4-of-4 sg-col-4-of-24 sg-col-4-of-12 s-result-item s-asin sg-col-4-of-16 AdHolder sg-col s-widget-spacing-small sg-col-4-of-8 sg-col-4-of-20" data-component-id="13" data-cel-widget="search_result_2"><div class="sg-col-inner"><div cel_widget_id="MAIN-SEARCH_RESULTS-5" class="s-widget-container s-spacing-small s-widget-container-height-small celwidget slot=MAIN template=SEARCH_RESULTS widgetId=sea...
2025-07-19 02:38:08,210 - tools.passive_extraction_workflow_latest - DEBUG - Error checking sponsored badge for ASIN B0CHY7S7RW: 'ElementHandle' object has no attribute 'locator'
2025-07-19 02:38:08,211 - tools.passive_extraction_workflow_latest - DEBUG - Error checking aria-label for ASIN B0CHY7S7RW: 'ElementHandle' object has no attribute 'locator'
2025-07-19 02:38:08,251 - tools.passive_extraction_workflow_latest - INFO - Skipping sponsored result: ASIN B0CHY7S7RW (detected by ad-specific class: 'AdHolder')
2025-07-19 02:38:08,273 - tools.passive_extraction_workflow_latest - DEBUG - Processing element 4: ASIN B0DMVXKHZT
2025-07-19 02:38:08,273 - tools.passive_extraction_workflow_latest - DEBUG - Error checking sponsored badge for ASIN B0DMVXKHZT: 'ElementHandle' object has no attribute 'locator'
2025-07-19 02:38:08,274 - tools.passive_extraction_workflow_latest - DEBUG - Error checking aria-label for ASIN B0DMVXKHZT: 'ElementHandle' object has no attribute 'locator'
2025-07-19 02:38:08,312 - tools.passive_extraction_workflow_latest - INFO - Skipping sponsored result: ASIN B0DMVXKHZT (detected by ad-specific class: 'AdHolder')
2025-07-19 02:38:08,343 - tools.passive_extraction_workflow_latest - DEBUG - Processing element 5: ASIN B0CP3RCXCM
2025-07-19 02:38:08,343 - tools.passive_extraction_workflow_latest - DEBUG - Error checking sponsored badge for ASIN B0CP3RCXCM: 'ElementHandle' object has no attribute 'locator'
2025-07-19 02:38:08,344 - tools.passive_extraction_workflow_latest - DEBUG - Error checking aria-label for ASIN B0CP3RCXCM: 'ElementHandle' object has no attribute 'locator'
2025-07-19 02:38:08,388 - tools.passive_extraction_workflow_latest - INFO - Skipping sponsored result: ASIN B0CP3RCXCM (detected by ad-specific class: 'AdHolder')
2025-07-19 02:38:08,415 - tools.passive_extraction_workflow_latest - DEBUG - Processing element 6: ASIN B0CQYHD6CH
2025-07-19 02:38:08,416 - tools.passive_extraction_workflow_latest - DEBUG - Error checking sponsored badge for ASIN B0CQYHD6CH: 'ElementHandle' object has no attribute 'locator'
2025-07-19 02:38:08,417 - tools.passive_extraction_workflow_latest - DEBUG - Error checking aria-label for ASIN B0CQYHD6CH: 'ElementHandle' object has no attribute 'locator'
2025-07-19 02:38:08,464 - tools.passive_extraction_workflow_latest - INFO - Skipping sponsored result: ASIN B0CQYHD6CH (detected by ad-specific class: 'AdHolder')
2025-07-19 02:38:08,483 - tools.passive_extraction_workflow_latest - DEBUG - Processing element 7: ASIN B0DDY56YJY
2025-07-19 02:38:08,483 - tools.passive_extraction_workflow_latest - DEBUG - Error checking sponsored badge for ASIN B0DDY56YJY: 'ElementHandle' object has no attribute 'locator'
2025-07-19 02:38:08,484 - tools.passive_extraction_workflow_latest - DEBUG - Error checking aria-label for ASIN B0DDY56YJY: 'ElementHandle' object has no attribute 'locator'
2025-07-19 02:38:08,558 - tools.passive_extraction_workflow_latest - INFO - Skipping sponsored result: ASIN B0DDY56YJY (detected by ad-specific class: 'AdHolder')
2025-07-19 02:38:08,587 - tools.passive_extraction_workflow_latest - DEBUG - Processing element 8: ASIN B0F4P6ND3F
2025-07-19 02:38:08,587 - tools.passive_extraction_workflow_latest - DEBUG - Error checking sponsored badge for ASIN B0F4P6ND3F: 'ElementHandle' object has no attribute 'locator'
2025-07-19 02:38:08,588 - tools.passive_extraction_workflow_latest - DEBUG - Error checking aria-label for ASIN B0F4P6ND3F: 'ElementHandle' object has no attribute 'locator'
2025-07-19 02:38:08,636 - tools.passive_extraction_workflow_latest - INFO - Skipping sponsored result: ASIN B0F4P6ND3F (detected by ad-specific class: 'AdHolder')
2025-07-19 02:38:08,661 - tools.passive_extraction_workflow_latest - DEBUG - Processing element 9: ASIN B0CSFWWLV5
2025-07-19 02:38:08,661 - tools.passive_extraction_workflow_latest - DEBUG - Error checking sponsored badge for ASIN B0CSFWWLV5: 'ElementHandle' object has no attribute 'locator'
2025-07-19 02:38:08,662 - tools.passive_extraction_workflow_latest - DEBUG - Error checking aria-label for ASIN B0CSFWWLV5: 'ElementHandle' object has no attribute 'locator'
2025-07-19 02:38:08,710 - tools.passive_extraction_workflow_latest - INFO - Skipping sponsored result: ASIN B0CSFWWLV5 (detected by ad-specific class: 'AdHolder')
2025-07-19 02:38:08,711 - tools.passive_extraction_workflow_latest - WARNING - EAN 5055441452340 returned no organic results - skipping
2025-07-19 02:38:08,712 - tools.passive_extraction_workflow_latest - WARNING - No Amazon results or error for EAN '5055441452340'. Details: no_organic_results
2025-07-19 02:38:08,712 - tools.passive_extraction_workflow_latest - INFO - Falling back to title search for supplier product: 'Goodyear 2-In-1 Bug Removing Sponge'
2025-07-19 02:38:08,713 - tools.passive_extraction_workflow_latest - INFO - Searching Amazon by title using search bar: 'Goodyear 2-In-1 Bug Removing Sponge'
2025-07-19 02:38:08,713 - tools.passive_extraction_workflow_latest - INFO - Navigating to Amazon UK to search for title: Goodyear 2-In-1 Bug Removing Sponge
2025-07-19 02:38:13,341 - tools.passive_extraction_workflow_latest - INFO - Title search found 74 elements using selector: div.s-search-results > div[data-asin]
2025-07-19 02:38:14,198 - tools.passive_extraction_workflow_latest - DEBUG - ASIN B01IWTQBG2 title extracted using selector 'h2 span.a-size-base-plus': Gtechniq...
2025-07-19 02:38:14,436 - tools.passive_extraction_workflow_latest - DEBUG - ASIN B09RGJ192V title extracted using selector 'h2 span.a-size-base-plus': Greased Lightning...
2025-07-19 02:38:14,642 - tools.passive_extraction_workflow_latest - DEBUG - ASIN B0DFPVHJMN title extracted using selector 'h2 span.a-size-base-plus': Goodyear...
2025-07-19 02:38:14,847 - tools.passive_extraction_workflow_latest - DEBUG - ASIN B094XZFMH3 title extracted using selector 'h2 span.a-size-base-plus': Nuke Guys...
2025-07-19 02:38:15,022 - tools.passive_extraction_workflow_latest - DEBUG - ASIN B0DNWTPPK4 title extracted using selector 'h2 span.a-size-base-plus': Tek Automotive...
2025-07-19 02:38:15,081 - tools.passive_extraction_workflow_latest - INFO - Title search found 5 results for 'Goodyear 2-In-1 Bug Removing Sponge'
2025-07-19 02:38:15,082 - tools.passive_extraction_workflow_latest - INFO - Title search successful for 'Goodyear 2-In-1 Bug Removing Sponge' after EAN '5055441452340' failed
2025-07-19 02:38:15,082 - PassiveExtractionWorkflow - INFO - ✅ EAN search successful for 5055441452340. Using EAN result without title fallback.
2025-07-19 02:38:15,089 - PassiveExtractionWorkflow - INFO - 💾 Saved Amazon data to /mnt/c/Users/chris/Desktop/Amazon-FBA-Agent-System-v32/OUTPUTS/FBA_ANALYSIS/amazon_cache/amazon_B01IWTQBG2_5055441452340.json
2025-07-19 02:38:15,090 - PassiveExtractionWorkflow - DEBUG - 🔍 DEBUG: linking_map type: <class 'list'>, value: [{'supplier_ean': '5053249228587', 'amazon_asin': 'B075QDW3BF', 'supplier_title': 'Car Pride Under Body Seal Black 400ml', 'amazon_title': 'HP CF541A 203A Original LaserJet Toner Cartridge, Cyan, Single Pack', 'supplier_price': 1.73, 'amazon_price': 64.99, 'match_method': 'EAN', 'confidence': 'high', 'created_at': '2025-07-18T10:13:11.088193', 'supplier_url': 'https://www.poundwholesale.co.uk/carpride-under-body-seal-black'}, {'supplier_ean': '5055319527750', 'amazon_asin': 'B0CX1X6R6G', 'supplier_title': 'Auto Extreme Car Detailing Brush Set 5 Pack', 'amazon_title': 'Kasauber', 'supplier_price': 2.1, 'amazon_price': None, 'match_method': 'EAN', 'confidence': 'high', 'created_at': '2025-07-18T10:13:23.277485', 'supplier_url': 'https://www.poundwholesale.co.uk/auto-extreme-car-detailing-brush-set-5-pack'}, {'supplier_ean': '5055319528504', 'amazon_asin': 'B07NJGQFRF', 'supplier_title': 'Rapide RP-60 Penetrating Maintenance Spray with Control Nozzle 400ml', 'amazon_title': 'Rapide 2850 Paint Spray', 'supplier_price': 2.65, 'amazon_price': 5.85, 'match_method': 'EAN', 'confidence': 'high', 'created_at': '2025-07-18T10:14:15.912179', 'supplier_url': 'https://www.poundwholesale.co.uk/rapide-rp-60-penetrating-maintenance-spray-with-control-nozzle-400ml'}, {'supplier_ean': '5055441452272', 'amazon_asin': 'B0DFMPNHT5', 'supplier_title': 'Goodyear Microfibre Luxury Valet Drying Towel Set 2 Pack', 'amazon_title': 'Goodyear 2PC Microfibre Luxury Valet Cloth Set I Microfibre technology| powerful cleaning | Extra absorbency for a swirl free finish | Ideal for buffing away polish & wax residue | Extra large towel', 'supplier_price': 2.14, 'amazon_price': 6.59, 'match_method': 'EAN', 'confidence': 'high', 'created_at': '2025-07-18T10:15:06.821428', 'supplier_url': 'https://www.poundwholesale.co.uk/goodyear-microfibre-luxury-valet-drying-towel-set-2-pack'}, {'supplier_ean': '5053249229140', 'amazon_asin': 'B07N41XTV5', 'supplier_title': 'Carpride Alloy Wheel Spray Paint Silver Gloss', 'amazon_title': 'Car Pride Alloy Wheel Spray Paint Metallic Silver Repairer. 400ml', 'supplier_price': 1.67, 'amazon_price': 5.4, 'match_method': 'EAN', 'confidence': 'high', 'created_at': '2025-07-18T10:16:10.522951', 'supplier_url': 'https://www.poundwholesale.co.uk/carpride-alloy-wheel-spray-paint-silver-gloss'}, {'supplier_ean': '5055056770822', 'amazon_asin': 'B09DTQ4S43', 'supplier_title': 'Millions Blackcurrant Buzz 3D Car Air Freshener', 'amazon_title': 'AIRFreshh', 'supplier_price': 0.38, 'amazon_price': None, 'match_method': 'EAN', 'confidence': 'high', 'created_at': '2025-07-18T10:16:22.515075', 'supplier_url': 'https://www.poundwholesale.co.uk/millions-blackcurrant-buzz-3d-car-air-freshener'}, {'supplier_ean': '5055319519229', 'amazon_asin': 'B07NJGGW8P', 'supplier_title': 'Auto Extreme Professional White Gloss Spray Paint 400ml', 'amazon_title': 'Auto Extreme White Gloss, 400 ml', 'supplier_price': 1.82, 'amazon_price': 5.3, 'match_method': 'EAN', 'confidence': 'high', 'created_at': '2025-07-18T10:17:22.092163', 'supplier_url': 'https://www.poundwholesale.co.uk/auto-extreme-professional-white-gloss-spray-paint-400ml'}, {'supplier_ean': '5055319529907', 'amazon_asin': 'B07XZDY64P', 'supplier_title': 'Rapide Silicone Lubricant Spray 250ml', 'amazon_title': '300ml Silicone Grease Aerosol Spray Lubricant Can Water Resistant Oil', 'supplier_price': 1.07, 'amazon_price': 4.79, 'match_method': 'EAN', 'confidence': 'high', 'created_at': '2025-07-18T10:18:10.835188', 'supplier_url': 'https://www.poundwholesale.co.uk/rapide-silicone-lubricant-spray-250ml'}, {'supplier_ean': '5050375036574', 'amazon_asin': 'B006URFAE8', 'supplier_title': 'Car Pride Assorted Fragrance Fresh Feet Car Air Fresheners 4 Pack CDU', 'amazon_title': 'Pack of 4 FRESH FEET, Car Air Fresheners, Carpride cp1128', 'supplier_price': 0.71, 'amazon_price': 3.3, 'match_method': 'EAN', 'confidence': 'high', 'created_at': '2025-07-18T10:19:02.426082', 'supplier_url': 'https://www.poundwholesale.co.uk/car-pride-assorted-fragrance-fresh-feet-car-air-fresheners-4-pack-cdu'}, {'supplier_ean': '5055056731878', 'amazon_asin': 'B09LH29BZD', 'supplier_title': 'Guilty Pleasures Blueberry Ice Pop 3D Car Air Freshener', 'amazon_title': 'Guilty Pleasure 3D Blueberry CAR FRESHENER', 'supplier_price': 0.38, 'amazon_price': 3.99, 'match_method': 'EAN', 'confidence': 'high', 'created_at': '2025-07-18T10:19:50.869058', 'supplier_url': 'https://www.poundwholesale.co.uk/guilty-pleasures-blueberry-ice-pop-3d-car-air-freshener'}, {'supplier_ean': '5055319514606', 'amazon_asin': 'B0CYH8F9F9', 'supplier_title': 'Auto Extreme Car Pump Sprayer 2L', 'amazon_title': 'My Garden 5 Litre Sprayer Pump - Weed Killer Pressure Sprayer Pump Action - High Pressure Long Reach Sprayers - Ideal For Spraying Water Fertiliser Herbicides Pesticides Preservative & Detergent', 'supplier_price': 3.85, 'amazon_price': None, 'match_method': 'EAN', 'confidence': 'high', 'created_at': '2025-07-18T10:20:03.052455', 'supplier_url': 'https://www.poundwholesale.co.uk/auto-extreme-car-pump-sprayer-2l'}, {'supplier_ean': '5055319530781', 'amazon_asin': 'B09FKD19N4', 'supplier_title': 'Auto Extreme Tropical Mist In-Car Fragrance Air Freshener Spray 100ml', 'amazon_title': 'Air Freshener Spray Concentrated Long Lasting Oil Based (Ocean Breeze)', 'supplier_price': 0.65, 'amazon_price': None, 'match_method': 'EAN', 'confidence': 'high', 'created_at': '2025-07-18T10:20:17.331393', 'supplier_url': 'https://www.poundwholesale.co.uk/auto-extreme-tropical-mist-in-car-fragrance-air-freshener-spray-100ml'}, {'supplier_ean': '5053249245799', 'amazon_asin': 'B0BLLV2M74', 'supplier_title': 'Car Pride Clean & Polish Microfibre Cloth', 'amazon_title': 'CARPRIDE® Clean and Polish MicroFibre Cloth for Car Exterior and Interior | Streak Free | 30 x 30 cm', 'supplier_price': 0.76, 'amazon_price': 5.29, 'match_method': 'EAN', 'confidence': 'high', 'created_at': '2025-07-18T10:21:04.364223', 'supplier_url': 'https://www.poundwholesale.co.uk/car-pride-clean-polish-microfibre-cloth'}, {'supplier_ean': '5055319531849', 'amazon_asin': 'B074KFGHCP', 'supplier_title': 'Rapide Easy Grease Spray 250ml', 'amazon_title': 'HMT', 'supplier_price': 1.05, 'amazon_price': None, 'match_method': 'EAN', 'confidence': 'high', 'created_at': '2025-07-18T10:21:17.993959', 'supplier_url': 'https://www.poundwholesale.co.uk/rapide-easy-grease-spray-250ml'}, {'supplier_ean': '5052578642705', 'amazon_asin': 'B07X22PHWJ', 'supplier_title': 'Bettina Chamois Demist & Dashboard Pad', 'amazon_title': 'Airlab', 'supplier_price': 0.75, 'amazon_price': None, 'match_method': 'EAN', 'confidence': 'high', 'created_at': '2025-07-18T10:21:28.626273', 'supplier_url': 'https://www.poundwholesale.co.uk/bettina-chamois-demist-dashboard-pad'}, {'supplier_ean': '5052578633000', 'amazon_asin': 'B0F6K65PZT', 'supplier_title': 'Bettina Microfibre Mitt', 'amazon_title': 'Fogcosy', 'supplier_price': 0.95, 'amazon_price': None, 'match_method': 'EAN', 'confidence': 'high', 'created_at': '2025-07-18T10:21:41.310298', 'supplier_url': 'https://www.poundwholesale.co.uk/microfibre-mit-highly-effective-wet-or-dry'}, {'supplier_ean': '5053249245669', 'amazon_asin': 'B0BLL1K79V', 'supplier_title': 'Car Pride Blue Microfibre Glass Cloth', 'amazon_title': 'Car-pride Glass Microfibre Cloth', 'supplier_price': 0.74, 'amazon_price': 4.99, 'match_method': 'EAN', 'confidence': 'high', 'created_at': '2025-07-18T10:22:28.491046', 'supplier_url': 'https://www.poundwholesale.co.uk/car-pride-blue-microfibre-glass-cloth'}, {'supplier_ean': '5055056770785', 'amazon_asin': 'B0BLGR29X6', 'supplier_title': 'Millions Sour Strawberry 3D Car Air Freshener', 'amazon_title': 'Evair', 'supplier_price': 0.38, 'amazon_price': None, 'match_method': 'EAN', 'confidence': 'high', 'created_at': '2025-07-18T10:22:40.894972', 'supplier_url': 'https://www.poundwholesale.co.uk/millions-sour-strawberry-3d-car-air-freshener'}, {'supplier_ean': '5053249248714', 'amazon_asin': 'B006T2450O', 'supplier_title': 'Car-Pride White Gloss Spray Paint 400ml', 'amazon_title': 'Tetrion', 'supplier_price': 1.73, 'amazon_price': None, 'match_method': 'EAN', 'confidence': 'high', 'created_at': '2025-07-18T10:22:54.011676', 'supplier_url': 'https://www.poundwholesale.co.uk/car-pride-white-gloss-spray-paint-400ml'}, {'supplier_ean': '5055056731885', 'amazon_asin': 'B09LHBY2GF', 'supplier_title': 'Guilty Pleasures Vanilla & Cherry Cupcake 3D Car Air Freshener', 'amazon_title': 'Guilty Pleasure 3D Vanilla CAR FRESHENER', 'supplier_price': 0.38, 'amazon_price': 3.99, 'match_method': 'EAN', 'confidence': 'high', 'created_at': '2025-07-18T10:23:41.006634', 'supplier_url': 'https://www.poundwholesale.co.uk/guilty-pleasures-vanilla-cherry-cupcake-3d-car-air-freshener'}, {'supplier_ean': '5055319531733', 'amazon_asin': 'B004SMKX7Q', 'supplier_title': 'Auto Extreme Professional Black Alloy Wheel Spray Paint 400ml', 'amazon_title': 'Hycote', 'supplier_price': 1.81, 'amazon_price': None, 'match_method': 'EAN', 'confidence': 'high', 'created_at': '2025-07-18T10:23:55.039262', 'supplier_url': 'https://www.poundwholesale.co.uk/auto-extreme-professional-black-alloy-wheel-spray-paint-400ml'}, {'supplier_ean': '5055441459684', 'amazon_asin': 'B0DL9TR7T2', 'supplier_title': 'Goodyear 2-in-1 Telescopic Handle Scraper', 'amazon_title': 'Goodyear Telescopic Handle Scraper - Adjustable Ice Scraper with Extendable Handle | Sturdy Blade for Snow & Ice Removal | Ergonomic Grip | Compact and Durable Design | Ideal for Cars, Trucks & SUVs', 'supplier_price': 4.04, 'amazon_price': 9.21, 'match_method': 'EAN', 'confidence': 'high', 'created_at': '2025-07-18T10:24:48.156817', 'supplier_url': 'https://www.poundwholesale.co.uk/goodyear-2-in-1-telescopic-handle-scraper'}, {'supplier_ean': '5055441427348', 'amazon_asin': 'B06XPVGMV8', 'supplier_title': 'Goodyear Portable Car Vacuum Cleaner 12V', 'amazon_title': 'Goodyear 12V DC Car/Van Cigarette Lighter Corded Vacuum Cleaner Powerful Suction', 'supplier_price': 5.72, 'amazon_price': 10.99, 'match_method': 'EAN', 'confidence': 'high', 'created_at': '2025-07-18T10:25:44.453432', 'supplier_url': 'https://www.poundwholesale.co.uk/goodyear-portable-car-vacuum-cleaner-12v'}, {'supplier_ean': '5055319517027', 'amazon_asin': 'B01EQ7TPJE', 'supplier_title': 'Rapide DP-60 Multipurpose Maintenance Spray 750ml', 'amazon_title': 'Maintenance Oil 750ml Spray Can (DP60)', 'supplier_price': 2.77, 'amazon_price': 6.95, 'match_method': 'EAN', 'confidence': 'high', 'created_at': '2025-07-18T10:26:39.185617', 'supplier_url': 'https://www.poundwholesale.co.uk/rapide-dp-60-multipurpose-maintenance-spray-750ml'}, {'supplier_ean': '5038673410708', 'amazon_asin': 'B0D1Y8TCDS', 'supplier_title': 'Car Air Fresheners Leaf Assorted CDU', 'amazon_title': 'Ikeda Car Fragrance: Hanging Car Air Freshener | 10ml Hanging Car Decoration | 45 Days Long Lasting Fragrance | With Clip | For Car Home | 1 Piece (10ml x 1 Piece, Coconut)', 'supplier_price': 0.33, 'amazon_price': None, 'match_method': 'EAN', 'confidence': 'high', 'created_at': '2025-07-18T10:26:52.496784', 'supplier_url': 'https://www.poundwholesale.co.uk/car-air-fresheners-leaf-assorted-cdu'}, {'supplier_ean': '5053249224053', 'amazon_asin': 'B0DMN8CMH8', 'supplier_title': 'Tango Car Air Freshener Assorted', 'amazon_title': '10/50/100PCS Custom LOGO Car Bulk Air Fresheners, Custom Air Fresheners for Car Bulk, Air Freshener with Photo, Double-Sided Personalised Photo and Text Car Air Fresheners (10Pcs Square)', 'supplier_price': 0.76, 'amazon_price': None, 'match_method': 'EAN', 'confidence': 'high', 'created_at': '2025-07-18T10:27:03.571134', 'supplier_url': 'https://www.poundwholesale.co.uk/tango-car-air-freshener-assorted'}, {'supplier_ean': '5050375051270', 'amazon_asin': 'B00BPN9Z2A', 'supplier_title': 'Car Pride Alloy Wheel Cleaning Brush', 'amazon_title': 'Car Pride ALLOY WHEEL BRUSH', 'supplier_price': 0.71, 'amazon_price': 3.95, 'match_method': 'EAN', 'confidence': 'high', 'created_at': '2025-07-18T10:27:53.467488', 'supplier_url': 'https://www.poundwholesale.co.uk/car-pride-alloy-wheel-cleaning-brush'}, {'supplier_ean': '5055319519250', 'amazon_asin': 'B01MT7OBIO', 'supplier_title': 'Auto Extreme Professional Clear Lacquer Spray 400ml', 'amazon_title': 'Auto Extreme Clear Lacquer Spray Paint 400ml', 'supplier_price': 1.82, 'amazon_price': 5.32, 'match_method': 'EAN', 'confidence': 'high', 'created_at': '2025-07-18T10:28:54.182013', 'supplier_url': 'https://www.poundwholesale.co.uk/auto-extreme-professional-clear-lacquer-spray-400ml'}, {'supplier_ean': '5055441446578', 'amazon_asin': 'B0993MX5GX', 'supplier_title': 'Goodyear Waterless Wash & Wax 750ml', 'amazon_title': 'GOODYEAR WATERLESS WASH N WAX SPRAY 750ML', 'supplier_price': 2.06, 'amazon_price': 5.93, 'match_method': 'EAN', 'confidence': 'high', 'created_at': '2025-07-18T10:29:47.233890', 'supplier_url': 'https://www.poundwholesale.co.uk/goodyear-waterless-wash-wax-750ml'}, {'supplier_ean': '5055319519113', 'amazon_asin': 'B07NJGQ85R', 'supplier_title': 'Auto Extreme Automotive Silver Spray Paint 250ml', 'amazon_title': 'Auto Extreme Auto Spray Paint Silver, 250 ml', 'supplier_price': 0.92, 'amazon_price': 4.1, 'match_method': 'EAN', 'confidence': 'high', 'created_at': '2025-07-18T10:30:42.274698', 'supplier_url': 'https://www.poundwholesale.co.uk/auto-extreme-automotive-silver-spray-paint-250ml'}, {'supplier_ean': '5055441452210', 'amazon_asin': 'B0DH8DT3MS', 'supplier_title': 'Goodyear Natural Leather Chamois Cloth Xl', 'amazon_title': 'Goodyear Xl Genuine Leather Chamois -natural Chamois, Super Absorbent, Streak, Scratch Free, With Greater Tolerance To Car Cleaners| Stays Soft When Drying| Ideal For Cleaning Of Interior And Exterior', 'supplier_price': 3.83, 'amazon_price': 5.99, 'match_method': 'EAN', 'confidence': 'high', 'created_at': '2025-07-18T10:31:39.934257', 'supplier_url': 'https://www.poundwholesale.co.uk/goodyear-natural-leather-chamois-cloth-xl'}, {'supplier_ean': '5050375045439', 'amazon_asin': 'B003L6U0NC', 'supplier_title': 'Car-Pride Microfibre Mitt 3 Assorted Colours', 'amazon_title': 'Car Pride Microfibre Magic Mitt - Dusts, Scrubs, Cleans and Polishes', 'supplier_price': 0.98, 'amazon_price': 4.34, 'match_method': 'EAN', 'confidence': 'high', 'created_at': '2025-07-18T10:32:54.935150', 'supplier_url': 'https://www.poundwholesale.co.uk/microfibre-mitt'}, {'supplier_ean': '5055441446516', 'amazon_asin': 'B0D9YH94ZQ', 'supplier_title': 'Goodyear Gloss Tyre Shine 750ml', 'amazon_title': 'Auto Xpert Slick Shine, Premium Tyre Dressing, Long Lasting Wet-Look Finish, Protects Against Water and Dust, Easy to Apply, All Weather Tyre Protection. (5 Litre)', 'supplier_price': 1.39, 'amazon_price': None, 'match_method': 'EAN', 'confidence': 'high', 'created_at': '2025-07-18T10:33:09.394012', 'supplier_url': 'https://www.poundwholesale.co.uk/goodyear-gloss-tyre-shine-750ml'}, {'supplier_ean': '5055441449166', 'amazon_asin': 'B0D11XP9V1', 'supplier_title': 'Goodyear Microfibre Buffing Cloth Large 40cm', 'amazon_title': 'Goodyear Microfibre Buffing Cloth I Specially designed microfibre cloth for polishing and buffing your vehicle | Showroom finish | Microfibre attract more dirt than normal cloth | Machine washable', 'supplier_price': 0.85, 'amazon_price': 1.99, 'match_method': 'EAN', 'confidence': 'high', 'created_at': '2025-07-18T10:34:04.595027', 'supplier_url': 'https://www.poundwholesale.co.uk/goodyear-microfibre-buffing-cloth-large-40cm'}, {'supplier_ean': '5055319529877', 'amazon_asin': 'B07Y1V1WMW', 'supplier_title': 'Rapide Copper Grease Spray 250ml', 'amazon_title': 'Rapide 300ml Copper Grease Aerosol Spray Lubricant Can Anti Seize Brake Pad Squeal Oil', 'supplier_price': 1.07, 'amazon_price': 4.95, 'match_method': 'EAN', 'confidence': 'high', 'created_at': '2025-07-18T10:34:58.176694', 'supplier_url': 'https://www.poundwholesale.co.uk/rapide-copper-grease-spray-250ml'}, {'supplier_ean': '5055441446752', 'amazon_asin': 'B0DJWDHG1Y', 'supplier_title': 'Goodyear Hydrophobic Polymer Formulation Wash & Wax 2.5l', 'amazon_title': 'Goodyear Wash And Wax Hydrophobic Polymer 2.5 Ltr | Leaves A Glossy Just Waxed Deep Protective Shine | Polymer-acrylic Polyethylene Copolymer Wax | Effectively Cleans Dirt And Grime From Your Vehicle', 'supplier_price': 3.05, 'amazon_price': 5.99, 'match_method': 'EAN', 'confidence': 'high', 'created_at': '2025-07-18T10:35:51.556162', 'supplier_url': 'https://www.poundwholesale.co.uk/goodyear-hydrophobic-polymer-formulation-wash-wax-2-5l'}, {'supplier_ean': '5055056731892', 'amazon_asin': 'B094HGXWJC', 'supplier_title': 'Guilty Pleasures Strawberry Doughnut 3D Car Air Freshener', 'amazon_title': 'GUILTY PLEASURES STRAWBERRY DOUGHNUT 3D CAR AIR FRESHENER', 'supplier_price': 0.38, 'amazon_price': 1.5, 'match_method': 'EAN', 'confidence': 'high', 'created_at': '2025-07-18T10:36:38.989576', 'supplier_url': 'https://www.poundwholesale.co.uk/guilty-pleasures-strawberry-doughnut-3d-car-air-freshener'}, {'supplier_ean': '5055319519236', 'amazon_asin': 'B07NJGT1BN', 'supplier_title': 'Auto Extreme Professional Grey Primer Spray Paint 400ml', 'amazon_title': 'Auto Extreme Auto Extreme Grey Primer, 400 ml', 'supplier_price': 1.82, 'amazon_price': 5.44, 'match_method': 'EAN', 'confidence': 'high', 'created_at': '2025-07-18T10:37:31.087578', 'supplier_url': 'https://www.poundwholesale.co.uk/auto-extreme-professional-grey-primer-spray-paint-400ml'}, {'supplier_ean': '5055441453309', 'amazon_asin': 'B094DFY8PC', 'supplier_title': 'Goodyear Anti-Smear Blue Screenwash 5L', 'amazon_title': 'Prestone', 'supplier_price': 2.7, 'amazon_price': None, 'match_method': 'EAN', 'confidence': 'high', 'created_at': '2025-07-18T10:37:44.323618', 'supplier_url': 'https://www.poundwholesale.co.uk/goodyear-anti-smear-blue-screenwash-5l'}, {'supplier_ean': '5055319558839', 'amazon_asin': 'B0CTCSZD1T', 'supplier_title': 'Auto Extreme Microfibre Wheel Wash Brush 46cm', 'amazon_title': 'Xtremeauto', 'supplier_price': 2.79, 'amazon_price': None, 'match_method': 'EAN', 'confidence': 'high', 'created_at': '2025-07-18T10:37:55.429624', 'supplier_url': 'https://www.poundwholesale.co.uk/auto-extreme-microfibre-wheel-wash-brush-46cm'}, {'supplier_ean': '5055319511995', 'amazon_asin': 'B09C44BVZY', 'supplier_title': 'Auto Extreme Professional Red Gloss Brake Caliper Spray Paint 400ml', 'amazon_title': 'Tailored Paint', 'supplier_price': 2.73, 'amazon_price': None, 'match_method': 'EAN', 'confidence': 'high', 'created_at': '2025-07-18T10:38:08.805743', 'supplier_url': 'https://www.poundwholesale.co.uk/auto-extreme-professional-red-gloss-brake-caliper-spray-paint-400ml'}, {'supplier_ean': '5055319519205', 'amazon_asin': 'B09DYZTY7G', 'supplier_title': 'Auto Extreme Professional Black Matt Spray Paint 400ml', 'amazon_title': 'Classic Signature - 1 x Auto Extreme Black Matt Spray Paint 400ml, Professional Quality, Perfect Finish for Cars, Bikes,Vans, Metal, Wood', 'supplier_price': 1.82, 'amazon_price': 6.89, 'match_method': 'EAN', 'confidence': 'high', 'created_at': '2025-07-18T10:38:58.185842', 'supplier_url': 'https://www.poundwholesale.co.uk/auto-extreme-professional-black-matt-spray-paint-400ml'}, {'supplier_ean': '5055319531818', 'amazon_asin': 'B000LD4V2E', 'supplier_title': 'Auto Extreme Professional Black Bumper & Trim Spray Paint 400ml', 'amazon_title': 'Hycote', 'supplier_price': 1.81, 'amazon_price': None, 'match_method': 'EAN', 'confidence': 'high', 'created_at': '2025-07-18T10:39:11.840698', 'supplier_url': 'https://www.poundwholesale.co.uk/auto-extreme-professional-black-bumper-trim-spray-paint-400ml'}, {'supplier_ean': '5053249226576', 'amazon_asin': 'B07CZHPQRY', 'supplier_title': '151 Super Maintenance Spray 200ml', 'amazon_title': '151 Products 2X Super Multipurpose Oil - 200ml, 20ml x 10, Bike Chain, Multipurpose, 0.26kg', 'supplier_price': 1.14, 'amazon_price': 5.28, 'match_method': 'EAN', 'confidence': 'high', 'created_at': '2025-07-18T10:40:10.708714', 'supplier_url': 'https://www.poundwholesale.co.uk/supermaintenance-spray-300ml'}, {'supplier_ean': '5050375083813', 'amazon_asin': 'B0DG2QVKZL', 'supplier_title': 'Car Pride Interior Clean & Shine 300ml', 'amazon_title': 'Hoover HF1 Plus Cordless Stick Vacuum Cleaner with Turbo Suction Mode, Up to 45 Min Runtime, LED Lights, Multi-Floor Nozzle, Anti Hair Wrap, Handheld Capability, 165w [HF1P10H]', 'supplier_price': 0.95, 'amazon_price': 99.0, 'match_method': 'EAN', 'confidence': 'high', 'created_at': '2025-07-18T10:41:15.031823', 'supplier_url': 'https://www.poundwholesale.co.uk/interior-clean-shine-300ml'}, {'supplier_ean': '5055319519120', 'amazon_asin': 'B07NJGQFPJ', 'supplier_title': 'Auto Extreme Automotive White Primer Spray Paint 250ml', 'amazon_title': 'Auto Extreme Auto Spray White Primer, 250 ml', 'supplier_price': 0.92, 'amazon_price': 5.19, 'match_method': 'EAN', 'confidence': 'high', 'created_at': '2025-07-18T10:42:08.243130', 'supplier_url': 'https://www.poundwholesale.co.uk/auto-extreme-automotive-white-primer-spray-paint-250ml'}, {'supplier_ean': '5055441449128', 'amazon_asin': 'B0DF3573G7', 'supplier_title': 'Goodyear Microfibre Wash & Dry Cloth Large 40cm', 'amazon_title': 'Goodyear Microfibre Wash and Dry Cloth Large Specially designed microfibre cloth for washing and drying your vehicle |Dual purpose |Microfibres attract more dirt than a normal cloth| Machine washable', 'supplier_price': 0.8, 'amazon_price': 5.03, 'match_method': 'EAN', 'confidence': 'high', 'created_at': '2025-07-18T10:42:56.491855', 'supplier_url': 'https://www.poundwholesale.co.uk/goodyear-microfibre-wash-dry-cloth-large-40cm'}, {'supplier_ean': '5050375084087', 'amazon_asin': 'B004V424UK', 'supplier_title': 'Car Pride Tyre Shine 300ml', 'amazon_title': '151 CAR VAN BIKE TYRE SHINE WET LOOK SPRAY BLACK', 'supplier_price': 0.93, 'amazon_price': 4.2, 'match_method': 'EAN', 'confidence': 'high', 'created_at': '2025-07-18T10:43:52.714822', 'supplier_url': 'https://www.poundwholesale.co.uk/tyre-shine-300ml'}, {'supplier_ean': '5052578042604', 'amazon_asin': 'B089P24HXC', 'supplier_title': 'Bettina Natural Chamois Leather Cloth 30cm X 30cm', 'amazon_title': 'CarMax® English Premium Grade Natural Chamois Leather - Large - Perfect for drying off the whole car, glass, mirrors, inside and out, super soft and highly absorbent, Made in the UK', 'supplier_price': 0.91, 'amazon_price': None, 'match_method': 'EAN', 'confidence': 'high', 'created_at': '2025-07-18T10:44:06.608980', 'supplier_url': 'https://www.poundwholesale.co.uk/bettina-chamois-leather-cloth'}, {'supplier_ean': '5055319512008', 'amazon_asin': 'B0D6N5WJK2', 'supplier_title': 'Auto Extreme Professional Yellow Gloss Brake Caliper Spray Paint 400ml', 'amazon_title': 'AX PRO Break Caliper Spray Yellow Gloss 400ml', 'supplier_price': 2.73, 'amazon_price': 4.87, 'match_method': 'EAN', 'confidence': 'high', 'created_at': '2025-07-18T10:44:49.215843', 'supplier_url': 'https://www.poundwholesale.co.uk/auto-extreme-professional-yellow-gloss-brake-caliper-spray-paint-400ml'}, {'supplier_ean': '5055441452173', 'amazon_asin': 'B0DF358GFW', 'supplier_title': 'Goodyear Microfibre Window Cloth Large 40cm X 40cm', 'amazon_title': 'Goodyear microfibre Window Cloth I Designed Microfiber Cloth for windscreens, windows and mirrors| Statically charged cleaning| Leaves lint free finish| Ideal for effective cleaning of glass surfaces', 'supplier_price': 1.06, 'amazon_price': 1.99, 'match_method': 'EAN', 'confidence': 'high', 'created_at': '2025-07-18T10:45:39.365206', 'supplier_url': 'https://www.poundwholesale.co.uk/goodyear-microfibre-window-cloth-large-40cm-x-40cm'}, {'supplier_ean': '5052578414708', 'amazon_asin': 'B0BG8HY6NL', 'supplier_title': 'Bettina Giant Car Sponge', 'amazon_title': 'Xtremeauto', 'supplier_price': 0.87, 'amazon_price': None, 'match_method': 'EAN', 'confidence': 'high', 'created_at': '2025-07-18T10:45:52.603673', 'supplier_url': 'https://www.poundwholesale.co.uk/bettina-giant-car-sponge'}, {'supplier_ean': '5050375083967', 'amazon_asin': 'B004V423RY', 'supplier_title': 'Car Pride Window & Mirror Cleaner 300ml', 'amazon_title': 'WINDOW MIRROR GLASS CERAMIC CLEANER - NON SMEAR', 'supplier_price': 0.97, 'amazon_price': 4.45, 'match_method': 'EAN_cached', 'confidence': 'low', 'created_at': '2025-07-18T10:45:52.672388', 'supplier_url': 'https://www.poundwholesale.co.uk/window-mirror-cleaner-300ml'}, {'supplier_ean': '5055441444536', 'amazon_asin': 'B0DF33XNMX', 'supplier_title': 'Goodyear Luxury Deep Pile Microfibre 2-In-1 Valet Cloth 45cm X 38cm', 'amazon_title': 'Goodyear Luxury Valet Cloth Large Deep pile for absorbency| For showroom perfect finish |2 in 1 luxury car cloth| Microfibre technology| Cleaning fibre| Satin safety edging protects against scratching', 'supplier_price': 3.02, 'amazon_price': 7.0, 'match_method': 'EAN', 'confidence': 'high', 'created_at': '2025-07-18T10:46:44.263284', 'supplier_url': 'https://www.poundwholesale.co.uk/goodyear-luxury-deep-pile-microfibre-2-in-1-valet-cloth-45cm-x-38cm'}, {'supplier_ean': '5055441446554', 'amazon_asin': 'B0DJWFVY3H', 'supplier_title': 'Goodyear Snow Foam Pre-Wash Shampoo 1l', 'amazon_title': 'Goodyear 1L Snow Foam Cherry Scent Pressure Washer Or Foam Lancer | Covers The Vehicle In A Rich Blanket Of Foam | Gently Loosen Dirt & Heavy Soiling | More Concentrated Solution The Thicker The Foam', 'supplier_price': 2.54, 'amazon_price': 7.99, 'match_method': 'EAN', 'confidence': 'high', 'created_at': '2025-07-18T10:47:33.544513', 'supplier_url': 'https://www.poundwholesale.co.uk/goodyear-cherry-snow-form-pre-wash-shampoo-1l'}, {'supplier_ean': '5055319519021', 'amazon_asin': 'B09FLXRC5F', 'supplier_title': 'Auto Extreme Automotive White Gloss Spray Paint 250ml', 'amazon_title': 'Classic Signature - 1 x Auto Extreme White Gloss Spray Paint 250ml Professional Quality, Perfect Finish for Cars, Bikes,Vans, Metal, Wood', 'supplier_price': 0.92, 'amazon_price': 5.47, 'match_method': 'EAN', 'confidence': 'high', 'created_at': '2025-07-18T10:48:41.581930', 'supplier_url': 'https://www.poundwholesale.co.uk/auto-extreme-automotive-white-gloss-spray-paint-250ml'}, {'supplier_ean': '5055319519274', 'amazon_asin': 'B09F9MVQS1', 'supplier_title': 'Auto Extreme Professional Blue Gloss Spray Paint 400ml', 'amazon_title': 'Classic Signature - 1 x Auto Extreme Blue Gloss Spray Paint 400ml, Professional Quality, Perfect Finish for Cars, Bikes,Vans, Metal, Wood', 'supplier_price': 1.82, 'amazon_price': 6.89, 'match_method': 'EAN', 'confidence': 'high', 'created_at': '2025-07-18T10:49:36.222143', 'supplier_url': 'https://www.poundwholesale.co.uk/auto-extreme-professional-blue-gloss-spray-paint-400ml'}, {'supplier_ean': '5050375127340', 'amazon_asin': 'B076DD8QMP', 'supplier_title': 'Tango Car Air Freshener CDU Assorted Fragrances', 'amazon_title': 'Tango Liquid Car Air Freshener 4pk - Cherry Orange Apple & Lemon', 'supplier_price': 0.74, 'amazon_price': 5.49, 'match_method': 'EAN', 'confidence': 'high', 'created_at': '2025-07-18T10:50:21.970905', 'supplier_url': 'https://www.poundwholesale.co.uk/tango-car-air-freshener-cdu-assorted-fragrances'}, {'supplier_ean': '5055319519243', 'amazon_asin': 'B07NJHJC44', 'supplier_title': 'Auto Extreme Professional Silver Wheel Spray Paint 400ml', 'amazon_title': 'Auto Extreme Silver Wheel, 400 ml', 'supplier_price': 1.82, 'amazon_price': 5.5, 'match_method': 'EAN', 'confidence': 'high', 'created_at': '2025-07-18T10:51:15.720754', 'supplier_url': 'https://www.poundwholesale.co.uk/auto-extreme-professional-silver-wheel-spray-paint-400ml'}, {'supplier_ean': '5055319530798', 'amazon_asin': 'B0BZQ9D3SS', 'supplier_title': 'Auto Extreme Ocean Breeze In-Car Fragrance Air Freshener Spray 100ml', 'amazon_title': 'Car Air Freshener for Men with Vent Clip | Strong Perfume Automotive Air Freshener | Odour Eliminating Technology with Vent Clip | Car Air Fresheners by Perfa', 'supplier_price': 0.65, 'amazon_price': None, 'match_method': 'EAN', 'confidence': 'high', 'created_at': '2025-07-18T10:51:27.401020', 'supplier_url': 'https://www.poundwholesale.co.uk/auto-extreme-ocean-breeze-in-car-fragrance-air-freshener-spray-100ml'}, {'supplier_ean': '5052578047807', 'amazon_asin': 'B0FB44TV8Y', 'supplier_title': 'Bettina Microfibre Ultra Buff Car Cloths 3pc', 'amazon_title': 'Towelogy', 'supplier_price': 1.79, 'amazon_price': None, 'match_method': 'EAN', 'confidence': 'high', 'created_at': '2025-07-18T10:51:38.488644', 'supplier_url': 'https://www.poundwholesale.co.uk/bettina-microfibre-ultra-buff-car-cloths-3pc'}, {'supplier_ean': '5055441446714', 'amazon_asin': 'B0DFPVL488', 'supplier_title': 'Goodyear Silicone Window Squeegee 30cm', 'amazon_title': 'Goodyear Silicone Window Squeegee Ideal For Car Bodywork, Showers, Windows And Other Smooth Surfaces| Soft Silicone Blade| Removes 95% Of Standing Water| V-shaped Grip| Reusable And Long Lasting', 'supplier_price': 1.99, 'amazon_price': 3.99, 'match_method': 'EAN', 'confidence': 'high', 'created_at': '2025-07-18T10:52:28.920921', 'supplier_url': 'https://www.poundwholesale.co.uk/goodyear-silicone-window-squeegee-30cm'}, {'supplier_ean': '5055319528030', 'amazon_asin': 'B0DJM5VWR6', 'supplier_title': 'Rapide DP-60 Penetrating Maintenance Spray 100ml CDU', 'amazon_title': 'PNJB', 'supplier_price': 0.79, 'amazon_price': None, 'match_method': 'EAN', 'confidence': 'high', 'created_at': '2025-07-18T10:52:43.308895', 'supplier_url': 'https://www.poundwholesale.co.uk/rapide-dp-60-penetrating-maintenance-spray-100ml-cdu'}, {'supplier_ean': '5052578047708', 'amazon_asin': 'B09D7HXXXT', 'supplier_title': 'Bettina Assorted Microfibre Car Rags Bag', 'amazon_title': 'MR.SIGA', 'supplier_price': 1.79, 'amazon_price': None, 'match_method': 'EAN', 'confidence': 'high', 'created_at': '2025-07-18T10:52:56.953180', 'supplier_url': 'https://www.poundwholesale.co.uk/bettina-assorted-microfibre-car-rags-bag'}, {'supplier_ean': '8008990001061', 'amazon_asin': 'B00BFXBBHM', 'supplier_title': 'Classic Professional Car Sponge 15cm X 11cm X 5.5cm', 'amazon_title': 'Générique Auto Care – Wash Synthetic Sponge Pro Classic', 'supplier_price': 0.62, 'amazon_price': 3.89, 'match_method': 'EAN', 'confidence': 'high', 'created_at': '2025-07-18T10:53:42.902436', 'supplier_url': 'https://www.poundwholesale.co.uk/classic-professional-car-sponge-15cm-x-11cm-x-5-5cm'}, {'supplier_ean': '5055319529891', 'amazon_asin': 'B0CXN6VDPT', 'supplier_title': 'Rapide Multi Lube Oil Spray 250ml', 'amazon_title': 'Multi Lube Oil Spray High Performance Lubricates Cleans Prevents Rust - 300ml', 'supplier_price': 1.07, 'amazon_price': 5.49, 'match_method': 'EAN', 'confidence': 'high', 'created_at': '2025-07-18T10:54:33.090475', 'supplier_url': 'https://www.poundwholesale.co.uk/rapide-multi-lube-oil-spray-250ml'}, {'supplier_ean': '5055319599559', 'amazon_asin': 'B07NJGVPVQ', 'supplier_title': 'Auto Extreme Professional Chrome Effect Spray Paint 400ml', 'amazon_title': 'Auto Extreme Auto Spray Chrome, 400 ml', 'supplier_price': 2.03, 'amazon_price': 4.99, 'match_method': 'EAN', 'confidence': 'high', 'created_at': '2025-07-18T10:55:42.978833', 'supplier_url': 'https://www.poundwholesale.co.uk/auto-extreme-professional-chrome-effect-spray-paint-400ml'}, {'supplier_ean': '5053249228563', 'amazon_asin': 'B07R97BMMC', 'supplier_title': 'Carpride Alloy Wheel Spray Paint Matt Black', 'amazon_title': 'Car Pride 400ml High Grade Car Alloy Wheel Matt Black Fantastic Finish Surface Aerosol Spray Paint Can', 'supplier_price': 1.67, 'amazon_price': 5.69, 'match_method': 'EAN', 'confidence': 'high', 'created_at': '2025-07-18T10:56:35.936258', 'supplier_url': 'https://www.poundwholesale.co.uk/carpride-alloy-wheel-spray-paint-matt-black'}, {'supplier_ean': '5055319519045', 'amazon_asin': 'B07NJFYFZR', 'supplier_title': 'Auto Extreme Silver Wheel Spray Paint 250ml', 'amazon_title': 'Auto Extreme Auto Spray Silver Wheel, 250 ml', 'supplier_price': 0.92, 'amazon_price': 4.5, 'match_method': 'EAN', 'confidence': 'high', 'created_at': '2025-07-18T10:57:32.469691', 'supplier_url': 'https://www.poundwholesale.co.uk/auto-extreme-silver-wheel-spray-paint-250ml'}, {'supplier_ean': '5055319519212', 'amazon_asin': 'B09DYXN6YF', 'supplier_title': 'Auto Extreme Professional Black Gloss Spray Paint 400ml', 'amazon_title': 'Classic Signature - 1 x Auto Extreme Black Gloss Spray Paint 400ml, Professional Quality, Perfect Finish for Cars, Bikes,Vans, Metal, Wood', 'supplier_price': 1.82, 'amazon_price': 6.89, 'match_method': 'EAN', 'confidence': 'high', 'created_at': '2025-07-18T10:58:29.850682', 'supplier_url': 'https://www.poundwholesale.co.uk/auto-extreme-professional-black-gloss-spray-paint-400ml'}, {'supplier_ean': '5056170362405', 'amazon_asin': 'B006UCJ5NU', 'supplier_title': 'Bloc Multipurpose Penetrating Maintenance Spray 250ml', 'amazon_title': 'WD-40 Specialist', 'supplier_price': 1.03, 'amazon_price': None, 'match_method': 'EAN', 'confidence': 'high', 'created_at': '2025-07-18T10:58:41.438173', 'supplier_url': 'https://www.poundwholesale.co.uk/bloc-multipurpose-penetrating-maintenance-spray-250ml'}, {'supplier_ean': '5055319519106', 'amazon_asin': 'B09FLX734G', 'supplier_title': 'Auto Extreme Automotive Black Satin Spray Paint 250ml', 'amazon_title': 'Classic Signature - 1 x Black Satin Auto Extreme Spray Paint 250ml Professional Quality, Perfect Finish for Cars, Bikes,Vans, Metal, Wood', 'supplier_price': 0.92, 'amazon_price': 5.47, 'match_method': 'EAN', 'confidence': 'high', 'created_at': '2025-07-18T10:59:37.654163', 'supplier_url': 'https://www.poundwholesale.co.uk/auto-extreme-automotive-black-satin-spray-paint-250ml'}, {'supplier_ean': '5053249248677', 'amazon_asin': 'B000LD4V2E', 'supplier_title': 'Car Pride Black Gloss Spray Paint 400ml', 'amazon_title': 'Hycote', 'supplier_price': 1.73, 'amazon_price': None, 'match_method': 'EAN', 'confidence': 'high', 'created_at': '2025-07-18T10:59:51.150021', 'supplier_url': 'https://www.poundwholesale.co.uk/car-pride-black-gloss-spray-paint-400ml'}, {'supplier_ean': '5050375064300', 'amazon_asin': 'B01M0JVPJD', 'supplier_title': 'Car-Pride Quick Fix Tyre Repair 300ml', 'amazon_title': '2 X QUICK FIX CAR EMERGENCY FLAT TYRE INFLATE PUNCTURE REPAIR KIT', 'supplier_price': 1.77, 'amazon_price': 7.74, 'match_method': 'EAN', 'confidence': 'high', 'created_at': '2025-07-18T11:00:47.582374', 'supplier_url': 'https://www.poundwholesale.co.uk/quick-fix-tyre-repair'}, {'supplier_ean': '5055441446530', 'amazon_asin': 'B0993N1H9T', 'supplier_title': 'Goodyear Car Cockpit Cleaner 750ml', 'amazon_title': 'Goodyear Cockpit Cleaner 750ml- Effectively Cleans Dirt, Dust And Grime From the Dashboard And Surroundings| Protects Against Water And Dust Helping to Leave a Showroom Shine| Spray Weight 820g', 'supplier_price': 1.39, 'amazon_price': 5.13, 'match_method': 'EAN', 'confidence': 'high', 'created_at': '2025-07-18T11:01:48.222908', 'supplier_url': 'https://www.poundwholesale.co.uk/goodyear-cherry-scent-car-cockpit-cleaner-750ml'}, {'supplier_ean': '5055319519281', 'amazon_asin': 'B07NJGV658', 'supplier_title': 'Auto Extreme Professional Yellow Gloss Spray Paint 400ml', 'amazon_title': 'Auto Extreme Auto Extreme Yellow, 400 ml', 'supplier_price': 1.96, 'amazon_price': 5.49, 'match_method': 'EAN', 'confidence': 'high', 'created_at': '2025-07-18T11:02:38.788885', 'supplier_url': 'https://www.poundwholesale.co.uk/auto-extreme-professional-yellow-gloss-spray-paint-400ml'}, {'supplier_ean': '5056175980970', 'amazon_asin': 'B095HTD46T', 'supplier_title': 'Auto Extras Jar Candle Air Freshener 3 Pack Assorted', 'amazon_title': 'CRISTALINAS', 'supplier_price': 0.54, 'amazon_price': None, 'match_method': 'EAN', 'confidence': 'high', 'created_at': '2025-07-18T11:02:51.951099', 'supplier_url': 'https://www.poundwholesale.co.uk/auto-extras-jar-candle-air-freshener-3-pack-assorted'}, {'supplier_ean': '5055319529914', 'amazon_asin': 'B07XZF187M', 'supplier_title': 'Rapide PTFE Lubricant Spray 250ml', 'amazon_title': 'Rapide 300ml PTFE Grease Aerosol Spray Lubricant Can Chains Belts Cables Oil', 'supplier_price': 1.07, 'amazon_price': 4.99, 'match_method': 'EAN', 'confidence': 'high', 'created_at': '2025-07-18T11:03:38.329354', 'supplier_url': 'https://www.poundwholesale.co.uk/rapide-ptfe-lubricant-spray-250ml'}, {'supplier_ean': '5055441449203', 'amazon_asin': 'B0D12237Y2', 'supplier_title': 'Goodyear Expanding Car Cleaning Sponge', 'amazon_title': 'Goodyear Tyre and Wheel Deep Cleaning Multi-Purpose Brush | Ideal for Vehicle Tyres | Ergonomic L-Style Handle | Wide Curved Brush Head Covers Larger Surface | Removes Dirt and Grime', 'supplier_price': 0.72, 'amazon_price': 0.99, 'match_method': 'EAN', 'confidence': 'high', 'created_at': '2025-07-18T11:04:31.759859', 'supplier_url': 'https://www.poundwholesale.co.uk/goodyear-expanding-car-cleaning-sponge'}, {'supplier_ean': '5053249229768', 'amazon_asin': 'B0BZQ8C6CS', 'supplier_title': 'Chupa Chups Car Air Fresheners CDU Assorted Fragrances', 'amazon_title': 'One Million Car Air Freshener for Men | Strong Perfume Automotive Freshener | Odour Eliminating Technology with Vent Clip | Long Lasting Car Air Freshener by Perfa', 'supplier_price': 0.87, 'amazon_price': None, 'match_method': 'EAN', 'confidence': 'high', 'created_at': '2025-07-18T11:04:43.364574', 'supplier_url': 'https://www.poundwholesale.co.uk/chupa-chups-car-air-fresheners-cdu-assorted-fragrances'}, {'supplier_ean': '5050375002197', 'amazon_asin': 'B01MQHS127', 'supplier_title': 'Car Pride Stitched Natural Chamois Leather', 'amazon_title': '151 NATURAL CHAMOIS LEATHER', 'supplier_price': 0.85, 'amazon_price': 3.19, 'match_method': 'EAN', 'confidence': 'high', 'created_at': '2025-07-18T11:06:00.876295', 'supplier_url': 'https://www.poundwholesale.co.uk/stitched-natural-chamois-leather'}, {'supplier_ean': '5055441446431', 'amazon_asin': 'B0992QG9QK', 'supplier_title': 'Goodyear Instant Valet Upholstery Cleaner 750ml', 'amazon_title': 'GOODYEAR INSTANT VALET UPHOLSTERY CLEANER SPRAY 750ML', 'supplier_price': 1.4, 'amazon_price': 5.27, 'match_method': 'EAN', 'confidence': 'high', 'created_at': '2025-07-18T11:06:52.375016', 'supplier_url': 'https://www.poundwholesale.co.uk/goodyear-instant-valet-upholstery-cleaner-750ml'}, {'supplier_ean': '5053249245751', 'amazon_asin': 'B0BLL3XTRB', 'supplier_title': 'Car Pride Clean & Dry Microfibre Cloth', 'amazon_title': 'CARPRIDE® Clean and Dry Microfibre Cloth | For Car Exterior and Interior | 30 x 30 cm | Brown', 'supplier_price': 0.76, 'amazon_price': 2.95, 'match_method': 'EAN', 'confidence': 'high', 'created_at': '2025-07-18T11:07:43.161406', 'supplier_url': 'https://www.poundwholesale.co.uk/car-pride-clean-dry-microfibre-cloth'}, {'supplier_ean': '8008990001047', 'amazon_asin': 'B0DJFRHQ3H', 'supplier_title': 'Flash Car Synthetic Chamois Large', 'amazon_title': 'FLASH', 'supplier_price': 1.42, 'amazon_price': None, 'match_method': 'EAN', 'confidence': 'high', 'created_at': '2025-07-18T11:08:10.161535', 'supplier_url': 'https://www.poundwholesale.co.uk/flash-car-synthetic-chamois-large'}, {'supplier_ean': '5050375084148', 'amazon_asin': 'B07FRGHHQR', 'supplier_title': 'Car Pride Black Pack 300ml', 'amazon_title': 'Car Pride Black Pack Spray For Plastic Bumper & Exterior Trim Restorer 300ml', 'supplier_price': 0.93, 'amazon_price': 4.49, 'match_method': 'EAN_cached', 'confidence': 'low', 'created_at': '2025-07-18T11:08:10.231134', 'supplier_url': 'https://www.poundwholesale.co.uk/black-pack-300ml'}, {'supplier_ean': '5055319519311', 'amazon_asin': 'B07NJH9XCY', 'supplier_title': 'Auto Extreme Professional Racing Green Gloss Spray Paint 400ml', 'amazon_title': 'Auto Extreme Racing Green, 400 ml', 'supplier_price': 1.96, 'amazon_price': 5.65, 'match_method': 'EAN', 'confidence': 'high', 'created_at': '2025-07-18T11:09:04.876820', 'supplier_url': 'https://www.poundwholesale.co.uk/auto-extreme-professional-racing-green-gloss-spray-paint-400ml'}, {'supplier_ean': '5055319519137', 'amazon_asin': 'B07NJFXL6R', 'supplier_title': 'Auto Extreme Red Primer Spray Paint 250ml', 'amazon_title': 'Auto Extreme Auto Spray Red Primer, 250 ml', 'supplier_price': 0.92, 'amazon_price': 4.35, 'match_method': 'EAN', 'confidence': 'high', 'created_at': '2025-07-18T11:09:55.460107', 'supplier_url': 'https://www.poundwholesale.co.uk/mean-machine-auto-spray-red-primer-250ml'}, {'supplier_ean': '5038673050010', 'amazon_asin': 'B0FC6D5VDG', 'supplier_title': 'Portable Wet & Dry Auto Vacuum Cleaner', 'amazon_title': 'HYCHIKA 3 in 1 Wet and Dry Vacuum Cleaner, Power: 1200 W, 20 L Stainless Steel Tank, 6 M+ Cleaning Range (2.5 M Power Cores + 3.5 M Soft & Hard Hose), for Garden Outdoor Floor Sofa Cleaning', 'supplier_price': 10.18, 'amazon_price': None, 'match_method': 'EAN', 'confidence': 'high', 'created_at': '2025-07-18T11:10:08.518609', 'supplier_url': 'https://www.poundwholesale.co.uk/portable-wet-dry-auto-vacuum-cleaner'}, {'supplier_ean': '5052578034708', 'amazon_asin': 'B0CKTH6LDT', 'supplier_title': 'Bettina Microfibre Car Cloths 2 Pack', 'amazon_title': 'CarMax® - Original Twisted Loop Car Drying Towel - Double-Sided XXL - 90cm x 60cm 1400gsm Microfibre Towel for fast streak-free drying and detailing.', 'supplier_price': 0.79, 'amazon_price': 17.99, 'match_method': 'EAN_cached', 'confidence': 'low', 'created_at': '2025-07-18T11:10:08.580003', 'supplier_url': 'https://www.poundwholesale.co.uk/3pc-micro-fibre-car-cloths-highly-effective-wet-or-dry'}, {'supplier_ean': '5055441449142', 'amazon_asin': 'B0DF343YX8', 'supplier_title': 'Goodyear Microfibre Dusting Cloth Large 60cm X 40cm', 'amazon_title': 'Goodyear Microfibre Dusting Cloth I Specially designed microfibre cloth for windscreens, windows and mirrors | Statically charged cleaning fibres attract dust | Leaves a lint free finish | 60m x 40cm', 'supplier_price': 0.85, 'amazon_price': 1.99, 'match_method': 'EAN', 'confidence': 'high', 'created_at': '2025-07-18T11:10:57.177704', 'supplier_url': 'https://www.poundwholesale.co.uk/goodyear-microfibre-dusting-cloth-large-60cm-x-40cm'}, {'supplier_ean': '5055441449180', 'amazon_asin': 'B0D3JDFZJC', 'supplier_title': 'Goodyear Microfibre Car Cloth Set 4 Pack', 'amazon_title': 'Goodyear 4PC Microfibre Cloth Set- microfibre cloths for cleaning your vehicle | Cleaning fibres attract dust | Showroom finish | Machine washable | Dashboard, Buffing, Window cloth | Wash and drying', 'supplier_price': 2.59, 'amazon_price': 4.99, 'match_method': 'EAN', 'confidence': 'high', 'created_at': '2025-07-18T11:11:46.340949', 'supplier_url': 'https://www.poundwholesale.co.uk/goodyear-microfibre-car-cloth-set-4-pack'}, {'supplier_ean': '5055441449104', 'amazon_asin': 'B0DH8C367V', 'supplier_title': 'Goodyear Synthetic Chamois Cloth', 'amazon_title': 'Goodyear Synthetic Chamois -natural Chamois, Super Absorbent, Streak And Scratch Free, With A Greater Tolerance To Modern Car Cleaners| Stays Soft When Drying| Extra Large 72cm x 50cm|Machine Washable', 'supplier_price': 1.9, 'amazon_price': 2.99, 'match_method': 'EAN', 'confidence': 'high', 'created_at': '2025-07-18T11:12:43.381337', 'supplier_url': 'https://www.poundwholesale.co.uk/goodyear-synthetic-chamois-cloth'}, {'supplier_ean': '5055319530736', 'amazon_asin': 'B084VTS1NV', 'supplier_title': 'Auto Extreme Fresh Linen In-Car Fragrance Air Freshener Spray 100ml', 'amazon_title': 'Air Freshener Spray Concentrated Long Lasting Oil Based (New Car)', 'supplier_price': 0.65, 'amazon_price': None, 'match_method': 'EAN', 'confidence': 'high', 'created_at': '2025-07-18T11:12:55.532920', 'supplier_url': 'https://www.poundwholesale.co.uk/auto-extreme-fresh-linen-in-car-fragrance-air-freshener-spray-100ml'}, {'supplier_ean': '5055319519076', 'amazon_asin': 'B09FLX3QXD', 'supplier_title': 'Auto Extreme Automotive Red Gloss Spray Paint 250ml', 'amazon_title': 'Classic Signature - 1 x Auto Extreme Red Gloss Spray Paint 250ml, Professional Quality, Perfect Finish for Cars, Bikes,Vans, Metal, Wood', 'supplier_price': 0.92, 'amazon_price': 5.47, 'match_method': 'EAN', 'confidence': 'high', 'created_at': '2025-07-18T11:13:48.220197', 'supplier_url': 'https://www.poundwholesale.co.uk/auto-extreme-automotive-red-gloss-spray-paint-250ml'}, {'supplier_ean': '5050375003620', 'amazon_asin': 'B0DG2QVKZL', 'supplier_title': 'Car Pride Luxury Natural Chamois Leather', 'amazon_title': 'Hoover HF1 Plus Cordless Stick Vacuum Cleaner with Turbo Suction Mode, Up to 45 Min Runtime, LED Lights, Multi-Floor Nozzle, Anti Hair Wrap, Handheld Capability, 165w [HF1P10H]', 'supplier_price': 1.41, 'amazon_price': 99.0, 'match_method': 'EAN', 'confidence': 'high', 'created_at': '2025-07-18T11:14:56.832846', 'supplier_url': 'https://www.poundwholesale.co.uk/car-pride-luxury-natural-chamois-leather'}, {'supplier_ean': '00994743', 'amazon_asin': 'B0CCVFJ94Z', 'supplier_title': 'Wilko Ready To Use Screenwash 5l', 'amazon_title': 'Rain-X', 'supplier_price': 1.42, 'amazon_price': None, 'match_method': 'EAN', 'confidence': 'high', 'created_at': '2025-07-18T11:15:10.531582', 'supplier_url': 'https://www.poundwholesale.co.uk/wilko-ready-to-use-screenwash-5l'}, {'supplier_ean': '5055319556668', 'amazon_asin': 'B0BC1D6KPG', 'supplier_title': 'Auto Extreme Car Upholstery Brush 14cm X 6.5cm', 'amazon_title': '15° Curved Car Cleaning Brush with Telescopic Handle 43" Aluminum Alloy Long Rod Wash Mop For Washing Caravan Van Truck Boat RV Roof Soft Chenille Head Duster Clean Product Not Hurt Paint Scratch Free', 'supplier_price': 0.97, 'amazon_price': None, 'match_method': 'EAN', 'confidence': 'high', 'created_at': '2025-07-18T11:15:22.281479', 'supplier_url': 'https://www.poundwholesale.co.uk/auto-extreme-car-upholstery-brush-14cm-x-6-5cm'}, {'supplier_ean': '5050375083783', 'amazon_asin': 'B00A3T5F2G', 'supplier_title': 'Car Pride Instant Valet 300ml', 'amazon_title': 'Carpride Instant Valet Aerosol Spray 300ml', 'supplier_price': 0.97, 'amazon_price': 4.09, 'match_method': 'EAN_cached', 'confidence': 'low', 'created_at': '2025-07-18T11:15:22.357739', 'supplier_url': 'https://www.poundwholesale.co.uk/instant-valet-300ml'}, {'supplier_ean': '5055319512213', 'amazon_asin': 'B0F9329VCL', 'supplier_title': 'Auto Extreme Car Air Freshener Assorted Fragrances Clip Strip', 'amazon_title': 'Automizer - Creed Car Air Freshener for Men - Smart Car Air Freshener Diffuser Aventus Inspired Automatic On/Off Refillable Air Freshner, Gifts for Men/Women', 'supplier_price': 0.27, 'amazon_price': None, 'match_method': 'EAN', 'confidence': 'high', 'created_at': '2025-07-18T11:15:36.157612', 'supplier_url': 'https://www.poundwholesale.co.uk/auto-extreme-car-air-freshener-assorted-fragrances-clip-strip'}, {'supplier_ean': '5053249256832', 'amazon_asin': 'B0D2HLTZ4Q', 'supplier_title': 'Car Pride All Seasons Screen Wash Tablets 2pc', 'amazon_title': 'Screenwash Tablets For Cars, 100 Pcs Car Windshield Wash Tablets, Concentrated Screenwash Washer Fluid Car Window Cleaning Tablets for Metal, Plastic, Window Glass, Look Completely New', 'supplier_price': 0.74, 'amazon_price': None, 'match_method': 'EAN', 'confidence': 'high', 'created_at': '2025-07-18T11:15:50.415052', 'supplier_url': 'https://www.poundwholesale.co.uk/car-pride-all-seasons-screen-wash-tablets-2pc'}, {'supplier_ean': '5055056731861', 'amazon_asin': 'B09LHF2V7G', 'supplier_title': 'Guilty Pleasures Chocolate Chip Cookie 3D Car Air Freshener', 'amazon_title': 'Guilty Pleasures 3D Choc Cookie CAR FRESHENER', 'supplier_price': 0.38, 'amazon_price': 3.99, 'match_method': 'EAN', 'confidence': 'high', 'created_at': '2025-07-18T11:16:51.336470', 'supplier_url': 'https://www.poundwholesale.co.uk/guilty-pleasures-chocolate-chip-cookie-3d-air-freshener'}, {'supplier_ean': '5055441446479', 'amazon_asin': 'B0993YCZWB', 'supplier_title': 'Goodyear Fresh Fragrance Glass & Mirror Cleaner 750ml', 'amazon_title': 'Goodyear Glass & Mirror Cleaner 750ml - For a streak-free finish | Effective cleaner for car windscreens, side window, wing mirrors & rear view mirror | Suitable for rain sensor and acrylic windows', 'supplier_price': 1.36, 'amazon_price': 5.74, 'match_method': 'EAN', 'confidence': 'high', 'created_at': '2025-07-18T11:18:10.194551', 'supplier_url': 'https://www.poundwholesale.co.uk/goodyear-fresh-fragrance-glass-mirror-cleaner-750ml'}, {'supplier_ean': '5055441446455', 'amazon_asin': 'B0993N4XMC', 'supplier_title': 'Goodyear Back-To-Black Bumper & Trim Plastic Restorer 750ml', 'amazon_title': 'Goodyear Bumper and Trim Restorer 750ml-back to Black| Helps Bumper and Trim Plastic Look Like New| Restores, Protects and Shines| Long Lasting Gloss Finish| Suitable for All Exterior Plastics', 'supplier_price': 1.4, 'amazon_price': 4.89, 'match_method': 'EAN', 'confidence': 'high', 'created_at': '2025-07-18T11:19:05.192693', 'supplier_url': 'https://www.poundwholesale.co.uk/goodyear-black-bumper-trim-plastic-restorer-750ml'}, {'supplier_ean': '5015302400262', 'amazon_asin': 'B0B4R5265Z', 'supplier_title': 'Coco & Gray Assorted Colour Synthetic Chamois Cloths 3 Pack', 'amazon_title': 'Airlab', 'supplier_price': 0.64, 'amazon_price': None, 'match_method': 'EAN', 'confidence': 'high', 'created_at': '2025-07-18T11:19:19.017457', 'supplier_url': 'https://www.poundwholesale.co.uk/royle-shammy-pack-3'}, {'supplier_ean': '5055319519304', 'amazon_asin': 'B09F9N1DW9', 'supplier_title': 'Auto Extreme Professional Silver Body Spray Paint 400ml', 'amazon_title': 'Classic Signature - 1 x Auto Extreme Silver Body Spray Paint 400ml Professional Quality, Perfect Finish for Cars, Bikes,Vans, Metal, Wood', 'supplier_price': 1.82, 'amazon_price': 6.89, 'match_method': 'EAN', 'confidence': 'high', 'created_at': '2025-07-18T11:20:10.249623', 'supplier_url': 'https://www.poundwholesale.co.uk/auto-extreme-professional-silver-body-spray-paint-400ml'}, {'supplier_ean': '5053249200743', 'amazon_asin': 'B0DY5MX94X', 'supplier_title': 'Tango Card Car Air Freshener 2 Pack CDU Assorted Fragrances', 'amazon_title': 'Luxury Car Fragrance Gift Set, 2 Glass Car Diffusers, 2 x 30ml Refills, 2 x Vent Clips, 10 ml Interior Fabric Spray, Strong Fragrance, (Crede)', 'supplier_price': 0.74, 'amazon_price': None, 'match_method': 'EAN', 'confidence': 'high', 'created_at': '2025-07-18T11:20:38.365789', 'supplier_url': 'https://www.poundwholesale.co.uk/tango-card-car-air-freshener-2-pack-cdu-assorted-fragrances'}, {'supplier_ean': '5056175980963', 'amazon_asin': 'B0FH9LCRSZ', 'supplier_title': 'Auto Extras Jelly Baby Air Freshener Assorted', 'amazon_title': 'Car Air Freshener Aromatherapy Balm Long Lasting Fragrance Non-spill Solid 3D Tomato Shaped Travel Size Scented Balm 100g Eliminate Odor for Bedroom Toliet Elitzia ETAP2815', 'supplier_price': 0.65, 'amazon_price': None, 'match_method': 'EAN', 'confidence': 'high', 'created_at': '2025-07-18T11:20:51.448024', 'supplier_url': 'https://www.poundwholesale.co.uk/auto-extras-jelly-baby-air-freshener-assorted'}, {'supplier_ean': '5055319519298', 'amazon_asin': 'B07NJH3Q91', 'supplier_title': 'Auto Extreme Professional Black Satin Spray Paint 400ml', 'amazon_title': 'Auto Extreme Auto Extreme Black Satin, 400 ml', 'supplier_price': 1.82, 'amazon_price': 5.49, 'match_method': 'EAN', 'confidence': 'high', 'created_at': '2025-07-18T11:21:47.219390', 'supplier_url': 'https://www.poundwholesale.co.uk/auto-extreme-professional-black-satin-spray-paint-400ml'}, {'supplier_ean': '5055056770815', 'amazon_asin': 'B0BZQC1VY6', 'supplier_title': 'Millions Cola 3D Car Air Freshener', 'amazon_title': 'Creed Car Air Freshener for Men | Aventos Perfume Inspired Car Fragrances | Strong Freshener with Odour Eliminator Technology | Creed Automotive Air Freshener | GREED Scent by Perfa', 'supplier_price': 0.38, 'amazon_price': None, 'match_method': 'EAN', 'confidence': 'high', 'created_at': '2025-07-18T11:22:00.417347', 'supplier_url': 'https://www.poundwholesale.co.uk/millions-cola-3d-car-air-freshener'}, {'supplier_ean': '5052578015608', 'amazon_asin': 'B0DHXJ3Y9T', 'supplier_title': 'Bettina Car Sponges 3 Pack', 'amazon_title': '3 Pack Car Sponges,Jumbo Sponges For Car Cleaning,Anti Scratch Technology for Car Exterior & Window Washing- Perfect For Wheels, Windscreen & Bodywork (3 PCS (Yellow))', 'supplier_price': 0.84, 'amazon_price': 7.99, 'match_method': 'EAN_cached', 'confidence': 'low', 'created_at': '2025-07-18T11:22:00.495119', 'supplier_url': 'https://www.poundwholesale.co.uk/bettina-car-sponges-3-pack'}, {'supplier_ean': '5038673050010', 'amazon_asin': 'B0FC6D5VDG', 'supplier_title': 'Roadster Car Vacuum Cleaner 12V', 'amazon_title': 'HYCHIKA 3 in 1 Wet and Dry Vacuum Cleaner, Power: 1200 W, 20 L Stainless Steel Tank, 6 M+ Cleaning Range (2.5 M Power Cores + 3.5 M Soft & Hard Hose), for Garden Outdoor Floor Sofa Cleaning', 'supplier_price': 5.28, 'amazon_price': None, 'match_method': 'EAN_cached', 'confidence': 'low', 'created_at': '2025-07-18T11:22:00.576434', 'supplier_url': 'https://www.poundwholesale.co.uk/roadster-car-vacuum-cleaner-12v'}, {'supplier_ean': '5050375083752', 'amazon_asin': 'B01C4S4876', 'supplier_title': 'Car Pride Alloy Wheel Cleaner 300ml', 'amazon_title': 'Car Pride Wheel Clean, 300ml', 'supplier_price': 0.97, 'amazon_price': 4.05, 'match_method': 'EAN_cached', 'confidence': 'low', 'created_at': '2025-07-18T11:22:00.651582', 'supplier_url': 'https://www.poundwholesale.co.uk/alloy-wheel-cleaner'}, {'supplier_ean': '5055441452357', 'amazon_asin': 'B0DFPVGFZ4', 'supplier_title': 'Goodyear Extendable Car Windscreen Washer Squeegee Sponge Cleaner', 'amazon_title': 'Goodyear 2 In 1 Window Squeegee Flexible Rubber Blade| Netted Sponge Scrubber| Multi-purpose And Easy To Use| Non - Scratch| Ideal For Cleaning Windows And Windscreens| Compact Design, Easy Storage', 'supplier_price': 1.76, 'amazon_price': 2.99, 'match_method': 'EAN', 'confidence': 'high', 'created_at': '2025-07-18T11:22:54.109374', 'supplier_url': 'https://www.poundwholesale.co.uk/goodyear-extendable-car-windscreen-washer-squeegee-sponge-cleaner'}, {'supplier_ean': '5055257813090', 'amazon_asin': 'B0FH9LCRSZ', 'supplier_title': 'Fragranced Fruit Shaped Car Air Freshener', 'amazon_title': 'Car Air Freshener Aromatherapy Balm Long Lasting Fragrance Non-spill Solid 3D Tomato Shaped Travel Size Scented Balm 100g Eliminate Odor for Bedroom Toliet Elitzia ETAP2815', 'supplier_price': 0.6, 'amazon_price': None, 'match_method': 'EAN', 'confidence': 'high', 'created_at': '2025-07-18T11:23:05.509024', 'supplier_url': 'https://www.poundwholesale.co.uk/fragranced-fruit-shaped-car-air-freshener'}, {'supplier_ean': '5055319510615', 'amazon_asin': 'B0C49F6NG6', 'supplier_title': 'Auto Extreme Professional Petrol-Resistant Lacquer Clear Spray 400ml', 'amazon_title': 'Ozeino Wireless Gaming Headset, Compatible with PC Ps5 Ps4 Boasts 2.4GHz Lossless Audio, USB & Type-C, Flip Microphone and 40-Hr Battery - Suited for Switch, Laptop, Mac', 'supplier_price': 1.89, 'amazon_price': 23.11, 'match_method': 'EAN', 'confidence': 'high', 'created_at': '2025-07-18T11:24:21.169341', 'supplier_url': 'https://www.poundwholesale.co.uk/auto-extreme-professional-petrol-resistant-lacquer-clear-spray-400ml'}, {'supplier_ean': '5053249271453', 'amazon_asin': 'B0CHTHYL58', 'supplier_title': 'Car-Pride Biodegradable Interior Clean & Shine Wipes 30 Pack', 'amazon_title': 'AMK', 'supplier_price': 0.65, 'amazon_price': None, 'match_method': 'EAN', 'confidence': 'high', 'created_at': '2025-07-18T11:24:44.743060', 'supplier_url': 'https://www.poundwholesale.co.uk/car-pride-interior-clean-shine-wipes-30-pack'}, {'supplier_ean': '5055319519267', 'amazon_asin': 'B07NJGB772', 'supplier_title': 'Auto Extreme Professional Red Gloss Spray Paint 400ml', 'amazon_title': 'Auto Extreme Auto Extreme Red, 400 ml', 'supplier_price': 1.82, 'amazon_price': 5.79, 'match_method': 'EAN', 'confidence': 'high', 'created_at': '2025-07-18T11:25:35.589009', 'supplier_url': 'https://www.poundwholesale.co.uk/auto-extreme-professional-red-gloss-spray-paint-400ml'}, {'supplier_ean': '5056175987832', 'amazon_asin': 'B0BSFN7BK9', 'supplier_title': 'Bloome Gel Boat Air Freshener 150G Assorted Fragrance', 'amazon_title': 'SOL', 'supplier_price': 0.46, 'amazon_price': None, 'match_method': 'EAN', 'confidence': 'high', 'created_at': '2025-07-18T11:25:49.342872', 'supplier_url': 'https://www.poundwholesale.co.uk/bloome-gel-boat-air-freshener-150g-assorted-fragrance'}, {'supplier_ean': '5055441445021', 'amazon_asin': 'B0DJFGKQTJ', 'supplier_title': 'Dekton Tri-Extending Wash Brush 3m', 'amazon_title': 'Dekton Heavy Duty Tri-Extending Wash Brush | Long Reach Water Fed Brush for Cars, Boats, & More | Ergonomic Foam Grip | Soft Bristles Prevent Scratching | Telescopic Design Extends to 3 Metres', 'supplier_price': 13.64, 'amazon_price': 25.06, 'match_method': 'EAN', 'confidence': 'high', 'created_at': '2025-07-18T11:26:42.138251', 'supplier_url': 'https://www.poundwholesale.co.uk/dekton-tri-extending-wash-brush-3m'}, {'supplier_ean': '5038673410692', 'amazon_asin': 'B0DPX1HRM6', 'supplier_title': 'Car Air Fresheners Fruit Assorted CDU', 'amazon_title': 'Q QXUNMU', 'supplier_price': 0.34, 'amazon_price': None, 'match_method': 'EAN', 'confidence': 'high', 'created_at': '2025-07-18T11:26:57.017565', 'supplier_url': 'https://www.poundwholesale.co.uk/car-air-fresheners-fruit-assorted-cdu'}, {'supplier_ean': '5055441452319', 'amazon_asin': 'B0DJT8DYF6', 'supplier_title': 'Goodyear Wax Applicator Pad Set 3pc', 'amazon_title': 'Goodyear 3pc Applicator Set Specially Designed Microfiber Pad For Cleaning Your Vehicle|Ideal For Polishing And Waxing Of Painted Surfaces|Thick Microfiber Evenly Distributes Pressure For Application', 'supplier_price': 1.99, 'amazon_price': 2.99, 'match_method': 'EAN', 'confidence': 'high', 'created_at': '2025-07-18T11:27:44.877336', 'supplier_url': 'https://www.poundwholesale.co.uk/goodyear-wax-applicator-pad-set-3pc'}, {'supplier_ean': '5055441421902', 'amazon_asin': 'B0CZYRJ8ZX', 'supplier_title': 'Goodyear 2-In-1 Noodle Wash Mitt', 'amazon_title': 'Goodyear 2 In 1 Noodle Wash Mitt Extra Long Handle With Pivoting Head For Easy Reach All Around Your Windscreen | Microfiber Pad For Ultimate Cleaning | Excellent For Quick Defogging And Cleaning', 'supplier_price': 2.06, 'amazon_price': 5.29, 'match_method': 'EAN', 'confidence': 'high', 'created_at': '2025-07-18T11:28:33.825517', 'supplier_url': 'https://www.poundwholesale.co.uk/goodyear-2-in-1-noodle-wash-mitt'}, {'supplier_ean': '5052578611800', 'amazon_asin': 'B0BG8HY6NL', 'supplier_title': 'Bettina Comfortable Grip Jumbo Car Sponge', 'amazon_title': 'Xtremeauto', 'supplier_price': 0.6, 'amazon_price': None, 'match_method': 'EAN', 'confidence': 'high', 'created_at': '2025-07-18T11:28:47.461587', 'supplier_url': 'https://www.poundwholesale.co.uk/jumbo-car-sponge-with-comfortable-grip'}, {'supplier_ean': '5055441449227', 'amazon_asin': 'B0DFMH5XX9', 'supplier_title': 'Goodyear 2-In-1 Microfibre Drying Towel Xl 80cm X 60cm', 'amazon_title': 'Goodyear Microfiber Drying Towel Xl Deep Pile For Extra Absorbency| Microfiber Technology| Cleaning Fiber Attracts Dust |satin Safety Edging Protects Against Scratching| Extra Absorbency Free Finish', 'supplier_price': 2.21, 'amazon_price': 3.99, 'match_method': 'EAN', 'confidence': 'high', 'created_at': '2025-07-18T11:29:40.530652', 'supplier_url': 'https://www.poundwholesale.co.uk/goodyear-2-in-1-microfibre-drying-towel-xl-80cm-x-60cm'}, {'supplier_ean': '5055319530743', 'amazon_asin': 'B084VTS1NV', 'supplier_title': 'Auto Extreme Cedar Wood In-Car Fragrance Air Freshener Spray 100ml', 'amazon_title': 'Air Freshener Spray Concentrated Long Lasting Oil Based (New Car)', 'supplier_price': 0.65, 'amazon_price': None, 'match_method': 'EAN', 'confidence': 'high', 'created_at': '2025-07-18T11:29:54.290257', 'supplier_url': 'https://www.poundwholesale.co.uk/auto-extreme-cedar-wood-in-car-fragrance-air-freshener-spray-100ml'}, {'supplier_ean': '5055319519007', 'amazon_asin': 'B01FXX9AJA', 'supplier_title': 'Auto Extreme Automotive Black Matt Spray Paint 250ml', 'amazon_title': 'Black Matt Aerosol Spray Cans 250ml Car Auto Extreme Spray Paint (6)', 'supplier_price': 0.92, 'amazon_price': 9.95, 'match_method': 'EAN', 'confidence': 'high', 'created_at': '2025-07-18T11:30:50.315219', 'supplier_url': 'https://www.poundwholesale.co.uk/auto-extreme-automotive-black-matt-spray-paint-250ml'}, {'supplier_ean': '5055441449982', 'amazon_asin': 'B0DJH4WTZ5', 'supplier_title': 'Goodyear Anti-Smear Screenwash 1l', 'amazon_title': 'Goodyear 1 Litre Screen Wash-5% Ethanol| Blue Colour Liquid| Red Lid| English Label| Antifreeze Windscreen Wash Liquid| Prevents Freezing Of The Glass Washer System Down| Provide Clear Vision', 'supplier_price': 0.95, 'amazon_price': None, 'match_method': 'EAN', 'confidence': 'high', 'created_at': '2025-07-18T11:31:39.554668', 'supplier_url': 'https://www.poundwholesale.co.uk/goodyear-anti-smear-screenwash-1l'}, {'supplier_ean': '5055441405544', 'amazon_asin': 'B0D1R5SR4V', 'supplier_title': 'Goodyear Anti-Smear Screenwash 5l', 'amazon_title': 'Rain-X', 'supplier_price': 2.56, 'amazon_price': None, 'match_method': 'EAN', 'confidence': 'high', 'created_at': '2025-07-18T11:31:53.274959', 'supplier_url': 'https://www.poundwholesale.co.uk/goodyear-cherry-anti-smear-screenwash-5l'}, {'supplier_ean': '5053249003108', 'amazon_asin': 'B00CA36GJE', 'supplier_title': 'Carpride Scratch Remover Pen', 'amazon_title': 'Car Pride Paint Scratch Remover Pen - For Use On Any Colour Vehicle', 'supplier_price': 0.92, 'amazon_price': 2.98, 'match_method': 'EAN', 'confidence': 'high', 'created_at': '2025-07-18T11:32:49.414648', 'supplier_url': 'https://www.poundwholesale.co.uk/carpride-scratch-remover-pen'}, {'supplier_ean': '5050375054394', 'amazon_asin': 'B0F6C9BK5R', 'supplier_title': 'Car-Pride Wash & Wax 1L', 'amazon_title': 'Sopami Car Coating Spray, Waterless Car Wash Quick Effect Coating Agent, Multi-functional Coating Renewal Agent Polish Spray, Long-Lasting Protection Improves Clarity and Visibility(1pc)', 'supplier_price': 0.8, 'amazon_price': None, 'match_method': 'EAN', 'confidence': 'high', 'created_at': '2025-07-18T11:33:03.988685', 'supplier_url': 'https://www.poundwholesale.co.uk/wash-wax'}, {'supplier_ean': '5055056770792', 'amazon_asin': 'B0FH9LCRSZ', 'supplier_title': 'Millions Orange & Lemon 3D Car Air Freshener', 'amazon_title': 'Car Air Freshener Aromatherapy Balm Long Lasting Fragrance Non-spill Solid 3D Tomato Shaped Travel Size Scented Balm 100g Eliminate Odor for Bedroom Toliet Elitzia ETAP2815', 'supplier_price': 0.38, 'amazon_price': None, 'match_method': 'EAN', 'confidence': 'high', 'created_at': '2025-07-18T11:33:15.313131', 'supplier_url': 'https://www.poundwholesale.co.uk/millions-orange-lemon-3d-car-air-freshener'}, {'supplier_ean': '5050375086753', 'amazon_asin': 'B00IXMG80S', 'supplier_title': 'Car Pride Leather Cleaning Spray 250ml', 'amazon_title': '12 x Cans Of Leather cleaning spray, car cleaning, 300ml', 'supplier_price': 0.97, 'amazon_price': 19.95, 'match_method': 'EAN_cached', 'confidence': 'low', 'created_at': '2025-07-18T11:33:15.437428', 'supplier_url': 'https://www.poundwholesale.co.uk/leather-cleaning-spray-250ml'}, {'supplier_ean': '5050375084025', 'amazon_asin': 'B0032XLIJE', 'supplier_title': 'Car Pride Spray Wax 300ml', 'amazon_title': 'SPRAY CAR WAX SUPERFAST FORMULA PROTECTS PAINTWORK', 'supplier_price': 0.97, 'amazon_price': 3.99, 'match_method': 'EAN', 'confidence': 'high', 'created_at': '2025-07-18T11:34:12.145812', 'supplier_url': 'https://www.poundwholesale.co.uk/spray-wax-300ml'}, {'supplier_ean': '5055441452197', 'amazon_asin': 'B0DF33M8ZM', 'supplier_title': 'Goodyear Waffle Drying Cloth Large 40cm X 40cm', 'amazon_title': 'Goodyear Microfibre Waffle Cloth I Reduces drying time with less wring outs | Ideal for bodywork & glass | Designed microfibre cloth | Statically charged cleaning fibres | Leaves lint free finish', 'supplier_price': 0.95, 'amazon_price': 4.99, 'match_method': 'EAN', 'confidence': 'high', 'created_at': '2025-07-18T11:35:03.805673', 'supplier_url': 'https://www.poundwholesale.co.uk/goodyear-waffle-drying-cloth-large-40cm-x-40cm'}, {'supplier_ean': '5050375055483', 'amazon_asin': 'B01C4S4L4G', 'supplier_title': 'Car-Pride Handy Car Sponges 2 Pack', 'amazon_title': 'Car Pride CP011 Handy Car Cleaning Sponges, Pack of 3', 'supplier_price': 0.76, 'amazon_price': 4.99, 'match_method': 'EAN', 'confidence': 'high', 'created_at': '2025-07-18T11:35:55.273733', 'supplier_url': 'https://www.poundwholesale.co.uk/handy-car-sponges-3pk'}, {'supplier_ean': '5055319531740', 'amazon_asin': 'B0DG8VSKBB', 'supplier_title': 'Auto Extreme Professional Silver Alloy Wheel Spray Paint 400ml', 'amazon_title': 'RAPIDE Auto Extreme AX Alloy Wheel Spray Paint Silver 400ML | Ideal for Refreshing & Customizing Alloy Wheels | Long-Lasting, Chip & Fade Resistant | Smooth Satin Finish', 'supplier_price': 1.81, 'amazon_price': 7.95, 'match_method': 'EAN', 'confidence': 'high', 'created_at': '2025-07-18T11:36:42.632499', 'supplier_url': 'https://www.poundwholesale.co.uk/auto-extreme-professional-silver-alloy-wheel-spray-paint-400ml'}, {'supplier_ean': '5055319556651', 'amazon_asin': 'B0CTCSZD1T', 'supplier_title': 'Auto Extreme Cone Wheel Brush', 'amazon_title': 'Xtremeauto Soft Head Alloy Wheel Brush - Car Alloy Wheel Cleaner Brush Detailing Cleaning Brush, No Metal Non Scratch Rim Car Wheel Brush Perfect For Motorcycle, Cars & Bicycles (Orange', 'supplier_price': 1.42, 'amazon_price': None, 'match_method': 'EAN', 'confidence': 'high', 'created_at': '2025-07-18T11:36:58.182117', 'supplier_url': 'https://www.poundwholesale.co.uk/auto-extreme-cone-wheel-brush'}, {'supplier_ean': '5055319529884', 'amazon_asin': 'B07XZ8NKGR', 'supplier_title': 'Rapide Lithium Grease Spray 250ml', 'amazon_title': 'Rapide 300ml Lithium Grease Aerosol Spray Lubricant Can Multi-Purpose Hinge Track Oil', 'supplier_price': 1.07, 'amazon_price': 4.55, 'match_method': 'EAN', 'confidence': 'high', 'created_at': '2025-07-18T11:37:55.687057', 'supplier_url': 'https://www.poundwholesale.co.uk/rapide-lithium-grease-spray-250ml'}, {'supplier_ean': '5055441446493', 'amazon_asin': 'B0993NZQ15', 'supplier_title': 'Goodyear Alloy Wheel Cleaner 750ml', 'amazon_title': 'Goodyear Alloy Wheel Cleaner 750ml - for a Showroom Finish | Effective Cleaning for All Wheels | Effortlessly Removes Mud & Grime from Round The Wheel | Removes Dirt and Brake Dust | Easy Application', 'supplier_price': 1.39, 'amazon_price': 5.93, 'match_method': 'EAN', 'confidence': 'high', 'created_at': '2025-07-18T11:38:49.590834', 'supplier_url': 'https://www.poundwholesale.co.uk/goodyear-alloy-wheel-cleaner-750ml'}, {'supplier_ean': '5055441450780', 'amazon_asin': 'B0DK7MZS7R', 'supplier_title': 'Goodyear Back Car Seat Organiser Storage Bag', 'amazon_title': 'Goodyear Car Seat Back Storage Bag - Multipurpose Organizer for Vehicle Seats| Adjustable Straps |Product size: 40 x 55 cm| Material-Felt cloth| Multiple Pockets| Color-Grey| Durable, Water-Resistant', 'supplier_price': 2.2, 'amazon_price': 3.99, 'match_method': 'EAN', 'confidence': 'high', 'created_at': '2025-07-18T11:39:41.933717', 'supplier_url': 'https://www.poundwholesale.co.uk/goodyear-back-car-seat-organiser-storage-bag'}, {'supplier_ean': '5060417895304', 'amazon_asin': 'B0CJPBPJ9V', 'supplier_title': 'Sanitize Instant Protection 75% Alcohol Hand Gel 100ml', 'amazon_title': 'Palm Safe', 'supplier_price': 0.63, 'amazon_price': None, 'match_method': 'EAN', 'confidence': 'high', 'created_at': '2025-07-18T13:25:14.078140', 'supplier_url': 'https://www.poundwholesale.co.uk/sanitize-instant-protection-75-alcohol-hand-gel-100ml'}, {'supplier_ean': '5050375010994', 'amazon_asin': 'B0DN1LMXJV', 'supplier_title': 'Car-Pride Quick & Effective De-Icer 600ml', 'amazon_title': 'ANGIX', 'supplier_price': 1.27, 'amazon_price': None, 'match_method': 'EAN', 'confidence': 'high', 'created_at': '2025-07-19T02:38:01.890142', 'supplier_url': 'https://www.poundwholesale.co.uk/car-pride-quick-effective-de-icer-600ml'}]
--- Logging error ---
Traceback (most recent call last):
  File "/usr/lib/python3.12/logging/__init__.py", line 1163, in emit
    stream.write(msg + self.terminator)
BlockingIOError: [Errno 11] write could not complete without blocking
Call stack:
  File "/mnt/c/Users/chris/Desktop/Amazon-FBA-Agent-System-v32/run_custom_poundwholesale.py", line 81, in <module>
    asyncio.run(main())
  File "/usr/lib/python3.12/asyncio/runners.py", line 194, in run
    return runner.run(main)
  File "/usr/lib/python3.12/asyncio/runners.py", line 118, in run
    return self._loop.run_until_complete(task)
  File "/usr/lib/python3.12/asyncio/base_events.py", line 674, in run_until_complete
    self.run_forever()
  File "/usr/lib/python3.12/asyncio/base_events.py", line 641, in run_forever
    self._run_once()
  File "/usr/lib/python3.12/asyncio/base_events.py", line 1987, in _run_once
    handle._run()
  File "/usr/lib/python3.12/asyncio/events.py", line 88, in _run
    self._context.run(self._callback, *self._args)
  File "/mnt/c/Users/chris/Desktop/Amazon-FBA-Agent-System-v32/run_custom_poundwholesale.py", line 64, in main
    await workflow.run()
  File "/mnt/c/Users/chris/Desktop/Amazon-FBA-Agent-System-v32/tools/passive_extraction_workflow_latest.py", line 1123, in run
    return await self._run_hybrid_processing_mode(
  File "/mnt/c/Users/chris/Desktop/Amazon-FBA-Agent-System-v32/tools/passive_extraction_workflow_latest.py", line 6065, in _run_hybrid_processing_mode
    chunk_results = await self._process_chunk_with_main_workflow_logic(
  File "/mnt/c/Users/chris/Desktop/Amazon-FBA-Agent-System-v32/tools/passive_extraction_workflow_latest.py", line 6296, in _process_chunk_with_main_workflow_logic
    self.log.debug(f"🔍 DEBUG: linking_map type: {type(self.linking_map)}, value: {self.linking_map}")
Message: '🔍 DEBUG: linking_map type: <class \'list\'>, value: [{\'supplier_ean\': \'5053249228587\', \'amazon_asin\': \'B075QDW3BF\', \'supplier_title\': \'Car Pride Under Body Seal Black 400ml\', \'amazon_title\': \'HP CF541A 203A Original LaserJet Toner Cartridge, Cyan, Single Pack\', \'supplier_price\': 1.73, \'amazon_price\': 64.99, \'match_method\': \'EAN\', \'confidence\': \'high\', \'created_at\': \'2025-07-18T10:13:11.088193\', \'supplier_url\': \'https://www.poundwholesale.co.uk/carpride-under-body-seal-black\'}, {\'supplier_ean\': \'5055319527750\', \'amazon_asin\': \'B0CX1X6R6G\', \'supplier_title\': \'Auto Extreme Car Detailing Brush Set 5 Pack\', \'amazon_title\': \'Kasauber\', \'supplier_price\': 2.1, \'amazon_price\': None, \'match_method\': \'EAN\', \'confidence\': \'high\', \'created_at\': \'2025-07-18T10:13:23.277485\', \'supplier_url\': \'https://www.poundwholesale.co.uk/auto-extreme-car-detailing-brush-set-5-pack\'}, {\'supplier_ean\': \'5055319528504\', \'amazon_asin\': \'B07NJGQFRF\', \'supplier_title\': \'Rapide RP-60 Penetrating Maintenance Spray with Control Nozzle 400ml\', \'amazon_title\': \'Rapide 2850 Paint Spray\', \'supplier_price\': 2.65, \'amazon_price\': 5.85, \'match_method\': \'EAN\', \'confidence\': \'high\', \'created_at\': \'2025-07-18T10:14:15.912179\', \'supplier_url\': \'https://www.poundwholesale.co.uk/rapide-rp-60-penetrating-maintenance-spray-with-control-nozzle-400ml\'}, {\'supplier_ean\': \'5055441452272\', \'amazon_asin\': \'B0DFMPNHT5\', \'supplier_title\': \'Goodyear Microfibre Luxury Valet Drying Towel Set 2 Pack\', \'amazon_title\': \'Goodyear 2PC Microfibre Luxury Valet Cloth Set I Microfibre technology| powerful cleaning | Extra absorbency for a swirl free finish | Ideal for buffing away polish & wax residue | Extra large towel\', \'supplier_price\': 2.14, \'amazon_price\': 6.59, \'match_method\': \'EAN\', \'confidence\': \'high\', \'created_at\': \'2025-07-18T10:15:06.821428\', \'supplier_url\': \'https://www.poundwholesale.co.uk/goodyear-microfibre-luxury-valet-drying-towel-set-2-pack\'}, {\'supplier_ean\': \'5053249229140\', \'amazon_asin\': \'B07N41XTV5\', \'supplier_title\': \'Carpride Alloy Wheel Spray Paint Silver Gloss\', \'amazon_title\': \'Car Pride Alloy Wheel Spray Paint Metallic Silver Repairer. 400ml\', \'supplier_price\': 1.67, \'amazon_price\': 5.4, \'match_method\': \'EAN\', \'confidence\': \'high\', \'created_at\': \'2025-07-18T10:16:10.522951\', \'supplier_url\': \'https://www.poundwholesale.co.uk/carpride-alloy-wheel-spray-paint-silver-gloss\'}, {\'supplier_ean\': \'5055056770822\', \'amazon_asin\': \'B09DTQ4S43\', \'supplier_title\': \'Millions Blackcurrant Buzz 3D Car Air Freshener\', \'amazon_title\': \'AIRFreshh\', \'supplier_price\': 0.38, \'amazon_price\': None, \'match_method\': \'EAN\', \'confidence\': \'high\', \'created_at\': \'2025-07-18T10:16:22.515075\', \'supplier_url\': \'https://www.poundwholesale.co.uk/millions-blackcurrant-buzz-3d-car-air-freshener\'}, {\'supplier_ean\': \'5055319519229\', \'amazon_asin\': \'B07NJGGW8P\', \'supplier_title\': \'Auto Extreme Professional White Gloss Spray Paint 400ml\', \'amazon_title\': \'Auto Extreme White Gloss, 400 ml\', \'supplier_price\': 1.82, \'amazon_price\': 5.3, \'match_method\': \'EAN\', \'confidence\': \'high\', \'created_at\': \'2025-07-18T10:17:22.092163\', \'supplier_url\': \'https://www.poundwholesale.co.uk/auto-extreme-professional-white-gloss-spray-paint-400ml\'}, {\'supplier_ean\': \'5055319529907\', \'amazon_asin\': \'B07XZDY64P\', \'supplier_title\': \'Rapide Silicone Lubricant Spray 250ml\', \'amazon_title\': \'300ml Silicone Grease Aerosol Spray Lubricant Can Water Resistant Oil\', \'supplier_price\': 1.07, \'amazon_price\': 4.79, \'match_method\': \'EAN\', \'confidence\': \'high\', \'created_at\': \'2025-07-18T10:18:10.835188\', \'supplier_url\': \'https://www.poundwholesale.co.uk/rapide-silicone-lubricant-spray-250ml\'}, {\'supplier_ean\': \'5050375036574\', \'amazon_asin\': \'B006URFAE8\', \'supplier_title\': \'Car Pride Assorted Fragrance Fresh Feet Car Air Fresheners 4 Pack CDU\', \'amazon_title\': \'Pack of 4 FRESH FEET, Car Air Fresheners, Carpride cp1128\', \'supplier_price\': 0.71, \'amazon_price\': 3.3, \'match_method\': \'EAN\', \'confidence\': \'high\', \'created_at\': \'2025-07-18T10:19:02.426082\', \'supplier_url\': \'https://www.poundwholesale.co.uk/car-pride-assorted-fragrance-fresh-feet-car-air-fresheners-4-pack-cdu\'}, {\'supplier_ean\': \'5055056731878\', \'amazon_asin\': \'B09LH29BZD\', \'supplier_title\': \'Guilty Pleasures Blueberry Ice Pop 3D Car Air Freshener\', \'amazon_title\': \'Guilty Pleasure 3D Blueberry CAR FRESHENER\', \'supplier_price\': 0.38, \'amazon_price\': 3.99, \'match_method\': \'EAN\', \'confidence\': \'high\', \'created_at\': \'2025-07-18T10:19:50.869058\', \'supplier_url\': \'https://www.poundwholesale.co.uk/guilty-pleasures-blueberry-ice-pop-3d-car-air-freshener\'}, {\'supplier_ean\': \'5055319514606\', \'amazon_asin\': \'B0CYH8F9F9\', \'supplier_title\': \'Auto Extreme Car Pump Sprayer 2L\', \'amazon_title\': \'My Garden 5 Litre Sprayer Pump - Weed Killer Pressure Sprayer Pump Action - High Pressure Long Reach Sprayers - Ideal For Spraying Water Fertiliser Herbicides Pesticides Preservative & Detergent\', \'supplier_price\': 3.85, \'amazon_price\': None, \'match_method\': \'EAN\', \'confidence\': \'high\', \'created_at\': \'2025-07-18T10:20:03.052455\', \'supplier_url\': \'https://www.poundwholesale.co.uk/auto-extreme-car-pump-sprayer-2l\'}, {\'supplier_ean\': \'5055319530781\', \'amazon_asin\': \'B09FKD19N4\', \'supplier_title\': \'Auto Extreme Tropical Mist In-Car Fragrance Air Freshener Spray 100ml\', \'amazon_title\': \'Air Freshener Spray Concentrated Long Lasting Oil Based (Ocean Breeze)\', \'supplier_price\': 0.65, \'amazon_price\': None, \'match_method\': \'EAN\', \'confidence\': \'high\', \'created_at\': \'2025-07-18T10:20:17.331393\', \'supplier_url\': \'https://www.poundwholesale.co.uk/auto-extreme-tropical-mist-in-car-fragrance-air-freshener-spray-100ml\'}, {\'supplier_ean\': \'5053249245799\', \'amazon_asin\': \'B0BLLV2M74\', \'supplier_title\': \'Car Pride Clean & Polish Microfibre Cloth\', \'amazon_title\': \'CARPRIDE® Clean and Polish MicroFibre Cloth for Car Exterior and Interior | Streak Free | 30 x 30 cm\', \'supplier_price\': 0.76, \'amazon_price\': 5.29, \'match_method\': \'EAN\', \'confidence\': \'high\', \'created_at\': \'2025-07-18T10:21:04.364223\', \'supplier_url\': \'https://www.poundwholesale.co.uk/car-pride-clean-polish-microfibre-cloth\'}, {\'supplier_ean\': \'5055319531849\', \'amazon_asin\': \'B074KFGHCP\', \'supplier_title\': \'Rapide Easy Grease Spray 250ml\', \'amazon_title\': \'HMT\', \'supplier_price\': 1.05, \'amazon_price\': None, \'match_method\': \'EAN\', \'confidence\': \'high\', \'created_at\': \'2025-07-18T10:21:17.993959\', \'supplier_url\': \'https://www.poundwholesale.co.uk/rapide-easy-grease-spray-250ml\'}, {\'supplier_ean\': \'5052578642705\', \'amazon_asin\': \'B07X22PHWJ\', \'supplier_title\': \'Bettina Chamois Demist & Dashboard Pad\', \'amazon_title\': \'Airlab\', \'supplier_price\': 0.75, \'amazon_price\': None, \'match_method\': \'EAN\', \'confidence\': \'high\', \'created_at\': \'2025-07-18T10:21:28.626273\', \'supplier_url\': \'https://www.poundwholesale.co.uk/bettina-chamois-demist-dashboard-pad\'}, {\'supplier_ean\': \'5052578633000\', \'amazon_asin\': \'B0F6K65PZT\', \'supplier_title\': \'Bettina Microfibre Mitt\', \'amazon_title\': \'Fogcosy\', \'supplier_price\': 0.95, \'amazon_price\': None, \'match_method\': \'EAN\', \'confidence\': \'high\', \'created_at\': \'2025-07-18T10:21:41.310298\', \'supplier_url\': \'https://www.poundwholesale.co.uk/microfibre-mit-highly-effective-wet-or-dry\'}, {\'supplier_ean\': \'5053249245669\', \'amazon_asin\': \'B0BLL1K79V\', \'supplier_title\': \'Car Pride Blue Microfibre Glass Cloth\', \'amazon_title\': \'Car-pride Glass Microfibre Cloth\', \'supplier_price\': 0.74, \'amazon_price\': 4.99, \'match_method\': \'EAN\', \'confidence\': \'high\', \'created_at\': \'2025-07-18T10:22:28.491046\', \'supplier_url\': \'https://www.poundwholesale.co.uk/car-pride-blue-microfibre-glass-cloth\'}, {\'supplier_ean\': \'5055056770785\', \'amazon_asin\': \'B0BLGR29X6\', \'supplier_title\': \'Millions Sour Strawberry 3D Car Air Freshener\', \'amazon_title\': \'Evair\', \'supplier_price\': 0.38, \'amazon_price\': None, \'match_method\': \'EAN\', \'confidence\': \'high\', \'created_at\': \'2025-07-18T10:22:40.894972\', \'supplier_url\': \'https://www.poundwholesale.co.uk/millions-sour-strawberry-3d-car-air-freshener\'}, {\'supplier_ean\': \'5053249248714\', \'amazon_asin\': \'B006T2450O\', \'supplier_title\': \'Car-Pride White Gloss Spray Paint 400ml\', \'amazon_title\': \'Tetrion\', \'supplier_price\': 1.73, \'amazon_price\': None, \'match_method\': \'EAN\', \'confidence\': \'high\', \'created_at\': \'2025-07-18T10:22:54.011676\', \'supplier_url\': \'https://www.poundwholesale.co.uk/car-pride-white-gloss-spray-paint-400ml\'}, {\'supplier_ean\': \'5055056731885\', \'amazon_asin\': \'B09LHBY2GF\', \'supplier_title\': \'Guilty Pleasures Vanilla & Cherry Cupcake 3D Car Air Freshener\', \'amazon_title\': \'Guilty Pleasure 3D Vanilla CAR FRESHENER\', \'supplier_price\': 0.38, \'amazon_price\': 3.99, \'match_method\': \'EAN\', \'confidence\': \'high\', \'created_at\': \'2025-07-18T10:23:41.006634\', \'supplier_url\': \'https://www.poundwholesale.co.uk/guilty-pleasures-vanilla-cherry-cupcake-3d-car-air-freshener\'}, {\'supplier_ean\': \'5055319531733\', \'amazon_asin\': \'B004SMKX7Q\', \'supplier_title\': \'Auto Extreme Professional Black Alloy Wheel Spray Paint 400ml\', \'amazon_title\': \'Hycote\', \'supplier_price\': 1.81, \'amazon_price\': None, \'match_method\': \'EAN\', \'confidence\': \'high\', \'created_at\': \'2025-07-18T10:23:55.039262\', \'supplier_url\': \'https://www.poundwholesale.co.uk/auto-extreme-professional-black-alloy-wheel-spray-paint-400ml\'}, {\'supplier_ean\': \'5055441459684\', \'amazon_asin\': \'B0DL9TR7T2\', \'supplier_title\': \'Goodyear 2-in-1 Telescopic Handle Scraper\', \'amazon_title\': \'Goodyear Telescopic Handle Scraper - Adjustable Ice Scraper with Extendable Handle | Sturdy Blade for Snow & Ice Removal | Ergonomic Grip | Compact and Durable Design | Ideal for Cars, Trucks & SUVs\', \'supplier_price\': 4.04, \'amazon_price\': 9.21, \'match_method\': \'EAN\', \'confidence\': \'high\', \'created_at\': \'2025-07-18T10:24:48.156817\', \'supplier_url\': \'https://www.poundwholesale.co.uk/goodyear-2-in-1-telescopic-handle-scraper\'}, {\'supplier_ean\': \'5055441427348\', \'amazon_asin\': \'B06XPVGMV8\', \'supplier_title\': \'Goodyear Portable Car Vacuum Cleaner 12V\', \'amazon_title\': \'Goodyear 12V DC Car/Van Cigarette Lighter Corded Vacuum Cleaner Powerful Suction\', \'supplier_price\': 5.72, \'amazon_price\': 10.99, \'match_method\': \'EAN\', \'confidence\': \'high\', \'created_at\': \'2025-07-18T10:25:44.453432\', \'supplier_url\': \'https://www.poundwholesale.co.uk/goodyear-portable-car-vacuum-cleaner-12v\'}, {\'supplier_ean\': \'5055319517027\', \'amazon_asin\': \'B01EQ7TPJE\', \'supplier_title\': \'Rapide DP-60 Multipurpose Maintenance Spray 750ml\', \'amazon_title\': \'Maintenance Oil 750ml Spray Can (DP60)\', \'supplier_price\': 2.77, \'amazon_price\': 6.95, \'match_method\': \'EAN\', \'confidence\': \'high\', \'created_at\': \'2025-07-18T10:26:39.185617\', \'supplier_url\': \'https://www.poundwholesale.co.uk/rapide-dp-60-multipurpose-maintenance-spray-750ml\'}, {\'supplier_ean\': \'5038673410708\', \'amazon_asin\': \'B0D1Y8TCDS\', \'supplier_title\': \'Car Air Fresheners Leaf Assorted CDU\', \'amazon_title\': \'Ikeda Car Fragrance: Hanging Car Air Freshener | 10ml Hanging Car Decoration | 45 Days Long Lasting Fragrance | With Clip | For Car Home | 1 Piece (10ml x 1 Piece, Coconut)\', \'supplier_price\': 0.33, \'amazon_price\': None, \'match_method\': \'EAN\', \'confidence\': \'high\', \'created_at\': \'2025-07-18T10:26:52.496784\', \'supplier_url\': \'https://www.poundwholesale.co.uk/car-air-fresheners-leaf-assorted-cdu\'}, {\'supplier_ean\': \'5053249224053\', \'amazon_asin\': \'B0DMN8CMH8\', \'supplier_title\': \'Tango Car Air Freshener Assorted\', \'amazon_title\': \'10/50/100PCS Custom LOGO Car Bulk Air Fresheners, Custom Air Fresheners for Car Bulk, Air Freshener with Photo, Double-Sided Personalised Photo and Text Car Air Fresheners (10Pcs Square)\', \'supplier_price\': 0.76, \'amazon_price\': None, \'match_method\': \'EAN\', \'confidence\': \'high\', \'created_at\': \'2025-07-18T10:27:03.571134\', \'supplier_url\': \'https://www.poundwholesale.co.uk/tango-car-air-freshener-assorted\'}, {\'supplier_ean\': \'5050375051270\', \'amazon_asin\': \'B00BPN9Z2A\', \'supplier_title\': \'Car Pride Alloy Wheel Cleaning Brush\', \'amazon_title\': \'Car Pride ALLOY WHEEL BRUSH\', \'supplier_price\': 0.71, \'amazon_price\': 3.95, \'match_method\': \'EAN\', \'confidence\': \'high\', \'created_at\': \'2025-07-18T10:27:53.467488\', \'supplier_url\': \'https://www.poundwholesale.co.uk/car-pride-alloy-wheel-cleaning-brush\'}, {\'supplier_ean\': \'5055319519250\', \'amazon_asin\': \'B01MT7OBIO\', \'supplier_title\': \'Auto Extreme Professional Clear Lacquer Spray 400ml\', \'amazon_title\': \'Auto Extreme Clear Lacquer Spray Paint 400ml\', \'supplier_price\': 1.82, \'amazon_price\': 5.32, \'match_method\': \'EAN\', \'confidence\': \'high\', \'created_at\': \'2025-07-18T10:28:54.182013\', \'supplier_url\': \'https://www.poundwholesale.co.uk/auto-extreme-professional-clear-lacquer-spray-400ml\'}, {\'supplier_ean\': \'5055441446578\', \'amazon_asin\': \'B0993MX5GX\', \'supplier_title\': \'Goodyear Waterless Wash & Wax 750ml\', \'amazon_title\': \'GOODYEAR WATERLESS WASH N WAX SPRAY 750ML\', \'supplier_price\': 2.06, \'amazon_price\': 5.93, \'match_method\': \'EAN\', \'confidence\': \'high\', \'created_at\': \'2025-07-18T10:29:47.233890\', \'supplier_url\': \'https://www.poundwholesale.co.uk/goodyear-waterless-wash-wax-750ml\'}, {\'supplier_ean\': \'5055319519113\', \'amazon_asin\': \'B07NJGQ85R\', \'supplier_title\': \'Auto Extreme Automotive Silver Spray Paint 250ml\', \'amazon_title\': \'Auto Extreme Auto Spray Paint Silver, 250 ml\', \'supplier_price\': 0.92, \'amazon_price\': 4.1, \'match_method\': \'EAN\', \'confidence\': \'high\', \'created_at\': \'2025-07-18T10:30:42.274698\', \'supplier_url\': \'https://www.poundwholesale.co.uk/auto-extreme-automotive-silver-spray-paint-250ml\'}, {\'supplier_ean\': \'5055441452210\', \'amazon_asin\': \'B0DH8DT3MS\', \'supplier_title\': \'Goodyear Natural Leather Chamois Cloth Xl\', \'amazon_title\': \'Goodyear Xl Genuine Leather Chamois -natural Chamois, Super Absorbent, Streak, Scratch Free, With Greater Tolerance To Car Cleaners| Stays Soft When Drying| Ideal For Cleaning Of Interior And Exterior\', \'supplier_price\': 3.83, \'amazon_price\': 5.99, \'match_method\': \'EAN\', \'confidence\': \'high\', \'created_at\': \'2025-07-18T10:31:39.934257\', \'supplier_url\': \'https://www.poundwholesale.co.uk/goodyear-natural-leather-chamois-cloth-xl\'}, {\'supplier_ean\': \'5050375045439\', \'amazon_asin\': \'B003L6U0NC\', \'supplier_title\': \'Car-Pride Microfibre Mitt 3 Assorted Colours\', \'amazon_title\': \'Car Pride Microfibre Magic Mitt - Dusts, Scrubs, Cleans and Polishes\', \'supplier_price\': 0.98, \'amazon_price\': 4.34, \'match_method\': \'EAN\', \'confidence\': \'high\', \'created_at\': \'2025-07-18T10:32:54.935150\', \'supplier_url\': \'https://www.poundwholesale.co.uk/microfibre-mitt\'}, {\'supplier_ean\': \'5055441446516\', \'amazon_asin\': \'B0D9YH94ZQ\', \'supplier_title\': \'Goodyear Gloss Tyre Shine 750ml\', \'amazon_title\': \'Auto Xpert Slick Shine, Premium Tyre Dressing, Long Lasting Wet-Look Finish, Protects Against Water and Dust, Easy to Apply, All Weather Tyre Protection. (5 Litre)\', \'supplier_price\': 1.39, \'amazon_price\': None, \'match_method\': \'EAN\', \'confidence\': \'high\', \'created_at\': \'2025-07-18T10:33:09.394012\', \'supplier_url\': \'https://www.poundwholesale.co.uk/goodyear-gloss-tyre-shine-750ml\'}, {\'supplier_ean\': \'5055441449166\', \'amazon_asin\': \'B0D11XP9V1\', \'supplier_title\': \'Goodyear Microfibre Buffing Cloth Large 40cm\', \'amazon_title\': \'Goodyear Microfibre Buffing Cloth I Specially designed microfibre cloth for polishing and buffing your vehicle | Showroom finish | Microfibre attract more dirt than normal cloth | Machine washable\', \'supplier_price\': 0.85, \'amazon_price\': 1.99, \'match_method\': \'EAN\', \'confidence\': \'high\', \'created_at\': \'2025-07-18T10:34:04.595027\', \'supplier_url\': \'https://www.poundwholesale.co.uk/goodyear-microfibre-buffing-cloth-large-40cm\'}, {\'supplier_ean\': \'5055319529877\', \'amazon_asin\': \'B07Y1V1WMW\', \'supplier_title\': \'Rapide Copper Grease Spray 250ml\', \'amazon_title\': \'Rapide 300ml Copper Grease Aerosol Spray Lubricant Can Anti Seize Brake Pad Squeal Oil\', \'supplier_price\': 1.07, \'amazon_price\': 4.95, \'match_method\': \'EAN\', \'confidence\': \'high\', \'created_at\': \'2025-07-18T10:34:58.176694\', \'supplier_url\': \'https://www.poundwholesale.co.uk/rapide-copper-grease-spray-250ml\'}, {\'supplier_ean\': \'5055441446752\', \'amazon_asin\': \'B0DJWDHG1Y\', \'supplier_title\': \'Goodyear Hydrophobic Polymer Formulation Wash & Wax 2.5l\', \'amazon_title\': \'Goodyear Wash And Wax Hydrophobic Polymer 2.5 Ltr | Leaves A Glossy Just Waxed Deep Protective Shine | Polymer-acrylic Polyethylene Copolymer Wax | Effectively Cleans Dirt And Grime From Your Vehicle\', \'supplier_price\': 3.05, \'amazon_price\': 5.99, \'match_method\': \'EAN\', \'confidence\': \'high\', \'created_at\': \'2025-07-18T10:35:51.556162\', \'supplier_url\': \'https://www.poundwholesale.co.uk/goodyear-hydrophobic-polymer-formulation-wash-wax-2-5l\'}, {\'supplier_ean\': \'5055056731892\', \'amazon_asin\': \'B094HGXWJC\', \'supplier_title\': \'Guilty Pleasures Strawberry Doughnut 3D Car Air Freshener\', \'amazon_title\': \'GUILTY PLEASURES STRAWBERRY DOUGHNUT 3D CAR AIR FRESHENER\', \'supplier_price\': 0.38, \'amazon_price\': 1.5, \'match_method\': \'EAN\', \'confidence\': \'high\', \'created_at\': \'2025-07-18T10:36:38.989576\', \'supplier_url\': \'https://www.poundwholesale.co.uk/guilty-pleasures-strawberry-doughnut-3d-car-air-freshener\'}, {\'supplier_ean\': \'5055319519236\', \'amazon_asin\': \'B07NJGT1BN\', \'supplier_title\': \'Auto Extreme Professional Grey Primer Spray Paint 400ml\', \'amazon_title\': \'Auto Extreme Auto Extreme Grey Primer, 400 ml\', \'supplier_price\': 1.82, \'amazon_price\': 5.44, \'match_method\': \'EAN\', \'confidence\': \'high\', \'created_at\': \'2025-07-18T10:37:31.087578\', \'supplier_url\': \'https://www.poundwholesale.co.uk/auto-extreme-professional-grey-primer-spray-paint-400ml\'}, {\'supplier_ean\': \'5055441453309\', \'amazon_asin\': \'B094DFY8PC\', \'supplier_title\': \'Goodyear Anti-Smear Blue Screenwash 5L\', \'amazon_title\': \'Prestone\', \'supplier_price\': 2.7, \'amazon_price\': None, \'match_method\': \'EAN\', \'confidence\': \'high\', \'created_at\': \'2025-07-18T10:37:44.323618\', \'supplier_url\': \'https://www.poundwholesale.co.uk/goodyear-anti-smear-blue-screenwash-5l\'}, {\'supplier_ean\': \'5055319558839\', \'amazon_asin\': \'B0CTCSZD1T\', \'supplier_title\': \'Auto Extreme Microfibre Wheel Wash Brush 46cm\', \'amazon_title\': \'Xtremeauto\', \'supplier_price\': 2.79, \'amazon_price\': None, \'match_method\': \'EAN\', \'confidence\': \'high\', \'created_at\': \'2025-07-18T10:37:55.429624\', \'supplier_url\': \'https://www.poundwholesale.co.uk/auto-extreme-microfibre-wheel-wash-brush-46cm\'}, {\'supplier_ean\': \'5055319511995\', \'amazon_asin\': \'B09C44BVZY\', \'supplier_title\': \'Auto Extreme Professional Red Gloss Brake Caliper Spray Paint 400ml\', \'amazon_title\': \'Tailored Paint\', \'supplier_price\': 2.73, \'amazon_price\': None, \'match_method\': \'EAN\', \'confidence\': \'high\', \'created_at\': \'2025-07-18T10:38:08.805743\', \'supplier_url\': \'https://www.poundwholesale.co.uk/auto-extreme-professional-red-gloss-brake-caliper-spray-paint-400ml\'}, {\'supplier_ean\': \'5055319519205\', \'amazon_asin\': \'B09DYZTY7G\', \'supplier_title\': \'Auto Extreme Professional Black Matt Spray Paint 400ml\', \'amazon_title\': \'Classic Signature - 1 x Auto Extreme Black Matt Spray Paint 400ml, Professional Quality, Perfect Finish for Cars, Bikes,Vans, Metal, Wood\', \'supplier_price\': 1.82, \'amazon_price\': 6.89, \'match_method\': \'EAN\', \'confidence\': \'high\', \'created_at\': \'2025-07-18T10:38:58.185842\', \'supplier_url\': \'https://www.poundwholesale.co.uk/auto-extreme-professional-black-matt-spray-paint-400ml\'}, {\'supplier_ean\': \'5055319531818\', \'amazon_asin\': \'B000LD4V2E\', \'supplier_title\': \'Auto Extreme Professional Black Bumper & Trim Spray Paint 400ml\', \'amazon_title\': \'Hycote\', \'supplier_price\': 1.81, \'amazon_price\': None, \'match_method\': \'EAN\', \'confidence\': \'high\', \'created_at\': \'2025-07-18T10:39:11.840698\', \'supplier_url\': \'https://www.poundwholesale.co.uk/auto-extreme-professional-black-bumper-trim-spray-paint-400ml\'}, {\'supplier_ean\': \'5053249226576\', \'amazon_asin\': \'B07CZHPQRY\', \'supplier_title\': \'151 Super Maintenance Spray 200ml\', \'amazon_title\': \'151 Products 2X Super Multipurpose Oil - 200ml, 20ml x 10, Bike Chain, Multipurpose, 0.26kg\', \'supplier_price\': 1.14, \'amazon_price\': 5.28, \'match_method\': \'EAN\', \'confidence\': \'high\', \'created_at\': \'2025-07-18T10:40:10.708714\', \'supplier_url\': \'https://www.poundwholesale.co.uk/supermaintenance-spray-300ml\'}, {\'supplier_ean\': \'5050375083813\', \'amazon_asin\': \'B0DG2QVKZL\', \'supplier_title\': \'Car Pride Interior Clean & Shine 300ml\', \'amazon_title\': \'Hoover HF1 Plus Cordless Stick Vacuum Cleaner with Turbo Suction Mode, Up to 45 Min Runtime, LED Lights, Multi-Floor Nozzle, Anti Hair Wrap, Handheld Capability, 165w [HF1P10H]\', \'supplier_price\': 0.95, \'amazon_price\': 99.0, \'match_method\': \'EAN\', \'confidence\': \'high\', \'created_at\': \'2025-07-18T10:41:15.031823\', \'supplier_url\': \'https://www.poundwholesale.co.uk/interior-clean-shine-300ml\'}, {\'supplier_ean\': \'5055319519120\', \'amazon_asin\': \'B07NJGQFPJ\', \'supplier_title\': \'Auto Extreme Automotive White Primer Spray Paint 250ml\', \'amazon_title\': \'Auto Extreme Auto Spray White Primer, 250 ml\', \'supplier_price\': 0.92, \'amazon_price\': 5.19, \'match_method\': \'EAN\', \'confidence\': \'high\', \'created_at\': \'2025-07-18T10:42:08.243130\', \'supplier_url\': \'https://www.poundwholesale.co.uk/auto-extreme-automotive-white-primer-spray-paint-250ml\'}, {\'supplier_ean\': \'5055441449128\', \'amazon_asin\': \'B0DF3573G7\', \'supplier_title\': \'Goodyear Microfibre Wash & Dry Cloth Large 40cm\', \'amazon_title\': \'Goodyear Microfibre Wash and Dry Cloth Large Specially designed microfibre cloth for washing and drying your vehicle |Dual purpose |Microfibres attract more dirt than a normal cloth| Machine washable\', \'supplier_price\': 0.8, \'amazon_price\': 5.03, \'match_method\': \'EAN\', \'confidence\': \'high\', \'created_at\': \'2025-07-18T10:42:56.491855\', \'supplier_url\': \'https://www.poundwholesale.co.uk/goodyear-microfibre-wash-dry-cloth-large-40cm\'}, {\'supplier_ean\': \'5050375084087\', \'amazon_asin\': \'B004V424UK\', \'supplier_title\': \'Car Pride Tyre Shine 300ml\', \'amazon_title\': \'151 CAR VAN BIKE TYRE SHINE WET LOOK SPRAY BLACK\', \'supplier_price\': 0.93, \'amazon_price\': 4.2, \'match_method\': \'EAN\', \'confidence\': \'high\', \'created_at\': \'2025-07-18T10:43:52.714822\', \'supplier_url\': \'https://www.poundwholesale.co.uk/tyre-shine-300ml\'}, {\'supplier_ean\': \'5052578042604\', \'amazon_asin\': \'B089P24HXC\', \'supplier_title\': \'Bettina Natural Chamois Leather Cloth 30cm X 30cm\', \'amazon_title\': \'CarMax® English Premium Grade Natural Chamois Leather - Large - Perfect for drying off the whole car, glass, mirrors, inside and out, super soft and highly absorbent, Made in the UK\', \'supplier_price\': 0.91, \'amazon_price\': None, \'match_method\': \'EAN\', \'confidence\': \'high\', \'created_at\': \'2025-07-18T10:44:06.608980\', \'supplier_url\': \'https://www.poundwholesale.co.uk/bettina-chamois-leather-cloth\'}, {\'supplier_ean\': \'5055319512008\', \'amazon_asin\': \'B0D6N5WJK2\', \'supplier_title\': \'Auto Extreme Professional Yellow Gloss Brake Caliper Spray Paint 400ml\', \'amazon_title\': \'AX PRO Break Caliper Spray Yellow Gloss 400ml\', \'supplier_price\': 2.73, \'amazon_price\': 4.87, \'match_method\': \'EAN\', \'confidence\': \'high\', \'created_at\': \'2025-07-18T10:44:49.215843\', \'supplier_url\': \'https://www.poundwholesale.co.uk/auto-extreme-professional-yellow-gloss-brake-caliper-spray-paint-400ml\'}, {\'supplier_ean\': \'5055441452173\', \'amazon_asin\': \'B0DF358GFW\', \'supplier_title\': \'Goodyear Microfibre Window Cloth Large 40cm X 40cm\', \'amazon_title\': \'Goodyear microfibre Window Cloth I Designed Microfiber Cloth for windscreens, windows and mirrors| Statically charged cleaning| Leaves lint free finish| Ideal for effective cleaning of glass surfaces\', \'supplier_price\': 1.06, \'amazon_price\': 1.99, \'match_method\': \'EAN\', \'confidence\': \'high\', \'created_at\': \'2025-07-18T10:45:39.365206\', \'supplier_url\': \'https://www.poundwholesale.co.uk/goodyear-microfibre-window-cloth-large-40cm-x-40cm\'}, {\'supplier_ean\': \'5052578414708\', \'amazon_asin\': \'B0BG8HY6NL\', \'supplier_title\': \'Bettina Giant Car Sponge\', \'amazon_title\': \'Xtremeauto\', \'supplier_price\': 0.87, \'amazon_price\': None, \'match_method\': \'EAN\', \'confidence\': \'high\', \'created_at\': \'2025-07-18T10:45:52.603673\', \'supplier_url\': \'https://www.poundwholesale.co.uk/bettina-giant-car-sponge\'}, {\'supplier_ean\': \'5050375083967\', \'amazon_asin\': \'B004V423RY\', \'supplier_title\': \'Car Pride Window & Mirror Cleaner 300ml\', \'amazon_title\': \'WINDOW MIRROR GLASS CERAMIC CLEANER - NON SMEAR\', \'supplier_price\': 0.97, \'amazon_price\': 4.45, \'match_method\': \'EAN_cached\', \'confidence\': \'low\', \'created_at\': \'2025-07-18T10:45:52.672388\', \'supplier_url\': \'https://www.poundwholesale.co.uk/window-mirror-cleaner-300ml\'}, {\'supplier_ean\': \'5055441444536\', \'amazon_asin\': \'B0DF33XNMX\', \'supplier_title\': \'Goodyear Luxury Deep Pile Microfibre 2-In-1 Valet Cloth 45cm X 38cm\', \'amazon_title\': \'Goodyear Luxury Valet Cloth Large Deep pile for absorbency| For showroom perfect finish |2 in 1 luxury car cloth| Microfibre technology| Cleaning fibre| Satin safety edging protects against scratching\', \'supplier_price\': 3.02, \'amazon_price\': 7.0, \'match_method\': \'EAN\', \'confidence\': \'high\', \'created_at\': \'2025-07-18T10:46:44.263284\', \'supplier_url\': \'https://www.poundwholesale.co.uk/goodyear-luxury-deep-pile-microfibre-2-in-1-valet-cloth-45cm-x-38cm\'}, {\'supplier_ean\': \'5055441446554\', \'amazon_asin\': \'B0DJWFVY3H\', \'supplier_title\': \'Goodyear Snow Foam Pre-Wash Shampoo 1l\', \'amazon_title\': \'Goodyear 1L Snow Foam Cherry Scent Pressure Washer Or Foam Lancer | Covers The Vehicle In A Rich Blanket Of Foam | Gently Loosen Dirt & Heavy Soiling | More Concentrated Solution The Thicker The Foam\', \'supplier_price\': 2.54, \'amazon_price\': 7.99, \'match_method\': \'EAN\', \'confidence\': \'high\', \'created_at\': \'2025-07-18T10:47:33.544513\', \'supplier_url\': \'https://www.poundwholesale.co.uk/goodyear-cherry-snow-form-pre-wash-shampoo-1l\'}, {\'supplier_ean\': \'5055319519021\', \'amazon_asin\': \'B09FLXRC5F\', \'supplier_title\': \'Auto Extreme Automotive White Gloss Spray Paint 250ml\', \'amazon_title\': \'Classic Signature - 1 x Auto Extreme White Gloss Spray Paint 250ml Professional Quality, Perfect Finish for Cars, Bikes,Vans, Metal, Wood\', \'supplier_price\': 0.92, \'amazon_price\': 5.47, \'match_method\': \'EAN\', \'confidence\': \'high\', \'created_at\': \'2025-07-18T10:48:41.581930\', \'supplier_url\': \'https://www.poundwholesale.co.uk/auto-extreme-automotive-white-gloss-spray-paint-250ml\'}, {\'supplier_ean\': \'5055319519274\', \'amazon_asin\': \'B09F9MVQS1\', \'supplier_title\': \'Auto Extreme Professional Blue Gloss Spray Paint 400ml\', \'amazon_title\': \'Classic Signature - 1 x Auto Extreme Blue Gloss Spray Paint 400ml, Professional Quality, Perfect Finish for Cars, Bikes,Vans, Metal, Wood\', \'supplier_price\': 1.82, \'amazon_price\': 6.89, \'match_method\': \'EAN\', \'confidence\': \'high\', \'created_at\': \'2025-07-18T10:49:36.222143\', \'supplier_url\': \'https://www.poundwholesale.co.uk/auto-extreme-professional-blue-gloss-spray-paint-400ml\'}, {\'supplier_ean\': \'5050375127340\', \'amazon_asin\': \'B076DD8QMP\', \'supplier_title\': \'Tango Car Air Freshener CDU Assorted Fragrances\', \'amazon_title\': \'Tango Liquid Car Air Freshener 4pk - Cherry Orange Apple & Lemon\', \'supplier_price\': 0.74, \'amazon_price\': 5.49, \'match_method\': \'EAN\', \'confidence\': \'high\', \'created_at\': \'2025-07-18T10:50:21.970905\', \'supplier_url\': \'https://www.poundwholesale.co.uk/tango-car-air-freshener-cdu-assorted-fragrances\'}, {\'supplier_ean\': \'5055319519243\', \'amazon_asin\': \'B07NJHJC44\', \'supplier_title\': \'Auto Extreme Professional Silver Wheel Spray Paint 400ml\', \'amazon_title\': \'Auto Extreme Silver Wheel, 400 ml\', \'supplier_price\': 1.82, \'amazon_price\': 5.5, \'match_method\': \'EAN\', \'confidence\': \'high\', \'created_at\': \'2025-07-18T10:51:15.720754\', \'supplier_url\': \'https://www.poundwholesale.co.uk/auto-extreme-professional-silver-wheel-spray-paint-400ml\'}, {\'supplier_ean\': \'5055319530798\', \'amazon_asin\': \'B0BZQ9D3SS\', \'supplier_title\': \'Auto Extreme Ocean Breeze In-Car Fragrance Air Freshener Spray 100ml\', \'amazon_title\': \'Car Air Freshener for Men with Vent Clip | Strong Perfume Automotive Air Freshener | Odour Eliminating Technology with Vent Clip | Car Air Fresheners by Perfa\', \'supplier_price\': 0.65, \'amazon_price\': None, \'match_method\': \'EAN\', \'confidence\': \'high\', \'created_at\': \'2025-07-18T10:51:27.401020\', \'supplier_url\': \'https://www.poundwholesale.co.uk/auto-extreme-ocean-breeze-in-car-fragrance-air-freshener-spray-100ml\'}, {\'supplier_ean\': \'5052578047807\', \'amazon_asin\': \'B0FB44TV8Y\', \'supplier_title\': \'Bettina Microfibre Ultra Buff Car Cloths 3pc\', \'amazon_title\': \'Towelogy\', \'supplier_price\': 1.79, \'amazon_price\': None, \'match_method\': \'EAN\', \'confidence\': \'high\', \'created_at\': \'2025-07-18T10:51:38.488644\', \'supplier_url\': \'https://www.poundwholesale.co.uk/bettina-microfibre-ultra-buff-car-cloths-3pc\'}, {\'supplier_ean\': \'5055441446714\', \'amazon_asin\': \'B0DFPVL488\', \'supplier_title\': \'Goodyear Silicone Window Squeegee 30cm\', \'amazon_title\': \'Goodyear Silicone Window Squeegee Ideal For Car Bodywork, Showers, Windows And Other Smooth Surfaces| Soft Silicone Blade| Removes 95% Of Standing Water| V-shaped Grip| Reusable And Long Lasting\', \'supplier_price\': 1.99, \'amazon_price\': 3.99, \'match_method\': \'EAN\', \'confidence\': \'high\', \'created_at\': \'2025-07-18T10:52:28.920921\', \'supplier_url\': \'https://www.poundwholesale.co.uk/goodyear-silicone-window-squeegee-30cm\'}, {\'supplier_ean\': \'5055319528030\', \'amazon_asin\': \'B0DJM5VWR6\', \'supplier_title\': \'Rapide DP-60 Penetrating Maintenance Spray 100ml CDU\', \'amazon_title\': \'PNJB\', \'supplier_price\': 0.79, \'amazon_price\': None, \'match_method\': \'EAN\', \'confidence\': \'high\', \'created_at\': \'2025-07-18T10:52:43.308895\', \'supplier_url\': \'https://www.poundwholesale.co.uk/rapide-dp-60-penetrating-maintenance-spray-100ml-cdu\'}, {\'supplier_ean\': \'5052578047708\', \'amazon_asin\': \'B09D7HXXXT\', \'supplier_title\': \'Bettina Assorted Microfibre Car Rags Bag\', \'amazon_title\': \'MR.SIGA\', \'supplier_price\': 1.79, \'amazon_price\': None, \'match_method\': \'EAN\', \'confidence\': \'high\', \'created_at\': \'2025-07-18T10:52:56.953180\', \'supplier_url\': \'https://www.poundwholesale.co.uk/bettina-assorted-microfibre-car-rags-bag\'}, {\'supplier_ean\': \'8008990001061\', \'amazon_asin\': \'B00BFXBBHM\', \'supplier_title\': \'Classic Professional Car Sponge 15cm X 11cm X 5.5cm\', \'amazon_title\': \'Générique Auto Care – Wash Synthetic Sponge Pro Classic\', \'supplier_price\': 0.62, \'amazon_price\': 3.89, \'match_method\': \'EAN\', \'confidence\': \'high\', \'created_at\': \'2025-07-18T10:53:42.902436\', \'supplier_url\': \'https://www.poundwholesale.co.uk/classic-professional-car-sponge-15cm-x-11cm-x-5-5cm\'}, {\'supplier_ean\': \'5055319529891\', \'amazon_asin\': \'B0CXN6VDPT\', \'supplier_title\': \'Rapide Multi Lube Oil Spray 250ml\', \'amazon_title\': \'Multi Lube Oil Spray High Performance Lubricates Cleans Prevents Rust - 300ml\', \'supplier_price\': 1.07, \'amazon_price\': 5.49, \'match_method\': \'EAN\', \'confidence\': \'high\', \'created_at\': \'2025-07-18T10:54:33.090475\', \'supplier_url\': \'https://www.poundwholesale.co.uk/rapide-multi-lube-oil-spray-250ml\'}, {\'supplier_ean\': \'5055319599559\', \'amazon_asin\': \'B07NJGVPVQ\', \'supplier_title\': \'Auto Extreme Professional Chrome Effect Spray Paint 400ml\', \'amazon_title\': \'Auto Extreme Auto Spray Chrome, 400 ml\', \'supplier_price\': 2.03, \'amazon_price\': 4.99, \'match_method\': \'EAN\', \'confidence\': \'high\', \'created_at\': \'2025-07-18T10:55:42.978833\', \'supplier_url\': \'https://www.poundwholesale.co.uk/auto-extreme-professional-chrome-effect-spray-paint-400ml\'}, {\'supplier_ean\': \'5053249228563\', \'amazon_asin\': \'B07R97BMMC\', \'supplier_title\': \'Carpride Alloy Wheel Spray Paint Matt Black\', \'amazon_title\': \'Car Pride 400ml High Grade Car Alloy Wheel Matt Black Fantastic Finish Surface Aerosol Spray Paint Can\', \'supplier_price\': 1.67, \'amazon_price\': 5.69, \'match_method\': \'EAN\', \'confidence\': \'high\', \'created_at\': \'2025-07-18T10:56:35.936258\', \'supplier_url\': \'https://www.poundwholesale.co.uk/carpride-alloy-wheel-spray-paint-matt-black\'}, {\'supplier_ean\': \'5055319519045\', \'amazon_asin\': \'B07NJFYFZR\', \'supplier_title\': \'Auto Extreme Silver Wheel Spray Paint 250ml\', \'amazon_title\': \'Auto Extreme Auto Spray Silver Wheel, 250 ml\', \'supplier_price\': 0.92, \'amazon_price\': 4.5, \'match_method\': \'EAN\', \'confidence\': \'high\', \'created_at\': \'2025-07-18T10:57:32.469691\', \'supplier_url\': \'https://www.poundwholesale.co.uk/auto-extreme-silver-wheel-spray-paint-250ml\'}, {\'supplier_ean\': \'5055319519212\', \'amazon_asin\': \'B09DYXN6YF\', \'supplier_title\': \'Auto Extreme Professional Black Gloss Spray Paint 400ml\', \'amazon_title\': \'Classic Signature - 1 x Auto Extreme Black Gloss Spray Paint 400ml, Professional Quality, Perfect Finish for Cars, Bikes,Vans, Metal, Wood\', \'supplier_price\': 1.82, \'amazon_price\': 6.89, \'match_method\': \'EAN\', \'confidence\': \'high\', \'created_at\': \'2025-07-18T10:58:29.850682\', \'supplier_url\': \'https://www.poundwholesale.co.uk/auto-extreme-professional-black-gloss-spray-paint-400ml\'}, {\'supplier_ean\': \'5056170362405\', \'amazon_asin\': \'B006UCJ5NU\', \'supplier_title\': \'Bloc Multipurpose Penetrating Maintenance Spray 250ml\', \'amazon_title\': \'WD-40 Specialist\', \'supplier_price\': 1.03, \'amazon_price\': None, \'match_method\': \'EAN\', \'confidence\': \'high\', \'created_at\': \'2025-07-18T10:58:41.438173\', \'supplier_url\': \'https://www.poundwholesale.co.uk/bloc-multipurpose-penetrating-maintenance-spray-250ml\'}, {\'supplier_ean\': \'5055319519106\', \'amazon_asin\': \'B09FLX734G\', \'supplier_title\': \'Auto Extreme Automotive Black Satin Spray Paint 250ml\', \'amazon_title\': \'Classic Signature - 1 x Black Satin Auto Extreme Spray Paint 250ml Professional Quality, Perfect Finish for Cars, Bikes,Vans, Metal, Wood\', \'supplier_price\': 0.92, \'amazon_price\': 5.47, \'match_method\': \'EAN\', \'confidence\': \'high\', \'created_at\': \'2025-07-18T10:59:37.654163\', \'supplier_url\': \'https://www.poundwholesale.co.uk/auto-extreme-automotive-black-satin-spray-paint-250ml\'}, {\'supplier_ean\': \'5053249248677\', \'amazon_asin\': \'B000LD4V2E\', \'supplier_title\': \'Car Pride Black Gloss Spray Paint 400ml\', \'amazon_title\': \'Hycote\', \'supplier_price\': 1.73, \'amazon_price\': None, \'match_method\': \'EAN\', \'confidence\': \'high\', \'created_at\': \'2025-07-18T10:59:51.150021\', \'supplier_url\': \'https://www.poundwholesale.co.uk/car-pride-black-gloss-spray-paint-400ml\'}, {\'supplier_ean\': \'5050375064300\', \'amazon_asin\': \'B01M0JVPJD\', \'supplier_title\': \'Car-Pride Quick Fix Tyre Repair 300ml\', \'amazon_title\': \'2 X QUICK FIX CAR EMERGENCY FLAT TYRE INFLATE PUNCTURE REPAIR KIT\', \'supplier_price\': 1.77, \'amazon_price\': 7.74, \'match_method\': \'EAN\', \'confidence\': \'high\', \'created_at\': \'2025-07-18T11:00:47.582374\', \'supplier_url\': \'https://www.poundwholesale.co.uk/quick-fix-tyre-repair\'}, {\'supplier_ean\': \'5055441446530\', \'amazon_asin\': \'B0993N1H9T\', \'supplier_title\': \'Goodyear Car Cockpit Cleaner 750ml\', \'amazon_title\': \'Goodyear Cockpit Cleaner 750ml- Effectively Cleans Dirt, Dust And Grime From the Dashboard And Surroundings| Protects Against Water And Dust Helping to Leave a Showroom Shine| Spray Weight 820g\', \'supplier_price\': 1.39, \'amazon_price\': 5.13, \'match_method\': \'EAN\', \'confidence\': \'high\', \'created_at\': \'2025-07-18T11:01:48.222908\', \'supplier_url\': \'https://www.poundwholesale.co.uk/goodyear-cherry-scent-car-cockpit-cleaner-750ml\'}, {\'supplier_ean\': \'5055319519281\', \'amazon_asin\': \'B07NJGV658\', \'supplier_title\': \'Auto Extreme Professional Yellow Gloss Spray Paint 400ml\', \'amazon_title\': \'Auto Extreme Auto Extreme Yellow, 400 ml\', \'supplier_price\': 1.96, \'amazon_price\': 5.49, \'match_method\': \'EAN\', \'confidence\': \'high\', \'created_at\': \'2025-07-18T11:02:38.788885\', \'supplier_url\': \'https://www.poundwholesale.co.uk/auto-extreme-professional-yellow-gloss-spray-paint-400ml\'}, {\'supplier_ean\': \'5056175980970\', \'amazon_asin\': \'B095HTD46T\', \'supplier_title\': \'Auto Extras Jar Candle Air Freshener 3 Pack Assorted\', \'amazon_title\': \'CRISTALINAS\', \'supplier_price\': 0.54, \'amazon_price\': None, \'match_method\': \'EAN\', \'confidence\': \'high\', \'created_at\': \'2025-07-18T11:02:51.951099\', \'supplier_url\': \'https://www.poundwholesale.co.uk/auto-extras-jar-candle-air-freshener-3-pack-assorted\'}, {\'supplier_ean\': \'5055319529914\', \'amazon_asin\': \'B07XZF187M\', \'supplier_title\': \'Rapide PTFE Lubricant Spray 250ml\', \'amazon_title\': \'Rapide 300ml PTFE Grease Aerosol Spray Lubricant Can Chains Belts Cables Oil\', \'supplier_price\': 1.07, \'amazon_price\': 4.99, \'match_method\': \'EAN\', \'confidence\': \'high\', \'created_at\': \'2025-07-18T11:03:38.329354\', \'supplier_url\': \'https://www.poundwholesale.co.uk/rapide-ptfe-lubricant-spray-250ml\'}, {\'supplier_ean\': \'5055441449203\', \'amazon_asin\': \'B0D12237Y2\', \'supplier_title\': \'Goodyear Expanding Car Cleaning Sponge\', \'amazon_title\': \'Goodyear Tyre and Wheel Deep Cleaning Multi-Purpose Brush | Ideal for Vehicle Tyres | Ergonomic L-Style Handle | Wide Curved Brush Head Covers Larger Surface | Removes Dirt and Grime\', \'supplier_price\': 0.72, \'amazon_price\': 0.99, \'match_method\': \'EAN\', \'confidence\': \'high\', \'created_at\': \'2025-07-18T11:04:31.759859\', \'supplier_url\': \'https://www.poundwholesale.co.uk/goodyear-expanding-car-cleaning-sponge\'}, {\'supplier_ean\': \'5053249229768\', \'amazon_asin\': \'B0BZQ8C6CS\', \'supplier_title\': \'Chupa Chups Car Air Fresheners CDU Assorted Fragrances\', \'amazon_title\': \'One Million Car Air Freshener for Men | Strong Perfume Automotive Freshener | Odour Eliminating Technology with Vent Clip | Long Lasting Car Air Freshener by Perfa\', \'supplier_price\': 0.87, \'amazon_price\': None, \'match_method\': \'EAN\', \'confidence\': \'high\', \'created_at\': \'2025-07-18T11:04:43.364574\', \'supplier_url\': \'https://www.poundwholesale.co.uk/chupa-chups-car-air-fresheners-cdu-assorted-fragrances\'}, {\'supplier_ean\': \'5050375002197\', \'amazon_asin\': \'B01MQHS127\', \'supplier_title\': \'Car Pride Stitched Natural Chamois Leather\', \'amazon_title\': \'151 NATURAL CHAMOIS LEATHER\', \'supplier_price\': 0.85, \'amazon_price\': 3.19, \'match_method\': \'EAN\', \'confidence\': \'high\', \'created_at\': \'2025-07-18T11:06:00.876295\', \'supplier_url\': \'https://www.poundwholesale.co.uk/stitched-natural-chamois-leather\'}, {\'supplier_ean\': \'5055441446431\', \'amazon_asin\': \'B0992QG9QK\', \'supplier_title\': \'Goodyear Instant Valet Upholstery Cleaner 750ml\', \'amazon_title\': \'GOODYEAR INSTANT VALET UPHOLSTERY CLEANER SPRAY 750ML\', \'supplier_price\': 1.4, \'amazon_price\': 5.27, \'match_method\': \'EAN\', \'confidence\': \'high\', \'created_at\': \'2025-07-18T11:06:52.375016\', \'supplier_url\': \'https://www.poundwholesale.co.uk/goodyear-instant-valet-upholstery-cleaner-750ml\'}, {\'supplier_ean\': \'5053249245751\', \'amazon_asin\': \'B0BLL3XTRB\', \'supplier_title\': \'Car Pride Clean & Dry Microfibre Cloth\', \'amazon_title\': \'CARPRIDE® Clean and Dry Microfibre Cloth | For Car Exterior and Interior | 30 x 30 cm | Brown\', \'supplier_price\': 0.76, \'amazon_price\': 2.95, \'match_method\': \'EAN\', \'confidence\': \'high\', \'created_at\': \'2025-07-18T11:07:43.161406\', \'supplier_url\': \'https://www.poundwholesale.co.uk/car-pride-clean-dry-microfibre-cloth\'}, {\'supplier_ean\': \'8008990001047\', \'amazon_asin\': \'B0DJFRHQ3H\', \'supplier_title\': \'Flash Car Synthetic Chamois Large\', \'amazon_title\': \'FLASH\', \'supplier_price\': 1.42, \'amazon_price\': None, \'match_method\': \'EAN\', \'confidence\': \'high\', \'created_at\': \'2025-07-18T11:08:10.161535\', \'supplier_url\': \'https://www.poundwholesale.co.uk/flash-car-synthetic-chamois-large\'}, {\'supplier_ean\': \'5050375084148\', \'amazon_asin\': \'B07FRGHHQR\', \'supplier_title\': \'Car Pride Black Pack 300ml\', \'amazon_title\': \'Car Pride Black Pack Spray For Plastic Bumper & Exterior Trim Restorer 300ml\', \'supplier_price\': 0.93, \'amazon_price\': 4.49, \'match_method\': \'EAN_cached\', \'confidence\': \'low\', \'created_at\': \'2025-07-18T11:08:10.231134\', \'supplier_url\': \'https://www.poundwholesale.co.uk/black-pack-300ml\'}, {\'supplier_ean\': \'5055319519311\', \'amazon_asin\': \'B07NJH9XCY\', \'supplier_title\': \'Auto Extreme Professional Racing Green Gloss Spray Paint 400ml\', \'amazon_title\': \'Auto Extreme Racing Green, 400 ml\', \'supplier_price\': 1.96, \'amazon_price\': 5.65, \'match_method\': \'EAN\', \'confidence\': \'high\', \'created_at\': \'2025-07-18T11:09:04.876820\', \'supplier_url\': \'https://www.poundwholesale.co.uk/auto-extreme-professional-racing-green-gloss-spray-paint-400ml\'}, {\'supplier_ean\': \'5055319519137\', \'amazon_asin\': \'B07NJFXL6R\', \'supplier_title\': \'Auto Extreme Red Primer Spray Paint 250ml\', \'amazon_title\': \'Auto Extreme Auto Spray Red Primer, 250 ml\', \'supplier_price\': 0.92, \'amazon_price\': 4.35, \'match_method\': \'EAN\', \'confidence\': \'high\', \'created_at\': \'2025-07-18T11:09:55.460107\', \'supplier_url\': \'https://www.poundwholesale.co.uk/mean-machine-auto-spray-red-primer-250ml\'}, {\'supplier_ean\': \'5038673050010\', \'amazon_asin\': \'B0FC6D5VDG\', \'supplier_title\': \'Portable Wet & Dry Auto Vacuum Cleaner\', \'amazon_title\': \'HYCHIKA 3 in 1 Wet and Dry Vacuum Cleaner, Power: 1200 W, 20 L Stainless Steel Tank, 6 M+ Cleaning Range (2.5 M Power Cores + 3.5 M Soft & Hard Hose), for Garden Outdoor Floor Sofa Cleaning\', \'supplier_price\': 10.18, \'amazon_price\': None, \'match_method\': \'EAN\', \'confidence\': \'high\', \'created_at\': \'2025-07-18T11:10:08.518609\', \'supplier_url\': \'https://www.poundwholesale.co.uk/portable-wet-dry-auto-vacuum-cleaner\'}, {\'supplier_ean\': \'5052578034708\', \'amazon_asin\': \'B0CKTH6LDT\', \'supplier_title\': \'Bettina Microfibre Car Cloths 2 Pack\', \'amazon_title\': \'CarMax® - Original Twisted Loop Car Drying Towel - Double-Sided XXL - 90cm x 60cm 1400gsm Microfibre Towel for fast streak-free drying and detailing.\', \'supplier_price\': 0.79, \'amazon_price\': 17.99, \'match_method\': \'EAN_cached\', \'confidence\': \'low\', \'created_at\': \'2025-07-18T11:10:08.580003\', \'supplier_url\': \'https://www.poundwholesale.co.uk/3pc-micro-fibre-car-cloths-highly-effective-wet-or-dry\'}, {\'supplier_ean\': \'5055441449142\', \'amazon_asin\': \'B0DF343YX8\', \'supplier_title\': \'Goodyear Microfibre Dusting Cloth Large 60cm X 40cm\', \'amazon_title\': \'Goodyear Microfibre Dusting Cloth I Specially designed microfibre cloth for windscreens, windows and mirrors | Statically charged cleaning fibres attract dust | Leaves a lint free finish | 60m x 40cm\', \'supplier_price\': 0.85, \'amazon_price\': 1.99, \'match_method\': \'EAN\', \'confidence\': \'high\', \'created_at\': \'2025-07-18T11:10:57.177704\', \'supplier_url\': \'https://www.poundwholesale.co.uk/goodyear-microfibre-dusting-cloth-large-60cm-x-40cm\'}, {\'supplier_ean\': \'5055441449180\', \'amazon_asin\': \'B0D3JDFZJC\', \'supplier_title\': \'Goodyear Microfibre Car Cloth Set 4 Pack\', \'amazon_title\': \'Goodyear 4PC Microfibre Cloth Set- microfibre cloths for cleaning your vehicle | Cleaning fibres attract dust | Showroom finish | Machine washable | Dashboard, Buffing, Window cloth | Wash and drying\', \'supplier_price\': 2.59, \'amazon_price\': 4.99, \'match_method\': \'EAN\', \'confidence\': \'high\', \'created_at\': \'2025-07-18T11:11:46.340949\', \'supplier_url\': \'https://www.poundwholesale.co.uk/goodyear-microfibre-car-cloth-set-4-pack\'}, {\'supplier_ean\': \'5055441449104\', \'amazon_asin\': \'B0DH8C367V\', \'supplier_title\': \'Goodyear Synthetic Chamois Cloth\', \'amazon_title\': \'Goodyear Synthetic Chamois -natural Chamois, Super Absorbent, Streak And Scratch Free, With A Greater Tolerance To Modern Car Cleaners| Stays Soft When Drying| Extra Large 72cm x 50cm|Machine Washable\', \'supplier_price\': 1.9, \'amazon_price\': 2.99, \'match_method\': \'EAN\', \'confidence\': \'high\', \'created_at\': \'2025-07-18T11:12:43.381337\', \'supplier_url\': \'https://www.poundwholesale.co.uk/goodyear-synthetic-chamois-cloth\'}, {\'supplier_ean\': \'5055319530736\', \'amazon_asin\': \'B084VTS1NV\', \'supplier_title\': \'Auto Extreme Fresh Linen In-Car Fragrance Air Freshener Spray 100ml\', \'amazon_title\': \'Air Freshener Spray Concentrated Long Lasting Oil Based (New Car)\', \'supplier_price\': 0.65, \'amazon_price\': None, \'match_method\': \'EAN\', \'confidence\': \'high\', \'created_at\': \'2025-07-18T11:12:55.532920\', \'supplier_url\': \'https://www.poundwholesale.co.uk/auto-extreme-fresh-linen-in-car-fragrance-air-freshener-spray-100ml\'}, {\'supplier_ean\': \'5055319519076\', \'amazon_asin\': \'B09FLX3QXD\', \'supplier_title\': \'Auto Extreme Automotive Red Gloss Spray Paint 250ml\', \'amazon_title\': \'Classic Signature - 1 x Auto Extreme Red Gloss Spray Paint 250ml, Professional Quality, Perfect Finish for Cars, Bikes,Vans, Metal, Wood\', \'supplier_price\': 0.92, \'amazon_price\': 5.47, \'match_method\': \'EAN\', \'confidence\': \'high\', \'created_at\': \'2025-07-18T11:13:48.220197\', \'supplier_url\': \'https://www.poundwholesale.co.uk/auto-extreme-automotive-red-gloss-spray-paint-250ml\'}, {\'supplier_ean\': \'5050375003620\', \'amazon_asin\': \'B0DG2QVKZL\', \'supplier_title\': \'Car Pride Luxury Natural Chamois Leather\', \'amazon_title\': \'Hoover HF1 Plus Cordless Stick Vacuum Cleaner with Turbo Suction Mode, Up to 45 Min Runtime, LED Lights, Multi-Floor Nozzle, Anti Hair Wrap, Handheld Capability, 165w [HF1P10H]\', \'supplier_price\': 1.41, \'amazon_price\': 99.0, \'match_method\': \'EAN\', \'confidence\': \'high\', \'created_at\': \'2025-07-18T11:14:56.832846\', \'supplier_url\': \'https://www.poundwholesale.co.uk/car-pride-luxury-natural-chamois-leather\'}, {\'supplier_ean\': \'00994743\', \'amazon_asin\': \'B0CCVFJ94Z\', \'supplier_title\': \'Wilko Ready To Use Screenwash 5l\', \'amazon_title\': \'Rain-X\', \'supplier_price\': 1.42, \'amazon_price\': None, \'match_method\': \'EAN\', \'confidence\': \'high\', \'created_at\': \'2025-07-18T11:15:10.531582\', \'supplier_url\': \'https://www.poundwholesale.co.uk/wilko-ready-to-use-screenwash-5l\'}, {\'supplier_ean\': \'5055319556668\', \'amazon_asin\': \'B0BC1D6KPG\', \'supplier_title\': \'Auto Extreme Car Upholstery Brush 14cm X 6.5cm\', \'amazon_title\': \'15° Curved Car Cleaning Brush with Telescopic Handle 43" Aluminum Alloy Long Rod Wash Mop For Washing Caravan Van Truck Boat RV Roof Soft Chenille Head Duster Clean Product Not Hurt Paint Scratch Free\', \'supplier_price\': 0.97, \'amazon_price\': None, \'match_method\': \'EAN\', \'confidence\': \'high\', \'created_at\': \'2025-07-18T11:15:22.281479\', \'supplier_url\': \'https://www.poundwholesale.co.uk/auto-extreme-car-upholstery-brush-14cm-x-6-5cm\'}, {\'supplier_ean\': \'5050375083783\', \'amazon_asin\': \'B00A3T5F2G\', \'supplier_title\': \'Car Pride Instant Valet 300ml\', \'amazon_title\': \'Carpride Instant Valet Aerosol Spray 300ml\', \'supplier_price\': 0.97, \'amazon_price\': 4.09, \'match_method\': \'EAN_cached\', \'confidence\': \'low\', \'created_at\': \'2025-07-18T11:15:22.357739\', \'supplier_url\': \'https://www.poundwholesale.co.uk/instant-valet-300ml\'}, {\'supplier_ean\': \'5055319512213\', \'amazon_asin\': \'B0F9329VCL\', \'supplier_title\': \'Auto Extreme Car Air Freshener Assorted Fragrances Clip Strip\', \'amazon_title\': \'Automizer - Creed Car Air Freshener for Men - Smart Car Air Freshener Diffuser Aventus Inspired Automatic On/Off Refillable Air Freshner, Gifts for Men/Women\', \'supplier_price\': 0.27, \'amazon_price\': None, \'match_method\': \'EAN\', \'confidence\': \'high\', \'created_at\': \'2025-07-18T11:15:36.157612\', \'supplier_url\': \'https://www.poundwholesale.co.uk/auto-extreme-car-air-freshener-assorted-fragrances-clip-strip\'}, {\'supplier_ean\': \'5053249256832\', \'amazon_asin\': \'B0D2HLTZ4Q\', \'supplier_title\': \'Car Pride All Seasons Screen Wash Tablets 2pc\', \'amazon_title\': \'Screenwash Tablets For Cars, 100 Pcs Car Windshield Wash Tablets, Concentrated Screenwash Washer Fluid Car Window Cleaning Tablets for Metal, Plastic, Window Glass, Look Completely New\', \'supplier_price\': 0.74, \'amazon_price\': None, \'match_method\': \'EAN\', \'confidence\': \'high\', \'created_at\': \'2025-07-18T11:15:50.415052\', \'supplier_url\': \'https://www.poundwholesale.co.uk/car-pride-all-seasons-screen-wash-tablets-2pc\'}, {\'supplier_ean\': \'5055056731861\', \'amazon_asin\': \'B09LHF2V7G\', \'supplier_title\': \'Guilty Pleasures Chocolate Chip Cookie 3D Car Air Freshener\', \'amazon_title\': \'Guilty Pleasures 3D Choc Cookie CAR FRESHENER\', \'supplier_price\': 0.38, \'amazon_price\': 3.99, \'match_method\': \'EAN\', \'confidence\': \'high\', \'created_at\': \'2025-07-18T11:16:51.336470\', \'supplier_url\': \'https://www.poundwholesale.co.uk/guilty-pleasures-chocolate-chip-cookie-3d-air-freshener\'}, {\'supplier_ean\': \'5055441446479\', \'amazon_asin\': \'B0993YCZWB\', \'supplier_title\': \'Goodyear Fresh Fragrance Glass & Mirror Cleaner 750ml\', \'amazon_title\': \'Goodyear Glass & Mirror Cleaner 750ml - For a streak-free finish | Effective cleaner for car windscreens, side window, wing mirrors & rear view mirror | Suitable for rain sensor and acrylic windows\', \'supplier_price\': 1.36, \'amazon_price\': 5.74, \'match_method\': \'EAN\', \'confidence\': \'high\', \'created_at\': \'2025-07-18T11:18:10.194551\', \'supplier_url\': \'https://www.poundwholesale.co.uk/goodyear-fresh-fragrance-glass-mirror-cleaner-750ml\'}, {\'supplier_ean\': \'5055441446455\', \'amazon_asin\': \'B0993N4XMC\', \'supplier_title\': \'Goodyear Back-To-Black Bumper & Trim Plastic Restorer 750ml\', \'amazon_title\': \'Goodyear Bumper and Trim Restorer 750ml-back to Black| Helps Bumper and Trim Plastic Look Like New| Restores, Protects and Shines| Long Lasting Gloss Finish| Suitable for All Exterior Plastics\', \'supplier_price\': 1.4, \'amazon_price\': 4.89, \'match_method\': \'EAN\', \'confidence\': \'high\', \'created_at\': \'2025-07-18T11:19:05.192693\', \'supplier_url\': \'https://www.poundwholesale.co.uk/goodyear-black-bumper-trim-plastic-restorer-750ml\'}, {\'supplier_ean\': \'5015302400262\', \'amazon_asin\': \'B0B4R5265Z\', \'supplier_title\': \'Coco & Gray Assorted Colour Synthetic Chamois Cloths 3 Pack\', \'amazon_title\': \'Airlab\', \'supplier_price\': 0.64, \'amazon_price\': None, \'match_method\': \'EAN\', \'confidence\': \'high\', \'created_at\': \'2025-07-18T11:19:19.017457\', \'supplier_url\': \'https://www.poundwholesale.co.uk/royle-shammy-pack-3\'}, {\'supplier_ean\': \'5055319519304\', \'amazon_asin\': \'B09F9N1DW9\', \'supplier_title\': \'Auto Extreme Professional Silver Body Spray Paint 400ml\', \'amazon_title\': \'Classic Signature - 1 x Auto Extreme Silver Body Spray Paint 400ml Professional Quality, Perfect Finish for Cars, Bikes,Vans, Metal, Wood\', \'supplier_price\': 1.82, \'amazon_price\': 6.89, \'match_method\': \'EAN\', \'confidence\': \'high\', \'created_at\': \'2025-07-18T11:20:10.249623\', \'supplier_url\': \'https://www.poundwholesale.co.uk/auto-extreme-professional-silver-body-spray-paint-400ml\'}, {\'supplier_ean\': \'5053249200743\', \'amazon_asin\': \'B0DY5MX94X\', \'supplier_title\': \'Tango Card Car Air Freshener 2 Pack CDU Assorted Fragrances\', \'amazon_title\': \'Luxury Car Fragrance Gift Set, 2 Glass Car Diffusers, 2 x 30ml Refills, 2 x Vent Clips, 10 ml Interior Fabric Spray, Strong Fragrance, (Crede)\', \'supplier_price\': 0.74, \'amazon_price\': None, \'match_method\': \'EAN\', \'confidence\': \'high\', \'created_at\': \'2025-07-18T11:20:38.365789\', \'supplier_url\': \'https://www.poundwholesale.co.uk/tango-card-car-air-freshener-2-pack-cdu-assorted-fragrances\'}, {\'supplier_ean\': \'5056175980963\', \'amazon_asin\': \'B0FH9LCRSZ\', \'supplier_title\': \'Auto Extras Jelly Baby Air Freshener Assorted\', \'amazon_title\': \'Car Air Freshener Aromatherapy Balm Long Lasting Fragrance Non-spill Solid 3D Tomato Shaped Travel Size Scented Balm 100g Eliminate Odor for Bedroom Toliet Elitzia ETAP2815\', \'supplier_price\': 0.65, \'amazon_price\': None, \'match_method\': \'EAN\', \'confidence\': \'high\', \'created_at\': \'2025-07-18T11:20:51.448024\', \'supplier_url\': \'https://www.poundwholesale.co.uk/auto-extras-jelly-baby-air-freshener-assorted\'}, {\'supplier_ean\': \'5055319519298\', \'amazon_asin\': \'B07NJH3Q91\', \'supplier_title\': \'Auto Extreme Professional Black Satin Spray Paint 400ml\', \'amazon_title\': \'Auto Extreme Auto Extreme Black Satin, 400 ml\', \'supplier_price\': 1.82, \'amazon_price\': 5.49, \'match_method\': \'EAN\', \'confidence\': \'high\', \'created_at\': \'2025-07-18T11:21:47.219390\', \'supplier_url\': \'https://www.poundwholesale.co.uk/auto-extreme-professional-black-satin-spray-paint-400ml\'}, {\'supplier_ean\': \'5055056770815\', \'amazon_asin\': \'B0BZQC1VY6\', \'supplier_title\': \'Millions Cola 3D Car Air Freshener\', \'amazon_title\': \'Creed Car Air Freshener for Men | Aventos Perfume Inspired Car Fragrances | Strong Freshener with Odour Eliminator Technology | Creed Automotive Air Freshener | GREED Scent by Perfa\', \'supplier_price\': 0.38, \'amazon_price\': None, \'match_method\': \'EAN\', \'confidence\': \'high\', \'created_at\': \'2025-07-18T11:22:00.417347\', \'supplier_url\': \'https://www.poundwholesale.co.uk/millions-cola-3d-car-air-freshener\'}, {\'supplier_ean\': \'5052578015608\', \'amazon_asin\': \'B0DHXJ3Y9T\', \'supplier_title\': \'Bettina Car Sponges 3 Pack\', \'amazon_title\': \'3 Pack Car Sponges,Jumbo Sponges For Car Cleaning,Anti Scratch Technology for Car Exterior & Window Washing- Perfect For Wheels, Windscreen & Bodywork (3 PCS (Yellow))\', \'supplier_price\': 0.84, \'amazon_price\': 7.99, \'match_method\': \'EAN_cached\', \'confidence\': \'low\', \'created_at\': \'2025-07-18T11:22:00.495119\', \'supplier_url\': \'https://www.poundwholesale.co.uk/bettina-car-sponges-3-pack\'}, {\'supplier_ean\': \'5038673050010\', \'amazon_asin\': \'B0FC6D5VDG\', \'supplier_title\': \'Roadster Car Vacuum Cleaner 12V\', \'amazon_title\': \'HYCHIKA 3 in 1 Wet and Dry Vacuum Cleaner, Power: 1200 W, 20 L Stainless Steel Tank, 6 M+ Cleaning Range (2.5 M Power Cores + 3.5 M Soft & Hard Hose), for Garden Outdoor Floor Sofa Cleaning\', \'supplier_price\': 5.28, \'amazon_price\': None, \'match_method\': \'EAN_cached\', \'confidence\': \'low\', \'created_at\': \'2025-07-18T11:22:00.576434\', \'supplier_url\': \'https://www.poundwholesale.co.uk/roadster-car-vacuum-cleaner-12v\'}, {\'supplier_ean\': \'5050375083752\', \'amazon_asin\': \'B01C4S4876\', \'supplier_title\': \'Car Pride Alloy Wheel Cleaner 300ml\', \'amazon_title\': \'Car Pride Wheel Clean, 300ml\', \'supplier_price\': 0.97, \'amazon_price\': 4.05, \'match_method\': \'EAN_cached\', \'confidence\': \'low\', \'created_at\': \'2025-07-18T11:22:00.651582\', \'supplier_url\': \'https://www.poundwholesale.co.uk/alloy-wheel-cleaner\'}, {\'supplier_ean\': \'5055441452357\', \'amazon_asin\': \'B0DFPVGFZ4\', \'supplier_title\': \'Goodyear Extendable Car Windscreen Washer Squeegee Sponge Cleaner\', \'amazon_title\': \'Goodyear 2 In 1 Window Squeegee Flexible Rubber Blade| Netted Sponge Scrubber| Multi-purpose And Easy To Use| Non - Scratch| Ideal For Cleaning Windows And Windscreens| Compact Design, Easy Storage\', \'supplier_price\': 1.76, \'amazon_price\': 2.99, \'match_method\': \'EAN\', \'confidence\': \'high\', \'created_at\': \'2025-07-18T11:22:54.109374\', \'supplier_url\': \'https://www.poundwholesale.co.uk/goodyear-extendable-car-windscreen-washer-squeegee-sponge-cleaner\'}, {\'supplier_ean\': \'5055257813090\', \'amazon_asin\': \'B0FH9LCRSZ\', \'supplier_title\': \'Fragranced Fruit Shaped Car Air Freshener\', \'amazon_title\': \'Car Air Freshener Aromatherapy Balm Long Lasting Fragrance Non-spill Solid 3D Tomato Shaped Travel Size Scented Balm 100g Eliminate Odor for Bedroom Toliet Elitzia ETAP2815\', \'supplier_price\': 0.6, \'amazon_price\': None, \'match_method\': \'EAN\', \'confidence\': \'high\', \'created_at\': \'2025-07-18T11:23:05.509024\', \'supplier_url\': \'https://www.poundwholesale.co.uk/fragranced-fruit-shaped-car-air-freshener\'}, {\'supplier_ean\': \'5055319510615\', \'amazon_asin\': \'B0C49F6NG6\', \'supplier_title\': \'Auto Extreme Professional Petrol-Resistant Lacquer Clear Spray 400ml\', \'amazon_title\': \'Ozeino Wireless Gaming Headset, Compatible with PC Ps5 Ps4 Boasts 2.4GHz Lossless Audio, USB & Type-C, Flip Microphone and 40-Hr Battery - Suited for Switch, Laptop, Mac\', \'supplier_price\': 1.89, \'amazon_price\': 23.11, \'match_method\': \'EAN\', \'confidence\': \'high\', \'created_at\': \'2025-07-18T11:24:21.169341\', \'supplier_url\': \'https://www.poundwholesale.co.uk/auto-extreme-professional-petrol-resistant-lacquer-clear-spray-400ml\'}, {\'supplier_ean\': \'5053249271453\', \'amazon_asin\': \'B0CHTHYL58\', \'supplier_title\': \'Car-Pride Biodegradable Interior Clean & Shine Wipes 30 Pack\', \'amazon_title\': \'AMK\', \'supplier_price\': 0.65, \'amazon_price\': None, \'match_method\': \'EAN\', \'confidence\': \'high\', \'created_at\': \'2025-07-18T11:24:44.743060\', \'supplier_url\': \'https://www.poundwholesale.co.uk/car-pride-interior-clean-shine-wipes-30-pack\'}, {\'supplier_ean\': \'5055319519267\', \'amazon_asin\': \'B07NJGB772\', \'supplier_title\': \'Auto Extreme Professional Red Gloss Spray Paint 400ml\', \'amazon_title\': \'Auto Extreme Auto Extreme Red, 400 ml\', \'supplier_price\': 1.82, \'amazon_price\': 5.79, \'match_method\': \'EAN\', \'confidence\': \'high\', \'created_at\': \'2025-07-18T11:25:35.589009\', \'supplier_url\': \'https://www.poundwholesale.co.uk/auto-extreme-professional-red-gloss-spray-paint-400ml\'}, {\'supplier_ean\': \'5056175987832\', \'amazon_asin\': \'B0BSFN7BK9\', \'supplier_title\': \'Bloome Gel Boat Air Freshener 150G Assorted Fragrance\', \'amazon_title\': \'SOL\', \'supplier_price\': 0.46, \'amazon_price\': None, \'match_method\': \'EAN\', \'confidence\': \'high\', \'created_at\': \'2025-07-18T11:25:49.342872\', \'supplier_url\': \'https://www.poundwholesale.co.uk/bloome-gel-boat-air-freshener-150g-assorted-fragrance\'}, {\'supplier_ean\': \'5055441445021\', \'amazon_asin\': \'B0DJFGKQTJ\', \'supplier_title\': \'Dekton Tri-Extending Wash Brush 3m\', \'amazon_title\': \'Dekton Heavy Duty Tri-Extending Wash Brush | Long Reach Water Fed Brush for Cars, Boats, & More | Ergonomic Foam Grip | Soft Bristles Prevent Scratching | Telescopic Design Extends to 3 Metres\', \'supplier_price\': 13.64, \'amazon_price\': 25.06, \'match_method\': \'EAN\', \'confidence\': \'high\', \'created_at\': \'2025-07-18T11:26:42.138251\', \'supplier_url\': \'https://www.poundwholesale.co.uk/dekton-tri-extending-wash-brush-3m\'}, {\'supplier_ean\': \'5038673410692\', \'amazon_asin\': \'B0DPX1HRM6\', \'supplier_title\': \'Car Air Fresheners Fruit Assorted CDU\', \'amazon_title\': \'Q QXUNMU\'2025-07-19 02:38:15,098 - PassiveExtractionWorkflow - INFO - ❌ Not profitable product: Goodyear 2-In-1 Bug Removing Sponge
2025-07-19 02:38:15,112 - PassiveExtractionWorkflow - INFO - --- Processing supplier product 110/147: 'Goodyear Instant Valet Upholstery Cleaner 750ml' ---
2025-07-19 02:38:15,113 - PassiveExtractionWorkflow - INFO - Product already processed: https://www.poundwholesale.co.uk/goodyear-instant-valet-upholstery-cleaner-750ml. Skipping.
2025-07-19 02:38:15,114 - PassiveExtractionWorkflow - INFO - --- Processing supplier product 111/147: 'Car Pride Clean & Dry Microfibre Cloth' ---
2025-07-19 02:38:15,114 - PassiveExtractionWorkflow - INFO - Product already processed: https://www.poundwholesale.co.uk/car-pride-clean-dry-microfibre-cloth. Skipping.
2025-07-19 02:38:15,114 - PassiveExtractionWorkflow - INFO - --- Processing supplier product 112/147: 'Car-Pride Biodegradable Alloy Wheel Cleaning Wipes 30 Pack' ---
2025-07-19 02:38:15,115 - PassiveExtractionWorkflow - INFO - Attempting Amazon search using EAN: 5053249271422
2025-07-19 02:38:15,144 - tools.passive_extraction_workflow_latest - INFO - Searching Amazon by EAN: 5053249271422 for supplier product: 'Car-Pride Biodegradable Alloy Wheel Cleaning Wipes 30 Pack' (FixedAmazonExtractor)
2025-07-19 02:38:15,145 - tools.passive_extraction_workflow_latest - INFO - No page provided to search_by_ean, getting one from BrowserManager.
2025-07-19 02:38:15,146 - utils.browser_manager - INFO - ♻️ Reusing cached page for https://www.amazon.co.uk
2025-07-19 02:38:15,146 - tools.passive_extraction_workflow_latest - INFO - Navigating to Amazon UK to search for EAN: 5053249271422
2025-07-19 02:38:17,747 - tools.passive_extraction_workflow_latest - INFO - Waiting for search results page to load for EAN 5053249271422...
2025-07-19 02:38:18,065 - tools.passive_extraction_workflow_latest - INFO - Found search results container with selector: div.s-search-results
2025-07-19 02:38:20,142 - tools.passive_extraction_workflow_latest - INFO - Found 16 search result elements using selector: div.s-result-item[data-asin]:not([data-asin=''])
2025-07-19 02:38:20,142 - tools.passive_extraction_workflow_latest - INFO - Processing 16 search result elements for EAN 5053249271422
2025-07-19 02:38:20,163 - tools.passive_extraction_workflow_latest - DEBUG - Processing element 1: ASIN B0DGTLW2JX
2025-07-19 02:38:20,181 - tools.passive_extraction_workflow_latest - DEBUG - ASIN B0DGTLW2JX HTML structure sample: <div role="listitem" data-asin="B0DGTLW2JX" data-index="2" data-uuid="8099638e-a4be-4ec7-b0da-3100111645fc" id="8099638e-a4be-4ec7-b0da-3100111645fc" data-component-type="s-search-result" class="sg-col-4-of-4 sg-col-4-of-24 sg-col-4-of-12 s-result-item s-asin sg-col-4-of-16 AdHolder sg-col s-widget-spacing-small sg-col-4-of-8 sg-col-4-of-20" data-component-id="5" data-cel-widget="search_result_0"><div class="sg-col-inner"><div cel_widget_id="MAIN-SEARCH_RESULTS-2" class="s-widget-container s-spacing-small s-widget-container-height-small celwidget slot=MAIN template=SEARCH_RESULTS widgetId=sear...
2025-07-19 02:38:20,182 - tools.passive_extraction_workflow_latest - DEBUG - Error checking sponsored badge for ASIN B0DGTLW2JX: 'ElementHandle' object has no attribute 'locator'
2025-07-19 02:38:20,183 - tools.passive_extraction_workflow_latest - DEBUG - Error checking aria-label for ASIN B0DGTLW2JX: 'ElementHandle' object has no attribute 'locator'
2025-07-19 02:38:20,227 - tools.passive_extraction_workflow_latest - INFO - Skipping sponsored result: ASIN B0DGTLW2JX (detected by ad-specific class: 'AdHolder')
2025-07-19 02:38:20,251 - tools.passive_extraction_workflow_latest - DEBUG - Processing element 2: ASIN B0CBT2N7N1
2025-07-19 02:38:20,340 - tools.passive_extraction_workflow_latest - DEBUG - ASIN B0CBT2N7N1 HTML structure sample: <div role="listitem" data-asin="B0CBT2N7N1" data-index="3" data-uuid="96e3b3bb-dce1-4e19-9051-94d2c9ea5aa8" id="96e3b3bb-dce1-4e19-9051-94d2c9ea5aa8" data-component-type="s-search-result" class="sg-col-4-of-4 sg-col-4-of-24 sg-col-4-of-12 s-result-item s-asin sg-col-4-of-16 AdHolder sg-col s-widget-spacing-small sg-col-4-of-8 sg-col-4-of-20" data-component-id="9" data-cel-widget="search_result_1"><div class="sg-col-inner"><div cel_widget_id="MAIN-SEARCH_RESULTS-3" class="s-widget-container s-spacing-small s-widget-container-height-small celwidget slot=MAIN template=SEARCH_RESULTS widgetId=sear...
2025-07-19 02:38:20,341 - tools.passive_extraction_workflow_latest - DEBUG - Error checking sponsored badge for ASIN B0CBT2N7N1: 'ElementHandle' object has no attribute 'locator'
2025-07-19 02:38:20,341 - tools.passive_extraction_workflow_latest - DEBUG - Error checking aria-label for ASIN B0CBT2N7N1: 'ElementHandle' object has no attribute 'locator'
2025-07-19 02:38:20,433 - tools.passive_extraction_workflow_latest - INFO - Skipping sponsored result: ASIN B0CBT2N7N1 (detected by ad-specific class: 'AdHolder')
2025-07-19 02:38:20,458 - tools.passive_extraction_workflow_latest - DEBUG - Processing element 3: ASIN B01FTBDE8O
2025-07-19 02:38:20,475 - tools.passive_extraction_workflow_latest - DEBUG - ASIN B01FTBDE8O HTML structure sample: <div role="listitem" data-asin="B01FTBDE8O" data-index="4" data-uuid="99319e06-0de7-4f94-ab35-5eaab6fadc8a" id="99319e06-0de7-4f94-ab35-5eaab6fadc8a" data-component-type="s-search-result" class="sg-col-4-of-4 sg-col-4-of-24 sg-col-4-of-12 s-result-item s-asin sg-col-4-of-16 AdHolder sg-col s-widget-spacing-small sg-col-4-of-8 sg-col-4-of-20" data-component-id="13" data-cel-widget="search_result_2"><div class="sg-col-inner"><div cel_widget_id="MAIN-SEARCH_RESULTS-4" class="s-widget-container s-spacing-small s-widget-container-height-small celwidget slot=MAIN template=SEARCH_RESULTS widgetId=sea...
2025-07-19 02:38:20,476 - tools.passive_extraction_workflow_latest - DEBUG - Error checking sponsored badge for ASIN B01FTBDE8O: 'ElementHandle' object has no attribute 'locator'
2025-07-19 02:38:20,477 - tools.passive_extraction_workflow_latest - DEBUG - Error checking aria-label for ASIN B01FTBDE8O: 'ElementHandle' object has no attribute 'locator'
2025-07-19 02:38:20,518 - tools.passive_extraction_workflow_latest - INFO - Skipping sponsored result: ASIN B01FTBDE8O (detected by ad-specific class: 'AdHolder')
2025-07-19 02:38:20,546 - tools.passive_extraction_workflow_latest - DEBUG - Processing element 4: ASIN B0DT713GPN
2025-07-19 02:38:20,546 - tools.passive_extraction_workflow_latest - DEBUG - Error checking sponsored badge for ASIN B0DT713GPN: 'ElementHandle' object has no attribute 'locator'
2025-07-19 02:38:20,547 - tools.passive_extraction_workflow_latest - DEBUG - Error checking aria-label for ASIN B0DT713GPN: 'ElementHandle' object has no attribute 'locator'
2025-07-19 02:38:20,591 - tools.passive_extraction_workflow_latest - INFO - Skipping sponsored result: ASIN B0DT713GPN (detected by ad-specific class: 'AdHolder')
2025-07-19 02:38:20,612 - tools.passive_extraction_workflow_latest - DEBUG - Processing element 5: ASIN B0CX5J8WVS
2025-07-19 02:38:20,613 - tools.passive_extraction_workflow_latest - DEBUG - Error checking sponsored badge for ASIN B0CX5J8WVS: 'ElementHandle' object has no attribute 'locator'
2025-07-19 02:38:20,614 - tools.passive_extraction_workflow_latest - DEBUG - Error checking aria-label for ASIN B0CX5J8WVS: 'ElementHandle' object has no attribute 'locator'
2025-07-19 02:38:20,665 - tools.passive_extraction_workflow_latest - INFO - Skipping sponsored result: ASIN B0CX5J8WVS (detected by ad-specific class: 'AdHolder')
2025-07-19 02:38:20,686 - tools.passive_extraction_workflow_latest - DEBUG - Processing element 6: ASIN B0D8B9GMK5
2025-07-19 02:38:20,687 - tools.passive_extraction_workflow_latest - DEBUG - Error checking sponsored badge for ASIN B0D8B9GMK5: 'ElementHandle' object has no attribute 'locator'
2025-07-19 02:38:20,687 - tools.passive_extraction_workflow_latest - DEBUG - Error checking aria-label for ASIN B0D8B9GMK5: 'ElementHandle' object has no attribute 'locator'
2025-07-19 02:38:20,741 - tools.passive_extraction_workflow_latest - INFO - Skipping sponsored result: ASIN B0D8B9GMK5 (detected by ad-specific class: 'AdHolder')
2025-07-19 02:38:20,763 - tools.passive_extraction_workflow_latest - DEBUG - Processing element 7: ASIN B08WPYG4RT
2025-07-19 02:38:20,764 - tools.passive_extraction_workflow_latest - DEBUG - Error checking sponsored badge for ASIN B08WPYG4RT: 'ElementHandle' object has no attribute 'locator'
2025-07-19 02:38:20,765 - tools.passive_extraction_workflow_latest - DEBUG - Error checking aria-label for ASIN B08WPYG4RT: 'ElementHandle' object has no attribute 'locator'
2025-07-19 02:38:20,811 - tools.passive_extraction_workflow_latest - INFO - Skipping sponsored result: ASIN B08WPYG4RT (detected by ad-specific class: 'AdHolder')
2025-07-19 02:38:20,833 - tools.passive_extraction_workflow_latest - DEBUG - Processing element 8: ASIN B0DRCXHL11
2025-07-19 02:38:20,834 - tools.passive_extraction_workflow_latest - DEBUG - Error checking sponsored badge for ASIN B0DRCXHL11: 'ElementHandle' object has no attribute 'locator'
2025-07-19 02:38:20,834 - tools.passive_extraction_workflow_latest - DEBUG - Error checking aria-label for ASIN B0DRCXHL11: 'ElementHandle' object has no attribute 'locator'
2025-07-19 02:38:20,885 - tools.passive_extraction_workflow_latest - INFO - Skipping sponsored result: ASIN B0DRCXHL11 (detected by ad-specific class: 'AdHolder')
2025-07-19 02:38:20,907 - tools.passive_extraction_workflow_latest - DEBUG - Processing element 9: ASIN B00OVNK7XC
2025-07-19 02:38:20,907 - tools.passive_extraction_workflow_latest - DEBUG - Error checking sponsored badge for ASIN B00OVNK7XC: 'ElementHandle' object has no attribute 'locator'
2025-07-19 02:38:20,908 - tools.passive_extraction_workflow_latest - DEBUG - Error checking aria-label for ASIN B00OVNK7XC: 'ElementHandle' object has no attribute 'locator'
2025-07-19 02:38:20,949 - tools.passive_extraction_workflow_latest - INFO - Skipping sponsored result: ASIN B00OVNK7XC (detected by ad-specific class: 'AdHolder')
2025-07-19 02:38:20,975 - tools.passive_extraction_workflow_latest - DEBUG - Processing element 10: ASIN B01CKFNI9M
2025-07-19 02:38:20,976 - tools.passive_extraction_workflow_latest - DEBUG - Error checking sponsored badge for ASIN B01CKFNI9M: 'ElementHandle' object has no attribute 'locator'
2025-07-19 02:38:20,976 - tools.passive_extraction_workflow_latest - DEBUG - Error checking aria-label for ASIN B01CKFNI9M: 'ElementHandle' object has no attribute 'locator'
2025-07-19 02:38:21,017 - tools.passive_extraction_workflow_latest - INFO - Skipping sponsored result: ASIN B01CKFNI9M (detected by ad-specific class: 'AdHolder')
2025-07-19 02:38:21,041 - tools.passive_extraction_workflow_latest - DEBUG - Processing element 11: ASIN B0B122MPFL
2025-07-19 02:38:21,042 - tools.passive_extraction_workflow_latest - DEBUG - Error checking sponsored badge for ASIN B0B122MPFL: 'ElementHandle' object has no attribute 'locator'
2025-07-19 02:38:21,042 - tools.passive_extraction_workflow_latest - DEBUG - Error checking aria-label for ASIN B0B122MPFL: 'ElementHandle' object has no attribute 'locator'
2025-07-19 02:38:21,086 - tools.passive_extraction_workflow_latest - INFO - Skipping sponsored result: ASIN B0B122MPFL (detected by ad-specific class: 'AdHolder')
2025-07-19 02:38:21,110 - tools.passive_extraction_workflow_latest - DEBUG - Processing element 12: ASIN B09BNWHBTY
2025-07-19 02:38:21,110 - tools.passive_extraction_workflow_latest - DEBUG - Error checking sponsored badge for ASIN B09BNWHBTY: 'ElementHandle' object has no attribute 'locator'
2025-07-19 02:38:21,111 - tools.passive_extraction_workflow_latest - DEBUG - Error checking aria-label for ASIN B09BNWHBTY: 'ElementHandle' object has no attribute 'locator'
2025-07-19 02:38:21,158 - tools.passive_extraction_workflow_latest - INFO - Skipping sponsored result: ASIN B09BNWHBTY (detected by ad-specific class: 'AdHolder')
2025-07-19 02:38:21,183 - tools.passive_extraction_workflow_latest - DEBUG - Processing element 13: ASIN B019BEBT3C
2025-07-19 02:38:21,183 - tools.passive_extraction_workflow_latest - DEBUG - Error checking sponsored badge for ASIN B019BEBT3C: 'ElementHandle' object has no attribute 'locator'
2025-07-19 02:38:21,184 - tools.passive_extraction_workflow_latest - DEBUG - Error checking aria-label for ASIN B019BEBT3C: 'ElementHandle' object has no attribute 'locator'
2025-07-19 02:38:21,235 - tools.passive_extraction_workflow_latest - INFO - Skipping sponsored result: ASIN B019BEBT3C (detected by ad-specific class: 'AdHolder')
2025-07-19 02:38:21,269 - tools.passive_extraction_workflow_latest - DEBUG - Processing element 14: ASIN B0CFW33ZM7
2025-07-19 02:38:21,270 - tools.passive_extraction_workflow_latest - DEBUG - Error checking sponsored badge for ASIN B0CFW33ZM7: 'ElementHandle' object has no attribute 'locator'
2025-07-19 02:38:21,270 - tools.passive_extraction_workflow_latest - DEBUG - Error checking aria-label for ASIN B0CFW33ZM7: 'ElementHandle' object has no attribute 'locator'
2025-07-19 02:38:21,316 - tools.passive_extraction_workflow_latest - INFO - Skipping sponsored result: ASIN B0CFW33ZM7 (detected by ad-specific class: 'AdHolder')
2025-07-19 02:38:21,342 - tools.passive_extraction_workflow_latest - DEBUG - Processing element 15: ASIN B0B2RSDZVY
2025-07-19 02:38:21,343 - tools.passive_extraction_workflow_latest - DEBUG - Error checking sponsored badge for ASIN B0B2RSDZVY: 'ElementHandle' object has no attribute 'locator'
2025-07-19 02:38:21,343 - tools.passive_extraction_workflow_latest - DEBUG - Error checking aria-label for ASIN B0B2RSDZVY: 'ElementHandle' object has no attribute 'locator'
2025-07-19 02:38:21,389 - tools.passive_extraction_workflow_latest - INFO - Skipping sponsored result: ASIN B0B2RSDZVY (detected by ad-specific class: 'AdHolder')
2025-07-19 02:38:21,390 - tools.passive_extraction_workflow_latest - WARNING - EAN 5053249271422 returned no organic results - skipping
2025-07-19 02:38:21,391 - tools.passive_extraction_workflow_latest - WARNING - No Amazon results or error for EAN '5053249271422'. Details: no_organic_results
2025-07-19 02:38:21,392 - tools.passive_extraction_workflow_latest - INFO - Falling back to title search for supplier product: 'Car-Pride Biodegradable Alloy Wheel Cleaning Wipes 30 Pack'
2025-07-19 02:38:21,392 - tools.passive_extraction_workflow_latest - INFO - Searching Amazon by title using search bar: 'Car-Pride Biodegradable Alloy Wheel Cleaning Wipes 30 Pack'
2025-07-19 02:38:21,393 - tools.passive_extraction_workflow_latest - INFO - Navigating to Amazon UK to search for title: Car-Pride Biodegradable Alloy Wheel Cleaning Wipes 30 Pack
2025-07-19 02:38:24,707 - tools.passive_extraction_workflow_latest - INFO - Title search found 7 elements using selector: div.s-search-results > div[data-asin]
2025-07-19 02:38:25,958 - tools.passive_extraction_workflow_latest - DEBUG - ASIN B0CTCSZD1T title extracted using selector 'h2 span.a-size-base-plus': Xtremeauto...
2025-07-19 02:38:26,136 - tools.passive_extraction_workflow_latest - DEBUG - ASIN B0BZFDCNNP title extracted using selector 'h2 span.a-size-base-plus': FERRIS...
2025-07-19 02:38:26,972 - tools.passive_extraction_workflow_latest - DEBUG - ASIN B09QLBPW2T title extracted using selector 'h2 span.a-size-base-plus': Greased Lightning...
2025-07-19 02:38:27,171 - tools.passive_extraction_workflow_latest - DEBUG - ASIN B00800DQ1W title extracted using selector 'h2 span.a-size-base-plus': Greased Lightning...
2025-07-19 02:38:27,345 - tools.passive_extraction_workflow_latest - DEBUG - ASIN B0DFH8QDTK title extracted using selector 'h2 span.a-size-base-plus': DU Life...
2025-07-19 02:38:27,345 - tools.passive_extraction_workflow_latest - INFO - Title search found 5 results for 'Car-Pride Biodegradable Alloy Wheel Cleaning Wipes 30 Pack'
2025-07-19 02:38:27,346 - tools.passive_extraction_workflow_latest - INFO - Title search successful for 'Car-Pride Biodegradable Alloy Wheel Cleaning Wipes 30 Pack' after EAN '5053249271422' failed
2025-07-19 02:38:27,347 - PassiveExtractionWorkflow - INFO - ✅ EAN search successful for 5053249271422. Using EAN result without title fallback.
2025-07-19 02:38:27,351 - PassiveExtractionWorkflow - INFO - 💾 Saved Amazon data to /mnt/c/Users/chris/Desktop/Amazon-FBA-Agent-System-v32/OUTPUTS/FBA_ANALYSIS/amazon_cache/amazon_B0CTCSZD1T_5053249271422.json
2025-07-19 02:38:27,353 - PassiveExtractionWorkflow - DEBUG - 🔍 DEBUG: linking_map type: <class 'list'>, value: [{'supplier_ean': '5053249228587', 'amazon_asin': 'B075QDW3BF', 'supplier_title': 'Car Pride Under Body Seal Black 400ml', 'amazon_title': 'HP CF541A 203A Original LaserJet Toner Cartridge, Cyan, Single Pack', 'supplier_price': 1.73, 'amazon_price': 64.99, 'match_method': 'EAN', 'confidence': 'high', 'created_at': '2025-07-18T10:13:11.088193', 'supplier_url': 'https://www.poundwholesale.co.uk/carpride-under-body-seal-black'}, {'supplier_ean': '5055319527750', 'amazon_asin': 'B0CX1X6R6G', 'supplier_title': 'Auto Extreme Car Detailing Brush Set 5 Pack', 'amazon_title': 'Kasauber', 'supplier_price': 2.1, 'amazon_price': None, 'match_method': 'EAN', 'confidence': 'high', 'created_at': '2025-07-18T10:13:23.277485', 'supplier_url': 'https://www.poundwholesale.co.uk/auto-extreme-car-detailing-brush-set-5-pack'}, {'supplier_ean': '5055319528504', 'amazon_asin': 'B07NJGQFRF', 'supplier_title': 'Rapide RP-60 Penetrating Maintenance Spray with Control Nozzle 400ml', 'amazon_title': 'Rapide 2850 Paint Spray', 'supplier_price': 2.65, 'amazon_price': 5.85, 'match_method': 'EAN', 'confidence': 'high', 'created_at': '2025-07-18T10:14:15.912179', 'supplier_url': 'https://www.poundwholesale.co.uk/rapide-rp-60-penetrating-maintenance-spray-with-control-nozzle-400ml'}, {'supplier_ean': '5055441452272', 'amazon_asin': 'B0DFMPNHT5', 'supplier_title': 'Goodyear Microfibre Luxury Valet Drying Towel Set 2 Pack', 'amazon_title': 'Goodyear 2PC Microfibre Luxury Valet Cloth Set I Microfibre technology| powerful cleaning | Extra absorbency for a swirl free finish | Ideal for buffing away polish & wax residue | Extra large towel', 'supplier_price': 2.14, 'amazon_price': 6.59, 'match_method': 'EAN', 'confidence': 'high', 'created_at': '2025-07-18T10:15:06.821428', 'supplier_url': 'https://www.poundwholesale.co.uk/goodyear-microfibre-luxury-valet-drying-towel-set-2-pack'}, {'supplier_ean': '5053249229140', 'amazon_asin': 'B07N41XTV5', 'supplier_title': 'Carpride Alloy Wheel Spray Paint Silver Gloss', 'amazon_title': 'Car Pride Alloy Wheel Spray Paint Metallic Silver Repairer. 400ml', 'supplier_price': 1.67, 'amazon_price': 5.4, 'match_method': 'EAN', 'confidence': 'high', 'created_at': '2025-07-18T10:16:10.522951', 'supplier_url': 'https://www.poundwholesale.co.uk/carpride-alloy-wheel-spray-paint-silver-gloss'}, {'supplier_ean': '5055056770822', 'amazon_asin': 'B09DTQ4S43', 'supplier_title': 'Millions Blackcurrant Buzz 3D Car Air Freshener', 'amazon_title': 'AIRFreshh', 'supplier_price': 0.38, 'amazon_price': None, 'match_method': 'EAN', 'confidence': 'high', 'created_at': '2025-07-18T10:16:22.515075', 'supplier_url': 'https://www.poundwholesale.co.uk/millions-blackcurrant-buzz-3d-car-air-freshener'}, {'supplier_ean': '5055319519229', 'amazon_asin': 'B07NJGGW8P', 'supplier_title': 'Auto Extreme Professional White Gloss Spray Paint 400ml', 'amazon_title': 'Auto Extreme White Gloss, 400 ml', 'supplier_price': 1.82, 'amazon_price': 5.3, 'match_method': 'EAN', 'confidence': 'high', 'created_at': '2025-07-18T10:17:22.092163', 'supplier_url': 'https://www.poundwholesale.co.uk/auto-extreme-professional-white-gloss-spray-paint-400ml'}, {'supplier_ean': '5055319529907', 'amazon_asin': 'B07XZDY64P', 'supplier_title': 'Rapide Silicone Lubricant Spray 250ml', 'amazon_title': '300ml Silicone Grease Aerosol Spray Lubricant Can Water Resistant Oil', 'supplier_price': 1.07, 'amazon_price': 4.79, 'match_method': 'EAN', 'confidence': 'high', 'created_at': '2025-07-18T10:18:10.835188', 'supplier_url': 'https://www.poundwholesale.co.uk/rapide-silicone-lubricant-spray-250ml'}, {'supplier_ean': '5050375036574', 'amazon_asin': 'B006URFAE8', 'supplier_title': 'Car Pride Assorted Fragrance Fresh Feet Car Air Fresheners 4 Pack CDU', 'amazon_title': 'Pack of 4 FRESH FEET, Car Air Fresheners, Carpride cp1128', 'supplier_price': 0.71, 'amazon_price': 3.3, 'match_method': 'EAN', 'confidence': 'high', 'created_at': '2025-07-18T10:19:02.426082', 'supplier_url': 'https://www.poundwholesale.co.uk/car-pride-assorted-fragrance-fresh-feet-car-air-fresheners-4-pack-cdu'}, {'supplier_ean': '5055056731878', 'amazon_asin': 'B09LH29BZD', 'supplier_title': 'Guilty Pleasures Blueberry Ice Pop 3D Car Air Freshener', 'amazon_title': 'Guilty Pleasure 3D Blueberry CAR FRESHENER', 'supplier_price': 0.38, 'amazon_price': 3.99, 'match_method': 'EAN', 'confidence': 'high', 'created_at': '2025-07-18T10:19:50.869058', 'supplier_url': 'https://www.poundwholesale.co.uk/guilty-pleasures-blueberry-ice-pop-3d-car-air-freshener'}, {'supplier_ean': '5055319514606', 'amazon_asin': 'B0CYH8F9F9', 'supplier_title': 'Auto Extreme Car Pump Sprayer 2L', 'amazon_title': 'My Garden 5 Litre Sprayer Pump - Weed Killer Pressure Sprayer Pump Action - High Pressure Long Reach Sprayers - Ideal For Spraying Water Fertiliser Herbicides Pesticides Preservative & Detergent', 'supplier_price': 3.85, 'amazon_price': None, 'match_method': 'EAN', 'confidence': 'high', 'created_at': '2025-07-18T10:20:03.052455', 'supplier_url': 'https://www.poundwholesale.co.uk/auto-extreme-car-pump-sprayer-2l'}, {'supplier_ean': '5055319530781', 'amazon_asin': 'B09FKD19N4', 'supplier_title': 'Auto Extreme Tropical Mist In-Car Fragrance Air Freshener Spray 100ml', 'amazon_title': 'Air Freshener Spray Concentrated Long Lasting Oil Based (Ocean Breeze)', 'supplier_price': 0.65, 'amazon_price': None, 'match_method': 'EAN', 'confidence': 'high', 'created_at': '2025-07-18T10:20:17.331393', 'supplier_url': 'https://www.poundwholesale.co.uk/auto-extreme-tropical-mist-in-car-fragrance-air-freshener-spray-100ml'}, {'supplier_ean': '5053249245799', 'amazon_asin': 'B0BLLV2M74', 'supplier_title': 'Car Pride Clean & Polish Microfibre Cloth', 'amazon_title': 'CARPRIDE® Clean and Polish MicroFibre Cloth for Car Exterior and Interior | Streak Free | 30 x 30 cm', 'supplier_price': 0.76, 'amazon_price': 5.29, 'match_method': 'EAN', 'confidence': 'high', 'created_at': '2025-07-18T10:21:04.364223', 'supplier_url': 'https://www.poundwholesale.co.uk/car-pride-clean-polish-microfibre-cloth'}, {'supplier_ean': '5055319531849', 'amazon_asin': 'B074KFGHCP', 'supplier_title': 'Rapide Easy Grease Spray 250ml', 'amazon_title': 'HMT', 'supplier_price': 1.05, 'amazon_price': None, 'match_method': 'EAN', 'confidence': 'high', 'created_at': '2025-07-18T10:21:17.993959', 'supplier_url': 'https://www.poundwholesale.co.uk/rapide-easy-grease-spray-250ml'}, {'supplier_ean': '5052578642705', 'amazon_asin': 'B07X22PHWJ', 'supplier_title': 'Bettina Chamois Demist & Dashboard Pad', 'amazon_title': 'Airlab', 'supplier_price': 0.75, 'amazon_price': None, 'match_method': 'EAN', 'confidence': 'high', 'created_at': '2025-07-18T10:21:28.626273', 'supplier_url': 'https://www.poundwholesale.co.uk/bettina-chamois-demist-dashboard-pad'}, {'supplier_ean': '5052578633000', 'amazon_asin': 'B0F6K65PZT', 'supplier_title': 'Bettina Microfibre Mitt', 'amazon_title': 'Fogcosy', 'supplier_price': 0.95, 'amazon_price': None, 'match_method': 'EAN', 'confidence': 'high', 'created_at': '2025-07-18T10:21:41.310298', 'supplier_url': 'https://www.poundwholesale.co.uk/microfibre-mit-highly-effective-wet-or-dry'}, {'supplier_ean': '5053249245669', 'amazon_asin': 'B0BLL1K79V', 'supplier_title': 'Car Pride Blue Microfibre Glass Cloth', 'amazon_title': 'Car-pride Glass Microfibre Cloth', 'supplier_price': 0.74, 'amazon_price': 4.99, 'match_method': 'EAN', 'confidence': 'high', 'created_at': '2025-07-18T10:22:28.491046', 'supplier_url': 'https://www.poundwholesale.co.uk/car-pride-blue-microfibre-glass-cloth'}, {'supplier_ean': '5055056770785', 'amazon_asin': 'B0BLGR29X6', 'supplier_title': 'Millions Sour Strawberry 3D Car Air Freshener', 'amazon_title': 'Evair', 'supplier_price': 0.38, 'amazon_price': None, 'match_method': 'EAN', 'confidence': 'high', 'created_at': '2025-07-18T10:22:40.894972', 'supplier_url': 'https://www.poundwholesale.co.uk/millions-sour-strawberry-3d-car-air-freshener'}, {'supplier_ean': '5053249248714', 'amazon_asin': 'B006T2450O', 'supplier_title': 'Car-Pride White Gloss Spray Paint 400ml', 'amazon_title': 'Tetrion', 'supplier_price': 1.73, 'amazon_price': None, 'match_method': 'EAN', 'confidence': 'high', 'created_at': '2025-07-18T10:22:54.011676', 'supplier_url': 'https://www.poundwholesale.co.uk/car-pride-white-gloss-spray-paint-400ml'}, {'supplier_ean': '5055056731885', 'amazon_asin': 'B09LHBY2GF', 'supplier_title': 'Guilty Pleasures Vanilla & Cherry Cupcake 3D Car Air Freshener', 'amazon_title': 'Guilty Pleasure 3D Vanilla CAR FRESHENER', 'supplier_price': 0.38, 'amazon_price': 3.99, 'match_method': 'EAN', 'confidence': 'high', 'created_at': '2025-07-18T10:23:41.006634', 'supplier_url': 'https://www.poundwholesale.co.uk/guilty-pleasures-vanilla-cherry-cupcake-3d-car-air-freshener'}, {'supplier_ean': '5055319531733', 'amazon_asin': 'B004SMKX7Q', 'supplier_title': 'Auto Extreme Professional Black Alloy Wheel Spray Paint 400ml', 'amazon_title': 'Hycote', 'supplier_price': 1.81, 'amazon_price': None, 'match_method': 'EAN', 'confidence': 'high', 'created_at': '2025-07-18T10:23:55.039262', 'supplier_url': 'https://www.poundwholesale.co.uk/auto-extreme-professional-black-alloy-wheel-spray-paint-400ml'}, {'supplier_ean': '5055441459684', 'amazon_asin': 'B0DL9TR7T2', 'supplier_title': 'Goodyear 2-in-1 Telescopic Handle Scraper', 'amazon_title': 'Goodyear Telescopic Handle Scraper - Adjustable Ice Scraper with Extendable Handle | Sturdy Blade for Snow & Ice Removal | Ergonomic Grip | Compact and Durable Design | Ideal for Cars, Trucks & SUVs', 'supplier_price': 4.04, 'amazon_price': 9.21, 'match_method': 'EAN', 'confidence': 'high', 'created_at': '2025-07-18T10:24:48.156817', 'supplier_url': 'https://www.poundwholesale.co.uk/goodyear-2-in-1-telescopic-handle-scraper'}, {'supplier_ean': '5055441427348', 'amazon_asin': 'B06XPVGMV8', 'supplier_title': 'Goodyear Portable Car Vacuum Cleaner 12V', 'amazon_title': 'Goodyear 12V DC Car/Van Cigarette Lighter Corded Vacuum Cleaner Powerful Suction', 'supplier_price': 5.72, 'amazon_price': 10.99, 'match_method': 'EAN', 'confidence': 'high', 'created_at': '2025-07-18T10:25:44.453432', 'supplier_url': 'https://www.poundwholesale.co.uk/goodyear-portable-car-vacuum-cleaner-12v'}, {'supplier_ean': '5055319517027', 'amazon_asin': 'B01EQ7TPJE', 'supplier_title': 'Rapide DP-60 Multipurpose Maintenance Spray 750ml', 'amazon_title': 'Maintenance Oil 750ml Spray Can (DP60)', 'supplier_price': 2.77, 'amazon_price': 6.95, 'match_method': 'EAN', 'confidence': 'high', 'created_at': '2025-07-18T10:26:39.185617', 'supplier_url': 'https://www.poundwholesale.co.uk/rapide-dp-60-multipurpose-maintenance-spray-750ml'}, {'supplier_ean': '5038673410708', 'amazon_asin': 'B0D1Y8TCDS', 'supplier_title': 'Car Air Fresheners Leaf Assorted CDU', 'amazon_title': 'Ikeda Car Fragrance: Hanging Car Air Freshener | 10ml Hanging Car Decoration | 45 Days Long Lasting Fragrance | With Clip | For Car Home | 1 Piece (10ml x 1 Piece, Coconut)', 'supplier_price': 0.33, 'amazon_price': None, 'match_method': 'EAN', 'confidence': 'high', 'created_at': '2025-07-18T10:26:52.496784', 'supplier_url': 'https://www.poundwholesale.co.uk/car-air-fresheners-leaf-assorted-cdu'}, {'supplier_ean': '5053249224053', 'amazon_asin': 'B0DMN8CMH8', 'supplier_title': 'Tango Car Air Freshener Assorted', 'amazon_title': '10/50/100PCS Custom LOGO Car Bulk Air Fresheners, Custom Air Fresheners for Car Bulk, Air Freshener with Photo, Double-Sided Personalised Photo and Text Car Air Fresheners (10Pcs Square)', 'supplier_price': 0.76, 'amazon_price': None, 'match_method': 'EAN', 'confidence': 'high', 'created_at': '2025-07-18T10:27:03.571134', 'supplier_url': 'https://www.poundwholesale.co.uk/tango-car-air-freshener-assorted'}, {'supplier_ean': '5050375051270', 'amazon_asin': 'B00BPN9Z2A', 'supplier_title': 'Car Pride Alloy Wheel Cleaning Brush', 'amazon_title': 'Car Pride ALLOY WHEEL BRUSH', 'supplier_price': 0.71, 'amazon_price': 3.95, 'match_method': 'EAN', 'confidence': 'high', 'created_at': '2025-07-18T10:27:53.467488', 'supplier_url': 'https://www.poundwholesale.co.uk/car-pride-alloy-wheel-cleaning-brush'}, {'supplier_ean': '5055319519250', 'amazon_asin': 'B01MT7OBIO', 'supplier_title': 'Auto Extreme Professional Clear Lacquer Spray 400ml', 'amazon_title': 'Auto Extreme Clear Lacquer Spray Paint 400ml', 'supplier_price': 1.82, 'amazon_price': 5.32, 'match_method': 'EAN', 'confidence': 'high', 'created_at': '2025-07-18T10:28:54.182013', 'supplier_url': 'https://www.poundwholesale.co.uk/auto-extreme-professional-clear-lacquer-spray-400ml'}, {'supplier_ean': '5055441446578', 'amazon_asin': 'B0993MX5GX', 'supplier_title': 'Goodyear Waterless Wash & Wax 750ml', 'amazon_title': 'GOODYEAR WATERLESS WASH N WAX SPRAY 750ML', 'supplier_price': 2.06, 'amazon_price': 5.93, 'match_method': 'EAN', 'confidence': 'high', 'created_at': '2025-07-18T10:29:47.233890', 'supplier_url': 'https://www.poundwholesale.co.uk/goodyear-waterless-wash-wax-750ml'}, {'supplier_ean': '5055319519113', 'amazon_asin': 'B07NJGQ85R', 'supplier_title': 'Auto Extreme Automotive Silver Spray Paint 250ml', 'amazon_title': 'Auto Extreme Auto Spray Paint Silver, 250 ml', 'supplier_price': 0.92, 'amazon_price': 4.1, 'match_method': 'EAN', 'confidence': 'high', 'created_at': '2025-07-18T10:30:42.274698', 'supplier_url': 'https://www.poundwholesale.co.uk/auto-extreme-automotive-silver-spray-paint-250ml'}, {'supplier_ean': '5055441452210', 'amazon_asin': 'B0DH8DT3MS', 'supplier_title': 'Goodyear Natural Leather Chamois Cloth Xl', 'amazon_title': 'Goodyear Xl Genuine Leather Chamois -natural Chamois, Super Absorbent, Streak, Scratch Free, With Greater Tolerance To Car Cleaners| Stays Soft When Drying| Ideal For Cleaning Of Interior And Exterior', 'supplier_price': 3.83, 'amazon_price': 5.99, 'match_method': 'EAN', 'confidence': 'high', 'created_at': '2025-07-18T10:31:39.934257', 'supplier_url': 'https://www.poundwholesale.co.uk/goodyear-natural-leather-chamois-cloth-xl'}, {'supplier_ean': '5050375045439', 'amazon_asin': 'B003L6U0NC', 'supplier_title': 'Car-Pride Microfibre Mitt 3 Assorted Colours', 'amazon_title': 'Car Pride Microfibre Magic Mitt - Dusts, Scrubs, Cleans and Polishes', 'supplier_price': 0.98, 'amazon_price': 4.34, 'match_method': 'EAN', 'confidence': 'high', 'created_at': '2025-07-18T10:32:54.935150', 'supplier_url': 'https://www.poundwholesale.co.uk/microfibre-mitt'}, {'supplier_ean': '5055441446516', 'amazon_asin': 'B0D9YH94ZQ', 'supplier_title': 'Goodyear Gloss Tyre Shine 750ml', 'amazon_title': 'Auto Xpert Slick Shine, Premium Tyre Dressing, Long Lasting Wet-Look Finish, Protects Against Water and Dust, Easy to Apply, All Weather Tyre Protection. (5 Litre)', 'supplier_price': 1.39, 'amazon_price': None, 'match_method': 'EAN', 'confidence': 'high', 'created_at': '2025-07-18T10:33:09.394012', 'supplier_url': 'https://www.poundwholesale.co.uk/goodyear-gloss-tyre-shine-750ml'}, {'supplier_ean': '5055441449166', 'amazon_asin': 'B0D11XP9V1', 'supplier_title': 'Goodyear Microfibre Buffing Cloth Large 40cm', 'amazon_title': 'Goodyear Microfibre Buffing Cloth I Specially designed microfibre cloth for polishing and buffing your vehicle | Showroom finish | Microfibre attract more dirt than normal cloth | Machine washable', 'supplier_price': 0.85, 'amazon_price': 1.99, 'match_method': 'EAN', 'confidence': 'high', 'created_at': '2025-07-18T10:34:04.595027', 'supplier_url': 'https://www.poundwholesale.co.uk/goodyear-microfibre-buffing-cloth-large-40cm'}, {'supplier_ean': '5055319529877', 'amazon_asin': 'B07Y1V1WMW', 'supplier_title': 'Rapide Copper Grease Spray 250ml', 'amazon_title': 'Rapide 300ml Copper Grease Aerosol Spray Lubricant Can Anti Seize Brake Pad Squeal Oil', 'supplier_price': 1.07, 'amazon_price': 4.95, 'match_method': 'EAN', 'confidence': 'high', 'created_at': '2025-07-18T10:34:58.176694', 'supplier_url': 'https://www.poundwholesale.co.uk/rapide-copper-grease-spray-250ml'}, {'supplier_ean': '5055441446752', 'amazon_asin': 'B0DJWDHG1Y', 'supplier_title': 'Goodyear Hydrophobic Polymer Formulation Wash & Wax 2.5l', 'amazon_title': 'Goodyear Wash And Wax Hydrophobic Polymer 2.5 Ltr | Leaves A Glossy Just Waxed Deep Protective Shine | Polymer-acrylic Polyethylene Copolymer Wax | Effectively Cleans Dirt And Grime From Your Vehicle', 'supplier_price': 3.05, 'amazon_price': 5.99, 'match_method': 'EAN', 'confidence': 'high', 'created_at': '2025-07-18T10:35:51.556162', 'supplier_url': 'https://www.poundwholesale.co.uk/goodyear-hydrophobic-polymer-formulation-wash-wax-2-5l'}, {'supplier_ean': '5055056731892', 'amazon_asin': 'B094HGXWJC', 'supplier_title': 'Guilty Pleasures Strawberry Doughnut 3D Car Air Freshener', 'amazon_title': 'GUILTY PLEASURES STRAWBERRY DOUGHNUT 3D CAR AIR FRESHENER', 'supplier_price': 0.38, 'amazon_price': 1.5, 'match_method': 'EAN', 'confidence': 'high', 'created_at': '2025-07-18T10:36:38.989576', 'supplier_url': 'https://www.poundwholesale.co.uk/guilty-pleasures-strawberry-doughnut-3d-car-air-freshener'}, {'supplier_ean': '5055319519236', 'amazon_asin': 'B07NJGT1BN', 'supplier_title': 'Auto Extreme Professional Grey Primer Spray Paint 400ml', 'amazon_title': 'Auto Extreme Auto Extreme Grey Primer, 400 ml', 'supplier_price': 1.82, 'amazon_price': 5.44, 'match_method': 'EAN', 'confidence': 'high', 'created_at': '2025-07-18T10:37:31.087578', 'supplier_url': 'https://www.poundwholesale.co.uk/auto-extreme-professional-grey-primer-spray-paint-400ml'}, {'supplier_ean': '5055441453309', 'amazon_asin': 'B094DFY8PC', 'supplier_title': 'Goodyear Anti-Smear Blue Screenwash 5L', 'amazon_title': 'Prestone', 'supplier_price': 2.7, 'amazon_price': None, 'match_method': 'EAN', 'confidence': 'high', 'created_at': '2025-07-18T10:37:44.323618', 'supplier_url': 'https://www.poundwholesale.co.uk/goodyear-anti-smear-blue-screenwash-5l'}, {'supplier_ean': '5055319558839', 'amazon_asin': 'B0CTCSZD1T', 'supplier_title': 'Auto Extreme Microfibre Wheel Wash Brush 46cm', 'amazon_title': 'Xtremeauto', 'supplier_price': 2.79, 'amazon_price': None, 'match_method': 'EAN', 'confidence': 'high', 'created_at': '2025-07-18T10:37:55.429624', 'supplier_url': 'https://www.poundwholesale.co.uk/auto-extreme-microfibre-wheel-wash-brush-46cm'}, {'supplier_ean': '5055319511995', 'amazon_asin': 'B09C44BVZY', 'supplier_title': 'Auto Extreme Professional Red Gloss Brake Caliper Spray Paint 400ml', 'amazon_title': 'Tailored Paint', 'supplier_price': 2.73, 'amazon_price': None, 'match_method': 'EAN', 'confidence': 'high', 'created_at': '2025-07-18T10:38:08.805743', 'supplier_url': 'https://www.poundwholesale.co.uk/auto-extreme-professional-red-gloss-brake-caliper-spray-paint-400ml'}, {'supplier_ean': '5055319519205', 'amazon_asin': 'B09DYZTY7G', 'supplier_title': 'Auto Extreme Professional Black Matt Spray Paint 400ml', 'amazon_title': 'Classic Signature - 1 x Auto Extreme Black Matt Spray Paint 400ml, Professional Quality, Perfect Finish for Cars, Bikes,Vans, Metal, Wood', 'supplier_price': 1.82, 'amazon_price': 6.89, 'match_method': 'EAN', 'confidence': 'high', 'created_at': '2025-07-18T10:38:58.185842', 'supplier_url': 'https://www.poundwholesale.co.uk/auto-extreme-professional-black-matt-spray-paint-400ml'}, {'supplier_ean': '5055319531818', 'amazon_asin': 'B000LD4V2E', 'supplier_title': 'Auto Extreme Professional Black Bumper & Trim Spray Paint 400ml', 'amazon_title': 'Hycote', 'supplier_price': 1.81, 'amazon_price': None, 'match_method': 'EAN', 'confidence': 'high', 'created_at': '2025-07-18T10:39:11.840698', 'supplier_url': 'https://www.poundwholesale.co.uk/auto-extreme-professional-black-bumper-trim-spray-paint-400ml'}, {'supplier_ean': '5053249226576', 'amazon_asin': 'B07CZHPQRY', 'supplier_title': '151 Super Maintenance Spray 200ml', 'amazon_title': '151 Products 2X Super Multipurpose Oil - 200ml, 20ml x 10, Bike Chain, Multipurpose, 0.26kg', 'supplier_price': 1.14, 'amazon_price': 5.28, 'match_method': 'EAN', 'confidence': 'high', 'created_at': '2025-07-18T10:40:10.708714', 'supplier_url': 'https://www.poundwholesale.co.uk/supermaintenance-spray-300ml'}, {'supplier_ean': '5050375083813', 'amazon_asin': 'B0DG2QVKZL', 'supplier_title': 'Car Pride Interior Clean & Shine 300ml', 'amazon_title': 'Hoover HF1 Plus Cordless Stick Vacuum Cleaner with Turbo Suction Mode, Up to 45 Min Runtime, LED Lights, Multi-Floor Nozzle, Anti Hair Wrap, Handheld Capability, 165w [HF1P10H]', 'supplier_price': 0.95, 'amazon_price': 99.0, 'match_method': 'EAN', 'confidence': 'high', 'created_at': '2025-07-18T10:41:15.031823', 'supplier_url': 'https://www.poundwholesale.co.uk/interior-clean-shine-300ml'}, {'supplier_ean': '5055319519120', 'amazon_asin': 'B07NJGQFPJ', 'supplier_title': 'Auto Extreme Automotive White Primer Spray Paint 250ml', 'amazon_title': 'Auto Extreme Auto Spray White Primer, 250 ml', 'supplier_price': 0.92, 'amazon_price': 5.19, 'match_method': 'EAN', 'confidence': 'high', 'created_at': '2025-07-18T10:42:08.243130', 'supplier_url': 'https://www.poundwholesale.co.uk/auto-extreme-automotive-white-primer-spray-paint-250ml'}, {'supplier_ean': '5055441449128', 'amazon_asin': 'B0DF3573G7', 'supplier_title': 'Goodyear Microfibre Wash & Dry Cloth Large 40cm', 'amazon_title': 'Goodyear Microfibre Wash and Dry Cloth Large Specially designed microfibre cloth for washing and drying your vehicle |Dual purpose |Microfibres attract more dirt than a normal cloth| Machine washable', 'supplier_price': 0.8, 'amazon_price': 5.03, 'match_method': 'EAN', 'confidence': 'high', 'created_at': '2025-07-18T10:42:56.491855', 'supplier_url': 'https://www.poundwholesale.co.uk/goodyear-microfibre-wash-dry-cloth-large-40cm'}, {'supplier_ean': '5050375084087', 'amazon_asin': 'B004V424UK', 'supplier_title': 'Car Pride Tyre Shine 300ml', 'amazon_title': '151 CAR VAN BIKE TYRE SHINE WET LOOK SPRAY BLACK', 'supplier_price': 0.93, 'amazon_price': 4.2, 'match_method': 'EAN', 'confidence': 'high', 'created_at': '2025-07-18T10:43:52.714822', 'supplier_url': 'https://www.poundwholesale.co.uk/tyre-shine-300ml'}, {'supplier_ean': '5052578042604', 'amazon_asin': 'B089P24HXC', 'supplier_title': 'Bettina Natural Chamois Leather Cloth 30cm X 30cm', 'amazon_title': 'CarMax® English Premium Grade Natural Chamois Leather - Large - Perfect for drying off the whole car, glass, mirrors, inside and out, super soft and highly absorbent, Made in the UK', 'supplier_price': 0.91, 'amazon_price': None, 'match_method': 'EAN', 'confidence': 'high', 'created_at': '2025-07-18T10:44:06.608980', 'supplier_url': 'https://www.poundwholesale.co.uk/bettina-chamois-leather-cloth'}, {'supplier_ean': '5055319512008', 'amazon_asin': 'B0D6N5WJK2', 'supplier_title': 'Auto Extreme Professional Yellow Gloss Brake Caliper Spray Paint 400ml', 'amazon_title': 'AX PRO Break Caliper Spray Yellow Gloss 400ml', 'supplier_price': 2.73, 'amazon_price': 4.87, 'match_method': 'EAN', 'confidence': 'high', 'created_at': '2025-07-18T10:44:49.215843', 'supplier_url': 'https://www.poundwholesale.co.uk/auto-extreme-professional-yellow-gloss-brake-caliper-spray-paint-400ml'}, {'supplier_ean': '5055441452173', 'amazon_asin': 'B0DF358GFW', 'supplier_title': 'Goodyear Microfibre Window Cloth Large 40cm X 40cm', 'amazon_title': 'Goodyear microfibre Window Cloth I Designed Microfiber Cloth for windscreens, windows and mirrors| Statically charged cleaning| Leaves lint free finish| Ideal for effective cleaning of glass surfaces', 'supplier_price': 1.06, 'amazon_price': 1.99, 'match_method': 'EAN', 'confidence': 'high', 'created_at': '2025-07-18T10:45:39.365206', 'supplier_url': 'https://www.poundwholesale.co.uk/goodyear-microfibre-window-cloth-large-40cm-x-40cm'}, {'supplier_ean': '5052578414708', 'amazon_asin': 'B0BG8HY6NL', 'supplier_title': 'Bettina Giant Car Sponge', 'amazon_title': 'Xtremeauto', 'supplier_price': 0.87, 'amazon_price': None, 'match_method': 'EAN', 'confidence': 'high', 'created_at': '2025-07-18T10:45:52.603673', 'supplier_url': 'https://www.poundwholesale.co.uk/bettina-giant-car-sponge'}, {'supplier_ean': '5050375083967', 'amazon_asin': 'B004V423RY', 'supplier_title': 'Car Pride Window & Mirror Cleaner 300ml', 'amazon_title': 'WINDOW MIRROR GLASS CERAMIC CLEANER - NON SMEAR', 'supplier_price': 0.97, 'amazon_price': 4.45, 'match_method': 'EAN_cached', 'confidence': 'low', 'created_at': '2025-07-18T10:45:52.672388', 'supplier_url': 'https://www.poundwholesale.co.uk/window-mirror-cleaner-300ml'}, {'supplier_ean': '5055441444536', 'amazon_asin': 'B0DF33XNMX', 'supplier_title': 'Goodyear Luxury Deep Pile Microfibre 2-In-1 Valet Cloth 45cm X 38cm', 'amazon_title': 'Goodyear Luxury Valet Cloth Large Deep pile for absorbency| For showroom perfect finish |2 in 1 luxury car cloth| Microfibre technology| Cleaning fibre| Satin safety edging protects against scratching', 'supplier_price': 3.02, 'amazon_price': 7.0, 'match_method': 'EAN', 'confidence': 'high', 'created_at': '2025-07-18T10:46:44.263284', 'supplier_url': 'https://www.poundwholesale.co.uk/goodyear-luxury-deep-pile-microfibre-2-in-1-valet-cloth-45cm-x-38cm'}, {'supplier_ean': '5055441446554', 'amazon_asin': 'B0DJWFVY3H', 'supplier_title': 'Goodyear Snow Foam Pre-Wash Shampoo 1l', 'amazon_title': 'Goodyear 1L Snow Foam Cherry Scent Pressure Washer Or Foam Lancer | Covers The Vehicle In A Rich Blanket Of Foam | Gently Loosen Dirt & Heavy Soiling | More Concentrated Solution The Thicker The Foam', 'supplier_price': 2.54, 'amazon_price': 7.99, 'match_method': 'EAN', 'confidence': 'high', 'created_at': '2025-07-18T10:47:33.544513', 'supplier_url': 'https://www.poundwholesale.co.uk/goodyear-cherry-snow-form-pre-wash-shampoo-1l'}, {'supplier_ean': '5055319519021', 'amazon_asin': 'B09FLXRC5F', 'supplier_title': 'Auto Extreme Automotive White Gloss Spray Paint 250ml', 'amazon_title': 'Classic Signature - 1 x Auto Extreme White Gloss Spray Paint 250ml Professional Quality, Perfect Finish for Cars, Bikes,Vans, Metal, Wood', 'supplier_price': 0.92, 'amazon_price': 5.47, 'match_method': 'EAN', 'confidence': 'high', 'created_at': '2025-07-18T10:48:41.581930', 'supplier_url': 'https://www.poundwholesale.co.uk/auto-extreme-automotive-white-gloss-spray-paint-250ml'}, {'supplier_ean': '5055319519274', 'amazon_asin': 'B09F9MVQS1', 'supplier_title': 'Auto Extreme Professional Blue Gloss Spray Paint 400ml', 'amazon_title': 'Classic Signature - 1 x Auto Extreme Blue Gloss Spray Paint 400ml, Professional Quality, Perfect Finish for Cars, Bikes,Vans, Metal, Wood', 'supplier_price': 1.82, 'amazon_price': 6.89, 'match_method': 'EAN', 'confidence': 'high', 'created_at': '2025-07-18T10:49:36.222143', 'supplier_url': 'https://www.poundwholesale.co.uk/auto-extreme-professional-blue-gloss-spray-paint-400ml'}, {'supplier_ean': '5050375127340', 'amazon_asin': 'B076DD8QMP', 'supplier_title': 'Tango Car Air Freshener CDU Assorted Fragrances', 'amazon_title': 'Tango Liquid Car Air Freshener 4pk - Cherry Orange Apple & Lemon', 'supplier_price': 0.74, 'amazon_price': 5.49, 'match_method': 'EAN', 'confidence': 'high', 'created_at': '2025-07-18T10:50:21.970905', 'supplier_url': 'https://www.poundwholesale.co.uk/tango-car-air-freshener-cdu-assorted-fragrances'}, {'supplier_ean': '5055319519243', 'amazon_asin': 'B07NJHJC44', 'supplier_title': 'Auto Extreme Professional Silver Wheel Spray Paint 400ml', 'amazon_title': 'Auto Extreme Silver Wheel, 400 ml', 'supplier_price': 1.82, 'amazon_price': 5.5, 'match_method': 'EAN', 'confidence': 'high', 'created_at': '2025-07-18T10:51:15.720754', 'supplier_url': 'https://www.poundwholesale.co.uk/auto-extreme-professional-silver-wheel-spray-paint-400ml'}, {'supplier_ean': '5055319530798', 'amazon_asin': 'B0BZQ9D3SS', 'supplier_title': 'Auto Extreme Ocean Breeze In-Car Fragrance Air Freshener Spray 100ml', 'amazon_title': 'Car Air Freshener for Men with Vent Clip | Strong Perfume Automotive Air Freshener | Odour Eliminating Technology with Vent Clip | Car Air Fresheners by Perfa', 'supplier_price': 0.65, 'amazon_price': None, 'match_method': 'EAN', 'confidence': 'high', 'created_at': '2025-07-18T10:51:27.401020', 'supplier_url': 'https://www.poundwholesale.co.uk/auto-extreme-ocean-breeze-in-car-fragrance-air-freshener-spray-100ml'}, {'supplier_ean': '5052578047807', 'amazon_asin': 'B0FB44TV8Y', 'supplier_title': 'Bettina Microfibre Ultra Buff Car Cloths 3pc', 'amazon_title': 'Towelogy', 'supplier_price': 1.79, 'amazon_price': None, 'match_method': 'EAN', 'confidence': 'high', 'created_at': '2025-07-18T10:51:38.488644', 'supplier_url': 'https://www.poundwholesale.co.uk/bettina-microfibre-ultra-buff-car-cloths-3pc'}, {'supplier_ean': '5055441446714', 'amazon_asin': 'B0DFPVL488', 'supplier_title': 'Goodyear Silicone Window Squeegee 30cm', 'amazon_title': 'Goodyear Silicone Window Squeegee Ideal For Car Bodywork, Showers, Windows And Other Smooth Surfaces| Soft Silicone Blade| Removes 95% Of Standing Water| V-shaped Grip| Reusable And Long Lasting', 'supplier_price': 1.99, 'amazon_price': 3.99, 'match_method': 'EAN', 'confidence': 'high', 'created_at': '2025-07-18T10:52:28.920921', 'supplier_url': 'https://www.poundwholesale.co.uk/goodyear-silicone-window-squeegee-30cm'}, {'supplier_ean': '5055319528030', 'amazon_asin': 'B0DJM5VWR6', 'supplier_title': 'Rapide DP-60 Penetrating Maintenance Spray 100ml CDU', 'amazon_title': 'PNJB', 'supplier_price': 0.79, 'amazon_price': None, 'match_method': 'EAN', 'confidence': 'high', 'created_at': '2025-07-18T10:52:43.308895', 'supplier_url': 'https://www.poundwholesale.co.uk/rapide-dp-60-penetrating-maintenance-spray-100ml-cdu'}, {'supplier_ean': '5052578047708', 'amazon_asin': 'B09D7HXXXT', 'supplier_title': 'Bettina Assorted Microfibre Car Rags Bag', 'amazon_title': 'MR.SIGA', 'supplier_price': 1.79, 'amazon_price': None, 'match_method': 'EAN', 'confidence': 'high', 'created_at': '2025-07-18T10:52:56.953180', 'supplier_url': 'https://www.poundwholesale.co.uk/bettina-assorted-microfibre-car-rags-bag'}, {'supplier_ean': '8008990001061', 'amazon_asin': 'B00BFXBBHM', 'supplier_title': 'Classic Professional Car Sponge 15cm X 11cm X 5.5cm', 'amazon_title': 'Générique Auto Care – Wash Synthetic Sponge Pro Classic', 'supplier_price': 0.62, 'amazon_price': 3.89, 'match_method': 'EAN', 'confidence': 'high', 'created_at': '2025-07-18T10:53:42.902436', 'supplier_url': 'https://www.poundwholesale.co.uk/classic-professional-car-sponge-15cm-x-11cm-x-5-5cm'}, {'supplier_ean': '5055319529891', 'amazon_asin': 'B0CXN6VDPT', 'supplier_title': 'Rapide Multi Lube Oil Spray 250ml', 'amazon_title': 'Multi Lube Oil Spray High Performance Lubricates Cleans Prevents Rust - 300ml', 'supplier_price': 1.07, 'amazon_price': 5.49, 'match_method': 'EAN', 'confidence': 'high', 'created_at': '2025-07-18T10:54:33.090475', 'supplier_url': 'https://www.poundwholesale.co.uk/rapide-multi-lube-oil-spray-250ml'}, {'supplier_ean': '5055319599559', 'amazon_asin': 'B07NJGVPVQ', 'supplier_title': 'Auto Extreme Professional Chrome Effect Spray Paint 400ml', 'amazon_title': 'Auto Extreme Auto Spray Chrome, 400 ml', 'supplier_price': 2.03, 'amazon_price': 4.99, 'match_method': 'EAN', 'confidence': 'high', 'created_at': '2025-07-18T10:55:42.978833', 'supplier_url': 'https://www.poundwholesale.co.uk/auto-extreme-professional-chrome-effect-spray-paint-400ml'}, {'supplier_ean': '5053249228563', 'amazon_asin': 'B07R97BMMC', 'supplier_title': 'Carpride Alloy Wheel Spray Paint Matt Black', 'amazon_title': 'Car Pride 400ml High Grade Car Alloy Wheel Matt Black Fantastic Finish Surface Aerosol Spray Paint Can', 'supplier_price': 1.67, 'amazon_price': 5.69, 'match_method': 'EAN', 'confidence': 'high', 'created_at': '2025-07-18T10:56:35.936258', 'supplier_url': 'https://www.poundwholesale.co.uk/carpride-alloy-wheel-spray-paint-matt-black'}, {'supplier_ean': '5055319519045', 'amazon_asin': 'B07NJFYFZR', 'supplier_title': 'Auto Extreme Silver Wheel Spray Paint 250ml', 'amazon_title': 'Auto Extreme Auto Spray Silver Wheel, 250 ml', 'supplier_price': 0.92, 'amazon_price': 4.5, 'match_method': 'EAN', 'confidence': 'high', 'created_at': '2025-07-18T10:57:32.469691', 'supplier_url': 'https://www.poundwholesale.co.uk/auto-extreme-silver-wheel-spray-paint-250ml'}, {'supplier_ean': '5055319519212', 'amazon_asin': 'B09DYXN6YF', 'supplier_title': 'Auto Extreme Professional Black Gloss Spray Paint 400ml', 'amazon_title': 'Classic Signature - 1 x Auto Extreme Black Gloss Spray Paint 400ml, Professional Quality, Perfect Finish for Cars, Bikes,Vans, Metal, Wood', 'supplier_price': 1.82, 'amazon_price': 6.89, 'match_method': 'EAN', 'confidence': 'high', 'created_at': '2025-07-18T10:58:29.850682', 'supplier_url': 'https://www.poundwholesale.co.uk/auto-extreme-professional-black-gloss-spray-paint-400ml'}, {'supplier_ean': '5056170362405', 'amazon_asin': 'B006UCJ5NU', 'supplier_title': 'Bloc Multipurpose Penetrating Maintenance Spray 250ml', 'amazon_title': 'WD-40 Specialist', 'supplier_price': 1.03, 'amazon_price': None, 'match_method': 'EAN', 'confidence': 'high', 'created_at': '2025-07-18T10:58:41.438173', 'supplier_url': 'https://www.poundwholesale.co.uk/bloc-multipurpose-penetrating-maintenance-spray-250ml'}, {'supplier_ean': '5055319519106', 'amazon_asin': 'B09FLX734G', 'supplier_title': 'Auto Extreme Automotive Black Satin Spray Paint 250ml', 'amazon_title': 'Classic Signature - 1 x Black Satin Auto Extreme Spray Paint 250ml Professional Quality, Perfect Finish for Cars, Bikes,Vans, Metal, Wood', 'supplier_price': 0.92, 'amazon_price': 5.47, 'match_method': 'EAN', 'confidence': 'high', 'created_at': '2025-07-18T10:59:37.654163', 'supplier_url': 'https://www.poundwholesale.co.uk/auto-extreme-automotive-black-satin-spray-paint-250ml'}, {'supplier_ean': '5053249248677', 'amazon_asin': 'B000LD4V2E', 'supplier_title': 'Car Pride Black Gloss Spray Paint 400ml', 'amazon_title': 'Hycote', 'supplier_price': 1.73, 'amazon_price': None, 'match_method': 'EAN', 'confidence': 'high', 'created_at': '2025-07-18T10:59:51.150021', 'supplier_url': 'https://www.poundwholesale.co.uk/car-pride-black-gloss-spray-paint-400ml'}, {'supplier_ean': '5050375064300', 'amazon_asin': 'B01M0JVPJD', 'supplier_title': 'Car-Pride Quick Fix Tyre Repair 300ml', 'amazon_title': '2 X QUICK FIX CAR EMERGENCY FLAT TYRE INFLATE PUNCTURE REPAIR KIT', 'supplier_price': 1.77, 'amazon_price': 7.74, 'match_method': 'EAN', 'confidence': 'high', 'created_at': '2025-07-18T11:00:47.582374', 'supplier_url': 'https://www.poundwholesale.co.uk/quick-fix-tyre-repair'}, {'supplier_ean': '5055441446530', 'amazon_asin': 'B0993N1H9T', 'supplier_title': 'Goodyear Car Cockpit Cleaner 750ml', 'amazon_title': 'Goodyear Cockpit Cleaner 750ml- Effectively Cleans Dirt, Dust And Grime From the Dashboard And Surroundings| Protects Against Water And Dust Helping to Leave a Showroom Shine| Spray Weight 820g', 'supplier_price': 1.39, 'amazon_price': 5.13, 'match_method': 'EAN', 'confidence': 'high', 'created_at': '2025-07-18T11:01:48.222908', 'supplier_url': 'https://www.poundwholesale.co.uk/goodyear-cherry-scent-car-cockpit-cleaner-750ml'}, {'supplier_ean': '5055319519281', 'amazon_asin': 'B07NJGV658', 'supplier_title': 'Auto Extreme Professional Yellow Gloss Spray Paint 400ml', 'amazon_title': 'Auto Extreme Auto Extreme Yellow, 400 ml', 'supplier_price': 1.96, 'amazon_price': 5.49, 'match_method': 'EAN', 'confidence': 'high', 'created_at': '2025-07-18T11:02:38.788885', 'supplier_url': 'https://www.poundwholesale.co.uk/auto-extreme-professional-yellow-gloss-spray-paint-400ml'}, {'supplier_ean': '5056175980970', 'amazon_asin': 'B095HTD46T', 'supplier_title': 'Auto Extras Jar Candle Air Freshener 3 Pack Assorted', 'amazon_title': 'CRISTALINAS', 'supplier_price': 0.54, 'amazon_price': None, 'match_method': 'EAN', 'confidence': 'high', 'created_at': '2025-07-18T11:02:51.951099', 'supplier_url': 'https://www.poundwholesale.co.uk/auto-extras-jar-candle-air-freshener-3-pack-assorted'}, {'supplier_ean': '5055319529914', 'amazon_asin': 'B07XZF187M', 'supplier_title': 'Rapide PTFE Lubricant Spray 250ml', 'amazon_title': 'Rapide 300ml PTFE Grease Aerosol Spray Lubricant Can Chains Belts Cables Oil', 'supplier_price': 1.07, 'amazon_price': 4.99, 'match_method': 'EAN', 'confidence': 'high', 'created_at': '2025-07-18T11:03:38.329354', 'supplier_url': 'https://www.poundwholesale.co.uk/rapide-ptfe-lubricant-spray-250ml'}, {'supplier_ean': '5055441449203', 'amazon_asin': 'B0D12237Y2', 'supplier_title': 'Goodyear Expanding Car Cleaning Sponge', 'amazon_title': 'Goodyear Tyre and Wheel Deep Cleaning Multi-Purpose Brush | Ideal for Vehicle Tyres | Ergonomic L-Style Handle | Wide Curved Brush Head Covers Larger Surface | Removes Dirt and Grime', 'supplier_price': 0.72, 'amazon_price': 0.99, 'match_method': 'EAN', 'confidence': 'high', 'created_at': '2025-07-18T11:04:31.759859', 'supplier_url': 'https://www.poundwholesale.co.uk/goodyear-expanding-car-cleaning-sponge'}, {'supplier_ean': '5053249229768', 'amazon_asin': 'B0BZQ8C6CS', 'supplier_title': 'Chupa Chups Car Air Fresheners CDU Assorted Fragrances', 'amazon_title': 'One Million Car Air Freshener for Men | Strong Perfume Automotive Freshener | Odour Eliminating Technology with Vent Clip | Long Lasting Car Air Freshener by Perfa', 'supplier_price': 0.87, 'amazon_price': None, 'match_method': 'EAN', 'confidence': 'high', 'created_at': '2025-07-18T11:04:43.364574', 'supplier_url': 'https://www.poundwholesale.co.uk/chupa-chups-car-air-fresheners-cdu-assorted-fragrances'}, {'supplier_ean': '5050375002197', 'amazon_asin': 'B01MQHS127', 'supplier_title': 'Car Pride Stitched Natural Chamois Leather', 'amazon_title': '151 NATURAL CHAMOIS LEATHER', 'supplier_price': 0.85, 'amazon_price': 3.19, 'match_method': 'EAN', 'confidence': 'high', 'created_at': '2025-07-18T11:06:00.876295', 'supplier_url': 'https://www.poundwholesale.co.uk/stitched-natural-chamois-leather'}, {'supplier_ean': '5055441446431', 'amazon_asin': 'B0992QG9QK', 'supplier_title': 'Goodyear Instant Valet Upholstery Cleaner 750ml', 'amazon_title': 'GOODYEAR INSTANT VALET UPHOLSTERY CLEANER SPRAY 750ML', 'supplier_price': 1.4, 'amazon_price': 5.27, 'match_method': 'EAN', 'confidence': 'high', 'created_at': '2025-07-18T11:06:52.375016', 'supplier_url': 'https://www.poundwholesale.co.uk/goodyear-instant-valet-upholstery-cleaner-750ml'}, {'supplier_ean': '5053249245751', 'amazon_asin': 'B0BLL3XTRB', 'supplier_title': 'Car Pride Clean & Dry Microfibre Cloth', 'amazon_title': 'CARPRIDE® Clean and Dry Microfibre Cloth | For Car Exterior and Interior | 30 x 30 cm | Brown', 'supplier_price': 0.76, 'amazon_price': 2.95, 'match_method': 'EAN', 'confidence': 'high', 'created_at': '2025-07-18T11:07:43.161406', 'supplier_url': 'https://www.poundwholesale.co.uk/car-pride-clean-dry-microfibre-cloth'}, {'supplier_ean': '8008990001047', 'amazon_asin': 'B0DJFRHQ3H', 'supplier_title': 'Flash Car Synthetic Chamois Large', 'amazon_title': 'FLASH', 'supplier_price': 1.42, 'amazon_price': None, 'match_method': 'EAN', 'confidence': 'high', 'created_at': '2025-07-18T11:08:10.161535', 'supplier_url': 'https://www.poundwholesale.co.uk/flash-car-synthetic-chamois-large'}, {'supplier_ean': '5050375084148', 'amazon_asin': 'B07FRGHHQR', 'supplier_title': 'Car Pride Black Pack 300ml', 'amazon_title': 'Car Pride Black Pack Spray For Plastic Bumper & Exterior Trim Restorer 300ml', 'supplier_price': 0.93, 'amazon_price': 4.49, 'match_method': 'EAN_cached', 'confidence': 'low', 'created_at': '2025-07-18T11:08:10.231134', 'supplier_url': 'https://www.poundwholesale.co.uk/black-pack-300ml'}, {'supplier_ean': '5055319519311', 'amazon_asin': 'B07NJH9XCY', 'supplier_title': 'Auto Extreme Professional Racing Green Gloss Spray Paint 400ml', 'amazon_title': 'Auto Extreme Racing Green, 400 ml', 'supplier_price': 1.96, 'amazon_price': 5.65, 'match_method': 'EAN', 'confidence': 'high', 'created_at': '2025-07-18T11:09:04.876820', 'supplier_url': 'https://www.poundwholesale.co.uk/auto-extreme-professional-racing-green-gloss-spray-paint-400ml'}, {'supplier_ean': '5055319519137', 'amazon_asin': 'B07NJFXL6R', 'supplier_title': 'Auto Extreme Red Primer Spray Paint 250ml', 'amazon_title': 'Auto Extreme Auto Spray Red Primer, 250 ml', 'supplier_price': 0.92, 'amazon_price': 4.35, 'match_method': 'EAN', 'confidence': 'high', 'created_at': '2025-07-18T11:09:55.460107', 'supplier_url': 'https://www.poundwholesale.co.uk/mean-machine-auto-spray-red-primer-250ml'}, {'supplier_ean': '5038673050010', 'amazon_asin': 'B0FC6D5VDG', 'supplier_title': 'Portable Wet & Dry Auto Vacuum Cleaner', 'amazon_title': 'HYCHIKA 3 in 1 Wet and Dry Vacuum Cleaner, Power: 1200 W, 20 L Stainless Steel Tank, 6 M+ Cleaning Range (2.5 M Power Cores + 3.5 M Soft & Hard Hose), for Garden Outdoor Floor Sofa Cleaning', 'supplier_price': 10.18, 'amazon_price': None, 'match_method': 'EAN', 'confidence': 'high', 'created_at': '2025-07-18T11:10:08.518609', 'supplier_url': 'https://www.poundwholesale.co.uk/portable-wet-dry-auto-vacuum-cleaner'}, {'supplier_ean': '5052578034708', 'amazon_asin': 'B0CKTH6LDT', 'supplier_title': 'Bettina Microfibre Car Cloths 2 Pack', 'amazon_title': 'CarMax® - Original Twisted Loop Car Drying Towel - Double-Sided XXL - 90cm x 60cm 1400gsm Microfibre Towel for fast streak-free drying and detailing.', 'supplier_price': 0.79, 'amazon_price': 17.99, 'match_method': 'EAN_cached', 'confidence': 'low', 'created_at': '2025-07-18T11:10:08.580003', 'supplier_url': 'https://www.poundwholesale.co.uk/3pc-micro-fibre-car-cloths-highly-effective-wet-or-dry'}, {'supplier_ean': '5055441449142', 'amazon_asin': 'B0DF343YX8', 'supplier_title': 'Goodyear Microfibre Dusting Cloth Large 60cm X 40cm', 'amazon_title': 'Goodyear Microfibre Dusting Cloth I Specially designed microfibre cloth for windscreens, windows and mirrors | Statically charged cleaning fibres attract dust | Leaves a lint free finish | 60m x 40cm', 'supplier_price': 0.85, 'amazon_price': 1.99, 'match_method': 'EAN', 'confidence': 'high', 'created_at': '2025-07-18T11:10:57.177704', 'supplier_url': 'https://www.poundwholesale.co.uk/goodyear-microfibre-dusting-cloth-large-60cm-x-40cm'}, {'supplier_ean': '5055441449180', 'amazon_asin': 'B0D3JDFZJC', 'supplier_title': 'Goodyear Microfibre Car Cloth Set 4 Pack', 'amazon_title': 'Goodyear 4PC Microfibre Cloth Set- microfibre cloths for cleaning your vehicle | Cleaning fibres attract dust | Showroom finish | Machine washable | Dashboard, Buffing, Window cloth | Wash and drying', 'supplier_price': 2.59, 'amazon_price': 4.99, 'match_method': 'EAN', 'confidence': 'high', 'created_at': '2025-07-18T11:11:46.340949', 'supplier_url': 'https://www.poundwholesale.co.uk/goodyear-microfibre-car-cloth-set-4-pack'}, {'supplier_ean': '5055441449104', 'amazon_asin': 'B0DH8C367V', 'supplier_title': 'Goodyear Synthetic Chamois Cloth', 'amazon_title': 'Goodyear Synthetic Chamois -natural Chamois, Super Absorbent, Streak And Scratch Free, With A Greater Tolerance To Modern Car Cleaners| Stays Soft When Drying| Extra Large 72cm x 50cm|Machine Washable', 'supplier_price': 1.9, 'amazon_price': 2.99, 'match_method': 'EAN', 'confidence': 'high', 'created_at': '2025-07-18T11:12:43.381337', 'supplier_url': 'https://www.poundwholesale.co.uk/goodyear-synthetic-chamois-cloth'}, {'supplier_ean': '5055319530736', 'amazon_asin': 'B084VTS1NV', 'supplier_title': 'Auto Extreme Fresh Linen In-Car Fragrance Air Freshener Spray 100ml', 'amazon_title': 'Air Freshener Spray Concentrated Long Lasting Oil Based (New Car)', 'supplier_price': 0.65, 'amazon_price': None, 'match_method': 'EAN', 'confidence': 'high', 'created_at': '2025-07-18T11:12:55.532920', 'supplier_url': 'https://www.poundwholesale.co.uk/auto-extreme-fresh-linen-in-car-fragrance-air-freshener-spray-100ml'}, {'supplier_ean': '5055319519076', 'amazon_asin': 'B09FLX3QXD', 'supplier_title': 'Auto Extreme Automotive Red Gloss Spray Paint 250ml', 'amazon_title': 'Classic Signature - 1 x Auto Extreme Red Gloss Spray Paint 250ml, Professional Quality, Perfect Finish for Cars, Bikes,Vans, Metal, Wood', 'supplier_price': 0.92, 'amazon_price': 5.47, 'match_method': 'EAN', 'confidence': 'high', 'created_at': '2025-07-18T11:13:48.220197', 'supplier_url': 'https://www.poundwholesale.co.uk/auto-extreme-automotive-red-gloss-spray-paint-250ml'}, {'supplier_ean': '5050375003620', 'amazon_asin': 'B0DG2QVKZL', 'supplier_title': 'Car Pride Luxury Natural Chamois Leather', 'amazon_title': 'Hoover HF1 Plus Cordless Stick Vacuum Cleaner with Turbo Suction Mode, Up to 45 Min Runtime, LED Lights, Multi-Floor Nozzle, Anti Hair Wrap, Handheld Capability, 165w [HF1P10H]', 'supplier_price': 1.41, 'amazon_price': 99.0, 'match_method': 'EAN', 'confidence': 'high', 'created_at': '2025-07-18T11:14:56.832846', 'supplier_url': 'https://www.poundwholesale.co.uk/car-pride-luxury-natural-chamois-leather'}, {'supplier_ean': '00994743', 'amazon_asin': 'B0CCVFJ94Z', 'supplier_title': 'Wilko Ready To Use Screenwash 5l', 'amazon_title': 'Rain-X', 'supplier_price': 1.42, 'amazon_price': None, 'match_method': 'EAN', 'confidence': 'high', 'created_at': '2025-07-18T11:15:10.531582', 'supplier_url': 'https://www.poundwholesale.co.uk/wilko-ready-to-use-screenwash-5l'}, {'supplier_ean': '5055319556668', 'amazon_asin': 'B0BC1D6KPG', 'supplier_title': 'Auto Extreme Car Upholstery Brush 14cm X 6.5cm', 'amazon_title': '15° Curved Car Cleaning Brush with Telescopic Handle 43" Aluminum Alloy Long Rod Wash Mop For Washing Caravan Van Truck Boat RV Roof Soft Chenille Head Duster Clean Product Not Hurt Paint Scratch Free', 'supplier_price': 0.97, 'amazon_price': None, 'match_method': 'EAN', 'confidence': 'high', 'created_at': '2025-07-18T11:15:22.281479', 'supplier_url': 'https://www.poundwholesale.co.uk/auto-extreme-car-upholstery-brush-14cm-x-6-5cm'}, {'supplier_ean': '5050375083783', 'amazon_asin': 'B00A3T5F2G', 'supplier_title': 'Car Pride Instant Valet 300ml', 'amazon_title': 'Carpride Instant Valet Aerosol Spray 300ml', 'supplier_price': 0.97, 'amazon_price': 4.09, 'match_method': 'EAN_cached', 'confidence': 'low', 'created_at': '2025-07-18T11:15:22.357739', 'supplier_url': 'https://www.poundwholesale.co.uk/instant-valet-300ml'}, {'supplier_ean': '5055319512213', 'amazon_asin': 'B0F9329VCL', 'supplier_title': 'Auto Extreme Car Air Freshener Assorted Fragrances Clip Strip', 'amazon_title': 'Automizer - Creed Car Air Freshener for Men - Smart Car Air Freshener Diffuser Aventus Inspired Automatic On/Off Refillable Air Freshner, Gifts for Men/Women', 'supplier_price': 0.27, 'amazon_price': None, 'match_method': 'EAN', 'confidence': 'high', 'created_at': '2025-07-18T11:15:36.157612', 'supplier_url': 'https://www.poundwholesale.co.uk/auto-extreme-car-air-freshener-assorted-fragrances-clip-strip'}, {'supplier_ean': '5053249256832', 'amazon_asin': 'B0D2HLTZ4Q', 'supplier_title': 'Car Pride All Seasons Screen Wash Tablets 2pc', 'amazon_title': 'Screenwash Tablets For Cars, 100 Pcs Car Windshield Wash Tablets, Concentrated Screenwash Washer Fluid Car Window Cleaning Tablets for Metal, Plastic, Window Glass, Look Completely New', 'supplier_price': 0.74, 'amazon_price': None, 'match_method': 'EAN', 'confidence': 'high', 'created_at': '2025-07-18T11:15:50.415052', 'supplier_url': 'https://www.poundwholesale.co.uk/car-pride-all-seasons-screen-wash-tablets-2pc'}, {'supplier_ean': '5055056731861', 'amazon_asin': 'B09LHF2V7G', 'supplier_title': 'Guilty Pleasures Chocolate Chip Cookie 3D Car Air Freshener', 'amazon_title': 'Guilty Pleasures 3D Choc Cookie CAR FRESHENER', 'supplier_price': 0.38, 'amazon_price': 3.99, 'match_method': 'EAN', 'confidence': 'high', 'created_at': '2025-07-18T11:16:51.336470', 'supplier_url': 'https://www.poundwholesale.co.uk/guilty-pleasures-chocolate-chip-cookie-3d-air-freshener'}, {'supplier_ean': '5055441446479', 'amazon_asin': 'B0993YCZWB', 'supplier_title': 'Goodyear Fresh Fragrance Glass & Mirror Cleaner 750ml', 'amazon_title': 'Goodyear Glass & Mirror Cleaner 750ml - For a streak-free finish | Effective cleaner for car windscreens, side window, wing mirrors & rear view mirror | Suitable for rain sensor and acrylic windows', 'supplier_price': 1.36, 'amazon_price': 5.74, 'match_method': 'EAN', 'confidence': 'high', 'created_at': '2025-07-18T11:18:10.194551', 'supplier_url': 'https://www.poundwholesale.co.uk/goodyear-fresh-fragrance-glass-mirror-cleaner-750ml'}, {'supplier_ean': '5055441446455', 'amazon_asin': 'B0993N4XMC', 'supplier_title': 'Goodyear Back-To-Black Bumper & Trim Plastic Restorer 750ml', 'amazon_title': 'Goodyear Bumper and Trim Restorer 750ml-back to Black| Helps Bumper and Trim Plastic Look Like New| Restores, Protects and Shines| Long Lasting Gloss Finish| Suitable for All Exterior Plastics', 'supplier_price': 1.4, 'amazon_price': 4.89, 'match_method': 'EAN', 'confidence': 'high', 'created_at': '2025-07-18T11:19:05.192693', 'supplier_url': 'https://www.poundwholesale.co.uk/goodyear-black-bumper-trim-plastic-restorer-750ml'}, {'supplier_ean': '5015302400262', 'amazon_asin': 'B0B4R5265Z', 'supplier_title': 'Coco & Gray Assorted Colour Synthetic Chamois Cloths 3 Pack', 'amazon_title': 'Airlab', 'supplier_price': 0.64, 'amazon_price': None, 'match_method': 'EAN', 'confidence': 'high', 'created_at': '2025-07-18T11:19:19.017457', 'supplier_url': 'https://www.poundwholesale.co.uk/royle-shammy-pack-3'}, {'supplier_ean': '5055319519304', 'amazon_asin': 'B09F9N1DW9', 'supplier_title': 'Auto Extreme Professional Silver Body Spray Paint 400ml', 'amazon_title': 'Classic Signature - 1 x Auto Extreme Silver Body Spray Paint 400ml Professional Quality, Perfect Finish for Cars, Bikes,Vans, Metal, Wood', 'supplier_price': 1.82, 'amazon_price': 6.89, 'match_method': 'EAN', 'confidence': 'high', 'created_at': '2025-07-18T11:20:10.249623', 'supplier_url': 'https://www.poundwholesale.co.uk/auto-extreme-professional-silver-body-spray-paint-400ml'}, {'supplier_ean': '5053249200743', 'amazon_asin': 'B0DY5MX94X', 'supplier_title': 'Tango Card Car Air Freshener 2 Pack CDU Assorted Fragrances', 'amazon_title': 'Luxury Car Fragrance Gift Set, 2 Glass Car Diffusers, 2 x 30ml Refills, 2 x Vent Clips, 10 ml Interior Fabric Spray, Strong Fragrance, (Crede)', 'supplier_price': 0.74, 'amazon_price': None, 'match_method': 'EAN', 'confidence': 'high', 'created_at': '2025-07-18T11:20:38.365789', 'supplier_url': 'https://www.poundwholesale.co.uk/tango-card-car-air-freshener-2-pack-cdu-assorted-fragrances'}, {'supplier_ean': '5056175980963', 'amazon_asin': 'B0FH9LCRSZ', 'supplier_title': 'Auto Extras Jelly Baby Air Freshener Assorted', 'amazon_title': 'Car Air Freshener Aromatherapy Balm Long Lasting Fragrance Non-spill Solid 3D Tomato Shaped Travel Size Scented Balm 100g Eliminate Odor for Bedroom Toliet Elitzia ETAP2815', 'supplier_price': 0.65, 'amazon_price': None, 'match_method': 'EAN', 'confidence': 'high', 'created_at': '2025-07-18T11:20:51.448024', 'supplier_url': 'https://www.poundwholesale.co.uk/auto-extras-jelly-baby-air-freshener-assorted'}, {'supplier_ean': '5055319519298', 'amazon_asin': 'B07NJH3Q91', 'supplier_title': 'Auto Extreme Professional Black Satin Spray Paint 400ml', 'amazon_title': 'Auto Extreme Auto Extreme Black Satin, 400 ml', 'supplier_price': 1.82, 'amazon_price': 5.49, 'match_method': 'EAN', 'confidence': 'high', 'created_at': '2025-07-18T11:21:47.219390', 'supplier_url': 'https://www.poundwholesale.co.uk/auto-extreme-professional-black-satin-spray-paint-400ml'}, {'supplier_ean': '5055056770815', 'amazon_asin': 'B0BZQC1VY6', 'supplier_title': 'Millions Cola 3D Car Air Freshener', 'amazon_title': 'Creed Car Air Freshener for Men | Aventos Perfume Inspired Car Fragrances | Strong Freshener with Odour Eliminator Technology | Creed Automotive Air Freshener | GREED Scent by Perfa', 'supplier_price': 0.38, 'amazon_price': None, 'match_method': 'EAN', 'confidence': 'high', 'created_at': '2025-07-18T11:22:00.417347', 'supplier_url': 'https://www.poundwholesale.co.uk/millions-cola-3d-car-air-freshener'}, {'supplier_ean': '5052578015608', 'amazon_asin': 'B0DHXJ3Y9T', 'supplier_title': 'Bettina Car Sponges 3 Pack', 'amazon_title': '3 Pack Car Sponges,Jumbo Sponges For Car Cleaning,Anti Scratch Technology for Car Exterior & Window Washing- Perfect For Wheels, Windscreen & Bodywork (3 PCS (Yellow))', 'supplier_price': 0.84, 'amazon_price': 7.99, 'match_method': 'EAN_cached', 'confidence': 'low', 'created_at': '2025-07-18T11:22:00.495119', 'supplier_url': 'https://www.poundwholesale.co.uk/bettina-car-sponges-3-pack'}, {'supplier_ean': '5038673050010', 'amazon_asin': 'B0FC6D5VDG', 'supplier_title': 'Roadster Car Vacuum Cleaner 12V', 'amazon_title': 'HYCHIKA 3 in 1 Wet and Dry Vacuum Cleaner, Power: 1200 W, 20 L Stainless Steel Tank, 6 M+ Cleaning Range (2.5 M Power Cores + 3.5 M Soft & Hard Hose), for Garden Outdoor Floor Sofa Cleaning', 'supplier_price': 5.28, 'amazon_price': None, 'match_method': 'EAN_cached', 'confidence': 'low', 'created_at': '2025-07-18T11:22:00.576434', 'supplier_url': 'https://www.poundwholesale.co.uk/roadster-car-vacuum-cleaner-12v'}, {'supplier_ean': '5050375083752', 'amazon_asin': 'B01C4S4876', 'supplier_title': 'Car Pride Alloy Wheel Cleaner 300ml', 'amazon_title': 'Car Pride Wheel Clean, 300ml', 'supplier_price': 0.97, 'amazon_price': 4.05, 'match_method': 'EAN_cached', 'confidence': 'low', 'created_at': '2025-07-18T11:22:00.651582', 'supplier_url': 'https://www.poundwholesale.co.uk/alloy-wheel-cleaner'}, {'supplier_ean': '5055441452357', 'amazon_asin': 'B0DFPVGFZ4', 'supplier_title': 'Goodyear Extendable Car Windscreen Washer Squeegee Sponge Cleaner', 'amazon_title': 'Goodyear 2 In 1 Window Squeegee Flexible Rubber Blade| Netted Sponge Scrubber| Multi-purpose And Easy To Use| Non - Scratch| Ideal For Cleaning Windows And Windscreens| Compact Design, Easy Storage', 'supplier_price': 1.76, 'amazon_price': 2.99, 'match_method': 'EAN', 'confidence': 'high', 'created_at': '2025-07-18T11:22:54.109374', 'supplier_url': 'https://www.poundwholesale.co.uk/goodyear-extendable-car-windscreen-washer-squeegee-sponge-cleaner'}, {'supplier_ean': '5055257813090', 'amazon_asin': 'B0FH9LCRSZ', 'supplier_title': 'Fragranced Fruit Shaped Car Air Freshener', 'amazon_title': 'Car Air Freshener Aromatherapy Balm Long Lasting Fragrance Non-spill Solid 3D Tomato Shaped Travel Size Scented Balm 100g Eliminate Odor for Bedroom Toliet Elitzia ETAP2815', 'supplier_price': 0.6, 'amazon_price': None, 'match_method': 'EAN', 'confidence': 'high', 'created_at': '2025-07-18T11:23:05.509024', 'supplier_url': 'https://www.poundwholesale.co.uk/fragranced-fruit-shaped-car-air-freshener'}, {'supplier_ean': '5055319510615', 'amazon_asin': 'B0C49F6NG6', 'supplier_title': 'Auto Extreme Professional Petrol-Resistant Lacquer Clear Spray 400ml', 'amazon_title': 'Ozeino Wireless Gaming Headset, Compatible with PC Ps5 Ps4 Boasts 2.4GHz Lossless Audio, USB & Type-C, Flip Microphone and 40-Hr Battery - Suited for Switch, Laptop, Mac', 'supplier_price': 1.89, 'amazon_price': 23.11, 'match_method': 'EAN', 'confidence': 'high', 'created_at': '2025-07-18T11:24:21.169341', 'supplier_url': 'https://www.poundwholesale.co.uk/auto-extreme-professional-petrol-resistant-lacquer-clear-spray-400ml'}, {'supplier_ean': '5053249271453', 'amazon_asin': 'B0CHTHYL58', 'supplier_title': 'Car-Pride Biodegradable Interior Clean & Shine Wipes 30 Pack', 'amazon_title': 'AMK', 'supplier_price': 0.65, 'amazon_price': None, 'match_method': 'EAN', 'confidence': 'high', 'created_at': '2025-07-18T11:24:44.743060', 'supplier_url': 'https://www.poundwholesale.co.uk/car-pride-interior-clean-shine-wipes-30-pack'}, {'supplier_ean': '5055319519267', 'amazon_asin': 'B07NJGB772', 'supplier_title': 'Auto Extreme Professional Red Gloss Spray Paint 400ml', 'amazon_title': 'Auto Extreme Auto Extreme Red, 400 ml', 'supplier_price': 1.82, 'amazon_price': 5.79, 'match_method': 'EAN', 'confidence': 'high', 'created_at': '2025-07-18T11:25:35.589009', 'supplier_url': 'https://www.poundwholesale.co.uk/auto-extreme-professional-red-gloss-spray-paint-400ml'}, {'supplier_ean': '5056175987832', 'amazon_asin': 'B0BSFN7BK9', 'supplier_title': 'Bloome Gel Boat Air Freshener 150G Assorted Fragrance', 'amazon_title': 'SOL', 'supplier_price': 0.46, 'amazon_price': None, 'match_method': 'EAN', 'confidence': 'high', 'created_at': '2025-07-18T11:25:49.342872', 'supplier_url': 'https://www.poundwholesale.co.uk/bloome-gel-boat-air-freshener-150g-assorted-fragrance'}, {'supplier_ean': '5055441445021', 'amazon_asin': 'B0DJFGKQTJ', 'supplier_title': 'Dekton Tri-Extending Wash Brush 3m', 'amazon_title': 'Dekton Heavy Duty Tri-Extending Wash Brush | Long Reach Water Fed Brush for Cars, Boats, & More | Ergonomic Foam Grip | Soft Bristles Prevent Scratching | Telescopic Design Extends to 3 Metres', 'supplier_price': 13.64, 'amazon_price': 25.06, 'match_method': 'EAN', 'confidence': 'high', 'created_at': '2025-07-18T11:26:42.138251', 'supplier_url': 'https://www.poundwholesale.co.uk/dekton-tri-extending-wash-brush-3m'}, {'supplier_ean': '5038673410692', 'amazon_asin': 'B0DPX1HRM6', 'supplier_title': 'Car Air Fresheners Fruit Assorted CDU', 'amazon_title': 'Q QXUNMU', 'supplier_price': 0.34, 'amazon_price': None, 'match_method': 'EAN', 'confidence': 'high', 'created_at': '2025-07-18T11:26:57.017565', 'supplier_url': 'https://www.poundwholesale.co.uk/car-air-fresheners-fruit-assorted-cdu'}, {'supplier_ean': '5055441452319', 'amazon_asin': 'B0DJT8DYF6', 'supplier_title': 'Goodyear Wax Applicator Pad Set 3pc', 'amazon_title': 'Goodyear 3pc Applicator Set Specially Designed Microfiber Pad For Cleaning Your Vehicle|Ideal For Polishing And Waxing Of Painted Surfaces|Thick Microfiber Evenly Distributes Pressure For Application', 'supplier_price': 1.99, 'amazon_price': 2.99, 'match_method': 'EAN', 'confidence': 'high', 'created_at': '2025-07-18T11:27:44.877336', 'supplier_url': 'https://www.poundwholesale.co.uk/goodyear-wax-applicator-pad-set-3pc'}, {'supplier_ean': '5055441421902', 'amazon_asin': 'B0CZYRJ8ZX', 'supplier_title': 'Goodyear 2-In-1 Noodle Wash Mitt', 'amazon_title': 'Goodyear 2 In 1 Noodle Wash Mitt Extra Long Handle With Pivoting Head For Easy Reach All Around Your Windscreen | Microfiber Pad For Ultimate Cleaning | Excellent For Quick Defogging And Cleaning', 'supplier_price': 2.06, 'amazon_price': 5.29, 'match_method': 'EAN', 'confidence': 'high', 'created_at': '2025-07-18T11:28:33.825517', 'supplier_url': 'https://www.poundwholesale.co.uk/goodyear-2-in-1-noodle-wash-mitt'}, {'supplier_ean': '5052578611800', 'amazon_asin': 'B0BG8HY6NL', 'supplier_title': 'Bettina Comfortable Grip Jumbo Car Sponge', 'amazon_title': 'Xtremeauto', 'supplier_price': 0.6, 'amazon_price': None, 'match_method': 'EAN', 'confidence': 'high', 'created_at': '2025-07-18T11:28:47.461587', 'supplier_url': 'https://www.poundwholesale.co.uk/jumbo-car-sponge-with-comfortable-grip'}, {'supplier_ean': '5055441449227', 'amazon_asin': 'B0DFMH5XX9', 'supplier_title': 'Goodyear 2-In-1 Microfibre Drying Towel Xl 80cm X 60cm', 'amazon_title': 'Goodyear Microfiber Drying Towel Xl Deep Pile For Extra Absorbency| Microfiber Technology| Cleaning Fiber Attracts Dust |satin Safety Edging Protects Against Scratching| Extra Absorbency Free Finish', 'supplier_price': 2.21, 'amazon_price': 3.99, 'match_method': 'EAN', 'confidence': 'high', 'created_at': '2025-07-18T11:29:40.530652', 'supplier_url': 'https://www.poundwholesale.co.uk/goodyear-2-in-1-microfibre-drying-towel-xl-80cm-x-60cm'}, {'supplier_ean': '5055319530743', 'amazon_asin': 'B084VTS1NV', 'supplier_title': 'Auto Extreme Cedar Wood In-Car Fragrance Air Freshener Spray 100ml', 'amazon_title': 'Air Freshener Spray Concentrated Long Lasting Oil Based (New Car)', 'supplier_price': 0.65, 'amazon_price': None, 'match_method': 'EAN', 'confidence': 'high', 'created_at': '2025-07-18T11:29:54.290257', 'supplier_url': 'https://www.poundwholesale.co.uk/auto-extreme-cedar-wood-in-car-fragrance-air-freshener-spray-100ml'}, {'supplier_ean': '5055319519007', 'amazon_asin': 'B01FXX9AJA', 'supplier_title': 'Auto Extreme Automotive Black Matt Spray Paint 250ml', 'amazon_title': 'Black Matt Aerosol Spray Cans 250ml Car Auto Extreme Spray Paint (6)', 'supplier_price': 0.92, 'amazon_price': 9.95, 'match_method': 'EAN', 'confidence': 'high', 'created_at': '2025-07-18T11:30:50.315219', 'supplier_url': 'https://www.poundwholesale.co.uk/auto-extreme-automotive-black-matt-spray-paint-250ml'}, {'supplier_ean': '5055441449982', 'amazon_asin': 'B0DJH4WTZ5', 'supplier_title': 'Goodyear Anti-Smear Screenwash 1l', 'amazon_title': 'Goodyear 1 Litre Screen Wash-5% Ethanol| Blue Colour Liquid| Red Lid| English Label| Antifreeze Windscreen Wash Liquid| Prevents Freezing Of The Glass Washer System Down| Provide Clear Vision', 'supplier_price': 0.95, 'amazon_price': None, 'match_method': 'EAN', 'confidence': 'high', 'created_at': '2025-07-18T11:31:39.554668', 'supplier_url': 'https://www.poundwholesale.co.uk/goodyear-anti-smear-screenwash-1l'}, {'supplier_ean': '5055441405544', 'amazon_asin': 'B0D1R5SR4V', 'supplier_title': 'Goodyear Anti-Smear Screenwash 5l', 'amazon_title': 'Rain-X', 'supplier_price': 2.56, 'amazon_price': None, 'match_method': 'EAN', 'confidence': 'high', 'created_at': '2025-07-18T11:31:53.274959', 'supplier_url': 'https://www.poundwholesale.co.uk/goodyear-cherry-anti-smear-screenwash-5l'}, {'supplier_ean': '5053249003108', 'amazon_asin': 'B00CA36GJE', 'supplier_title': 'Carpride Scratch Remover Pen', 'amazon_title': 'Car Pride Paint Scratch Remover Pen - For Use On Any Colour Vehicle', 'supplier_price': 0.92, 'amazon_price': 2.98, 'match_method': 'EAN', 'confidence': 'high', 'created_at': '2025-07-18T11:32:49.414648', 'supplier_url': 'https://www.poundwholesale.co.uk/carpride-scratch-remover-pen'}, {'supplier_ean': '5050375054394', 'amazon_asin': 'B0F6C9BK5R', 'supplier_title': 'Car-Pride Wash & Wax 1L', 'amazon_title': 'Sopami Car Coating Spray, Waterless Car Wash Quick Effect Coating Agent, Multi-functional Coating Renewal Agent Polish Spray, Long-Lasting Protection Improves Clarity and Visibility(1pc)', 'supplier_price': 0.8, 'amazon_price': None, 'match_method': 'EAN', 'confidence': 'high', 'created_at': '2025-07-18T11:33:03.988685', 'supplier_url': 'https://www.poundwholesale.co.uk/wash-wax'}, {'supplier_ean': '5055056770792', 'amazon_asin': 'B0FH9LCRSZ', 'supplier_title': 'Millions Orange & Lemon 3D Car Air Freshener', 'amazon_title': 'Car Air Freshener Aromatherapy Balm Long Lasting Fragrance Non-spill Solid 3D Tomato Shaped Travel Size Scented Balm 100g Eliminate Odor for Bedroom Toliet Elitzia ETAP2815', 'supplier_price': 0.38, 'amazon_price': None, 'match_method': 'EAN', 'confidence': 'high', 'created_at': '2025-07-18T11:33:15.313131', 'supplier_url': 'https://www.poundwholesale.co.uk/millions-orange-lemon-3d-car-air-freshener'}, {'supplier_ean': '5050375086753', 'amazon_asin': 'B00IXMG80S', 'supplier_title': 'Car Pride Leather Cleaning Spray 250ml', 'amazon_title': '12 x Cans Of Leather cleaning spray, car cleaning, 300ml', 'supplier_price': 0.97, 'amazon_price': 19.95, 'match_method': 'EAN_cached', 'confidence': 'low', 'created_at': '2025-07-18T11:33:15.437428', 'supplier_url': 'https://www.poundwholesale.co.uk/leather-cleaning-spray-250ml'}, {'supplier_ean': '5050375084025', 'amazon_asin': 'B0032XLIJE', 'supplier_title': 'Car Pride Spray Wax 300ml', 'amazon_title': 'SPRAY CAR WAX SUPERFAST FORMULA PROTECTS PAINTWORK', 'supplier_price': 0.97, 'amazon_price': 3.99, 'match_method': 'EAN', 'confidence': 'high', 'created_at': '2025-07-18T11:34:12.145812', 'supplier_url': 'https://www.poundwholesale.co.uk/spray-wax-300ml'}, {'supplier_ean': '5055441452197', 'amazon_asin': 'B0DF33M8ZM', 'supplier_title': 'Goodyear Waffle Drying Cloth Large 40cm X 40cm', 'amazon_title': 'Goodyear Microfibre Waffle Cloth I Reduces drying time with less wring outs | Ideal for bodywork & glass | Designed microfibre cloth | Statically charged cleaning fibres | Leaves lint free finish', 'supplier_price': 0.95, 'amazon_price': 4.99, 'match_method': 'EAN', 'confidence': 'high', 'created_at': '2025-07-18T11:35:03.805673', 'supplier_url': 'https://www.poundwholesale.co.uk/goodyear-waffle-drying-cloth-large-40cm-x-40cm'}, {'supplier_ean': '5050375055483', 'amazon_asin': 'B01C4S4L4G', 'supplier_title': 'Car-Pride Handy Car Sponges 2 Pack', 'amazon_title': 'Car Pride CP011 Handy Car Cleaning Sponges, Pack of 3', 'supplier_price': 0.76, 'amazon_price': 4.99, 'match_method': 'EAN', 'confidence': 'high', 'created_at': '2025-07-18T11:35:55.273733', 'supplier_url': 'https://www.poundwholesale.co.uk/handy-car-sponges-3pk'}, {'supplier_ean': '5055319531740', 'amazon_asin': 'B0DG8VSKBB', 'supplier_title': 'Auto Extreme Professional Silver Alloy Wheel Spray Paint 400ml', 'amazon_title': 'RAPIDE Auto Extreme AX Alloy Wheel Spray Paint Silver 400ML | Ideal for Refreshing & Customizing Alloy Wheels | Long-Lasting, Chip & Fade Resistant | Smooth Satin Finish', 'supplier_price': 1.81, 'amazon_price': 7.95, 'match_method': 'EAN', 'confidence': 'high', 'created_at': '2025-07-18T11:36:42.632499', 'supplier_url': 'https://www.poundwholesale.co.uk/auto-extreme-professional-silver-alloy-wheel-spray-paint-400ml'}, {'supplier_ean': '5055319556651', 'amazon_asin': 'B0CTCSZD1T', 'supplier_title': 'Auto Extreme Cone Wheel Brush', 'amazon_title': 'Xtremeauto Soft Head Alloy Wheel Brush - Car Alloy Wheel Cleaner Brush Detailing Cleaning Brush, No Metal Non Scratch Rim Car Wheel Brush Perfect For Motorcycle, Cars & Bicycles (Orange', 'supplier_price': 1.42, 'amazon_price': None, 'match_method': 'EAN', 'confidence': 'high', 'created_at': '2025-07-18T11:36:58.182117', 'supplier_url': 'https://www.poundwholesale.co.uk/auto-extreme-cone-wheel-brush'}, {'supplier_ean': '5055319529884', 'amazon_asin': 'B07XZ8NKGR', 'supplier_title': 'Rapide Lithium Grease Spray 250ml', 'amazon_title': 'Rapide 300ml Lithium Grease Aerosol Spray Lubricant Can Multi-Purpose Hinge Track Oil', 'supplier_price': 1.07, 'amazon_price': 4.55, 'match_method': 'EAN', 'confidence': 'high', 'created_at': '2025-07-18T11:37:55.687057', 'supplier_url': 'https://www.poundwholesale.co.uk/rapide-lithium-grease-spray-250ml'}, {'supplier_ean': '5055441446493', 'amazon_asin': 'B0993NZQ15', 'supplier_title': 'Goodyear Alloy Wheel Cleaner 750ml', 'amazon_title': 'Goodyear Alloy Wheel Cleaner 750ml - for a Showroom Finish | Effective Cleaning for All Wheels | Effortlessly Removes Mud & Grime from Round The Wheel | Removes Dirt and Brake Dust | Easy Application', 'supplier_price': 1.39, 'amazon_price': 5.93, 'match_method': 'EAN', 'confidence': 'high', 'created_at': '2025-07-18T11:38:49.590834', 'supplier_url': 'https://www.poundwholesale.co.uk/goodyear-alloy-wheel-cleaner-750ml'}, {'supplier_ean': '5055441450780', 'amazon_asin': 'B0DK7MZS7R', 'supplier_title': 'Goodyear Back Car Seat Organiser Storage Bag', 'amazon_title': 'Goodyear Car Seat Back Storage Bag - Multipurpose Organizer for Vehicle Seats| Adjustable Straps |Product size: 40 x 55 cm| Material-Felt cloth| Multiple Pockets| Color-Grey| Durable, Water-Resistant', 'supplier_price': 2.2, 'amazon_price': 3.99, 'match_method': 'EAN', 'confidence': 'high', 'created_at': '2025-07-18T11:39:41.933717', 'supplier_url': 'https://www.poundwholesale.co.uk/goodyear-back-car-seat-organiser-storage-bag'}, {'supplier_ean': '5060417895304', 'amazon_asin': 'B0CJPBPJ9V', 'supplier_title': 'Sanitize Instant Protection 75% Alcohol Hand Gel 100ml', 'amazon_title': 'Palm Safe', 'supplier_price': 0.63, 'amazon_price': None, 'match_method': 'EAN', 'confidence': 'high', 'created_at': '2025-07-18T13:25:14.078140', 'supplier_url': 'https://www.poundwholesale.co.uk/sanitize-instant-protection-75-alcohol-hand-gel-100ml'}, {'supplier_ean': '5050375010994', 'amazon_asin': 'B0DN1LMXJV', 'supplier_title': 'Car-Pride Quick & Effective De-Icer 600ml', 'amazon_title': 'ANGIX', 'supplier_price': 1.27, 'amazon_price': None, 'match_method': 'EAN', 'confidence': 'high', 'created_at': '2025-07-19T02:38:01.890142', 'supplier_url': 'https://www.poundwholesale.co.uk/car-pride-quick-effective-de-icer-600ml'}, {'supplier_ean': '5055441452340', 'amazon_asin': 'B01IWTQBG2', 'supplier_title': 'Goodyear 2-In-1 Bug Removing Sponge', 'amazon_title': 'Gtechniq', 'supplier_price': 0.72, 'amazon_price': None, 'match_method': 'EAN', 'confidence': 'high', 'created_at': '2025-07-19T02:38:15.098683', 'supplier_url': 'https://www.poundwholesale.co.uk/goodyear-2-in-1-bug-removing-sponge'}]
--- Logging error ---
Traceback (most recent call last):
  File "/usr/lib/python3.12/logging/__init__.py", line 1163, in emit
    stream.write(msg + self.terminator)
BlockingIOError: [Errno 11] write could not complete without blocking
Call stack:
  File "/mnt/c/Users/chris/Desktop/Amazon-FBA-Agent-System-v32/run_custom_poundwholesale.py", line 81, in <module>
    asyncio.run(main())
  File "/usr/lib/python3.12/asyncio/runners.py", line 194, in run
    return runner.run(main)
  File "/usr/lib/python3.12/asyncio/runners.py", line 118, in run
    return self._loop.run_until_complete(task)
  File "/usr/lib/python3.12/asyncio/base_events.py", line 674, in run_until_complete
    self.run_forever()
  File "/usr/lib/python3.12/asyncio/base_events.py", line 641, in run_forever
    self._run_once()
  File "/usr/lib/python3.12/asyncio/base_events.py", line 1987, in _run_once
    handle._run()
  File "/usr/lib/python3.12/asyncio/events.py", line 88, in _run
    self._context.run(self._callback, *self._args)
  File "/mnt/c/Users/chris/Desktop/Amazon-FBA-Agent-System-v32/run_custom_poundwholesale.py", line 64, in main
    await workflow.run()
  File "/mnt/c/Users/chris/Desktop/Amazon-FBA-Agent-System-v32/tools/passive_extraction_workflow_latest.py", line 1123, in run
    return await self._run_hybrid_processing_mode(
  File "/mnt/c/Users/chris/Desktop/Amazon-FBA-Agent-System-v32/tools/passive_extraction_workflow_latest.py", line 6065, in _run_hybrid_processing_mode
    chunk_results = await self._process_chunk_with_main_workflow_logic(
  File "/mnt/c/Users/chris/Desktop/Amazon-FBA-Agent-System-v32/tools/passive_extraction_workflow_latest.py", line 6296, in _process_chunk_with_main_workflow_logic
    self.log.debug(f"🔍 DEBUG: linking_map type: {type(self.linking_map)}, value: {self.linking_map}")
Message: '🔍 DEBUG: linking_map type: <class \'list\'>, value: [{\'supplier_ean\': \'5053249228587\', \'amazon_asin\': \'B075QDW3BF\', \'supplier_title\': \'Car Pride Under Body Seal Black 400ml\', \'amazon_title\': \'HP CF541A 203A Original LaserJet Toner Cartridge, Cyan, Single Pack\', \'supplier_price\': 1.73, \'amazon_price\': 64.99, \'match_method\': \'EAN\', \'confidence\': \'high\', \'created_at\': \'2025-07-18T10:13:11.088193\', \'supplier_url\': \'https://www.poundwholesale.co.uk/carpride-under-body-seal-black\'}, {\'supplier_ean\': \'5055319527750\', \'amazon_asin\': \'B0CX1X6R6G\', \'supplier_title\': \'Auto Extreme Car Detailing Brush Set 5 Pack\', \'amazon_title\': \'Kasauber\', \'supplier_price\': 2.1, \'amazon_price\': None, \'match_method\': \'EAN\', \'confidence\': \'high\', \'created_at\': \'2025-07-18T10:13:23.277485\', \'supplier_url\': \'https://www.poundwholesale.co.uk/auto-extreme-car-detailing-brush-set-5-pack\'}, {\'supplier_ean\': \'5055319528504\', \'amazon_asin\': \'B07NJGQFRF\', \'supplier_title\': \'Rapide RP-60 Penetrating Maintenance Spray with Control Nozzle 400ml\', \'amazon_title\': \'Rapide 2850 Paint Spray\', \'supplier_price\': 2.65, \'amazon_price\': 5.85, \'match_method\': \'EAN\', \'confidence\': \'high\', \'created_at\': \'2025-07-18T10:14:15.912179\', \'supplier_url\': \'https://www.poundwholesale.co.uk/rapide-rp-60-penetrating-maintenance-spray-with-control-nozzle-400ml\'}, {\'supplier_ean\': \'5055441452272\', \'amazon_asin\': \'B0DFMPNHT5\', \'supplier_title\': \'Goodyear Microfibre Luxury Valet Drying Towel Set 2 Pack\', \'amazon_title\': \'Goodyear 2PC Microfibre Luxury Valet Cloth Set I Microfibre technology| powerful cleaning | Extra absorbency for a swirl free finish | Ideal for buffing away polish & wax residue | Extra large towel\', \'supplier_price\': 2.14, \'amazon_price\': 6.59, \'match_method\': \'EAN\', \'confidence\': \'high\', \'created_at\': \'2025-07-18T10:15:06.821428\', \'supplier_url\': \'https://www.poundwholesale.co.uk/goodyear-microfibre-luxury-valet-drying-towel-set-2-pack\'}, {\'supplier_ean\': \'5053249229140\', \'amazon_asin\': \'B07N41XTV5\', \'supplier_title\': \'Carpride Alloy Wheel Spray Paint Silver Gloss\', \'amazon_title\': \'Car Pride Alloy Wheel Spray Paint Metallic Silver Repairer. 400ml\', \'supplier_price\': 1.67, \'amazon_price\': 5.4, \'match_method\': \'EAN\', \'confidence\': \'high\', \'created_at\': \'2025-07-18T10:16:10.522951\', \'supplier_url\': \'https://www.poundwholesale.co.uk/carpride-alloy-wheel-spray-paint-silver-gloss\'}, {\'supplier_ean\': \'5055056770822\', \'amazon_asin\': \'B09DTQ4S43\', \'supplier_title\': \'Millions Blackcurrant Buzz 3D Car Air Freshener\', \'amazon_title\': \'AIRFreshh\', \'supplier_price\': 0.38, \'amazon_price\': None, \'match_method\': \'EAN\', \'confidence\': \'high\', \'created_at\': \'2025-07-18T10:16:22.515075\', \'supplier_url\': \'https://www.poundwholesale.co.uk/millions-blackcurrant-buzz-3d-car-air-freshener\'}, {\'supplier_ean\': \'5055319519229\', \'amazon_asin\': \'B07NJGGW8P\', \'supplier_title\': \'Auto Extreme Professional White Gloss Spray Paint 400ml\', \'amazon_title\': \'Auto Extreme White Gloss, 400 ml\', \'supplier_price\': 1.82, \'amazon_price\': 5.3, \'match_method\': \'EAN\', \'confidence\': \'high\', \'created_at\': \'2025-07-18T10:17:22.092163\', \'supplier_url\': \'https://www.poundwholesale.co.uk/auto-extreme-professional-white-gloss-spray-paint-400ml\'}, {\'supplier_ean\': \'5055319529907\', \'amazon_asin\': \'B07XZDY64P\', \'supplier_title\': \'Rapide Silicone Lubricant Spray 250ml\', \'amazon_title\': \'300ml Silicone Grease Aerosol Spray Lubricant Can Water Resistant Oil\', \'supplier_price\': 1.07, \'amazon_price\': 4.79, \'match_method\': \'EAN\', \'confidence\': \'high\', \'created_at\': \'2025-07-18T10:18:10.835188\', \'supplier_url\': \'https://www.poundwholesale.co.uk/rapide-silicone-lubricant-spray-250ml\'}, {\'supplier_ean\': \'5050375036574\', \'amazon_asin\': \'B006URFAE8\', \'supplier_title\': \'Car Pride Assorted Fragrance Fresh Feet Car Air Fresheners 4 Pack CDU\', \'amazon_title\': \'Pack of 4 FRESH FEET, Car Air Fresheners, Carpride cp1128\', \'supplier_price\': 0.71, \'amazon_price\': 3.3, \'match_method\': \'EAN\', \'confidence\': \'high\', \'created_at\': \'2025-07-18T10:19:02.426082\', \'supplier_url\': \'https://www.poundwholesale.co.uk/car-pride-assorted-fragrance-fresh-feet-car-air-fresheners-4-pack-cdu\'}, {\'supplier_ean\': \'5055056731878\', \'amazon_asin\': \'B09LH29BZD\', \'supplier_title\': \'Guilty Pleasures Blueberry Ice Pop 3D Car Air Freshener\', \'amazon_title\': \'Guilty Pleasure 3D Blueberry CAR FRESHENER\', \'supplier_price\': 0.38, \'amazon_price\': 3.99, \'match_method\': \'EAN\', \'confidence\': \'high\', \'created_at\': \'2025-07-18T10:19:50.869058\', \'supplier_url\': \'https://www.poundwholesale.co.uk/guilty-pleasures-blueberry-ice-pop-3d-car-air-freshener\'}, {\'supplier_ean\': \'5055319514606\', \'amazon_asin\': \'B0CYH8F9F9\', \'supplier_title\': \'Auto Extreme Car Pump Sprayer 2L\', \'amazon_title\': \'My Garden 5 Litre Sprayer Pump - Weed Killer Pressure Sprayer Pump Action - High Pressure Long Reach Sprayers - Ideal For Spraying Water Fertiliser Herbicides Pesticides Preservative & Detergent\', \'supplier_price\': 3.85, \'amazon_price\': None, \'match_method\': \'EAN\', \'confidence\': \'high\', \'created_at\': \'2025-07-18T10:20:03.052455\', \'supplier_url\': \'https://www.poundwholesale.co.uk/auto-extreme-car-pump-sprayer-2l\'}, {\'supplier_ean\': \'5055319530781\', \'amazon_asin\': \'B09FKD19N4\', \'supplier_title\': \'Auto Extreme Tropical Mist In-Car Fragrance Air Freshener Spray 100ml\', \'amazon_title\': \'Air Freshener Spray Concentrated Long Lasting Oil Based (Ocean Breeze)\', \'supplier_price\': 0.65, \'amazon_price\': None, \'match_method\': \'EAN\', \'confidence\': \'high\', \'created_at\': \'2025-07-18T10:20:17.331393\', \'supplier_url\': \'https://www.poundwholesale.co.uk/auto-extreme-tropical-mist-in-car-fragrance-air-freshener-spray-100ml\'}, {\'supplier_ean\': \'5053249245799\', \'amazon_asin\': \'B0BLLV2M74\', \'supplier_title\': \'Car Pride Clean & Polish Microfibre Cloth\', \'amazon_title\': \'CARPRIDE® Clean and Polish MicroFibre Cloth for Car Exterior and Interior | Streak Free | 30 x 30 cm\', \'supplier_price\': 0.76, \'amazon_price\': 5.29, \'match_method\': \'EAN\', \'confidence\': \'high\', \'created_at\': \'2025-07-18T10:21:04.364223\', \'supplier_url\': \'https://www.poundwholesale.co.uk/car-pride-clean-polish-microfibre-cloth\'}, {\'supplier_ean\': \'5055319531849\', \'amazon_asin\': \'B074KFGHCP\', \'supplier_title\': \'Rapide Easy Grease Spray 250ml\', \'amazon_title\': \'HMT\', \'supplier_price\': 1.05, \'amazon_price\': None, \'match_method\': \'EAN\', \'confidence\': \'high\', \'created_at\': \'2025-07-18T10:21:17.993959\', \'supplier_url\': \'https://www.poundwholesale.co.uk/rapide-easy-grease-spray-250ml\'}, {\'supplier_ean\': \'5052578642705\', \'amazon_asin\': \'B07X22PHWJ\', \'supplier_title\': \'Bettina Chamois Demist & Dashboard Pad\', \'amazon_title\': \'Airlab\', \'supplier_price\': 0.75, \'amazon_price\': None, \'match_method\': \'EAN\', \'confidence\': \'high\', \'created_at\': \'2025-07-18T10:21:28.626273\', \'supplier_url\': \'https://www.poundwholesale.co.uk/bettina-chamois-demist-dashboard-pad\'}, {\'supplier_ean\': \'5052578633000\', \'amazon_asin\': \'B0F6K65PZT\', \'supplier_title\': \'Bettina Microfibre Mitt\', \'amazon_title\': \'Fogcosy\', \'supplier_price\': 0.95, \'amazon_price\': None, \'match_method\': \'EAN\', \'confidence\': \'high\', \'created_at\': \'2025-07-18T10:21:41.310298\', \'supplier_url\': \'https://www.poundwholesale.co.uk/microfibre-mit-highly-effective-wet-or-dry\'}, {\'supplier_ean\': \'5053249245669\', \'amazon_asin\': \'B0BLL1K79V\', \'supplier_title\': \'Car Pride Blue Microfibre Glass Cloth\', \'amazon_title\': \'Car-pride Glass Microfibre Cloth\', \'supplier_price\': 0.74, \'amazon_price\': 4.99, \'match_method\': \'EAN\', \'confidence\': \'high\', \'created_at\': \'2025-07-18T10:22:28.491046\', \'supplier_url\': \'https://www.poundwholesale.co.uk/car-pride-blue-microfibre-glass-cloth\'}, {\'supplier_ean\': \'5055056770785\', \'amazon_asin\': \'B0BLGR29X6\', \'supplier_title\': \'Millions Sour Strawberry 3D Car Air Freshener\', \'amazon_title\': \'Evair\', \'supplier_price\': 0.38, \'amazon_price\': None, \'match_method\': \'EAN\', \'confidence\': \'high\', \'created_at\': \'2025-07-18T10:22:40.894972\', \'supplier_url\': \'https://www.poundwholesale.co.uk/millions-sour-strawberry-3d-car-air-freshener\'}, {\'supplier_ean\': \'5053249248714\', \'amazon_asin\': \'B006T2450O\', \'supplier_title\': \'Car-Pride White Gloss Spray Paint 400ml\', \'amazon_title\': \'Tetrion\', \'supplier_price\': 1.73, \'amazon_price\': None, \'match_method\': \'EAN\', \'confidence\': \'high\', \'created_at\': \'2025-07-18T10:22:54.011676\', \'supplier_url\': \'https://www.poundwholesale.co.uk/car-pride-white-gloss-spray-paint-400ml\'}, {\'supplier_ean\': \'5055056731885\', \'amazon_asin\': \'B09LHBY2GF\', \'supplier_title\': \'Guilty Pleasures Vanilla & Cherry Cupcake 3D Car Air Freshener\', \'amazon_title\': \'Guilty Pleasure 3D Vanilla CAR FRESHENER\', \'supplier_price\': 0.38, \'amazon_price\': 3.99, \'match_method\': \'EAN\', \'confidence\': \'high\', \'created_at\': \'2025-07-18T10:23:41.006634\', \'supplier_url\': \'https://www.poundwholesale.co.uk/guilty-pleasures-vanilla-cherry-cupcake-3d-car-air-freshener\'}, {\'supplier_ean\': \'5055319531733\', \'amazon_asin\': \'B004SMKX7Q\', \'supplier_title\': \'Auto Extreme Professional Black Alloy Wheel Spray Paint 400ml\', \'amazon_title\': \'Hycote\', \'supplier_price\': 1.81, \'amazon_price\': None, \'match_method\': \'EAN\', \'confidence\': \'high\', \'created_at\': \'2025-07-18T10:23:55.039262\', \'supplier_url\': \'https://www.poundwholesale.co.uk/auto-extreme-professional-black-alloy-wheel-spray-paint-400ml\'}, {\'supplier_ean\': \'5055441459684\', \'amazon_asin\': \'B0DL9TR7T2\', \'supplier_title\': \'Goodyear 2-in-1 Telescopic Handle Scraper\', \'amazon_title\': \'Goodyear Telescopic Handle Scraper - Adjustable Ice Scraper with Extendable Handle | Sturdy Blade for Snow & Ice Removal | Ergonomic Grip | Compact and Durable Design | Ideal for Cars, Trucks & SUVs\', \'supplier_price\': 4.04, \'amazon_price\': 9.21, \'match_method\': \'EAN\', \'confidence\': \'high\', \'created_at\': \'2025-07-18T10:24:48.156817\', \'supplier_url\': \'https://www.poundwholesale.co.uk/goodyear-2-in-1-telescopic-handle-scraper\'}, {\'supplier_ean\': \'5055441427348\', \'amazon_asin\': \'B06XPVGMV8\', \'supplier_title\': \'Goodyear Portable Car Vacuum Cleaner 12V\', \'amazon_title\': \'Goodyear 12V DC Car/Van Cigarette Lighter Corded Vacuum Cleaner Powerful Suction\', \'supplier_price\': 5.72, \'amazon_price\': 10.99, \'match_method\': \'EAN\', \'confidence\': \'high\', \'created_at\': \'2025-07-18T10:25:44.453432\', \'supplier_url\': \'https://www.poundwholesale.co.uk/goodyear-portable-car-vacuum-cleaner-12v\'}, {\'supplier_ean\': \'5055319517027\', \'amazon_asin\': \'B01EQ7TPJE\', \'supplier_title\': \'Rapide DP-60 Multipurpose Maintenance Spray 750ml\', \'amazon_title\': \'Maintenance Oil 750ml Spray Can (DP60)\', \'supplier_price\': 2.77, \'amazon_price\': 6.95, \'match_method\': \'EAN\', \'confidence\': \'high\', \'created_at\': \'2025-07-18T10:26:39.185617\', \'supplier_url\': \'https://www.poundwholesale.co.uk/rapide-dp-60-multipurpose-maintenance-spray-750ml\'}, {\'supplier_ean\': \'5038673410708\', \'amazon_asin\': \'B0D1Y8TCDS\', \'supplier_title\': \'Car Air Fresheners Leaf Assorted CDU\', \'amazon_title\': \'Ikeda Car Fragrance: Hanging Car Air Freshener | 10ml Hanging Car Decoration | 45 Days Long Lasting Fragrance | With Clip | For Car Home | 1 Piece (10ml x 1 Piece, Coconut)\', \'supplier_price\': 0.33, \'amazon_price\': None, \'match_method\': \'EAN\', \'confidence\': \'high\', \'created_at\': \'2025-07-18T10:26:52.496784\', \'supplier_url\': \'https://www.poundwholesale.co.uk/car-air-fresheners-leaf-assorted-cdu\'}, {\'supplier_ean\': \'5053249224053\', \'amazon_asin\': \'B0DMN8CMH8\', \'supplier_title\': \'Tango Car Air Freshener Assorted\', \'amazon_title\': \'10/50/100PCS Custom LOGO Car Bulk Air Fresheners, Custom Air Fresheners for Car Bulk, Air Freshener with Photo, Double-Sided Personalised Photo and Text Car Air Fresheners (10Pcs Square)\', \'supplier_price\': 0.76, \'amazon_price\': None, \'match_method\': \'EAN\', \'confidence\': \'high\', \'created_at\': \'2025-07-18T10:27:03.571134\', \'supplier_url\': \'https://www.poundwholesale.co.uk/tango-car-air-freshener-assorted\'}, {\'supplier_ean\': \'5050375051270\', \'amazon_asin\': \'B00BPN9Z2A\', \'supplier_title\': \'Car Pride Alloy Wheel Cleaning Brush\', \'amazon_title\': \'Car Pride ALLOY WHEEL BRUSH\', \'supplier_price\': 0.71, \'amazon_price\': 3.95, \'match_method\': \'EAN\', \'confidence\': \'high\', \'created_at\': \'2025-07-18T10:27:53.467488\', \'supplier_url\': \'https://www.poundwholesale.co.uk/car-pride-alloy-wheel-cleaning-brush\'}, {\'supplier_ean\': \'5055319519250\', \'amazon_asin\': \'B01MT7OBIO\', \'supplier_title\': \'Auto Extreme Professional Clear Lacquer Spray 400ml\', \'amazon_title\': \'Auto Extreme Clear Lacquer Spray Paint 400ml\', \'supplier_price\': 1.82, \'amazon_price\': 5.32, \'match_method\': \'EAN\', \'confidence\': \'high\', \'created_at\': \'2025-07-18T10:28:54.182013\', \'supplier_url\': \'https://www.poundwholesale.co.uk/auto-extreme-professional-clear-lacquer-spray-400ml\'}, {\'supplier_ean\': \'5055441446578\', \'amazon_asin\': \'B0993MX5GX\', \'supplier_title\': \'Goodyear Waterless Wash & Wax 750ml\', \'amazon_title\': \'GOODYEAR WATERLESS WASH N WAX SPRAY 750ML\', \'supplier_price\': 2.06, \'amazon_price\': 5.93, \'match_method\': \'EAN\', \'confidence\': \'high\', \'created_at\': \'2025-07-18T10:29:47.233890\', \'supplier_url\': \'https://www.poundwholesale.co.uk/goodyear-waterless-wash-wax-750ml\'}, {\'supplier_ean\': \'5055319519113\', \'amazon_asin\': \'B07NJGQ85R\', \'supplier_title\': \'Auto Extreme Automotive Silver Spray Paint 250ml\', \'amazon_title\': \'Auto Extreme Auto Spray Paint Silver, 250 ml\', \'supplier_price\': 0.92, \'amazon_price\': 4.1, \'match_method\': \'EAN\', \'confidence\': \'high\', \'created_at\': \'2025-07-18T10:30:42.274698\', \'supplier_url\': \'https://www.poundwholesale.co.uk/auto-extreme-automotive-silver-spray-paint-250ml\'}, {\'supplier_ean\': \'5055441452210\', \'amazon_asin\': \'B0DH8DT3MS\', \'supplier_title\': \'Goodyear Natural Leather Chamois Cloth Xl\', \'amazon_title\': \'Goodyear Xl Genuine Leather Chamois -natural Chamois, Super Absorbent, Streak, Scratch Free, With Greater Tolerance To Car Cleaners| Stays Soft When Drying| Ideal For Cleaning Of Interior And Exterior\', \'supplier_price\': 3.83, \'amazon_price\': 5.99, \'match_method\': \'EAN\', \'confidence\': \'high\', \'created_at\': \'2025-07-18T10:31:39.934257\', \'supplier_url\': \'https://www.poundwholesale.co.uk/goodyear-natural-leather-chamois-cloth-xl\'}, {\'supplier_ean\': \'5050375045439\', \'amazon_asin\': \'B003L6U0NC\', \'supplier_title\': \'Car-Pride Microfibre Mitt 3 Assorted Colours\', \'amazon_title\': \'Car Pride Microfibre Magic Mitt - Dusts, Scrubs, Cleans and Polishes\', \'supplier_price\': 0.98, \'amazon_price\': 4.34, \'match_method\': \'EAN\', \'confidence\': \'high\', \'created_at\': \'2025-07-18T10:32:54.935150\', \'supplier_url\': \'https://www.poundwholesale.co.uk/microfibre-mitt\'}, {\'supplier_ean\': \'5055441446516\', \'amazon_asin\': \'B0D9YH94ZQ\', \'supplier_title\': \'Goodyear Gloss Tyre Shine 750ml\', \'amazon_title\': \'Auto Xpert Slick Shine, Premium Tyre Dressing, Long Lasting Wet-Look Finish, Protects Against Water and Dust, Easy to Apply, All Weather Tyre Protection. (5 Litre)\', \'supplier_price\': 1.39, \'amazon_price\': None, \'match_method\': \'EAN\', \'confidence\': \'high\', \'created_at\': \'2025-07-18T10:33:09.394012\', \'supplier_url\': \'https://www.poundwholesale.co.uk/goodyear-gloss-tyre-shine-750ml\'}, {\'supplier_ean\': \'5055441449166\', \'amazon_asin\': \'B0D11XP9V1\', \'supplier_title\': \'Goodyear Microfibre Buffing Cloth Large 40cm\', \'amazon_title\': \'Goodyear Microfibre Buffing Cloth I Specially designed microfibre cloth for polishing and buffing your vehicle | Showroom finish | Microfibre attract more dirt than normal cloth | Machine washable\', \'supplier_price\': 0.85, \'amazon_price\': 1.99, \'match_method\': \'EAN\', \'confidence\': \'high\', \'created_at\': \'2025-07-18T10:34:04.595027\', \'supplier_url\': \'https://www.poundwholesale.co.uk/goodyear-microfibre-buffing-cloth-large-40cm\'}, {\'supplier_ean\': \'5055319529877\', \'amazon_asin\': \'B07Y1V1WMW\', \'supplier_title\': \'Rapide Copper Grease Spray 250ml\', \'amazon_title\': \'Rapide 300ml Copper Grease Aerosol Spray Lubricant Can Anti Seize Brake Pad Squeal Oil\', \'supplier_price\': 1.07, \'amazon_price\': 4.95, \'match_method\': \'EAN\', \'confidence\': \'high\', \'created_at\': \'2025-07-18T10:34:58.176694\', \'supplier_url\': \'https://www.poundwholesale.co.uk/rapide-copper-grease-spray-250ml\'}, {\'supplier_ean\': \'5055441446752\', \'amazon_asin\': \'B0DJWDHG1Y\', \'supplier_title\': \'Goodyear Hydrophobic Polymer Formulation Wash & Wax 2.5l\', \'amazon_title\': \'Goodyear Wash And Wax Hydrophobic Polymer 2.5 Ltr | Leaves A Glossy Just Waxed Deep Protective Shine | Polymer-acrylic Polyethylene Copolymer Wax | Effectively Cleans Dirt And Grime From Your Vehicle\', \'supplier_price\': 3.05, \'amazon_price\': 5.99, \'match_method\': \'EAN\', \'confidence\': \'high\', \'created_at\': \'2025-07-18T10:35:51.556162\', \'supplier_url\': \'https://www.poundwholesale.co.uk/goodyear-hydrophobic-polymer-formulation-wash-wax-2-5l\'}, {\'supplier_ean\': \'5055056731892\', \'amazon_asin\': \'B094HGXWJC\', \'supplier_title\': \'Guilty Pleasures Strawberry Doughnut 3D Car Air Freshener\', \'amazon_title\': \'GUILTY PLEASURES STRAWBERRY DOUGHNUT 3D CAR AIR FRESHENER\', \'supplier_price\': 0.38, \'amazon_price\': 1.5, \'match_method\': \'EAN\', \'confidence\': \'high\', \'created_at\': \'2025-07-18T10:36:38.989576\', \'supplier_url\': \'https://www.poundwholesale.co.uk/guilty-pleasures-strawberry-doughnut-3d-car-air-freshener\'}, {\'supplier_ean\': \'5055319519236\', \'amazon_asin\': \'B07NJGT1BN\', \'supplier_title\': \'Auto Extreme Professional Grey Primer Spray Paint 400ml\', \'amazon_title\': \'Auto Extreme Auto Extreme Grey Primer, 400 ml\', \'supplier_price\': 1.82, \'amazon_price\': 5.44, \'match_method\': \'EAN\', \'confidence\': \'high\', \'created_at\': \'2025-07-18T10:37:31.087578\', \'supplier_url\': \'https://www.poundwholesale.co.uk/auto-extreme-professional-grey-primer-spray-paint-400ml\'}, {\'supplier_ean\': \'5055441453309\', \'amazon_asin\': \'B094DFY8PC\', \'supplier_title\': \'Goodyear Anti-Smear Blue Screenwash 5L\', \'amazon_title\': \'Prestone\', \'supplier_price\': 2.7, \'amazon_price\': None, \'match_method\': \'EAN\', \'confidence\': \'high\', \'created_at\': \'2025-07-18T10:37:44.323618\', \'supplier_url\': \'https://www.poundwholesale.co.uk/goodyear-anti-smear-blue-screenwash-5l\'}, {\'supplier_ean\': \'5055319558839\', \'amazon_asin\': \'B0CTCSZD1T\', \'supplier_title\': \'Auto Extreme Microfibre Wheel Wash Brush 46cm\', \'amazon_title\': \'Xtremeauto\', \'supplier_price\': 2.79, \'amazon_price\': None, \'match_method\': \'EAN\', \'confidence\': \'high\', \'created_at\': \'2025-07-18T10:37:55.429624\', \'supplier_url\': \'https://www.poundwholesale.co.uk/auto-extreme-microfibre-wheel-wash-brush-46cm\'}, {\'supplier_ean\': \'5055319511995\', \'amazon_asin\': \'B09C44BVZY\', \'supplier_title\': \'Auto Extreme Professional Red Gloss Brake Caliper Spray Paint 400ml\', \'amazon_title\': \'Tailored Paint\', \'supplier_price\': 2.73, \'amazon_price\': None, \'match_method\': \'EAN\', \'confidence\': \'high\', \'created_at\': \'2025-07-18T10:38:08.805743\', \'supplier_url\': \'https://www.poundwholesale.co.uk/auto-extreme-professional-red-gloss-brake-caliper-spray-paint-400ml\'}, {\'supplier_ean\': \'5055319519205\', \'amazon_asin\': \'B09DYZTY7G\', \'supplier_title\': \'Auto Extreme Professional Black Matt Spray Paint 400ml\', \'amazon_title\': \'Classic Signature - 1 x Auto Extreme Black Matt Spray Paint 400ml, Professional Quality, Perfect Finish for Cars, Bikes,Vans, Metal, Wood\', \'supplier_price\': 1.82, \'amazon_price\': 6.89, \'match_method\': \'EAN\', \'confidence\': \'high\', \'created_at\': \'2025-07-18T10:38:58.185842\', \'supplier_url\': \'https://www.poundwholesale.co.uk/auto-extreme-professional-black-matt-spray-paint-400ml\'}, {\'supplier_ean\': \'5055319531818\', \'amazon_asin\': \'B000LD4V2E\', \'supplier_title\': \'Auto Extreme Professional Black Bumper & Trim Spray Paint 400ml\', \'amazon_title\': \'Hycote\', \'supplier_price\': 1.81, \'amazon_price\': None, \'match_method\': \'EAN\', \'confidence\': \'high\', \'created_at\': \'2025-07-18T10:39:11.840698\', \'supplier_url\': \'https://www.poundwholesale.co.uk/auto-extreme-professional-black-bumper-trim-spray-paint-400ml\'}, {\'supplier_ean\': \'5053249226576\', \'amazon_asin\': \'B07CZHPQRY\', \'supplier_title\': \'151 Super Maintenance Spray 200ml\', \'amazon_title\': \'151 Products 2X Super Multipurpose Oil - 200ml, 20ml x 10, Bike Chain, Multipurpose, 0.26kg\', \'supplier_price\': 1.14, \'amazon_price\': 5.28, \'match_method\': \'EAN\', \'confidence\': \'high\', \'created_at\': \'2025-07-18T10:40:10.708714\', \'supplier_url\': \'https://www.poundwholesale.co.uk/supermaintenance-spray-300ml\'}, {\'supplier_ean\': \'5050375083813\', \'amazon_asin\': \'B0DG2QVKZL\', \'supplier_title\': \'Car Pride Interior Clean & Shine 300ml\', \'amazon_title\': \'Hoover HF1 Plus Cordless Stick Vacuum Cleaner with Turbo Suction Mode, Up to 45 Min Runtime, LED Lights, Multi-Floor Nozzle, Anti Hair Wrap, Handheld Capability, 165w [HF1P10H]\', \'supplier_price\': 0.95, \'amazon_price\': 99.0, \'match_method\': \'EAN\', \'confidence\': \'high\', \'created_at\': \'2025-07-18T10:41:15.031823\', \'supplier_url\': \'https://www.poundwholesale.co.uk/interior-clean-shine-300ml\'}, {\'supplier_ean\': \'5055319519120\', \'amazon_asin\': \'B07NJGQFPJ\', \'supplier_title\': \'Auto Extreme Automotive White Primer Spray Paint 250ml\', \'amazon_title\': \'Auto Extreme Auto Spray White Primer, 250 ml\', \'supplier_price\': 0.92, \'amazon_price\': 5.19, \'match_method\': \'EAN\', \'confidence\': \'high\', \'created_at\': \'2025-07-18T10:42:08.243130\', \'supplier_url\': \'https://www.poundwholesale.co.uk/auto-extreme-automotive-white-primer-spray-paint-250ml\'}, {\'supplier_ean\': \'5055441449128\', \'amazon_asin\': \'B0DF3573G7\', \'supplier_title\': \'Goodyear Microfibre Wash & Dry Cloth Large 40cm\', \'amazon_title\': \'Goodyear Microfibre Wash and Dry Cloth Large Specially designed microfibre cloth for washing and drying your vehicle |Dual purpose |Microfibres attract more dirt than a normal cloth| Machine washable\', \'supplier_price\': 0.8, \'amazon_price\': 5.03, \'match_method\': \'EAN\', \'confidence\': \'high\', \'created_at\': \'2025-07-18T10:42:56.491855\', \'supplier_url\': \'https://www.poundwholesale.co.uk/goodyear-microfibre-wash-dry-cloth-large-40cm\'}, {\'supplier_ean\': \'5050375084087\', \'amazon_asin\': \'B004V424UK\', \'supplier_title\': \'Car Pride Tyre Shine 300ml\', \'amazon_title\': \'151 CAR VAN BIKE TYRE SHINE WET LOOK SPRAY BLACK\', \'supplier_price\': 0.93, \'amazon_price\': 4.2, \'match_method\': \'EAN\', \'confidence\': \'high\', \'created_at\': \'2025-07-18T10:43:52.714822\', \'supplier_url\': \'https://www.poundwholesale.co.uk/tyre-shine-300ml\'}, {\'supplier_ean\': \'5052578042604\', \'amazon_asin\': \'B089P24HXC\', \'supplier_title\': \'Bettina Natural Chamois Leather Cloth 30cm X 30cm\', \'amazon_title\': \'CarMax® English Premium Grade Natural Chamois Leather - Large - Perfect for drying off the whole car, glass, mirrors, inside and out, super soft and highly absorbent, Made in the UK\', \'supplier_price\': 0.91, \'amazon_price\': None, \'match_method\': \'EAN\', \'confidence\': \'high\', \'created_at\': \'2025-07-18T10:44:06.608980\', \'supplier_url\': \'https://www.poundwholesale.co.uk/bettina-chamois-leather-cloth\'}, {\'supplier_ean\': \'5055319512008\', \'amazon_asin\': \'B0D6N5WJK2\', \'supplier_title\': \'Auto Extreme Professional Yellow Gloss Brake Caliper Spray Paint 400ml\', \'amazon_title\': \'AX PRO Break Caliper Spray Yellow Gloss 400ml\', \'supplier_price\': 2.73, \'amazon_price\': 4.87, \'match_method\': \'EAN\', \'confidence\': \'high\', \'created_at\': \'2025-07-18T10:44:49.215843\', \'supplier_url\': \'https://www.poundwholesale.co.uk/auto-extreme-professional-yellow-gloss-brake-caliper-spray-paint-400ml\'}, {\'supplier_ean\': \'5055441452173\', \'amazon_asin\': \'B0DF358GFW\', \'supplier_title\': \'Goodyear Microfibre Window Cloth Large 40cm X 40cm\', \'amazon_title\': \'Goodyear microfibre Window Cloth I Designed Microfiber Cloth for windscreens, windows and mirrors| Statically charged cleaning| Leaves lint free finish| Ideal for effective cleaning of glass surfaces\', \'supplier_price\': 1.06, \'amazon_price\': 1.99, \'match_method\': \'EAN\', \'confidence\': \'high\', \'created_at\': \'2025-07-18T10:45:39.365206\', \'supplier_url\': \'https://www.poundwholesale.co.uk/goodyear-microfibre-window-cloth-large-40cm-x-40cm\'}, {\'supplier_ean\': \'5052578414708\', \'amazon_asin\': \'B0BG8HY6NL\', \'supplier_title\': \'Bettina Giant Car Sponge\', \'amazon_title\': \'Xtremeauto\', \'supplier_price\': 0.87, \'amazon_price\': None, \'match_method\': \'EAN\', \'confidence\': \'high\', \'created_at\': \'2025-07-18T10:45:52.603673\', \'supplier_url\': \'https://www.poundwholesale.co.uk/bettina-giant-car-sponge\'}, {\'supplier_ean\': \'5050375083967\', \'amazon_asin\': \'B004V423RY\', \'supplier_title\': \'Car Pride Window & Mirror Cleaner 300ml\', \'amazon_title\': \'WINDOW MIRROR GLASS CERAMIC CLEANER - NON SMEAR\', \'supplier_price\': 0.97, \'amazon_price\': 4.45, \'match_method\': \'EAN_cached\', \'confidence\': \'low\', \'created_at\': \'2025-07-18T10:45:52.672388\', \'supplier_url\': \'https://www.poundwholesale.co.uk/window-mirror-cleaner-300ml\'}, {\'supplier_ean\': \'5055441444536\', \'amazon_asin\': \'B0DF33XNMX\', \'supplier_title\': \'Goodyear Luxury Deep Pile Microfibre 2-In-1 Valet Cloth 45cm X 38cm\', \'amazon_title\': \'Goodyear Luxury Valet Cloth Large Deep pile for absorbency| For showroom perfect finish |2 in 1 luxury car cloth| Microfibre technology| Cleaning fibre| Satin safety edging protects against scratching\', \'supplier_price\': 3.02, \'amazon_price\': 7.0, \'match_method\': \'EAN\', \'confidence\': \'high\', \'created_at\': \'2025-07-18T10:46:44.263284\', \'supplier_url\': \'https://www.poundwholesale.co.uk/goodyear-luxury-deep-pile-microfibre-2-in-1-valet-cloth-45cm-x-38cm\'}, {\'supplier_ean\': \'5055441446554\', \'amazon_asin\': \'B0DJWFVY3H\', \'supplier_title\': \'Goodyear Snow Foam Pre-Wash Shampoo 1l\', \'amazon_title\': \'Goodyear 1L Snow Foam Cherry Scent Pressure Washer Or Foam Lancer | Covers The Vehicle In A Rich Blanket Of Foam | Gently Loosen Dirt & Heavy Soiling | More Concentrated Solution The Thicker The Foam\', \'supplier_price\': 2.54, \'amazon_price\': 7.99, \'match_method\': \'EAN\', \'confidence\': \'high\', \'created_at\': \'2025-07-18T10:47:33.544513\', \'supplier_url\': \'https://www.poundwholesale.co.uk/goodyear-cherry-snow-form-pre-wash-shampoo-1l\'}, {\'supplier_ean\': \'5055319519021\', \'amazon_asin\': \'B09FLXRC5F\', \'supplier_title\': \'Auto Extreme Automotive White Gloss Spray Paint 250ml\', \'amazon_title\': \'Classic Signature - 1 x Auto Extreme White Gloss Spray Paint 250ml Professional Quality, Perfect Finish for Cars, Bikes,Vans, Metal, Wood\', \'supplier_price\': 0.92, \'amazon_price\': 5.47, \'match_method\': \'EAN\', \'confidence\': \'high\', \'created_at\': \'2025-07-18T10:48:41.581930\', \'supplier_url\': \'https://www.poundwholesale.co.uk/auto-extreme-automotive-white-gloss-spray-paint-250ml\'}, {\'supplier_ean\': \'5055319519274\', \'amazon_asin\': \'B09F9MVQS1\', \'supplier_title\': \'Auto Extreme Professional Blue Gloss Spray Paint 400ml\', \'amazon_title\': \'Classic Signature - 1 x Auto Extreme Blue Gloss Spray Paint 400ml, Professional Quality, Perfect Finish for Cars, Bikes,Vans, Metal, Wood\', \'supplier_price\': 1.82, \'amazon_price\': 6.89, \'match_method\': \'EAN\', \'confidence\': \'high\', \'created_at\': \'2025-07-18T10:49:36.222143\', \'supplier_url\': \'https://www.poundwholesale.co.uk/auto-extreme-professional-blue-gloss-spray-paint-400ml\'}, {\'supplier_ean\': \'5050375127340\', \'amazon_asin\': \'B076DD8QMP\', \'supplier_title\': \'Tango Car Air Freshener CDU Assorted Fragrances\', \'amazon_title\': \'Tango Liquid Car Air Freshener 4pk - Cherry Orange Apple & Lemon\', \'supplier_price\': 0.74, \'amazon_price\': 5.49, \'match_method\': \'EAN\', \'confidence\': \'high\', \'created_at\': \'2025-07-18T10:50:21.970905\', \'supplier_url\': \'https://www.poundwholesale.co.uk/tango-car-air-freshener-cdu-assorted-fragrances\'}, {\'supplier_ean\': \'5055319519243\', \'amazon_asin\': \'B07NJHJC44\', \'supplier_title\': \'Auto Extreme Professional Silver Wheel Spray Paint 400ml\', \'amazon_title\': \'Auto Extreme Silver Wheel, 400 ml\', \'supplier_price\': 1.82, \'amazon_price\': 5.5, \'match_method\': \'EAN\', \'confidence\': \'high\', \'created_at\': \'2025-07-18T10:51:15.720754\', \'supplier_url\': \'https://www.poundwholesale.co.uk/auto-extreme-professional-silver-wheel-spray-paint-400ml\'}, {\'supplier_ean\': \'5055319530798\', \'amazon_asin\': \'B0BZQ9D3SS\', \'supplier_title\': \'Auto Extreme Ocean Breeze In-Car Fragrance Air Freshener Spray 100ml\', \'amazon_title\': \'Car Air Freshener for Men with Vent Clip | Strong Perfume Automotive Air Freshener | Odour Eliminating Technology with Vent Clip | Car Air Fresheners by Perfa\', \'supplier_price\': 0.65, \'amazon_price\': None, \'match_method\': \'EAN\', \'confidence\': \'high\', \'created_at\': \'2025-07-18T10:51:27.401020\', \'supplier_url\': \'https://www.poundwholesale.co.uk/auto-extreme-ocean-breeze-in-car-fragrance-air-freshener-spray-100ml\'}, {\'supplier_ean\': \'5052578047807\', \'amazon_asin\': \'B0FB44TV8Y\', \'supplier_title\': \'Bettina Microfibre Ultra Buff Car Cloths 3pc\', \'amazon_title\': \'Towelogy\', \'supplier_price\': 1.79, \'amazon_price\': None, \'match_method\': \'EAN\', \'confidence\': \'high\', \'created_at\': \'2025-07-18T10:51:38.488644\', \'supplier_url\': \'https://www.poundwholesale.co.uk/bettina-microfibre-ultra-buff-car-cloths-3pc\'}, {\'supplier_ean\': \'5055441446714\', \'amazon_asin\': \'B0DFPVL488\', \'supplier_title\': \'Goodyear Silicone Window Squeegee 30cm\', \'amazon_title\': \'Goodyear Silicone Window Squeegee Ideal For Car Bodywork, Showers, Windows And Other Smooth Surfaces| Soft Silicone Blade| Removes 95% Of Standing Water| V-shaped Grip| Reusable And Long Lasting\', \'supplier_price\': 1.99, \'amazon_price\': 3.99, \'match_method\': \'EAN\', \'confidence\': \'high\', \'created_at\': \'2025-07-18T10:52:28.920921\', \'supplier_url\': \'https://www.poundwholesale.co.uk/goodyear-silicone-window-squeegee-30cm\'}, {\'supplier_ean\': \'5055319528030\', \'amazon_asin\': \'B0DJM5VWR6\', \'supplier_title\': \'Rapide DP-60 Penetrating Maintenance Spray 100ml CDU\', \'amazon_title\': \'PNJB\', \'supplier_price\': 0.79, \'amazon_price\': None, \'match_method\': \'EAN\', \'confidence\': \'high\', \'created_at\': \'2025-07-18T10:52:43.308895\', \'supplier_url\': \'https://www.poundwholesale.co.uk/rapide-dp-60-penetrating-maintenance-spray-100ml-cdu\'}, {\'supplier_ean\': \'5052578047708\', \'amazon_asin\': \'B09D7HXXXT\', \'supplier_title\': \'Bettina Assorted Microfibre Car Rags Bag\', \'amazon_title\': \'MR.SIGA\', \'supplier_price\': 1.79, \'amazon_price\': None, \'match_method\': \'EAN\', \'confidence\': \'high\', \'created_at\': \'2025-07-18T10:52:56.953180\', \'supplier_url\': \'https://www.poundwholesale.co.uk/bettina-assorted-microfibre-car-rags-bag\'}, {\'supplier_ean\': \'8008990001061\', \'amazon_asin\': \'B00BFXBBHM\', \'supplier_title\': \'Classic Professional Car Sponge 15cm X 11cm X 5.5cm\', \'amazon_title\': \'Générique Auto Care – Wash Synthetic Sponge Pro Classic\', \'supplier_price\': 0.62, \'amazon_price\': 3.89, \'match_method\': \'EAN\', \'confidence\': \'high\', \'created_at\': \'2025-07-18T10:53:42.902436\', \'supplier_url\': \'https://www.poundwholesale.co.uk/classic-professional-car-sponge-15cm-x-11cm-x-5-5cm\'}, {\'supplier_ean\': \'5055319529891\', \'amazon_asin\': \'B0CXN6VDPT\', \'supplier_title\': \'Rapide Multi Lube Oil Spray 250ml\', \'amazon_title\': \'Multi Lube Oil Spray High Performance Lubricates Cleans Prevents Rust - 300ml\', \'supplier_price\': 1.07, \'amazon_price\': 5.49, \'match_method\': \'EAN\', \'confidence\': \'high\', \'created_at\': \'2025-07-18T10:54:33.090475\', \'supplier_url\': \'https://www.poundwholesale.co.uk/rapide-multi-lube-oil-spray-250ml\'}, {\'supplier_ean\': \'5055319599559\', \'amazon_asin\': \'B07NJGVPVQ\', \'supplier_title\': \'Auto Extreme Professional Chrome Effect Spray Paint 400ml\', \'amazon_title\': \'Auto Extreme Auto Spray Chrome, 400 ml\', \'supplier_price\': 2.03, \'amazon_price\': 4.99, \'match_method\': \'EAN\', \'confidence\': \'high\', \'created_at\': \'2025-07-18T10:55:42.978833\', \'supplier_url\': \'https://www.poundwholesale.co.uk/auto-extreme-professional-chrome-effect-spray-paint-400ml\'}, {\'supplier_ean\': \'5053249228563\', \'amazon_asin\': \'B07R97BMMC\', \'supplier_title\': \'Carpride Alloy Wheel Spray Paint Matt Black\', \'amazon_title\': \'Car Pride 400ml High Grade Car Alloy Wheel Matt Black Fantastic Finish Surface Aerosol Spray Paint Can\', \'supplier_price\': 1.67, \'amazon_price\': 5.69, \'match_method\': \'EAN\', \'confidence\': \'high\', \'created_at\': \'2025-07-18T10:56:35.936258\', \'supplier_url\': \'https://www.poundwholesale.co.uk/carpride-alloy-wheel-spray-paint-matt-black\'}, {\'supplier_ean\': \'5055319519045\', \'amazon_asin\': \'B07NJFYFZR\', \'supplier_title\': \'Auto Extreme Silver Wheel Spray Paint 250ml\', \'amazon_title\': \'Auto Extreme Auto Spray Silver Wheel, 250 ml\', \'supplier_price\': 0.92, \'amazon_price\': 4.5, \'match_method\': \'EAN\', \'confidence\': \'high\', \'created_at\': \'2025-07-18T10:57:32.469691\', \'supplier_url\': \'https://www.poundwholesale.co.uk/auto-extreme-silver-wheel-spray-paint-250ml\'}, {\'supplier_ean\': \'5055319519212\', \'amazon_asin\': \'B09DYXN6YF\', \'supplier_title\': \'Auto Extreme Professional Black Gloss Spray Paint 400ml\', \'amazon_title\': \'Classic Signature - 1 x Auto Extreme Black Gloss Spray Paint 400ml, Professional Quality, Perfect Finish for Cars, Bikes,Vans, Metal, Wood\', \'supplier_price\': 1.82, \'amazon_price\': 6.89, \'match_method\': \'EAN\', \'confidence\': \'high\', \'created_at\': \'2025-07-18T10:58:29.850682\', \'supplier_url\': \'https://www.poundwholesale.co.uk/auto-extreme-professional-black-gloss-spray-paint-400ml\'}, {\'supplier_ean\': \'5056170362405\', \'amazon_asin\': \'B006UCJ5NU\', \'supplier_title\': \'Bloc Multipurpose Penetrating Maintenance Spray 250ml\', \'amazon_title\': \'WD-40 Specialist\', \'supplier_price\': 1.03, \'amazon_price\': None, \'match_method\': \'EAN\', \'confidence\': \'high\', \'created_at\': \'2025-07-18T10:58:41.438173\', \'supplier_url\': \'https://www.poundwholesale.co.uk/bloc-multipurpose-penetrating-maintenance-spray-250ml\'}, {\'supplier_ean\': \'5055319519106\', \'amazon_asin\': \'B09FLX734G\', \'supplier_title\': \'Auto Extreme Automotive Black Satin Spray Paint 250ml\', \'amazon_title\': \'Classic Signature - 1 x Black Satin Auto Extreme Spray Paint 250ml Professional Quality, Perfect Finish for Cars, Bikes,Vans, Metal, Wood\', \'supplier_price\': 0.92, \'amazon_price\': 5.47, \'match_method\': \'EAN\', \'confidence\': \'high\', \'created_at\': \'2025-07-18T10:59:37.654163\', \'supplier_url\': \'https://www.poundwholesale.co.uk/auto-extreme-automotive-black-satin-spray-paint-250ml\'}, {\'supplier_ean\': \'5053249248677\', \'amazon_asin\': \'B000LD4V2E\', \'supplier_title\': \'Car Pride Black Gloss Spray Paint 400ml\', \'amazon_title\': \'Hycote\', \'supplier_price\': 1.73, \'amazon_price\': None, \'match_method\': \'EAN\', \'confidence\': \'high\', \'created_at\': \'2025-07-18T10:59:51.150021\', \'supplier_url\': \'https://www.poundwholesale.co.uk/car-pride-black-gloss-spray-paint-400ml\'}, {\'supplier_ean\': \'5050375064300\', \'amazon_asin\': \'B01M0JVPJD\', \'supplier_title\': \'Car-Pride Quick Fix Tyre Repair 300ml\', \'amazon_title\': \'2 X QUICK FIX CAR EMERGENCY FLAT TYRE INFLATE PUNCTURE REPAIR KIT\', \'supplier_price\': 1.77, \'amazon_price\': 7.74, \'match_method\': \'EAN\', \'confidence\': \'high\', \'created_at\': \'2025-07-18T11:00:47.582374\', \'supplier_url\': \'https://www.poundwholesale.co.uk/quick-fix-tyre-repair\'}, {\'supplier_ean\': \'5055441446530\', \'amazon_asin\': \'B0993N1H9T\', \'supplier_title\': \'Goodyear Car Cockpit Cleaner 750ml\', \'amazon_title\': \'Goodyear Cockpit Cleaner 750ml- Effectively Cleans Dirt, Dust And Grime From the Dashboard And Surroundings| Protects Against Water And Dust Helping to Leave a Showroom Shine| Spray Weight 820g\', \'supplier_price\': 1.39, \'amazon_price\': 5.13, \'match_method\': \'EAN\', \'confidence\': \'high\', \'created_at\': \'2025-07-18T11:01:48.222908\', \'supplier_url\': \'https://www.poundwholesale.co.uk/goodyear-cherry-scent-car-cockpit-cleaner-750ml\'}, {\'supplier_ean\': \'5055319519281\', \'amazon_asin\': \'B07NJGV658\', \'supplier_title\': \'Auto Extreme Professional Yellow Gloss Spray Paint 400ml\', \'amazon_title\': \'Auto Extreme Auto Extreme Yellow, 400 ml\', \'supplier_price\': 1.96, \'amazon_price\': 5.49, \'match_method\': \'EAN\', \'confidence\': \'high\', \'created_at\': \'2025-07-18T11:02:38.788885\', \'supplier_url\': \'https://www.poundwholesale.co.uk/auto-extreme-professional-yellow-gloss-spray-paint-400ml\'}, {\'supplier_ean\': \'5056175980970\', \'amazon_asin\': \'B095HTD46T\', \'supplier_title\': \'Auto Extras Jar Candle Air Freshener 3 Pack Assorted\', \'amazon_title\': \'CRISTALINAS\', \'supplier_price\': 0.54, \'amazon_price\': None, \'match_method\': \'EAN\', \'confidence\': \'high\', \'created_at\': \'2025-07-18T11:02:51.951099\', \'supplier_url\': \'https://www.poundwholesale.co.uk/auto-extras-jar-candle-air-freshener-3-pack-assorted\'}, {\'supplier_ean\': \'5055319529914\', \'amazon_asin\': \'B07XZF187M\', \'supplier_title\': \'Rapide PTFE Lubricant Spray 250ml\', \'amazon_title\': \'Rapide 300ml PTFE Grease Aerosol Spray Lubricant Can Chains Belts Cables Oil\', \'supplier_price\': 1.07, \'amazon_price\': 4.99, \'match_method\': \'EAN\', \'confidence\': \'high\', \'created_at\': \'2025-07-18T11:03:38.329354\', \'supplier_url\': \'https://www.poundwholesale.co.uk/rapide-ptfe-lubricant-spray-250ml\'}, {\'supplier_ean\': \'5055441449203\', \'amazon_asin\': \'B0D12237Y2\', \'supplier_title\': \'Goodyear Expanding Car Cleaning Sponge\', \'amazon_title\': \'Goodyear Tyre and Wheel Deep Cleaning Multi-Purpose Brush | Ideal for Vehicle Tyres | Ergonomic L-Style Handle | Wide Curved Brush Head Covers Larger Surface | Removes Dirt and Grime\', \'supplier_price\': 0.72, \'amazon_price\': 0.99, \'match_method\': \'EAN\', \'confidence\': \'high\', \'created_at\': \'2025-07-18T11:04:31.759859\', \'supplier_url\': \'https://www.poundwholesale.co.uk/goodyear-expanding-car-cleaning-sponge\'}, {\'supplier_ean\': \'5053249229768\', \'amazon_asin\': \'B0BZQ8C6CS\', \'supplier_title\': \'Chupa Chups Car Air Fresheners CDU Assorted Fragrances\', \'amazon_title\': \'One Million Car Air Freshener for Men | Strong Perfume Automotive Freshener | Odour Eliminating Technology with Vent Clip | Long Lasting Car Air Freshener by Perfa\', \'supplier_price\': 0.87, \'amazon_price\': None, \'match_method\': \'EAN\', \'confidence\': \'high\', \'created_at\': \'2025-07-18T11:04:43.364574\', \'supplier_url\': \'https://www.poundwholesale.co.uk/chupa-chups-car-air-fresheners-cdu-assorted-fragrances\'}, {\'supplier_ean\': \'5050375002197\', \'amazon_asin\': \'B01MQHS127\', \'supplier_title\': \'Car Pride Stitched Natural Chamois Leather\', \'amazon_title\': \'151 NATURAL CHAMOIS LEATHER\', \'supplier_price\': 0.85, \'amazon_price\': 3.19, \'match_method\': \'EAN\', \'confidence\': \'high\', \'created_at\': \'2025-07-18T11:06:00.876295\', \'supplier_url\': \'https://www.poundwholesale.co.uk/stitched-natural-chamois-leather\'}, {\'supplier_ean\': \'5055441446431\', \'amazon_asin\': \'B0992QG9QK\', \'supplier_title\': \'Goodyear Instant Valet Upholstery Cleaner 750ml\', \'amazon_title\': \'GOODYEAR INSTANT VALET UPHOLSTERY CLEANER SPRAY 750ML\', \'supplier_price\': 1.4, \'amazon_price\': 5.27, \'match_method\': \'EAN\', \'confidence\': \'high\', \'created_at\': \'2025-07-18T11:06:52.375016\', \'supplier_url\': \'https://www.poundwholesale.co.uk/goodyear-instant-valet-upholstery-cleaner-750ml\'}, {\'supplier_ean\': \'5053249245751\', \'amazon_asin\': \'B0BLL3XTRB\', \'supplier_title\': \'Car Pride Clean & Dry Microfibre Cloth\', \'amazon_title\': \'CARPRIDE® Clean and Dry Microfibre Cloth | For Car Exterior and Interior | 30 x 30 cm | Brown\', \'supplier_price\': 0.76, \'amazon_price\': 2.95, \'match_method\': \'EAN\', \'confidence\': \'high\', \'created_at\': \'2025-07-18T11:07:43.161406\', \'supplier_url\': \'https://www.poundwholesale.co.uk/car-pride-clean-dry-microfibre-cloth\'}, {\'supplier_ean\': \'8008990001047\', \'amazon_asin\': \'B0DJFRHQ3H\', \'supplier_title\': \'Flash Car Synthetic Chamois Large\', \'amazon_title\': \'FLASH\', \'supplier_price\': 1.42, \'amazon_price\': None, \'match_method\': \'EAN\', \'confidence\': \'high\', \'created_at\': \'2025-07-18T11:08:10.161535\', \'supplier_url\': \'https://www.poundwholesale.co.uk/flash-car-synthetic-chamois-large\'}, {\'supplier_ean\': \'5050375084148\', \'amazon_asin\': \'B07FRGHHQR\', \'supplier_title\': \'Car Pride Black Pack 300ml\', \'amazon_title\': \'Car Pride Black Pack Spray For Plastic Bumper & Exterior Trim Restorer 300ml\', \'supplier_price\': 0.93, \'amazon_price\': 4.49, \'match_method\': \'EAN_cached\', \'confidence\': \'low\', \'created_at\': \'2025-07-18T11:08:10.231134\', \'supplier_url\': \'https://www.poundwholesale.co.uk/black-pack-300ml\'}, {\'supplier_ean\': \'5055319519311\', \'amazon_asin\': \'B07NJH9XCY\', \'supplier_title\': \'Auto Extreme Professional Racing Green Gloss Spray Paint 400ml\', \'amazon_title\': \'Auto Extreme Racing Green, 400 ml\', \'supplier_price\': 1.96, \'amazon_price\': 5.65, \'match_method\': \'EAN\', \'confidence\': \'high\', \'created_at\': \'2025-07-18T11:09:04.876820\', \'supplier_url\': \'https://www.poundwholesale.co.uk/auto-extreme-professional-racing-green-gloss-spray-paint-400ml\'}, {\'supplier_ean\': \'5055319519137\', \'amazon_asin\': \'B07NJFXL6R\', \'supplier_title\': \'Auto Extreme Red Primer Spray Paint 250ml\', \'amazon_title\': \'Auto Extreme Auto Spray Red Primer, 250 ml\', \'supplier_price\': 0.92, \'amazon_price\': 4.35, \'match_method\': \'EAN\', \'confidence\': \'high\', \'created_at\': \'2025-07-18T11:09:55.460107\', \'supplier_url\': \'https://www.poundwholesale.co.uk/mean-machine-auto-spray-red-primer-250ml\'}, {\'supplier_ean\': \'5038673050010\', \'amazon_asin\': \'B0FC6D5VDG\', \'supplier_title\': \'Portable Wet & Dry Auto Vacuum Cleaner\', \'amazon_title\': \'HYCHIKA 3 in 1 Wet and Dry Vacuum Cleaner, Power: 1200 W, 20 L Stainless Steel Tank, 6 M+ Cleaning Range (2.5 M Power Cores + 3.5 M Soft & Hard Hose), for Garden Outdoor Floor Sofa Cleaning\', \'supplier_price\': 10.18, \'amazon_price\': None, \'match_method\': \'EAN\', \'confidence\': \'high\', \'created_at\': \'2025-07-18T11:10:08.518609\', \'supplier_url\': \'https://www.poundwholesale.co.uk/portable-wet-dry-auto-vacuum-cleaner\'}, {\'supplier_ean\': \'5052578034708\', \'amazon_asin\': \'B0CKTH6LDT\', \'supplier_title\': \'Bettina Microfibre Car Cloths 2 Pack\', \'amazon_title\': \'CarMax® - Original Twisted Loop Car Drying Towel - Double-Sided XXL - 90cm x 60cm 1400gsm Microfibre Towel for fast streak-free drying and detailing.\', \'supplier_price\': 0.79, \'amazon_price\': 17.99, \'match_method\': \'EAN_cached\', \'confidence\': \'low\', \'created_at\': \'2025-07-18T11:10:08.580003\', \'supplier_url\': \'https://www.poundwholesale.co.uk/3pc-micro-fibre-car-cloths-highly-effective-wet-or-dry\'}, {\'supplier_ean\': \'5055441449142\', \'amazon_asin\': \'B0DF343YX8\', \'supplier_title\': \'Goodyear Microfibre Dusting Cloth Large 60cm X 40cm\', \'amazon_title\': \'Goodyear Microfibre Dusting Cloth I Specially designed microfibre cloth for windscreens, windows and mirrors | Statically charged cleaning fibres attract dust | Leaves a lint free finish | 60m x 40cm\', \'supplier_price\': 0.85, \'amazon_price\': 1.99, \'match_method\': \'EAN\', \'confidence\': \'high\', \'created_at\': \'2025-07-18T11:10:57.177704\', \'supplier_url\': \'https://www.poundwholesale.co.uk/goodyear-microfibre-dusting-cloth-large-60cm-x-40cm\'}, {\'supplier_ean\': \'5055441449180\', \'amazon_asin\': \'B0D3JDFZJC\', \'supplier_title\': \'Goodyear Microfibre Car Cloth Set 4 Pack\', \'amazon_title\': \'Goodyear 4PC Microfibre Cloth Set- microfibre cloths for cleaning your vehicle | Cleaning fibres attract dust | Showroom finish | Machine washable | Dashboard, Buffing, Window cloth | Wash and drying\', \'supplier_price\': 2.59, \'amazon_price\': 4.99, \'match_method\': \'EAN\', \'confidence\': \'high\', \'created_at\': \'2025-07-18T11:11:46.340949\', \'supplier_url\': \'https://www.poundwholesale.co.uk/goodyear-microfibre-car-cloth-set-4-pack\'}, {\'supplier_ean\': \'5055441449104\', \'amazon_asin\': \'B0DH8C367V\', \'supplier_title\': \'Goodyear Synthetic Chamois Cloth\', \'amazon_title\': \'Goodyear Synthetic Chamois -natural Chamois, Super Absorbent, Streak And Scratch Free, With A Greater Tolerance To Modern Car Cleaners| Stays Soft When Drying| Extra Large 72cm x 50cm|Machine Washable\', \'supplier_price\': 1.9, \'amazon_price\': 2.99, \'match_method\': \'EAN\', \'confidence\': \'high\', \'created_at\': \'2025-07-18T11:12:43.381337\', \'supplier_url\': \'https://www.poundwholesale.co.uk/goodyear-synthetic-chamois-cloth\'}, {\'supplier_ean\': \'5055319530736\', \'amazon_asin\': \'B084VTS1NV\', \'supplier_title\': \'Auto Extreme Fresh Linen In-Car Fragrance Air Freshener Spray 100ml\', \'amazon_title\': \'Air Freshener Spray Concentrated Long Lasting Oil Based (New Car)\', \'supplier_price\': 0.65, \'amazon_price\': None, \'match_method\': \'EAN\', \'confidence\': \'high\', \'created_at\': \'2025-07-18T11:12:55.532920\', \'supplier_url\': \'https://www.poundwholesale.co.uk/auto-extreme-fresh-linen-in-car-fragrance-air-freshener-spray-100ml\'}, {\'supplier_ean\': \'5055319519076\', \'amazon_asin\': \'B09FLX3QXD\', \'supplier_title\': \'Auto Extreme Automotive Red Gloss Spray Paint 250ml\', \'amazon_title\': \'Classic Signature - 1 x Auto Extreme Red Gloss Spray Paint 250ml, Professional Quality, Perfect Finish for Cars, Bikes,Vans, Metal, Wood\', \'supplier_price\': 0.92, \'amazon_price\': 5.47, \'match_method\': \'EAN\', \'confidence\': \'high\', \'created_at\': \'2025-07-18T11:13:48.220197\', \'supplier_url\': \'https://www.poundwholesale.co.uk/auto-extreme-automotive-red-gloss-spray-paint-250ml\'}, {\'supplier_ean\': \'5050375003620\', \'amazon_asin\': \'B0DG2QVKZL\', \'supplier_title\': \'Car Pride Luxury Natural Chamois Leather\', \'amazon_title\': \'Hoover HF1 Plus Cordless Stick Vacuum Cleaner with Turbo Suction Mode, Up to 45 Min Runtime, LED Lights, Multi-Floor Nozzle, Anti Hair Wrap, Handheld Capability, 165w [HF1P10H]\', \'supplier_price\': 1.41, \'amazon_price\': 99.0, \'match_method\': \'EAN\', \'confidence\': \'high\', \'created_at\': \'2025-07-18T11:14:56.832846\', \'supplier_url\': \'https://www.poundwholesale.co.uk/car-pride-luxury-natural-chamois-leather\'}, {\'supplier_ean\': \'00994743\', \'amazon_asin\': \'B0CCVFJ94Z\', \'supplier_title\': \'Wilko Ready To Use Screenwash 5l\', \'amazon_title\': \'Rain-X\', \'supplier_price\': 1.42, \'amazon_price\': None, \'match_method\': \'EAN\', \'confidence\': \'high\', \'created_at\': \'2025-07-18T11:15:10.531582\', \'supplier_url\': \'https://www.poundwholesale.co.uk/wilko-ready-to-use-screenwash-5l\'}, {\'supplier_ean\': \'5055319556668\', \'amazon_asin\': \'B0BC1D6KPG\', \'supplier_title\': \'Auto Extreme Car Upholstery Brush 14cm X 6.5cm\', \'amazon_title\': \'15° Curved Car Cleaning Brush with Telescopic Handle 43" Aluminum Alloy Long Rod Wash Mop For Washing Caravan Van Truck Boat RV Roof Soft Chenille Head Duster Clean Product Not Hurt Paint Scratch Free\', \'supplier_price\': 0.97, \'amazon_price\': None, \'match_method\': \'EAN\', \'confidence\': \'high\', \'created_at\': \'2025-07-18T11:15:22.281479\', \'supplier_url\': \'https://www.poundwholesale.co.uk/auto-extreme-car-upholstery-brush-14cm-x-6-5cm\'}, {\'supplier_ean\': \'5050375083783\', \'amazon_asin\': \'B00A3T5F2G\', \'supplier_title\': \'Car Pride Instant Valet 300ml\', \'amazon_title\': \'Carpride Instant Valet Aerosol Spray 300ml\', \'supplier_price\': 0.97, \'amazon_price\': 4.09, \'match_method\': \'EAN_cached\', \'confidence\': \'low\', \'created_at\': \'2025-07-18T11:15:22.357739\', \'supplier_url\': \'https://www.poundwholesale.co.uk/instant-valet-300ml\'}, {\'supplier_ean\': \'5055319512213\', \'amazon_asin\': \'B0F9329VCL\', \'supplier_title\': \'Auto Extreme Car Air Freshener Assorted Fragrances Clip Strip\', \'amazon_title\': \'Automizer - Creed Car Air Freshener for Men - Smart Car Air Freshener Diffuser Aventus Inspired Automatic On/Off Refillable Air Freshner, Gifts for Men/Women\', \'supplier_price\': 0.27, \'amazon_price\': None, \'match_method\': \'EAN\', \'confidence\': \'high\', \'created_at\': \'2025-07-18T11:15:36.157612\', \'supplier_url\': \'https://www.poundwholesale.co.uk/auto-extreme-car-air-freshener-assorted-fragrances-clip-strip\'}, {\'supplier_ean\': \'5053249256832\', \'amazon_asin\': \'B0D2HLTZ4Q\', \'supplier_title\': \'Car Pride All Seasons Screen Wash Tablets 2pc\', \'amazon_title\': \'Screenwash Tablets For Cars, 100 Pcs Car Windshield Wash Tablets, Concentrated Screenwash Washer Fluid Car Window Cleaning Tablets for Metal, Plastic, Window Glass, Look Completely New\', \'supplier_price\': 0.74, \'amazon_price\': None, \'match_method\': \'EAN\', \'confidence\': \'high\', \'created_at\': \'2025-07-18T11:15:50.415052\', \'supplier_url\': \'https://www.poundwholesale.co.uk/car-pride-all-seasons-screen-wash-tablets-2pc\'}, {\'supplier_ean\': \'5055056731861\', \'amazon_asin\': \'B09LHF2V7G\', \'supplier_title\': \'Guilty Pleasures Chocolate Chip Cookie 3D Car Air Freshener\', \'amazon_title\': \'Guilty Pleasures 3D Choc Cookie CAR FRESHENER\', \'supplier_price\': 0.38, \'amazon_price\': 3.99, \'match_method\': \'EAN\', \'confidence\': \'high\', \'created_at\': \'2025-07-18T11:16:51.336470\', \'supplier_url\': \'https://www.poundwholesale.co.uk/guilty-pleasures-chocolate-chip-cookie-3d-air-freshener\'}, {\'supplier_ean\': \'5055441446479\', \'amazon_asin\': \'B0993YCZWB\', \'supplier_title\': \'Goodyear Fresh Fragrance Glass & Mirror Cleaner 750ml\', \'amazon_title\': \'Goodyear Glass & Mirror Cleaner 750ml - For a streak-free finish | Effective cleaner for car windscreens, side window, wing mirrors & rear view mirror | Suitable for rain sensor and acrylic windows\', \'supplier_price\': 1.36, \'amazon_price\': 5.74, \'match_method\': \'EAN\', \'confidence\': \'high\', \'created_at\': \'2025-07-18T11:18:10.194551\', \'supplier_url\': \'https://www.poundwholesale.co.uk/goodyear-fresh-fragrance-glass-mirror-cleaner-750ml\'}, {\'supplier_ean\': \'5055441446455\', \'amazon_asin\': \'B0993N4XMC\', \'supplier_title\': \'Goodyear Back-To-Black Bumper & Trim Plastic Restorer 750ml\', \'amazon_title\': \'Goodyear Bumper and Trim Restorer 750ml-back to Black| Helps Bumper and Trim Plastic Look Like New| Restores, Protects and Shines| Long Lasting Gloss Finish| Suitable for All Exterior Plastics\', \'supplier_price\': 1.4, \'amazon_price\': 4.89, \'match_method\': \'EAN\', \'confidence\': \'high\', \'created_at\': \'2025-07-18T11:19:05.192693\', \'supplier_url\': \'https://www.poundwholesale.co.uk/goodyear-black-bumper-trim-plastic-restorer-750ml\'}, {\'supplier_ean\': \'5015302400262\', \'amazon_asin\': \'B0B4R5265Z\', \'supplier_title\': \'Coco & Gray Assorted Colour Synthetic Chamois Cloths 3 Pack\', \'amazon_title\': \'Airlab\', \'supplier_price\': 0.64, \'amazon_price\': None, \'match_method\': \'EAN\', \'confidence\': \'high\', \'created_at\': \'2025-07-18T11:19:19.017457\', \'supplier_url\': \'https://www.poundwholesale.co.uk/royle-shammy-pack-3\'}, {\'supplier_ean\': \'5055319519304\', \'amazon_asin\': \'B09F9N1DW9\', \'supplier_title\': \'Auto Extreme Professional Silver Body Spray Paint 400ml\', \'amazon_title\': \'Classic Signature - 1 x Auto Extreme Silver Body Spray Paint 400ml Professional Quality, Perfect Finish for Cars, Bikes,Vans, Metal, Wood\', \'supplier_price\': 1.82, \'amazon_price\': 6.89, \'match_method\': \'EAN\', \'confidence\': \'high\', \'created_at\': \'2025-07-18T11:20:10.249623\', \'supplier_url\': \'https://www.poundwholesale.co.uk/auto-extreme-professional-silver-body-spray-paint-400ml\'}, {\'supplier_ean\': \'5053249200743\', \'amazon_asin\': \'B0DY5MX94X\', \'supplier_title\': \'Tango Card Car Air Freshener 2 Pack CDU Assorted Fragrances\', \'amazon_title\': \'Luxury Car Fragrance Gift Set, 2 Glass Car Diffusers, 2 x 30ml Refills, 2 x Vent Clips, 10 ml Interior Fabric Spray, Strong Fragrance, (Crede)\', \'supplier_price\': 0.74, \'amazon_price\': None, \'match_method\': \'EAN\', \'confidence\': \'high\', \'created_at\': \'2025-07-18T11:20:38.365789\', \'supplier_url\': \'https://www.poundwholesale.co.uk/tango-card-car-air-freshener-2-pack-cdu-assorted-fragrances\'}, {\'supplier_ean\': \'5056175980963\', \'amazon_asin\': \'B0FH9LCRSZ\', \'supplier_title\': \'Auto Extras Jelly Baby Air Freshener Assorted\', \'amazon_title\': \'Car Air Freshener Aromatherapy Balm Long Lasting Fragrance Non-spill Solid 3D Tomato Shaped Travel Size Scented Balm 100g Eliminate Odor for Bedroom Toliet Elitzia ETAP2815\', \'supplier_price\': 0.65, \'amazon_price\': None, \'match_method\': \'EAN\', \'confidence\': \'high\', \'created_at\': \'2025-07-18T11:20:51.448024\', \'supplier_url\': \'https://www.poundwholesale.co.uk/auto-extras-jelly-baby-air-freshener-assorted\'}, {\'supplier_ean\': \'5055319519298\', \'amazon_asin\': \'B07NJH3Q91\', \'supplier_title\': \'Auto Extreme Professional Black Satin Spray Paint 400ml\', \'amazon_title\': \'Auto Extreme Auto Extreme Black Satin, 400 ml\', \'supplier_price\': 1.82, \'amazon_price\': 5.49, \'match_method\': \'EAN\', \'confidence\': \'high\', \'created_at\': \'2025-07-18T11:21:47.219390\', \'supplier_url\': \'https://www.poundwholesale.co.uk/auto-extreme-professional-black-satin-spray-paint-400ml\'}, {\'supplier_ean\': \'5055056770815\', \'amazon_asin\': \'B0BZQC1VY6\', \'supplier_title\': \'Millions Cola 3D Car Air Freshener\', \'amazon_title\': \'Creed Car Air Freshener for Men | Aventos Perfume Inspired Car Fragrances | Strong Freshener with Odour Eliminator Technology | Creed Automotive Air Freshener | GREED Scent by Perfa\', \'supplier_price\': 0.38, \'amazon_price\': None, \'match_method\': \'EAN\', \'confidence\': \'high\', \'created_at\': \'2025-07-18T11:22:00.417347\', \'supplier_url\': \'https://www.poundwholesale.co.uk/millions-cola-3d-car-air-freshener\'}, {\'supplier_ean\': \'5052578015608\', \'amazon_asin\': \'B0DHXJ3Y9T\', \'supplier_title\': \'Bettina Car Sponges 3 Pack\', \'amazon_title\': \'3 Pack Car Sponges,Jumbo Sponges For Car Cleaning,Anti Scratch Technology for Car Exterior & Window Washing- Perfect For Wheels, Windscreen & Bodywork (3 PCS (Yellow))\', \'supplier_price\': 0.84, \'amazon_price\': 7.99, \'match_method\': \'EAN_cached\', \'confidence\': \'low\', \'created_at\': \'2025-07-18T11:22:00.495119\', \'supplier_url\': \'https://www.poundwholesale.co.uk/bettina-car-sponges-3-pack\'}, {\'supplier_ean\': \'5038673050010\', \'amazon_asin\': \'B0FC6D5VDG\', \'supplier_title\': \'Roadster Car Vacuum Cleaner 12V\', \'amazon_title\': \'HYCHIKA 3 in 1 Wet and Dry Vacuum Cleaner, Power: 1200 W, 20 L Stainless Steel Tank, 6 M+ Cleaning Range (2.5 M Power Cores + 3.5 M Soft & Hard Hose), for Garden Outdoor Floor Sofa Cleaning\', \'supplier_price\': 5.28, \'amazon_price\': None, \'match_method\': \'EAN_cached\', \'confidence\': \'low\', \'created_at\': \'2025-07-18T11:22:00.576434\', \'supplier_url\': \'https://www.poundwholesale.co.uk/roadster-car-vacuum-cleaner-12v\'}, {\'supplier_ean\': \'5050375083752\', \'amazon_asin\': \'B01C4S4876\', \'supplier_title\': \'Car Pride Alloy Wheel Cleaner 300ml\', \'amazon_title\': \'Car Pride Wheel Clean, 300ml\', \'supplier_price\': 0.97, \'amazon_price\': 4.05, \'match_method\': \'EAN_cached\', \'confidence\': \'low\', \'created_at\': \'2025-07-18T11:22:00.651582\', \'supplier_url\': \'https://www.poundwholesale.co.uk/alloy-wheel-cleaner\'}, {\'supplier_ean\': \'5055441452357\', \'amazon_asin\': \'B0DFPVGFZ4\', \'supplier_title\': \'Goodyear Extendable Car Windscreen Washer Squeegee Sponge Cleaner\', \'amazon_title\': \'Goodyear 2 In 1 Window Squeegee Flexible Rubber Blade| Netted Sponge Scrubber| Multi-purpose And Easy To Use| Non - Scratch| Ideal For Cleaning Windows And Windscreens| Compact Design, Easy Storage\', \'supplier_price\': 1.76, \'amazon_price\': 2.99, \'match_method\': \'EAN\', \'confidence\': \'high\', \'created_at\': \'2025-07-18T11:22:54.109374\', \'supplier_url\': \'https://www.poundwholesale.co.uk/goodyear-extendable-car-windscreen-washer-squeegee-sponge-cleaner\'}, {\'supplier_ean\': \'5055257813090\', \'amazon_asin\': \'B0FH9LCRSZ\', \'supplier_title\': \'Fragranced Fruit Shaped Car Air Freshener\', \'amazon_title\': \'Car Air Freshener Aromatherapy Balm Long Lasting Fragrance Non-spill Solid 3D Tomato Shaped Travel Size Scented Balm 100g Eliminate Odor for Bedroom Toliet Elitzia ETAP2815\', \'supplier_price\': 0.6, \'amazon_price\': None, \'match_method\': \'EAN\', \'confidence\': \'high\', \'created_at\': \'2025-07-18T11:23:05.509024\', \'supplier_url\': \'https://www.poundwholesale.co.uk/fragranced-fruit-shaped-car-air-freshener\'}, {\'supplier_ean\': \'5055319510615\', \'amazon_asin\': \'B0C49F6NG6\', \'supplier_title\': \'Auto Extreme Professional Petrol-Resistant Lacquer Clear Spray 400ml\', \'amazon_title\': \'Ozeino Wireless Gaming Headset, Compatible with PC Ps5 Ps4 Boasts 2.4GHz Lossless Audio, USB & Type-C, Flip Microphone and 40-Hr Battery - Suited for Switch, Laptop, Mac\', \'supplier_price\': 1.89, \'amazon_price\': 23.11, \'match_method\': \'EAN\', \'confidence\': \'high\', \'created_at\': \'2025-07-18T11:24:21.169341\', \'supplier_url\': \'https://www.poundwholesale.co.uk/auto-extreme-professional-petrol-resistant-lacquer-clear-spray-400ml\'}, {\'supplier_ean\': \'5053249271453\', \'amazon_asin\': \'B0CHTHYL58\', \'supplier_title\': \'Car-Pride Biodegradable Interior Clean & Shine Wipes 30 Pack\', \'amazon_title\': \'AMK\', \'supplier_price\': 0.65, \'amazon_price\': None, \'match_method\': \'EAN\', \'confidence\': \'high\', \'created_at\': \'2025-07-18T11:24:44.743060\', \'supplier_url\': \'https://www.poundwholesale.co.uk/car-pride-interior-clean-shine-wipes-30-pack\'}, {\'supplier_ean\': \'5055319519267\', \'amazon_asin\': \'B07NJGB772\', \'supplier_title\': \'Auto Extreme Professional Red Gloss Spray Paint 400ml\', \'amazon_title\': \'Auto Extreme Auto Extreme Red, 400 ml\', \'supplier_price\': 1.82, \'amazon_price\': 5.79, \'match_method\': \'EAN\', \'confidence\': \'high\', \'created_at\': \'2025-07-18T11:25:35.589009\', \'supplier_url\': \'https://www.poundwholesale.co.uk/auto-extreme-professional-red-gloss-spray-paint-400ml\'}, {\'supplier_ean\': \'5056175987832\', \'amazon_asin\': \'B0BSFN7BK9\', \'supplier_title\': \'Bloome Gel Boat Air Freshener 150G Assorted Fragrance\', \'amazon_title\': \'SOL\', \'supplier_price\': 0.46, \'amazon_price\': None, \'match_method\': \'EAN\', \'confidence\': \'high\', \'created_at\': \'2025-07-18T11:25:49.342872\', \'supplier_url\': \'https://www.poundwholesale.co.uk/bloome-gel-boat-air-freshener-150g-assorted-fragrance\'}, {\'supplier_ean\': \'5055441445021\', \'amazon_asin\': \'B0DJFGKQTJ\', \'supplier_title\': \'Dekton Tri-Extending Wash Brush 3m\', \'amazon_title\': \'Dekton Heavy Duty Tri-Extending Wash Brush | Long Reach Water Fed Brush for Cars, Boats, & More | Ergonomic Foam Grip | Soft Bristles Prevent Scratching | Telescopic Design Extends to 3 Metres\', \'supplier_price\': 13.64, \'amazon_price\': 25.06, \'match_method\': \'EAN\', \'confidence\': \'high\', \'created_at\': \'2025-07-18T11:26:42.138251\', \'supplier_url\': \'https://www.poundwholesale.co.uk/dekton-tri-extending-wash-brush-3m\'}, {\'supplier_ean\': \'5038673410692\', \'amazon_asin\': \'B0DPX1HRM6\', \'supplier_title\': \'Car Air Fresheners Fruit Assorted CDU\', \'amazon_title\': \'Q QXUNMU\'Unable to print the message and arguments - possible formatting error.
Use the traceback above to help find the error.
2025-07-19 02:38:27,358 - PassiveExtractionWorkflow - INFO - ❌ Not profitable product: Car-Pride Biodegradable Alloy Wheel Cleaning Wipes 30 Pack
2025-07-19 02:38:27,370 - PassiveExtractionWorkflow - INFO - --- Processing supplier product 113/147: 'Flash Car Synthetic Chamois Large' ---
2025-07-19 02:38:27,371 - PassiveExtractionWorkflow - INFO - Product already processed: https://www.poundwholesale.co.uk/flash-car-synthetic-chamois-large. Skipping.
2025-07-19 02:38:27,372 - PassiveExtractionWorkflow - INFO - --- Processing supplier product 114/147: 'Car Pride Black Pack 300ml' ---
2025-07-19 02:38:27,372 - PassiveExtractionWorkflow - INFO - Product already processed: https://www.poundwholesale.co.uk/black-pack-300ml. Skipping.
2025-07-19 02:38:27,372 - PassiveExtractionWorkflow - INFO - --- Processing supplier product 115/147: 'Auto Extreme Professional Racing Green Gloss Spray Paint 400ml' ---
2025-07-19 02:38:27,373 - PassiveExtractionWorkflow - INFO - Product already processed: https://www.poundwholesale.co.uk/auto-extreme-professional-racing-green-gloss-spray-paint-400ml. Skipping.
2025-07-19 02:38:27,373 - PassiveExtractionWorkflow - INFO - --- Processing supplier product 116/147: 'Portable Wet & Dry Auto Vacuum Cleaner' ---
2025-07-19 02:38:27,374 - PassiveExtractionWorkflow - INFO - Product already processed: https://www.poundwholesale.co.uk/portable-wet-dry-auto-vacuum-cleaner. Skipping.
2025-07-19 02:38:27,374 - PassiveExtractionWorkflow - INFO - --- Processing supplier product 117/147: 'Bettina Microfibre Car Cloths 2 Pack' ---
2025-07-19 02:38:27,375 - PassiveExtractionWorkflow - INFO - Product already processed: https://www.poundwholesale.co.uk/3pc-micro-fibre-car-cloths-highly-effective-wet-or-dry. Skipping.
2025-07-19 02:38:27,375 - PassiveExtractionWorkflow - INFO - --- Processing supplier product 118/147: 'Goodyear Microfibre Car Cloth Set 4 Pack' ---
2025-07-19 02:38:27,376 - PassiveExtractionWorkflow - INFO - Product already processed: https://www.poundwholesale.co.uk/goodyear-microfibre-car-cloth-set-4-pack. Skipping.
2025-07-19 02:38:27,376 - PassiveExtractionWorkflow - INFO - --- Processing supplier product 119/147: 'Goodyear Synthetic Chamois Cloth' ---
2025-07-19 02:38:27,376 - PassiveExtractionWorkflow - INFO - Product already processed: https://www.poundwholesale.co.uk/goodyear-synthetic-chamois-cloth. Skipping.
2025-07-19 02:38:27,377 - PassiveExtractionWorkflow - INFO - --- Processing supplier product 120/147: 'Auto Extreme Automotive Red Gloss Spray Paint 250ml' ---
2025-07-19 02:38:27,378 - PassiveExtractionWorkflow - INFO - Product already processed: https://www.poundwholesale.co.uk/auto-extreme-automotive-red-gloss-spray-paint-250ml. Skipping.
2025-07-19 02:38:27,378 - PassiveExtractionWorkflow - INFO - --- Processing supplier product 121/147: 'Car Pride Luxury Natural Chamois Leather' ---
2025-07-19 02:38:27,379 - PassiveExtractionWorkflow - INFO - Product already processed: https://www.poundwholesale.co.uk/car-pride-luxury-natural-chamois-leather. Skipping.
2025-07-19 02:38:27,379 - PassiveExtractionWorkflow - INFO - --- Processing supplier product 122/147: 'Auto Extreme Car Upholstery Brush 14cm X 6.5cm' ---
2025-07-19 02:38:27,380 - PassiveExtractionWorkflow - INFO - Product already processed: https://www.poundwholesale.co.uk/auto-extreme-car-upholstery-brush-14cm-x-6-5cm. Skipping.
2025-07-19 02:38:27,380 - PassiveExtractionWorkflow - INFO - --- Processing supplier product 123/147: 'Auto Extreme Car Air Freshener Assorted Fragrances Clip Strip' ---
2025-07-19 02:38:27,381 - PassiveExtractionWorkflow - INFO - Product already processed: https://www.poundwholesale.co.uk/auto-extreme-car-air-freshener-assorted-fragrances-clip-strip. Skipping.
2025-07-19 02:38:27,381 - PassiveExtractionWorkflow - INFO - --- Processing supplier product 124/147: 'Car Pride All Seasons Screen Wash Tablets 2pc' ---
2025-07-19 02:38:27,382 - PassiveExtractionWorkflow - INFO - Product already processed: https://www.poundwholesale.co.uk/car-pride-all-seasons-screen-wash-tablets-2pc. Skipping.
2025-07-19 02:38:27,382 - PassiveExtractionWorkflow - INFO - --- Processing supplier product 125/147: 'Guilty Pleasures Chocolate Chip Cookie 3D Car Air Freshener' ---
2025-07-19 02:38:27,383 - PassiveExtractionWorkflow - INFO - Product already processed: https://www.poundwholesale.co.uk/guilty-pleasures-chocolate-chip-cookie-3d-air-freshener. Skipping.
2025-07-19 02:38:27,384 - PassiveExtractionWorkflow - INFO - --- Processing supplier product 126/147: 'Car Pride Black Matt Spray Paint 400ml' ---
2025-07-19 02:38:27,384 - PassiveExtractionWorkflow - INFO - Attempting Amazon search using EAN: 5053249248691
2025-07-19 02:38:27,409 - tools.passive_extraction_workflow_latest - INFO - Searching Amazon by EAN: 5053249248691 for supplier product: 'Car Pride Black Matt Spray Paint 400ml' (FixedAmazonExtractor)
2025-07-19 02:38:27,410 - tools.passive_extraction_workflow_latest - INFO - No page provided to search_by_ean, getting one from BrowserManager.
2025-07-19 02:38:27,410 - utils.browser_manager - INFO - ♻️ Reusing cached page for https://www.amazon.co.uk
2025-07-19 02:38:27,411 - tools.passive_extraction_workflow_latest - INFO - Navigating to Amazon UK to search for EAN: 5053249248691
2025-07-19 02:38:30,269 - tools.passive_extraction_workflow_latest - INFO - Waiting for search results page to load for EAN 5053249248691...
2025-07-19 02:38:30,518 - tools.passive_extraction_workflow_latest - INFO - Found search results container with selector: div.s-search-results
2025-07-19 02:38:32,593 - tools.passive_extraction_workflow_latest - INFO - Found 11 search result elements using selector: div.s-result-item[data-asin]:not([data-asin=''])
2025-07-19 02:38:32,594 - tools.passive_extraction_workflow_latest - INFO - Processing 11 search result elements for EAN 5053249248691
2025-07-19 02:38:32,624 - tools.passive_extraction_workflow_latest - DEBUG - Processing element 1: ASIN 075156835X
2025-07-19 02:38:32,648 - tools.passive_extraction_workflow_latest - DEBUG - ASIN 075156835X HTML structure sample: <div role="listitem" data-asin="075156835X" data-index="2" data-uuid="05cf97da-d83c-4111-85f7-e9a5dec1afdf" id="05cf97da-d83c-4111-85f7-e9a5dec1afdf" data-component-type="s-search-result" class="sg-col-4-of-4 sg-col-4-of-24 sg-col-4-of-12 s-result-item s-asin sg-col-4-of-16 AdHolder sg-col s-widget-spacing-small sg-col-4-of-8 sg-col-4-of-20" data-component-id="5" data-cel-widget="search_result_0"><div class="sg-col-inner"><div cel_widget_id="MAIN-SEARCH_RESULTS-2" class="s-widget-container s-spacing-small s-widget-container-height-small celwidget slot=MAIN template=SEARCH_RESULTS widgetId=sear...
2025-07-19 02:38:32,649 - tools.passive_extraction_workflow_latest - DEBUG - Error checking sponsored badge for ASIN 075156835X: 'ElementHandle' object has no attribute 'locator'
2025-07-19 02:38:32,650 - tools.passive_extraction_workflow_latest - DEBUG - Error checking aria-label for ASIN 075156835X: 'ElementHandle' object has no attribute 'locator'
2025-07-19 02:38:32,700 - tools.passive_extraction_workflow_latest - INFO - Skipping sponsored result: ASIN 075156835X (detected by ad-specific class: 'AdHolder')
2025-07-19 02:38:32,721 - tools.passive_extraction_workflow_latest - DEBUG - Processing element 2: ASIN 0008735026
2025-07-19 02:38:32,741 - tools.passive_extraction_workflow_latest - DEBUG - ASIN 0008735026 HTML structure sample: <div role="listitem" data-asin="0008735026" data-index="3" data-uuid="ab6017f3-504b-4a34-aa10-d38ef021736d" id="ab6017f3-504b-4a34-aa10-d38ef021736d" data-component-type="s-search-result" class="sg-col-4-of-4 sg-col-4-of-24 sg-col-4-of-12 s-result-item s-asin sg-col-4-of-16 AdHolder sg-col s-widget-spacing-small sg-col-4-of-8 sg-col-4-of-20" data-component-id="8" data-cel-widget="search_result_1"><div class="sg-col-inner"><div cel_widget_id="MAIN-SEARCH_RESULTS-3" class="s-widget-container s-spacing-small s-widget-container-height-small celwidget slot=MAIN template=SEARCH_RESULTS widgetId=sear...
2025-07-19 02:38:32,742 - tools.passive_extraction_workflow_latest - DEBUG - Error checking sponsored badge for ASIN 0008735026: 'ElementHandle' object has no attribute 'locator'
2025-07-19 02:38:32,742 - tools.passive_extraction_workflow_latest - DEBUG - Error checking aria-label for ASIN 0008735026: 'ElementHandle' object has no attribute 'locator'
2025-07-19 02:38:32,782 - tools.passive_extraction_workflow_latest - INFO - Skipping sponsored result: ASIN 0008735026 (detected by ad-specific class: 'AdHolder')
2025-07-19 02:38:32,806 - tools.passive_extraction_workflow_latest - DEBUG - Processing element 3: ASIN B08VH9F9BN
2025-07-19 02:38:32,829 - tools.passive_extraction_workflow_latest - DEBUG - ASIN B08VH9F9BN HTML structure sample: <div role="listitem" data-asin="B08VH9F9BN" data-index="4" data-uuid="4f444e46-60af-458f-92ee-dde54570d0c4" id="4f444e46-60af-458f-92ee-dde54570d0c4" data-component-type="s-search-result" class="sg-col-4-of-4 sg-col-4-of-24 sg-col-4-of-12 s-result-item s-asin sg-col-4-of-16 AdHolder sg-col s-widget-spacing-small sg-col-4-of-8 sg-col-4-of-20" data-component-id="11" data-cel-widget="search_result_2"><div class="sg-col-inner"><div cel_widget_id="MAIN-SEARCH_RESULTS-4" class="s-widget-container s-spacing-small s-widget-container-height-small celwidget slot=MAIN template=SEARCH_RESULTS widgetId=sea...
2025-07-19 02:38:32,830 - tools.passive_extraction_workflow_latest - DEBUG - Error checking sponsored badge for ASIN B08VH9F9BN: 'ElementHandle' object has no attribute 'locator'
2025-07-19 02:38:32,830 - tools.passive_extraction_workflow_latest - DEBUG - Error checking aria-label for ASIN B08VH9F9BN: 'ElementHandle' object has no attribute 'locator'
2025-07-19 02:38:32,877 - tools.passive_extraction_workflow_latest - INFO - Skipping sponsored result: ASIN B08VH9F9BN (detected by ad-specific class: 'AdHolder')
2025-07-19 02:38:32,903 - tools.passive_extraction_workflow_latest - DEBUG - Processing element 4: ASIN B0CHS8NBN5
2025-07-19 02:38:32,904 - tools.passive_extraction_workflow_latest - DEBUG - Error checking sponsored badge for ASIN B0CHS8NBN5: 'ElementHandle' object has no attribute 'locator'
2025-07-19 02:38:32,905 - tools.passive_extraction_workflow_latest - DEBUG - Error checking aria-label for ASIN B0CHS8NBN5: 'ElementHandle' object has no attribute 'locator'
2025-07-19 02:38:32,944 - tools.passive_extraction_workflow_latest - INFO - Skipping sponsored result: ASIN B0CHS8NBN5 (detected by ad-specific class: 'AdHolder')
2025-07-19 02:38:32,967 - tools.passive_extraction_workflow_latest - DEBUG - Processing element 5: ASIN B0FFSH53QQ
2025-07-19 02:38:32,967 - tools.passive_extraction_workflow_latest - DEBUG - Error checking sponsored badge for ASIN B0FFSH53QQ: 'ElementHandle' object has no attribute 'locator'
2025-07-19 02:38:32,968 - tools.passive_extraction_workflow_latest - DEBUG - Error checking aria-label for ASIN B0FFSH53QQ: 'ElementHandle' object has no attribute 'locator'
2025-07-19 02:38:33,008 - tools.passive_extraction_workflow_latest - INFO - Skipping sponsored result: ASIN B0FFSH53QQ (detected by ad-specific class: 'AdHolder')
2025-07-19 02:38:33,030 - tools.passive_extraction_workflow_latest - DEBUG - Processing element 6: ASIN B0DFDP7JSJ
2025-07-19 02:38:33,031 - tools.passive_extraction_workflow_latest - DEBUG - Error checking sponsored badge for ASIN B0DFDP7JSJ: 'ElementHandle' object has no attribute 'locator'
2025-07-19 02:38:33,032 - tools.passive_extraction_workflow_latest - DEBUG - Error checking aria-label for ASIN B0DFDP7JSJ: 'ElementHandle' object has no attribute 'locator'
2025-07-19 02:38:33,080 - tools.passive_extraction_workflow_latest - INFO - Skipping sponsored result: ASIN B0DFDP7JSJ (detected by ad-specific class: 'AdHolder')
2025-07-19 02:38:33,105 - tools.passive_extraction_workflow_latest - DEBUG - Processing element 7: ASIN B0BSNXY9RB
2025-07-19 02:38:33,106 - tools.passive_extraction_workflow_latest - DEBUG - Error checking sponsored badge for ASIN B0BSNXY9RB: 'ElementHandle' object has no attribute 'locator'
2025-07-19 02:38:33,107 - tools.passive_extraction_workflow_latest - DEBUG - Error checking aria-label for ASIN B0BSNXY9RB: 'ElementHandle' object has no attribute 'locator'
2025-07-19 02:38:33,156 - tools.passive_extraction_workflow_latest - INFO - Skipping sponsored result: ASIN B0BSNXY9RB (detected by ad-specific class: 'AdHolder')
2025-07-19 02:38:33,180 - tools.passive_extraction_workflow_latest - DEBUG - Processing element 8: ASIN B00EMEC8BE
2025-07-19 02:38:33,181 - tools.passive_extraction_workflow_latest - DEBUG - Error checking sponsored badge for ASIN B00EMEC8BE: 'ElementHandle' object has no attribute 'locator'
2025-07-19 02:38:33,182 - tools.passive_extraction_workflow_latest - DEBUG - Error checking aria-label for ASIN B00EMEC8BE: 'ElementHandle' object has no attribute 'locator'
2025-07-19 02:38:33,228 - tools.passive_extraction_workflow_latest - INFO - Skipping sponsored result: ASIN B00EMEC8BE (detected by ad-specific class: 'AdHolder')
2025-07-19 02:38:33,249 - tools.passive_extraction_workflow_latest - DEBUG - Processing element 9: ASIN B0B9SXCG9F
2025-07-19 02:38:33,250 - tools.passive_extraction_workflow_latest - DEBUG - Error checking sponsored badge for ASIN B0B9SXCG9F: 'ElementHandle' object has no attribute 'locator'
2025-07-19 02:38:33,250 - tools.passive_extraction_workflow_latest - DEBUG - Error checking aria-label for ASIN B0B9SXCG9F: 'ElementHandle' object has no attribute 'locator'
2025-07-19 02:38:33,296 - tools.passive_extraction_workflow_latest - INFO - Skipping sponsored result: ASIN B0B9SXCG9F (detected by ad-specific class: 'AdHolder')
2025-07-19 02:38:33,349 - tools.passive_extraction_workflow_latest - DEBUG - Processing element 10: ASIN B0B9ST8G1J
2025-07-19 02:38:33,350 - tools.passive_extraction_workflow_latest - DEBUG - Error checking sponsored badge for ASIN B0B9ST8G1J: 'ElementHandle' object has no attribute 'locator'
2025-07-19 02:38:33,351 - tools.passive_extraction_workflow_latest - DEBUG - Error checking aria-label for ASIN B0B9ST8G1J: 'ElementHandle' object has no attribute 'locator'
2025-07-19 02:38:33,397 - tools.passive_extraction_workflow_latest - INFO - Skipping sponsored result: ASIN B0B9ST8G1J (detected by ad-specific class: 'AdHolder')
2025-07-19 02:38:33,420 - tools.passive_extraction_workflow_latest - DEBUG - Processing element 11: ASIN B0B9SN6GKB
2025-07-19 02:38:33,420 - tools.passive_extraction_workflow_latest - DEBUG - Error checking sponsored badge for ASIN B0B9SN6GKB: 'ElementHandle' object has no attribute 'locator'
2025-07-19 02:38:33,421 - tools.passive_extraction_workflow_latest - DEBUG - Error checking aria-label for ASIN B0B9SN6GKB: 'ElementHandle' object has no attribute 'locator'
2025-07-19 02:38:33,466 - tools.passive_extraction_workflow_latest - INFO - Skipping sponsored result: ASIN B0B9SN6GKB (detected by ad-specific class: 'AdHolder')
2025-07-19 02:38:33,467 - tools.passive_extraction_workflow_latest - WARNING - EAN 5053249248691 returned no organic results - skipping
2025-07-19 02:38:33,467 - tools.passive_extraction_workflow_latest - WARNING - No Amazon results or error for EAN '5053249248691'. Details: no_organic_results
2025-07-19 02:38:33,468 - tools.passive_extraction_workflow_latest - INFO - Falling back to title search for supplier product: 'Car Pride Black Matt Spray Paint 400ml'
2025-07-19 02:38:33,468 - tools.passive_extraction_workflow_latest - INFO - Searching Amazon by title using search bar: 'Car Pride Black Matt Spray Paint 400ml'
2025-07-19 02:38:33,469 - tools.passive_extraction_workflow_latest - INFO - Navigating to Amazon UK to search for title: Car Pride Black Matt Spray Paint 400ml
2025-07-19 02:38:38,731 - tools.passive_extraction_workflow_latest - INFO - Title search found 75 elements using selector: div.s-search-results > div[data-asin]
2025-07-19 02:38:39,263 - tools.passive_extraction_workflow_latest - DEBUG - ASIN B006TYWGBM title extracted using selector 'h2 span.a-size-base-plus': Autotek...
2025-07-19 02:38:40,125 - tools.passive_extraction_workflow_latest - DEBUG - ASIN B006TYWFGS title extracted using selector 'h2 span.a-size-base-plus': Autotek...
2025-07-19 02:38:40,341 - tools.passive_extraction_workflow_latest - DEBUG - ASIN B0DB2J5JZP title extracted using selector 'h2 span.a-size-base-plus': Autotek...
2025-07-19 02:38:40,544 - tools.passive_extraction_workflow_latest - DEBUG - ASIN B006TYWGYE title extracted using selector 'h2 span.a-size-base-plus': Autotek...
2025-07-19 02:38:40,730 - tools.passive_extraction_workflow_latest - DEBUG - ASIN B0DJQW6VT5 title extracted using selector 'h2 span.a-size-base-plus': DIOXSTAR...
2025-07-19 02:38:40,924 - tools.passive_extraction_workflow_latest - DEBUG - ASIN B07R97BMMC title extracted using selector 'h2 span.a-size-base-plus': Car Pride...
2025-07-19 02:38:41,144 - tools.passive_extraction_workflow_latest - DEBUG - ASIN B003MI0JOY title extracted using selector 'h2 span.a-size-base-plus': Hycote...
2025-07-19 02:38:41,399 - tools.passive_extraction_workflow_latest - DEBUG - ASIN B0917SP77S title extracted using selector 'h2': Paint Factory Matt Black Spray Paint - 3 x 400 ML,...
2025-07-19 02:38:41,400 - tools.passive_extraction_workflow_latest - INFO - Title search found 8 results for 'Car Pride Black Matt Spray Paint 400ml'
2025-07-19 02:38:41,401 - tools.passive_extraction_workflow_latest - INFO - Title search successful for 'Car Pride Black Matt Spray Paint 400ml' after EAN '5053249248691' failed
2025-07-19 02:38:41,402 - PassiveExtractionWorkflow - INFO - ✅ EAN search successful for 5053249248691. Using EAN result without title fallback.
2025-07-19 02:38:41,408 - PassiveExtractionWorkflow - INFO - 💾 Saved Amazon data to /mnt/c/Users/chris/Desktop/Amazon-FBA-Agent-System-v32/OUTPUTS/FBA_ANALYSIS/amazon_cache/amazon_B006TYWGBM_5053249248691.json
2025-07-19 02:38:41,410 - PassiveExtractionWorkflow - DEBUG - 🔍 DEBUG: linking_map type: <class 'list'>, value: [{'supplier_ean': '5053249228587', 'amazon_asin': 'B075QDW3BF', 'supplier_title': 'Car Pride Under Body Seal Black 400ml', 'amazon_title': 'HP CF541A 203A Original LaserJet Toner Cartridge, Cyan, Single Pack', 'supplier_price': 1.73, 'amazon_price': 64.99, 'match_method': 'EAN', 'confidence': 'high', 'created_at': '2025-07-18T10:13:11.088193', 'supplier_url': 'https://www.poundwholesale.co.uk/carpride-under-body-seal-black'}, {'supplier_ean': '5055319527750', 'amazon_asin': 'B0CX1X6R6G', 'supplier_title': 'Auto Extreme Car Detailing Brush Set 5 Pack', 'amazon_title': 'Kasauber', 'supplier_price': 2.1, 'amazon_price': None, 'match_method': 'EAN', 'confidence': 'high', 'created_at': '2025-07-18T10:13:23.277485', 'supplier_url': 'https://www.poundwholesale.co.uk/auto-extreme-car-detailing-brush-set-5-pack'}, {'supplier_ean': '5055319528504', 'amazon_asin': 'B07NJGQFRF', 'supplier_title': 'Rapide RP-60 Penetrating Maintenance Spray with Control Nozzle 400ml', 'amazon_title': 'Rapide 2850 Paint Spray', 'supplier_price': 2.65, 'amazon_price': 5.85, 'match_method': 'EAN', 'confidence': 'high', 'created_at': '2025-07-18T10:14:15.912179', 'supplier_url': 'https://www.poundwholesale.co.uk/rapide-rp-60-penetrating-maintenance-spray-with-control-nozzle-400ml'}, {'supplier_ean': '5055441452272', 'amazon_asin': 'B0DFMPNHT5', 'supplier_title': 'Goodyear Microfibre Luxury Valet Drying Towel Set 2 Pack', 'amazon_title': 'Goodyear 2PC Microfibre Luxury Valet Cloth Set I Microfibre technology| powerful cleaning | Extra absorbency for a swirl free finish | Ideal for buffing away polish & wax residue | Extra large towel', 'supplier_price': 2.14, 'amazon_price': 6.59, 'match_method': 'EAN', 'confidence': 'high', 'created_at': '2025-07-18T10:15:06.821428', 'supplier_url': 'https://www.poundwholesale.co.uk/goodyear-microfibre-luxury-valet-drying-towel-set-2-pack'}, {'supplier_ean': '5053249229140', 'amazon_asin': 'B07N41XTV5', 'supplier_title': 'Carpride Alloy Wheel Spray Paint Silver Gloss', 'amazon_title': 'Car Pride Alloy Wheel Spray Paint Metallic Silver Repairer. 400ml', 'supplier_price': 1.67, 'amazon_price': 5.4, 'match_method': 'EAN', 'confidence': 'high', 'created_at': '2025-07-18T10:16:10.522951', 'supplier_url': 'https://www.poundwholesale.co.uk/carpride-alloy-wheel-spray-paint-silver-gloss'}, {'supplier_ean': '5055056770822', 'amazon_asin': 'B09DTQ4S43', 'supplier_title': 'Millions Blackcurrant Buzz 3D Car Air Freshener', 'amazon_title': 'AIRFreshh', 'supplier_price': 0.38, 'amazon_price': None, 'match_method': 'EAN', 'confidence': 'high', 'created_at': '2025-07-18T10:16:22.515075', 'supplier_url': 'https://www.poundwholesale.co.uk/millions-blackcurrant-buzz-3d-car-air-freshener'}, {'supplier_ean': '5055319519229', 'amazon_asin': 'B07NJGGW8P', 'supplier_title': 'Auto Extreme Professional White Gloss Spray Paint 400ml', 'amazon_title': 'Auto Extreme White Gloss, 400 ml', 'supplier_price': 1.82, 'amazon_price': 5.3, 'match_method': 'EAN', 'confidence': 'high', 'created_at': '2025-07-18T10:17:22.092163', 'supplier_url': 'https://www.poundwholesale.co.uk/auto-extreme-professional-white-gloss-spray-paint-400ml'}, {'supplier_ean': '5055319529907', 'amazon_asin': 'B07XZDY64P', 'supplier_title': 'Rapide Silicone Lubricant Spray 250ml', 'amazon_title': '300ml Silicone Grease Aerosol Spray Lubricant Can Water Resistant Oil', 'supplier_price': 1.07, 'amazon_price': 4.79, 'match_method': 'EAN', 'confidence': 'high', 'created_at': '2025-07-18T10:18:10.835188', 'supplier_url': 'https://www.poundwholesale.co.uk/rapide-silicone-lubricant-spray-250ml'}, {'supplier_ean': '5050375036574', 'amazon_asin': 'B006URFAE8', 'supplier_title': 'Car Pride Assorted Fragrance Fresh Feet Car Air Fresheners 4 Pack CDU', 'amazon_title': 'Pack of 4 FRESH FEET, Car Air Fresheners, Carpride cp1128', 'supplier_price': 0.71, 'amazon_price': 3.3, 'match_method': 'EAN', 'confidence': 'high', 'created_at': '2025-07-18T10:19:02.426082', 'supplier_url': 'https://www.poundwholesale.co.uk/car-pride-assorted-fragrance-fresh-feet-car-air-fresheners-4-pack-cdu'}, {'supplier_ean': '5055056731878', 'amazon_asin': 'B09LH29BZD', 'supplier_title': 'Guilty Pleasures Blueberry Ice Pop 3D Car Air Freshener', 'amazon_title': 'Guilty Pleasure 3D Blueberry CAR FRESHENER', 'supplier_price': 0.38, 'amazon_price': 3.99, 'match_method': 'EAN', 'confidence': 'high', 'created_at': '2025-07-18T10:19:50.869058', 'supplier_url': 'https://www.poundwholesale.co.uk/guilty-pleasures-blueberry-ice-pop-3d-car-air-freshener'}, {'supplier_ean': '5055319514606', 'amazon_asin': 'B0CYH8F9F9', 'supplier_title': 'Auto Extreme Car Pump Sprayer 2L', 'amazon_title': 'My Garden 5 Litre Sprayer Pump - Weed Killer Pressure Sprayer Pump Action - High Pressure Long Reach Sprayers - Ideal For Spraying Water Fertiliser Herbicides Pesticides Preservative & Detergent', 'supplier_price': 3.85, 'amazon_price': None, 'match_method': 'EAN', 'confidence': 'high', 'created_at': '2025-07-18T10:20:03.052455', 'supplier_url': 'https://www.poundwholesale.co.uk/auto-extreme-car-pump-sprayer-2l'}, {'supplier_ean': '5055319530781', 'amazon_asin': 'B09FKD19N4', 'supplier_title': 'Auto Extreme Tropical Mist In-Car Fragrance Air Freshener Spray 100ml', 'amazon_title': 'Air Freshener Spray Concentrated Long Lasting Oil Based (Ocean Breeze)', 'supplier_price': 0.65, 'amazon_price': None, 'match_method': 'EAN', 'confidence': 'high', 'created_at': '2025-07-18T10:20:17.331393', 'supplier_url': 'https://www.poundwholesale.co.uk/auto-extreme-tropical-mist-in-car-fragrance-air-freshener-spray-100ml'}, {'supplier_ean': '5053249245799', 'amazon_asin': 'B0BLLV2M74', 'supplier_title': 'Car Pride Clean & Polish Microfibre Cloth', 'amazon_title': 'CARPRIDE® Clean and Polish MicroFibre Cloth for Car Exterior and Interior | Streak Free | 30 x 30 cm', 'supplier_price': 0.76, 'amazon_price': 5.29, 'match_method': 'EAN', 'confidence': 'high', 'created_at': '2025-07-18T10:21:04.364223', 'supplier_url': 'https://www.poundwholesale.co.uk/car-pride-clean-polish-microfibre-cloth'}, {'supplier_ean': '5055319531849', 'amazon_asin': 'B074KFGHCP', 'supplier_title': 'Rapide Easy Grease Spray 250ml', 'amazon_title': 'HMT', 'supplier_price': 1.05, 'amazon_price': None, 'match_method': 'EAN', 'confidence': 'high', 'created_at': '2025-07-18T10:21:17.993959', 'supplier_url': 'https://www.poundwholesale.co.uk/rapide-easy-grease-spray-250ml'}, {'supplier_ean': '5052578642705', 'amazon_asin': 'B07X22PHWJ', 'supplier_title': 'Bettina Chamois Demist & Dashboard Pad', 'amazon_title': 'Airlab', 'supplier_price': 0.75, 'amazon_price': None, 'match_method': 'EAN', 'confidence': 'high', 'created_at': '2025-07-18T10:21:28.626273', 'supplier_url': 'https://www.poundwholesale.co.uk/bettina-chamois-demist-dashboard-pad'}, {'supplier_ean': '5052578633000', 'amazon_asin': 'B0F6K65PZT', 'supplier_title': 'Bettina Microfibre Mitt', 'amazon_title': 'Fogcosy', 'supplier_price': 0.95, 'amazon_price': None, 'match_method': 'EAN', 'confidence': 'high', 'created_at': '2025-07-18T10:21:41.310298', 'supplier_url': 'https://www.poundwholesale.co.uk/microfibre-mit-highly-effective-wet-or-dry'}, {'supplier_ean': '5053249245669', 'amazon_asin': 'B0BLL1K79V', 'supplier_title': 'Car Pride Blue Microfibre Glass Cloth', 'amazon_title': 'Car-pride Glass Microfibre Cloth', 'supplier_price': 0.74, 'amazon_price': 4.99, 'match_method': 'EAN', 'confidence': 'high', 'created_at': '2025-07-18T10:22:28.491046', 'supplier_url': 'https://www.poundwholesale.co.uk/car-pride-blue-microfibre-glass-cloth'}, {'supplier_ean': '5055056770785', 'amazon_asin': 'B0BLGR29X6', 'supplier_title': 'Millions Sour Strawberry 3D Car Air Freshener', 'amazon_title': 'Evair', 'supplier_price': 0.38, 'amazon_price': None, 'match_method': 'EAN', 'confidence': 'high', 'created_at': '2025-07-18T10:22:40.894972', 'supplier_url': 'https://www.poundwholesale.co.uk/millions-sour-strawberry-3d-car-air-freshener'}, {'supplier_ean': '5053249248714', 'amazon_asin': 'B006T2450O', 'supplier_title': 'Car-Pride White Gloss Spray Paint 400ml', 'amazon_title': 'Tetrion', 'supplier_price': 1.73, 'amazon_price': None, 'match_method': 'EAN', 'confidence': 'high', 'created_at': '2025-07-18T10:22:54.011676', 'supplier_url': 'https://www.poundwholesale.co.uk/car-pride-white-gloss-spray-paint-400ml'}, {'supplier_ean': '5055056731885', 'amazon_asin': 'B09LHBY2GF', 'supplier_title': 'Guilty Pleasures Vanilla & Cherry Cupcake 3D Car Air Freshener', 'amazon_title': 'Guilty Pleasure 3D Vanilla CAR FRESHENER', 'supplier_price': 0.38, 'amazon_price': 3.99, 'match_method': 'EAN', 'confidence': 'high', 'created_at': '2025-07-18T10:23:41.006634', 'supplier_url': 'https://www.poundwholesale.co.uk/guilty-pleasures-vanilla-cherry-cupcake-3d-car-air-freshener'}, {'supplier_ean': '5055319531733', 'amazon_asin': 'B004SMKX7Q', 'supplier_title': 'Auto Extreme Professional Black Alloy Wheel Spray Paint 400ml', 'amazon_title': 'Hycote', 'supplier_price': 1.81, 'amazon_price': None, 'match_method': 'EAN', 'confidence': 'high', 'created_at': '2025-07-18T10:23:55.039262', 'supplier_url': 'https://www.poundwholesale.co.uk/auto-extreme-professional-black-alloy-wheel-spray-paint-400ml'}, {'supplier_ean': '5055441459684', 'amazon_asin': 'B0DL9TR7T2', 'supplier_title': 'Goodyear 2-in-1 Telescopic Handle Scraper', 'amazon_title': 'Goodyear Telescopic Handle Scraper - Adjustable Ice Scraper with Extendable Handle | Sturdy Blade for Snow & Ice Removal | Ergonomic Grip | Compact and Durable Design | Ideal for Cars, Trucks & SUVs', 'supplier_price': 4.04, 'amazon_price': 9.21, 'match_method': 'EAN', 'confidence': 'high', 'created_at': '2025-07-18T10:24:48.156817', 'supplier_url': 'https://www.poundwholesale.co.uk/goodyear-2-in-1-telescopic-handle-scraper'}, {'supplier_ean': '5055441427348', 'amazon_asin': 'B06XPVGMV8', 'supplier_title': 'Goodyear Portable Car Vacuum Cleaner 12V', 'amazon_title': 'Goodyear 12V DC Car/Van Cigarette Lighter Corded Vacuum Cleaner Powerful Suction', 'supplier_price': 5.72, 'amazon_price': 10.99, 'match_method': 'EAN', 'confidence': 'high', 'created_at': '2025-07-18T10:25:44.453432', 'supplier_url': 'https://www.poundwholesale.co.uk/goodyear-portable-car-vacuum-cleaner-12v'}, {'supplier_ean': '5055319517027', 'amazon_asin': 'B01EQ7TPJE', 'supplier_title': 'Rapide DP-60 Multipurpose Maintenance Spray 750ml', 'amazon_title': 'Maintenance Oil 750ml Spray Can (DP60)', 'supplier_price': 2.77, 'amazon_price': 6.95, 'match_method': 'EAN', 'confidence': 'high', 'created_at': '2025-07-18T10:26:39.185617', 'supplier_url': 'https://www.poundwholesale.co.uk/rapide-dp-60-multipurpose-maintenance-spray-750ml'}, {'supplier_ean': '5038673410708', 'amazon_asin': 'B0D1Y8TCDS', 'supplier_title': 'Car Air Fresheners Leaf Assorted CDU', 'amazon_title': 'Ikeda Car Fragrance: Hanging Car Air Freshener | 10ml Hanging Car Decoration | 45 Days Long Lasting Fragrance | With Clip | For Car Home | 1 Piece (10ml x 1 Piece, Coconut)', 'supplier_price': 0.33, 'amazon_price': None, 'match_method': 'EAN', 'confidence': 'high', 'created_at': '2025-07-18T10:26:52.496784', 'supplier_url': 'https://www.poundwholesale.co.uk/car-air-fresheners-leaf-assorted-cdu'}, {'supplier_ean': '5053249224053', 'amazon_asin': 'B0DMN8CMH8', 'supplier_title': 'Tango Car Air Freshener Assorted', 'amazon_title': '10/50/100PCS Custom LOGO Car Bulk Air Fresheners, Custom Air Fresheners for Car Bulk, Air Freshener with Photo, Double-Sided Personalised Photo and Text Car Air Fresheners (10Pcs Square)', 'supplier_price': 0.76, 'amazon_price': None, 'match_method': 'EAN', 'confidence': 'high', 'created_at': '2025-07-18T10:27:03.571134', 'supplier_url': 'https://www.poundwholesale.co.uk/tango-car-air-freshener-assorted'}, {'supplier_ean': '5050375051270', 'amazon_asin': 'B00BPN9Z2A', 'supplier_title': 'Car Pride Alloy Wheel Cleaning Brush', 'amazon_title': 'Car Pride ALLOY WHEEL BRUSH', 'supplier_price': 0.71, 'amazon_price': 3.95, 'match_method': 'EAN', 'confidence': 'high', 'created_at': '2025-07-18T10:27:53.467488', 'supplier_url': 'https://www.poundwholesale.co.uk/car-pride-alloy-wheel-cleaning-brush'}, {'supplier_ean': '5055319519250', 'amazon_asin': 'B01MT7OBIO', 'supplier_title': 'Auto Extreme Professional Clear Lacquer Spray 400ml', 'amazon_title': 'Auto Extreme Clear Lacquer Spray Paint 400ml', 'supplier_price': 1.82, 'amazon_price': 5.32, 'match_method': 'EAN', 'confidence': 'high', 'created_at': '2025-07-18T10:28:54.182013', 'supplier_url': 'https://www.poundwholesale.co.uk/auto-extreme-professional-clear-lacquer-spray-400ml'}, {'supplier_ean': '5055441446578', 'amazon_asin': 'B0993MX5GX', 'supplier_title': 'Goodyear Waterless Wash & Wax 750ml', 'amazon_title': 'GOODYEAR WATERLESS WASH N WAX SPRAY 750ML', 'supplier_price': 2.06, 'amazon_price': 5.93, 'match_method': 'EAN', 'confidence': 'high', 'created_at': '2025-07-18T10:29:47.233890', 'supplier_url': 'https://www.poundwholesale.co.uk/goodyear-waterless-wash-wax-750ml'}, {'supplier_ean': '5055319519113', 'amazon_asin': 'B07NJGQ85R', 'supplier_title': 'Auto Extreme Automotive Silver Spray Paint 250ml', 'amazon_title': 'Auto Extreme Auto Spray Paint Silver, 250 ml', 'supplier_price': 0.92, 'amazon_price': 4.1, 'match_method': 'EAN', 'confidence': 'high', 'created_at': '2025-07-18T10:30:42.274698', 'supplier_url': 'https://www.poundwholesale.co.uk/auto-extreme-automotive-silver-spray-paint-250ml'}, {'supplier_ean': '5055441452210', 'amazon_asin': 'B0DH8DT3MS', 'supplier_title': 'Goodyear Natural Leather Chamois Cloth Xl', 'amazon_title': 'Goodyear Xl Genuine Leather Chamois -natural Chamois, Super Absorbent, Streak, Scratch Free, With Greater Tolerance To Car Cleaners| Stays Soft When Drying| Ideal For Cleaning Of Interior And Exterior', 'supplier_price': 3.83, 'amazon_price': 5.99, 'match_method': 'EAN', 'confidence': 'high', 'created_at': '2025-07-18T10:31:39.934257', 'supplier_url': 'https://www.poundwholesale.co.uk/goodyear-natural-leather-chamois-cloth-xl'}, {'supplier_ean': '5050375045439', 'amazon_asin': 'B003L6U0NC', 'supplier_title': 'Car-Pride Microfibre Mitt 3 Assorted Colours', 'amazon_title': 'Car Pride Microfibre Magic Mitt - Dusts, Scrubs, Cleans and Polishes', 'supplier_price': 0.98, 'amazon_price': 4.34, 'match_method': 'EAN', 'confidence': 'high', 'created_at': '2025-07-18T10:32:54.935150', 'supplier_url': 'https://www.poundwholesale.co.uk/microfibre-mitt'}, {'supplier_ean': '5055441446516', 'amazon_asin': 'B0D9YH94ZQ', 'supplier_title': 'Goodyear Gloss Tyre Shine 750ml', 'amazon_title': 'Auto Xpert Slick Shine, Premium Tyre Dressing, Long Lasting Wet-Look Finish, Protects Against Water and Dust, Easy to Apply, All Weather Tyre Protection. (5 Litre)', 'supplier_price': 1.39, 'amazon_price': None, 'match_method': 'EAN', 'confidence': 'high', 'created_at': '2025-07-18T10:33:09.394012', 'supplier_url': 'https://www.poundwholesale.co.uk/goodyear-gloss-tyre-shine-750ml'}, {'supplier_ean': '5055441449166', 'amazon_asin': 'B0D11XP9V1', 'supplier_title': 'Goodyear Microfibre Buffing Cloth Large 40cm', 'amazon_title': 'Goodyear Microfibre Buffing Cloth I Specially designed microfibre cloth for polishing and buffing your vehicle | Showroom finish | Microfibre attract more dirt than normal cloth | Machine washable', 'supplier_price': 0.85, 'amazon_price': 1.99, 'match_method': 'EAN', 'confidence': 'high', 'created_at': '2025-07-18T10:34:04.595027', 'supplier_url': 'https://www.poundwholesale.co.uk/goodyear-microfibre-buffing-cloth-large-40cm'}, {'supplier_ean': '5055319529877', 'amazon_asin': 'B07Y1V1WMW', 'supplier_title': 'Rapide Copper Grease Spray 250ml', 'amazon_title': 'Rapide 300ml Copper Grease Aerosol Spray Lubricant Can Anti Seize Brake Pad Squeal Oil', 'supplier_price': 1.07, 'amazon_price': 4.95, 'match_method': 'EAN', 'confidence': 'high', 'created_at': '2025-07-18T10:34:58.176694', 'supplier_url': 'https://www.poundwholesale.co.uk/rapide-copper-grease-spray-250ml'}, {'supplier_ean': '5055441446752', 'amazon_asin': 'B0DJWDHG1Y', 'supplier_title': 'Goodyear Hydrophobic Polymer Formulation Wash & Wax 2.5l', 'amazon_title': 'Goodyear Wash And Wax Hydrophobic Polymer 2.5 Ltr | Leaves A Glossy Just Waxed Deep Protective Shine | Polymer-acrylic Polyethylene Copolymer Wax | Effectively Cleans Dirt And Grime From Your Vehicle', 'supplier_price': 3.05, 'amazon_price': 5.99, 'match_method': 'EAN', 'confidence': 'high', 'created_at': '2025-07-18T10:35:51.556162', 'supplier_url': 'https://www.poundwholesale.co.uk/goodyear-hydrophobic-polymer-formulation-wash-wax-2-5l'}, {'supplier_ean': '5055056731892', 'amazon_asin': 'B094HGXWJC', 'supplier_title': 'Guilty Pleasures Strawberry Doughnut 3D Car Air Freshener', 'amazon_title': 'GUILTY PLEASURES STRAWBERRY DOUGHNUT 3D CAR AIR FRESHENER', 'supplier_price': 0.38, 'amazon_price': 1.5, 'match_method': 'EAN', 'confidence': 'high', 'created_at': '2025-07-18T10:36:38.989576', 'supplier_url': 'https://www.poundwholesale.co.uk/guilty-pleasures-strawberry-doughnut-3d-car-air-freshener'}, {'supplier_ean': '5055319519236', 'amazon_asin': 'B07NJGT1BN', 'supplier_title': 'Auto Extreme Professional Grey Primer Spray Paint 400ml', 'amazon_title': 'Auto Extreme Auto Extreme Grey Primer, 400 ml', 'supplier_price': 1.82, 'amazon_price': 5.44, 'match_method': 'EAN', 'confidence': 'high', 'created_at': '2025-07-18T10:37:31.087578', 'supplier_url': 'https://www.poundwholesale.co.uk/auto-extreme-professional-grey-primer-spray-paint-400ml'}, {'supplier_ean': '5055441453309', 'amazon_asin': 'B094DFY8PC', 'supplier_title': 'Goodyear Anti-Smear Blue Screenwash 5L', 'amazon_title': 'Prestone', 'supplier_price': 2.7, 'amazon_price': None, 'match_method': 'EAN', 'confidence': 'high', 'created_at': '2025-07-18T10:37:44.323618', 'supplier_url': 'https://www.poundwholesale.co.uk/goodyear-anti-smear-blue-screenwash-5l'}, {'supplier_ean': '5055319558839', 'amazon_asin': 'B0CTCSZD1T', 'supplier_title': 'Auto Extreme Microfibre Wheel Wash Brush 46cm', 'amazon_title': 'Xtremeauto', 'supplier_price': 2.79, 'amazon_price': None, 'match_method': 'EAN', 'confidence': 'high', 'created_at': '2025-07-18T10:37:55.429624', 'supplier_url': 'https://www.poundwholesale.co.uk/auto-extreme-microfibre-wheel-wash-brush-46cm'}, {'supplier_ean': '5055319511995', 'amazon_asin': 'B09C44BVZY', 'supplier_title': 'Auto Extreme Professional Red Gloss Brake Caliper Spray Paint 400ml', 'amazon_title': 'Tailored Paint', 'supplier_price': 2.73, 'amazon_price': None, 'match_method': 'EAN', 'confidence': 'high', 'created_at': '2025-07-18T10:38:08.805743', 'supplier_url': 'https://www.poundwholesale.co.uk/auto-extreme-professional-red-gloss-brake-caliper-spray-paint-400ml'}, {'supplier_ean': '5055319519205', 'amazon_asin': 'B09DYZTY7G', 'supplier_title': 'Auto Extreme Professional Black Matt Spray Paint 400ml', 'amazon_title': 'Classic Signature - 1 x Auto Extreme Black Matt Spray Paint 400ml, Professional Quality, Perfect Finish for Cars, Bikes,Vans, Metal, Wood', 'supplier_price': 1.82, 'amazon_price': 6.89, 'match_method': 'EAN', 'confidence': 'high', 'created_at': '2025-07-18T10:38:58.185842', 'supplier_url': 'https://www.poundwholesale.co.uk/auto-extreme-professional-black-matt-spray-paint-400ml'}, {'supplier_ean': '5055319531818', 'amazon_asin': 'B000LD4V2E', 'supplier_title': 'Auto Extreme Professional Black Bumper & Trim Spray Paint 400ml', 'amazon_title': 'Hycote', 'supplier_price': 1.81, 'amazon_price': None, 'match_method': 'EAN', 'confidence': 'high', 'created_at': '2025-07-18T10:39:11.840698', 'supplier_url': 'https://www.poundwholesale.co.uk/auto-extreme-professional-black-bumper-trim-spray-paint-400ml'}, {'supplier_ean': '5053249226576', 'amazon_asin': 'B07CZHPQRY', 'supplier_title': '151 Super Maintenance Spray 200ml', 'amazon_title': '151 Products 2X Super Multipurpose Oil - 200ml, 20ml x 10, Bike Chain, Multipurpose, 0.26kg', 'supplier_price': 1.14, 'amazon_price': 5.28, 'match_method': 'EAN', 'confidence': 'high', 'created_at': '2025-07-18T10:40:10.708714', 'supplier_url': 'https://www.poundwholesale.co.uk/supermaintenance-spray-300ml'}, {'supplier_ean': '5050375083813', 'amazon_asin': 'B0DG2QVKZL', 'supplier_title': 'Car Pride Interior Clean & Shine 300ml', 'amazon_title': 'Hoover HF1 Plus Cordless Stick Vacuum Cleaner with Turbo Suction Mode, Up to 45 Min Runtime, LED Lights, Multi-Floor Nozzle, Anti Hair Wrap, Handheld Capability, 165w [HF1P10H]', 'supplier_price': 0.95, 'amazon_price': 99.0, 'match_method': 'EAN', 'confidence': 'high', 'created_at': '2025-07-18T10:41:15.031823', 'supplier_url': 'https://www.poundwholesale.co.uk/interior-clean-shine-300ml'}, {'supplier_ean': '5055319519120', 'amazon_asin': 'B07NJGQFPJ', 'supplier_title': 'Auto Extreme Automotive White Primer Spray Paint 250ml', 'amazon_title': 'Auto Extreme Auto Spray White Primer, 250 ml', 'supplier_price': 0.92, 'amazon_price': 5.19, 'match_method': 'EAN', 'confidence': 'high', 'created_at': '2025-07-18T10:42:08.243130', 'supplier_url': 'https://www.poundwholesale.co.uk/auto-extreme-automotive-white-primer-spray-paint-250ml'}, {'supplier_ean': '5055441449128', 'amazon_asin': 'B0DF3573G7', 'supplier_title': 'Goodyear Microfibre Wash & Dry Cloth Large 40cm', 'amazon_title': 'Goodyear Microfibre Wash and Dry Cloth Large Specially designed microfibre cloth for washing and drying your vehicle |Dual purpose |Microfibres attract more dirt than a normal cloth| Machine washable', 'supplier_price': 0.8, 'amazon_price': 5.03, 'match_method': 'EAN', 'confidence': 'high', 'created_at': '2025-07-18T10:42:56.491855', 'supplier_url': 'https://www.poundwholesale.co.uk/goodyear-microfibre-wash-dry-cloth-large-40cm'}, {'supplier_ean': '5050375084087', 'amazon_asin': 'B004V424UK', 'supplier_title': 'Car Pride Tyre Shine 300ml', 'amazon_title': '151 CAR VAN BIKE TYRE SHINE WET LOOK SPRAY BLACK', 'supplier_price': 0.93, 'amazon_price': 4.2, 'match_method': 'EAN', 'confidence': 'high', 'created_at': '2025-07-18T10:43:52.714822', 'supplier_url': 'https://www.poundwholesale.co.uk/tyre-shine-300ml'}, {'supplier_ean': '5052578042604', 'amazon_asin': 'B089P24HXC', 'supplier_title': 'Bettina Natural Chamois Leather Cloth 30cm X 30cm', 'amazon_title': 'CarMax® English Premium Grade Natural Chamois Leather - Large - Perfect for drying off the whole car, glass, mirrors, inside and out, super soft and highly absorbent, Made in the UK', 'supplier_price': 0.91, 'amazon_price': None, 'match_method': 'EAN', 'confidence': 'high', 'created_at': '2025-07-18T10:44:06.608980', 'supplier_url': 'https://www.poundwholesale.co.uk/bettina-chamois-leather-cloth'}, {'supplier_ean': '5055319512008', 'amazon_asin': 'B0D6N5WJK2', 'supplier_title': 'Auto Extreme Professional Yellow Gloss Brake Caliper Spray Paint 400ml', 'amazon_title': 'AX PRO Break Caliper Spray Yellow Gloss 400ml', 'supplier_price': 2.73, 'amazon_price': 4.87, 'match_method': 'EAN', 'confidence': 'high', 'created_at': '2025-07-18T10:44:49.215843', 'supplier_url': 'https://www.poundwholesale.co.uk/auto-extreme-professional-yellow-gloss-brake-caliper-spray-paint-400ml'}, {'supplier_ean': '5055441452173', 'amazon_asin': 'B0DF358GFW', 'supplier_title': 'Goodyear Microfibre Window Cloth Large 40cm X 40cm', 'amazon_title': 'Goodyear microfibre Window Cloth I Designed Microfiber Cloth for windscreens, windows and mirrors| Statically charged cleaning| Leaves lint free finish| Ideal for effective cleaning of glass surfaces', 'supplier_price': 1.06, 'amazon_price': 1.99, 'match_method': 'EAN', 'confidence': 'high', 'created_at': '2025-07-18T10:45:39.365206', 'supplier_url': 'https://www.poundwholesale.co.uk/goodyear-microfibre-window-cloth-large-40cm-x-40cm'}, {'supplier_ean': '5052578414708', 'amazon_asin': 'B0BG8HY6NL', 'supplier_title': 'Bettina Giant Car Sponge', 'amazon_title': 'Xtremeauto', 'supplier_price': 0.87, 'amazon_price': None, 'match_method': 'EAN', 'confidence': 'high', 'created_at': '2025-07-18T10:45:52.603673', 'supplier_url': 'https://www.poundwholesale.co.uk/bettina-giant-car-sponge'}, {'supplier_ean': '5050375083967', 'amazon_asin': 'B004V423RY', 'supplier_title': 'Car Pride Window & Mirror Cleaner 300ml', 'amazon_title': 'WINDOW MIRROR GLASS CERAMIC CLEANER - NON SMEAR', 'supplier_price': 0.97, 'amazon_price': 4.45, 'match_method': 'EAN_cached', 'confidence': 'low', 'created_at': '2025-07-18T10:45:52.672388', 'supplier_url': 'https://www.poundwholesale.co.uk/window-mirror-cleaner-300ml'}, {'supplier_ean': '5055441444536', 'amazon_asin': 'B0DF33XNMX', 'supplier_title': 'Goodyear Luxury Deep Pile Microfibre 2-In-1 Valet Cloth 45cm X 38cm', 'amazon_title': 'Goodyear Luxury Valet Cloth Large Deep pile for absorbency| For showroom perfect finish |2 in 1 luxury car cloth| Microfibre technology| Cleaning fibre| Satin safety edging protects against scratching', 'supplier_price': 3.02, 'amazon_price': 7.0, 'match_method': 'EAN', 'confidence': 'high', 'created_at': '2025-07-18T10:46:44.263284', 'supplier_url': 'https://www.poundwholesale.co.uk/goodyear-luxury-deep-pile-microfibre-2-in-1-valet-cloth-45cm-x-38cm'}, {'supplier_ean': '5055441446554', 'amazon_asin': 'B0DJWFVY3H', 'supplier_title': 'Goodyear Snow Foam Pre-Wash Shampoo 1l', 'amazon_title': 'Goodyear 1L Snow Foam Cherry Scent Pressure Washer Or Foam Lancer | Covers The Vehicle In A Rich Blanket Of Foam | Gently Loosen Dirt & Heavy Soiling | More Concentrated Solution The Thicker The Foam', 'supplier_price': 2.54, 'amazon_price': 7.99, 'match_method': 'EAN', 'confidence': 'high', 'created_at': '2025-07-18T10:47:33.544513', 'supplier_url': 'https://www.poundwholesale.co.uk/goodyear-cherry-snow-form-pre-wash-shampoo-1l'}, {'supplier_ean': '5055319519021', 'amazon_asin': 'B09FLXRC5F', 'supplier_title': 'Auto Extreme Automotive White Gloss Spray Paint 250ml', 'amazon_title': 'Classic Signature - 1 x Auto Extreme White Gloss Spray Paint 250ml Professional Quality, Perfect Finish for Cars, Bikes,Vans, Metal, Wood', 'supplier_price': 0.92, 'amazon_price': 5.47, 'match_method': 'EAN', 'confidence': 'high', 'created_at': '2025-07-18T10:48:41.581930', 'supplier_url': 'https://www.poundwholesale.co.uk/auto-extreme-automotive-white-gloss-spray-paint-250ml'}, {'supplier_ean': '5055319519274', 'amazon_asin': 'B09F9MVQS1', 'supplier_title': 'Auto Extreme Professional Blue Gloss Spray Paint 400ml', 'amazon_title': 'Classic Signature - 1 x Auto Extreme Blue Gloss Spray Paint 400ml, Professional Quality, Perfect Finish for Cars, Bikes,Vans, Metal, Wood', 'supplier_price': 1.82, 'amazon_price': 6.89, 'match_method': 'EAN', 'confidence': 'high', 'created_at': '2025-07-18T10:49:36.222143', 'supplier_url': 'https://www.poundwholesale.co.uk/auto-extreme-professional-blue-gloss-spray-paint-400ml'}, {'supplier_ean': '5050375127340', 'amazon_asin': 'B076DD8QMP', 'supplier_title': 'Tango Car Air Freshener CDU Assorted Fragrances', 'amazon_title': 'Tango Liquid Car Air Freshener 4pk - Cherry Orange Apple & Lemon', 'supplier_price': 0.74, 'amazon_price': 5.49, 'match_method': 'EAN', 'confidence': 'high', 'created_at': '2025-07-18T10:50:21.970905', 'supplier_url': 'https://www.poundwholesale.co.uk/tango-car-air-freshener-cdu-assorted-fragrances'}, {'supplier_ean': '5055319519243', 'amazon_asin': 'B07NJHJC44', 'supplier_title': 'Auto Extreme Professional Silver Wheel Spray Paint 400ml', 'amazon_title': 'Auto Extreme Silver Wheel, 400 ml', 'supplier_price': 1.82, 'amazon_price': 5.5, 'match_method': 'EAN', 'confidence': 'high', 'created_at': '2025-07-18T10:51:15.720754', 'supplier_url': 'https://www.poundwholesale.co.uk/auto-extreme-professional-silver-wheel-spray-paint-400ml'}, {'supplier_ean': '5055319530798', 'amazon_asin': 'B0BZQ9D3SS', 'supplier_title': 'Auto Extreme Ocean Breeze In-Car Fragrance Air Freshener Spray 100ml', 'amazon_title': 'Car Air Freshener for Men with Vent Clip | Strong Perfume Automotive Air Freshener | Odour Eliminating Technology with Vent Clip | Car Air Fresheners by Perfa', 'supplier_price': 0.65, 'amazon_price': None, 'match_method': 'EAN', 'confidence': 'high', 'created_at': '2025-07-18T10:51:27.401020', 'supplier_url': 'https://www.poundwholesale.co.uk/auto-extreme-ocean-breeze-in-car-fragrance-air-freshener-spray-100ml'}, {'supplier_ean': '5052578047807', 'amazon_asin': 'B0FB44TV8Y', 'supplier_title': 'Bettina Microfibre Ultra Buff Car Cloths 3pc', 'amazon_title': 'Towelogy', 'supplier_price': 1.79, 'amazon_price': None, 'match_method': 'EAN', 'confidence': 'high', 'created_at': '2025-07-18T10:51:38.488644', 'supplier_url': 'https://www.poundwholesale.co.uk/bettina-microfibre-ultra-buff-car-cloths-3pc'}, {'supplier_ean': '5055441446714', 'amazon_asin': 'B0DFPVL488', 'supplier_title': 'Goodyear Silicone Window Squeegee 30cm', 'amazon_title': 'Goodyear Silicone Window Squeegee Ideal For Car Bodywork, Showers, Windows And Other Smooth Surfaces| Soft Silicone Blade| Removes 95% Of Standing Water| V-shaped Grip| Reusable And Long Lasting', 'supplier_price': 1.99, 'amazon_price': 3.99, 'match_method': 'EAN', 'confidence': 'high', 'created_at': '2025-07-18T10:52:28.920921', 'supplier_url': 'https://www.poundwholesale.co.uk/goodyear-silicone-window-squeegee-30cm'}, {'supplier_ean': '5055319528030', 'amazon_asin': 'B0DJM5VWR6', 'supplier_title': 'Rapide DP-60 Penetrating Maintenance Spray 100ml CDU', 'amazon_title': 'PNJB', 'supplier_price': 0.79, 'amazon_price': None, 'match_method': 'EAN', 'confidence': 'high', 'created_at': '2025-07-18T10:52:43.308895', 'supplier_url': 'https://www.poundwholesale.co.uk/rapide-dp-60-penetrating-maintenance-spray-100ml-cdu'}, {'supplier_ean': '5052578047708', 'amazon_asin': 'B09D7HXXXT', 'supplier_title': 'Bettina Assorted Microfibre Car Rags Bag', 'amazon_title': 'MR.SIGA', 'supplier_price': 1.79, 'amazon_price': None, 'match_method': 'EAN', 'confidence': 'high', 'created_at': '2025-07-18T10:52:56.953180', 'supplier_url': 'https://www.poundwholesale.co.uk/bettina-assorted-microfibre-car-rags-bag'}, {'supplier_ean': '8008990001061', 'amazon_asin': 'B00BFXBBHM', 'supplier_title': 'Classic Professional Car Sponge 15cm X 11cm X 5.5cm', 'amazon_title': 'Générique Auto Care – Wash Synthetic Sponge Pro Classic', 'supplier_price': 0.62, 'amazon_price': 3.89, 'match_method': 'EAN', 'confidence': 'high', 'created_at': '2025-07-18T10:53:42.902436', 'supplier_url': 'https://www.poundwholesale.co.uk/classic-professional-car-sponge-15cm-x-11cm-x-5-5cm'}, {'supplier_ean': '5055319529891', 'amazon_asin': 'B0CXN6VDPT', 'supplier_title': 'Rapide Multi Lube Oil Spray 250ml', 'amazon_title': 'Multi Lube Oil Spray High Performance Lubricates Cleans Prevents Rust - 300ml', 'supplier_price': 1.07, 'amazon_price': 5.49, 'match_method': 'EAN', 'confidence': 'high', 'created_at': '2025-07-18T10:54:33.090475', 'supplier_url': 'https://www.poundwholesale.co.uk/rapide-multi-lube-oil-spray-250ml'}, {'supplier_ean': '5055319599559', 'amazon_asin': 'B07NJGVPVQ', 'supplier_title': 'Auto Extreme Professional Chrome Effect Spray Paint 400ml', 'amazon_title': 'Auto Extreme Auto Spray Chrome, 400 ml', 'supplier_price': 2.03, 'amazon_price': 4.99, 'match_method': 'EAN', 'confidence': 'high', 'created_at': '2025-07-18T10:55:42.978833', 'supplier_url': 'https://www.poundwholesale.co.uk/auto-extreme-professional-chrome-effect-spray-paint-400ml'}, {'supplier_ean': '5053249228563', 'amazon_asin': 'B07R97BMMC', 'supplier_title': 'Carpride Alloy Wheel Spray Paint Matt Black', 'amazon_title': 'Car Pride 400ml High Grade Car Alloy Wheel Matt Black Fantastic Finish Surface Aerosol Spray Paint Can', 'supplier_price': 1.67, 'amazon_price': 5.69, 'match_method': 'EAN', 'confidence': 'high', 'created_at': '2025-07-18T10:56:35.936258', 'supplier_url': 'https://www.poundwholesale.co.uk/carpride-alloy-wheel-spray-paint-matt-black'}, {'supplier_ean': '5055319519045', 'amazon_asin': 'B07NJFYFZR', 'supplier_title': 'Auto Extreme Silver Wheel Spray Paint 250ml', 'amazon_title': 'Auto Extreme Auto Spray Silver Wheel, 250 ml', 'supplier_price': 0.92, 'amazon_price': 4.5, 'match_method': 'EAN', 'confidence': 'high', 'created_at': '2025-07-18T10:57:32.469691', 'supplier_url': 'https://www.poundwholesale.co.uk/auto-extreme-silver-wheel-spray-paint-250ml'}, {'supplier_ean': '5055319519212', 'amazon_asin': 'B09DYXN6YF', 'supplier_title': 'Auto Extreme Professional Black Gloss Spray Paint 400ml', 'amazon_title': 'Classic Signature - 1 x Auto Extreme Black Gloss Spray Paint 400ml, Professional Quality, Perfect Finish for Cars, Bikes,Vans, Metal, Wood', 'supplier_price': 1.82, 'amazon_price': 6.89, 'match_method': 'EAN', 'confidence': 'high', 'created_at': '2025-07-18T10:58:29.850682', 'supplier_url': 'https://www.poundwholesale.co.uk/auto-extreme-professional-black-gloss-spray-paint-400ml'}, {'supplier_ean': '5056170362405', 'amazon_asin': 'B006UCJ5NU', 'supplier_title': 'Bloc Multipurpose Penetrating Maintenance Spray 250ml', 'amazon_title': 'WD-40 Specialist', 'supplier_price': 1.03, 'amazon_price': None, 'match_method': 'EAN', 'confidence': 'high', 'created_at': '2025-07-18T10:58:41.438173', 'supplier_url': 'https://www.poundwholesale.co.uk/bloc-multipurpose-penetrating-maintenance-spray-250ml'}, {'supplier_ean': '5055319519106', 'amazon_asin': 'B09FLX734G', 'supplier_title': 'Auto Extreme Automotive Black Satin Spray Paint 250ml', 'amazon_title': 'Classic Signature - 1 x Black Satin Auto Extreme Spray Paint 250ml Professional Quality, Perfect Finish for Cars, Bikes,Vans, Metal, Wood', 'supplier_price': 0.92, 'amazon_price': 5.47, 'match_method': 'EAN', 'confidence': 'high', 'created_at': '2025-07-18T10:59:37.654163', 'supplier_url': 'https://www.poundwholesale.co.uk/auto-extreme-automotive-black-satin-spray-paint-250ml'}, {'supplier_ean': '5053249248677', 'amazon_asin': 'B000LD4V2E', 'supplier_title': 'Car Pride Black Gloss Spray Paint 400ml', 'amazon_title': 'Hycote', 'supplier_price': 1.73, 'amazon_price': None, 'match_method': 'EAN', 'confidence': 'high', 'created_at': '2025-07-18T10:59:51.150021', 'supplier_url': 'https://www.poundwholesale.co.uk/car-pride-black-gloss-spray-paint-400ml'}, {'supplier_ean': '5050375064300', 'amazon_asin': 'B01M0JVPJD', 'supplier_title': 'Car-Pride Quick Fix Tyre Repair 300ml', 'amazon_title': '2 X QUICK FIX CAR EMERGENCY FLAT TYRE INFLATE PUNCTURE REPAIR KIT', 'supplier_price': 1.77, 'amazon_price': 7.74, 'match_method': 'EAN', 'confidence': 'high', 'created_at': '2025-07-18T11:00:47.582374', 'supplier_url': 'https://www.poundwholesale.co.uk/quick-fix-tyre-repair'}, {'supplier_ean': '5055441446530', 'amazon_asin': 'B0993N1H9T', 'supplier_title': 'Goodyear Car Cockpit Cleaner 750ml', 'amazon_title': 'Goodyear Cockpit Cleaner 750ml- Effectively Cleans Dirt, Dust And Grime From the Dashboard And Surroundings| Protects Against Water And Dust Helping to Leave a Showroom Shine| Spray Weight 820g', 'supplier_price': 1.39, 'amazon_price': 5.13, 'match_method': 'EAN', 'confidence': 'high', 'created_at': '2025-07-18T11:01:48.222908', 'supplier_url': 'https://www.poundwholesale.co.uk/goodyear-cherry-scent-car-cockpit-cleaner-750ml'}, {'supplier_ean': '5055319519281', 'amazon_asin': 'B07NJGV658', 'supplier_title': 'Auto Extreme Professional Yellow Gloss Spray Paint 400ml', 'amazon_title': 'Auto Extreme Auto Extreme Yellow, 400 ml', 'supplier_price': 1.96, 'amazon_price': 5.49, 'match_method': 'EAN', 'confidence': 'high', 'created_at': '2025-07-18T11:02:38.788885', 'supplier_url': 'https://www.poundwholesale.co.uk/auto-extreme-professional-yellow-gloss-spray-paint-400ml'}, {'supplier_ean': '5056175980970', 'amazon_asin': 'B095HTD46T', 'supplier_title': 'Auto Extras Jar Candle Air Freshener 3 Pack Assorted', 'amazon_title': 'CRISTALINAS', 'supplier_price': 0.54, 'amazon_price': None, 'match_method': 'EAN', 'confidence': 'high', 'created_at': '2025-07-18T11:02:51.951099', 'supplier_url': 'https://www.poundwholesale.co.uk/auto-extras-jar-candle-air-freshener-3-pack-assorted'}, {'supplier_ean': '5055319529914', 'amazon_asin': 'B07XZF187M', 'supplier_title': 'Rapide PTFE Lubricant Spray 250ml', 'amazon_title': 'Rapide 300ml PTFE Grease Aerosol Spray Lubricant Can Chains Belts Cables Oil', 'supplier_price': 1.07, 'amazon_price': 4.99, 'match_method': 'EAN', 'confidence': 'high', 'created_at': '2025-07-18T11:03:38.329354', 'supplier_url': 'https://www.poundwholesale.co.uk/rapide-ptfe-lubricant-spray-250ml'}, {'supplier_ean': '5055441449203', 'amazon_asin': 'B0D12237Y2', 'supplier_title': 'Goodyear Expanding Car Cleaning Sponge', 'amazon_title': 'Goodyear Tyre and Wheel Deep Cleaning Multi-Purpose Brush | Ideal for Vehicle Tyres | Ergonomic L-Style Handle | Wide Curved Brush Head Covers Larger Surface | Removes Dirt and Grime', 'supplier_price': 0.72, 'amazon_price': 0.99, 'match_method': 'EAN', 'confidence': 'high', 'created_at': '2025-07-18T11:04:31.759859', 'supplier_url': 'https://www.poundwholesale.co.uk/goodyear-expanding-car-cleaning-sponge'}, {'supplier_ean': '5053249229768', 'amazon_asin': 'B0BZQ8C6CS', 'supplier_title': 'Chupa Chups Car Air Fresheners CDU Assorted Fragrances', 'amazon_title': 'One Million Car Air Freshener for Men | Strong Perfume Automotive Freshener | Odour Eliminating Technology with Vent Clip | Long Lasting Car Air Freshener by Perfa', 'supplier_price': 0.87, 'amazon_price': None, 'match_method': 'EAN', 'confidence': 'high', 'created_at': '2025-07-18T11:04:43.364574', 'supplier_url': 'https://www.poundwholesale.co.uk/chupa-chups-car-air-fresheners-cdu-assorted-fragrances'}, {'supplier_ean': '5050375002197', 'amazon_asin': 'B01MQHS127', 'supplier_title': 'Car Pride Stitched Natural Chamois Leather', 'amazon_title': '151 NATURAL CHAMOIS LEATHER', 'supplier_price': 0.85, 'amazon_price': 3.19, 'match_method': 'EAN', 'confidence': 'high', 'created_at': '2025-07-18T11:06:00.876295', 'supplier_url': 'https://www.poundwholesale.co.uk/stitched-natural-chamois-leather'}, {'supplier_ean': '5055441446431', 'amazon_asin': 'B0992QG9QK', 'supplier_title': 'Goodyear Instant Valet Upholstery Cleaner 750ml', 'amazon_title': 'GOODYEAR INSTANT VALET UPHOLSTERY CLEANER SPRAY 750ML', 'supplier_price': 1.4, 'amazon_price': 5.27, 'match_method': 'EAN', 'confidence': 'high', 'created_at': '2025-07-18T11:06:52.375016', 'supplier_url': 'https://www.poundwholesale.co.uk/goodyear-instant-valet-upholstery-cleaner-750ml'}, {'supplier_ean': '5053249245751', 'amazon_asin': 'B0BLL3XTRB', 'supplier_title': 'Car Pride Clean & Dry Microfibre Cloth', 'amazon_title': 'CARPRIDE® Clean and Dry Microfibre Cloth | For Car Exterior and Interior | 30 x 30 cm | Brown', 'supplier_price': 0.76, 'amazon_price': 2.95, 'match_method': 'EAN', 'confidence': 'high', 'created_at': '2025-07-18T11:07:43.161406', 'supplier_url': 'https://www.poundwholesale.co.uk/car-pride-clean-dry-microfibre-cloth'}, {'supplier_ean': '8008990001047', 'amazon_asin': 'B0DJFRHQ3H', 'supplier_title': 'Flash Car Synthetic Chamois Large', 'amazon_title': 'FLASH', 'supplier_price': 1.42, 'amazon_price': None, 'match_method': 'EAN', 'confidence': 'high', 'created_at': '2025-07-18T11:08:10.161535', 'supplier_url': 'https://www.poundwholesale.co.uk/flash-car-synthetic-chamois-large'}, {'supplier_ean': '5050375084148', 'amazon_asin': 'B07FRGHHQR', 'supplier_title': 'Car Pride Black Pack 300ml', 'amazon_title': 'Car Pride Black Pack Spray For Plastic Bumper & Exterior Trim Restorer 300ml', 'supplier_price': 0.93, 'amazon_price': 4.49, 'match_method': 'EAN_cached', 'confidence': 'low', 'created_at': '2025-07-18T11:08:10.231134', 'supplier_url': 'https://www.poundwholesale.co.uk/black-pack-300ml'}, {'supplier_ean': '5055319519311', 'amazon_asin': 'B07NJH9XCY', 'supplier_title': 'Auto Extreme Professional Racing Green Gloss Spray Paint 400ml', 'amazon_title': 'Auto Extreme Racing Green, 400 ml', 'supplier_price': 1.96, 'amazon_price': 5.65, 'match_method': 'EAN', 'confidence': 'high', 'created_at': '2025-07-18T11:09:04.876820', 'supplier_url': 'https://www.poundwholesale.co.uk/auto-extreme-professional-racing-green-gloss-spray-paint-400ml'}, {'supplier_ean': '5055319519137', 'amazon_asin': 'B07NJFXL6R', 'supplier_title': 'Auto Extreme Red Primer Spray Paint 250ml', 'amazon_title': 'Auto Extreme Auto Spray Red Primer, 250 ml', 'supplier_price': 0.92, 'amazon_price': 4.35, 'match_method': 'EAN', 'confidence': 'high', 'created_at': '2025-07-18T11:09:55.460107', 'supplier_url': 'https://www.poundwholesale.co.uk/mean-machine-auto-spray-red-primer-250ml'}, {'supplier_ean': '5038673050010', 'amazon_asin': 'B0FC6D5VDG', 'supplier_title': 'Portable Wet & Dry Auto Vacuum Cleaner', 'amazon_title': 'HYCHIKA 3 in 1 Wet and Dry Vacuum Cleaner, Power: 1200 W, 20 L Stainless Steel Tank, 6 M+ Cleaning Range (2.5 M Power Cores + 3.5 M Soft & Hard Hose), for Garden Outdoor Floor Sofa Cleaning', 'supplier_price': 10.18, 'amazon_price': None, 'match_method': 'EAN', 'confidence': 'high', 'created_at': '2025-07-18T11:10:08.518609', 'supplier_url': 'https://www.poundwholesale.co.uk/portable-wet-dry-auto-vacuum-cleaner'}, {'supplier_ean': '5052578034708', 'amazon_asin': 'B0CKTH6LDT', 'supplier_title': 'Bettina Microfibre Car Cloths 2 Pack', 'amazon_title': 'CarMax® - Original Twisted Loop Car Drying Towel - Double-Sided XXL - 90cm x 60cm 1400gsm Microfibre Towel for fast streak-free drying and detailing.', 'supplier_price': 0.79, 'amazon_price': 17.99, 'match_method': 'EAN_cached', 'confidence': 'low', 'created_at': '2025-07-18T11:10:08.580003', 'supplier_url': 'https://www.poundwholesale.co.uk/3pc-micro-fibre-car-cloths-highly-effective-wet-or-dry'}, {'supplier_ean': '5055441449142', 'amazon_asin': 'B0DF343YX8', 'supplier_title': 'Goodyear Microfibre Dusting Cloth Large 60cm X 40cm', 'amazon_title': 'Goodyear Microfibre Dusting Cloth I Specially designed microfibre cloth for windscreens, windows and mirrors | Statically charged cleaning fibres attract dust | Leaves a lint free finish | 60m x 40cm', 'supplier_price': 0.85, 'amazon_price': 1.99, 'match_method': 'EAN', 'confidence': 'high', 'created_at': '2025-07-18T11:10:57.177704', 'supplier_url': 'https://www.poundwholesale.co.uk/goodyear-microfibre-dusting-cloth-large-60cm-x-40cm'}, {'supplier_ean': '5055441449180', 'amazon_asin': 'B0D3JDFZJC', 'supplier_title': 'Goodyear Microfibre Car Cloth Set 4 Pack', 'amazon_title': 'Goodyear 4PC Microfibre Cloth Set- microfibre cloths for cleaning your vehicle | Cleaning fibres attract dust | Showroom finish | Machine washable | Dashboard, Buffing, Window cloth | Wash and drying', 'supplier_price': 2.59, 'amazon_price': 4.99, 'match_method': 'EAN', 'confidence': 'high', 'created_at': '2025-07-18T11:11:46.340949', 'supplier_url': 'https://www.poundwholesale.co.uk/goodyear-microfibre-car-cloth-set-4-pack'}, {'supplier_ean': '5055441449104', 'amazon_asin': 'B0DH8C367V', 'supplier_title': 'Goodyear Synthetic Chamois Cloth', 'amazon_title': 'Goodyear Synthetic Chamois -natural Chamois, Super Absorbent, Streak And Scratch Free, With A Greater Tolerance To Modern Car Cleaners| Stays Soft When Drying| Extra Large 72cm x 50cm|Machine Washable', 'supplier_price': 1.9, 'amazon_price': 2.99, 'match_method': 'EAN', 'confidence': 'high', 'created_at': '2025-07-18T11:12:43.381337', 'supplier_url': 'https://www.poundwholesale.co.uk/goodyear-synthetic-chamois-cloth'}, {'supplier_ean': '5055319530736', 'amazon_asin': 'B084VTS1NV', 'supplier_title': 'Auto Extreme Fresh Linen In-Car Fragrance Air Freshener Spray 100ml', 'amazon_title': 'Air Freshener Spray Concentrated Long Lasting Oil Based (New Car)', 'supplier_price': 0.65, 'amazon_price': None, 'match_method': 'EAN', 'confidence': 'high', 'created_at': '2025-07-18T11:12:55.532920', 'supplier_url': 'https://www.poundwholesale.co.uk/auto-extreme-fresh-linen-in-car-fragrance-air-freshener-spray-100ml'}, {'supplier_ean': '5055319519076', 'amazon_asin': 'B09FLX3QXD', 'supplier_title': 'Auto Extreme Automotive Red Gloss Spray Paint 250ml', 'amazon_title': 'Classic Signature - 1 x Auto Extreme Red Gloss Spray Paint 250ml, Professional Quality, Perfect Finish for Cars, Bikes,Vans, Metal, Wood', 'supplier_price': 0.92, 'amazon_price': 5.47, 'match_method': 'EAN', 'confidence': 'high', 'created_at': '2025-07-18T11:13:48.220197', 'supplier_url': 'https://www.poundwholesale.co.uk/auto-extreme-automotive-red-gloss-spray-paint-250ml'}, {'supplier_ean': '5050375003620', 'amazon_asin': 'B0DG2QVKZL', 'supplier_title': 'Car Pride Luxury Natural Chamois Leather', 'amazon_title': 'Hoover HF1 Plus Cordless Stick Vacuum Cleaner with Turbo Suction Mode, Up to 45 Min Runtime, LED Lights, Multi-Floor Nozzle, Anti Hair Wrap, Handheld Capability, 165w [HF1P10H]', 'supplier_price': 1.41, 'amazon_price': 99.0, 'match_method': 'EAN', 'confidence': 'high', 'created_at': '2025-07-18T11:14:56.832846', 'supplier_url': 'https://www.poundwholesale.co.uk/car-pride-luxury-natural-chamois-leather'}, {'supplier_ean': '00994743', 'amazon_asin': 'B0CCVFJ94Z', 'supplier_title': 'Wilko Ready To Use Screenwash 5l', 'amazon_title': 'Rain-X', 'supplier_price': 1.42, 'amazon_price': None, 'match_method': 'EAN', 'confidence': 'high', 'created_at': '2025-07-18T11:15:10.531582', 'supplier_url': 'https://www.poundwholesale.co.uk/wilko-ready-to-use-screenwash-5l'}, {'supplier_ean': '5055319556668', 'amazon_asin': 'B0BC1D6KPG', 'supplier_title': 'Auto Extreme Car Upholstery Brush 14cm X 6.5cm', 'amazon_title': '15° Curved Car Cleaning Brush with Telescopic Handle 43" Aluminum Alloy Long Rod Wash Mop For Washing Caravan Van Truck Boat RV Roof Soft Chenille Head Duster Clean Product Not Hurt Paint Scratch Free', 'supplier_price': 0.97, 'amazon_price': None, 'match_method': 'EAN', 'confidence': 'high', 'created_at': '2025-07-18T11:15:22.281479', 'supplier_url': 'https://www.poundwholesale.co.uk/auto-extreme-car-upholstery-brush-14cm-x-6-5cm'}, {'supplier_ean': '5050375083783', 'amazon_asin': 'B00A3T5F2G', 'supplier_title': 'Car Pride Instant Valet 300ml', 'amazon_title': 'Carpride Instant Valet Aerosol Spray 300ml', 'supplier_price': 0.97, 'amazon_price': 4.09, 'match_method': 'EAN_cached', 'confidence': 'low', 'created_at': '2025-07-18T11:15:22.357739', 'supplier_url': 'https://www.poundwholesale.co.uk/instant-valet-300ml'}, {'supplier_ean': '5055319512213', 'amazon_asin': 'B0F9329VCL', 'supplier_title': 'Auto Extreme Car Air Freshener Assorted Fragrances Clip Strip', 'amazon_title': 'Automizer - Creed Car Air Freshener for Men - Smart Car Air Freshener Diffuser Aventus Inspired Automatic On/Off Refillable Air Freshner, Gifts for Men/Women', 'supplier_price': 0.27, 'amazon_price': None, 'match_method': 'EAN', 'confidence': 'high', 'created_at': '2025-07-18T11:15:36.157612', 'supplier_url': 'https://www.poundwholesale.co.uk/auto-extreme-car-air-freshener-assorted-fragrances-clip-strip'}, {'supplier_ean': '5053249256832', 'amazon_asin': 'B0D2HLTZ4Q', 'supplier_title': 'Car Pride All Seasons Screen Wash Tablets 2pc', 'amazon_title': 'Screenwash Tablets For Cars, 100 Pcs Car Windshield Wash Tablets, Concentrated Screenwash Washer Fluid Car Window Cleaning Tablets for Metal, Plastic, Window Glass, Look Completely New', 'supplier_price': 0.74, 'amazon_price': None, 'match_method': 'EAN', 'confidence': 'high', 'created_at': '2025-07-18T11:15:50.415052', 'supplier_url': 'https://www.poundwholesale.co.uk/car-pride-all-seasons-screen-wash-tablets-2pc'}, {'supplier_ean': '5055056731861', 'amazon_asin': 'B09LHF2V7G', 'supplier_title': 'Guilty Pleasures Chocolate Chip Cookie 3D Car Air Freshener', 'amazon_title': 'Guilty Pleasures 3D Choc Cookie CAR FRESHENER', 'supplier_price': 0.38, 'amazon_price': 3.99, 'match_method': 'EAN', 'confidence': 'high', 'created_at': '2025-07-18T11:16:51.336470', 'supplier_url': 'https://www.poundwholesale.co.uk/guilty-pleasures-chocolate-chip-cookie-3d-air-freshener'}, {'supplier_ean': '5055441446479', 'amazon_asin': 'B0993YCZWB', 'supplier_title': 'Goodyear Fresh Fragrance Glass & Mirror Cleaner 750ml', 'amazon_title': 'Goodyear Glass & Mirror Cleaner 750ml - For a streak-free finish | Effective cleaner for car windscreens, side window, wing mirrors & rear view mirror | Suitable for rain sensor and acrylic windows', 'supplier_price': 1.36, 'amazon_price': 5.74, 'match_method': 'EAN', 'confidence': 'high', 'created_at': '2025-07-18T11:18:10.194551', 'supplier_url': 'https://www.poundwholesale.co.uk/goodyear-fresh-fragrance-glass-mirror-cleaner-750ml'}, {'supplier_ean': '5055441446455', 'amazon_asin': 'B0993N4XMC', 'supplier_title': 'Goodyear Back-To-Black Bumper & Trim Plastic Restorer 750ml', 'amazon_title': 'Goodyear Bumper and Trim Restorer 750ml-back to Black| Helps Bumper and Trim Plastic Look Like New| Restores, Protects and Shines| Long Lasting Gloss Finish| Suitable for All Exterior Plastics', 'supplier_price': 1.4, 'amazon_price': 4.89, 'match_method': 'EAN', 'confidence': 'high', 'created_at': '2025-07-18T11:19:05.192693', 'supplier_url': 'https://www.poundwholesale.co.uk/goodyear-black-bumper-trim-plastic-restorer-750ml'}, {'supplier_ean': '5015302400262', 'amazon_asin': 'B0B4R5265Z', 'supplier_title': 'Coco & Gray Assorted Colour Synthetic Chamois Cloths 3 Pack', 'amazon_title': 'Airlab', 'supplier_price': 0.64, 'amazon_price': None, 'match_method': 'EAN', 'confidence': 'high', 'created_at': '2025-07-18T11:19:19.017457', 'supplier_url': 'https://www.poundwholesale.co.uk/royle-shammy-pack-3'}, {'supplier_ean': '5055319519304', 'amazon_asin': 'B09F9N1DW9', 'supplier_title': 'Auto Extreme Professional Silver Body Spray Paint 400ml', 'amazon_title': 'Classic Signature - 1 x Auto Extreme Silver Body Spray Paint 400ml Professional Quality, Perfect Finish for Cars, Bikes,Vans, Metal, Wood', 'supplier_price': 1.82, 'amazon_price': 6.89, 'match_method': 'EAN', 'confidence': 'high', 'created_at': '2025-07-18T11:20:10.249623', 'supplier_url': 'https://www.poundwholesale.co.uk/auto-extreme-professional-silver-body-spray-paint-400ml'}, {'supplier_ean': '5053249200743', 'amazon_asin': 'B0DY5MX94X', 'supplier_title': 'Tango Card Car Air Freshener 2 Pack CDU Assorted Fragrances', 'amazon_title': 'Luxury Car Fragrance Gift Set, 2 Glass Car Diffusers, 2 x 30ml Refills, 2 x Vent Clips, 10 ml Interior Fabric Spray, Strong Fragrance, (Crede)', 'supplier_price': 0.74, 'amazon_price': None, 'match_method': 'EAN', 'confidence': 'high', 'created_at': '2025-07-18T11:20:38.365789', 'supplier_url': 'https://www.poundwholesale.co.uk/tango-card-car-air-freshener-2-pack-cdu-assorted-fragrances'}, {'supplier_ean': '5056175980963', 'amazon_asin': 'B0FH9LCRSZ', 'supplier_title': 'Auto Extras Jelly Baby Air Freshener Assorted', 'amazon_title': 'Car Air Freshener Aromatherapy Balm Long Lasting Fragrance Non-spill Solid 3D Tomato Shaped Travel Size Scented Balm 100g Eliminate Odor for Bedroom Toliet Elitzia ETAP2815', 'supplier_price': 0.65, 'amazon_price': None, 'match_method': 'EAN', 'confidence': 'high', 'created_at': '2025-07-18T11:20:51.448024', 'supplier_url': 'https://www.poundwholesale.co.uk/auto-extras-jelly-baby-air-freshener-assorted'}, {'supplier_ean': '5055319519298', 'amazon_asin': 'B07NJH3Q91', 'supplier_title': 'Auto Extreme Professional Black Satin Spray Paint 400ml', 'amazon_title': 'Auto Extreme Auto Extreme Black Satin, 400 ml', 'supplier_price': 1.82, 'amazon_price': 5.49, 'match_method': 'EAN', 'confidence': 'high', 'created_at': '2025-07-18T11:21:47.219390', 'supplier_url': 'https://www.poundwholesale.co.uk/auto-extreme-professional-black-satin-spray-paint-400ml'}, {'supplier_ean': '5055056770815', 'amazon_asin': 'B0BZQC1VY6', 'supplier_title': 'Millions Cola 3D Car Air Freshener', 'amazon_title': 'Creed Car Air Freshener for Men | Aventos Perfume Inspired Car Fragrances | Strong Freshener with Odour Eliminator Technology | Creed Automotive Air Freshener | GREED Scent by Perfa', 'supplier_price': 0.38, 'amazon_price': None, 'match_method': 'EAN', 'confidence': 'high', 'created_at': '2025-07-18T11:22:00.417347', 'supplier_url': 'https://www.poundwholesale.co.uk/millions-cola-3d-car-air-freshener'}, {'supplier_ean': '5052578015608', 'amazon_asin': 'B0DHXJ3Y9T', 'supplier_title': 'Bettina Car Sponges 3 Pack', 'amazon_title': '3 Pack Car Sponges,Jumbo Sponges For Car Cleaning,Anti Scratch Technology for Car Exterior & Window Washing- Perfect For Wheels, Windscreen & Bodywork (3 PCS (Yellow))', 'supplier_price': 0.84, 'amazon_price': 7.99, 'match_method': 'EAN_cached', 'confidence': 'low', 'created_at': '2025-07-18T11:22:00.495119', 'supplier_url': 'https://www.poundwholesale.co.uk/bettina-car-sponges-3-pack'}, {'supplier_ean': '5038673050010', 'amazon_asin': 'B0FC6D5VDG', 'supplier_title': 'Roadster Car Vacuum Cleaner 12V', 'amazon_title': 'HYCHIKA 3 in 1 Wet and Dry Vacuum Cleaner, Power: 1200 W, 20 L Stainless Steel Tank, 6 M+ Cleaning Range (2.5 M Power Cores + 3.5 M Soft & Hard Hose), for Garden Outdoor Floor Sofa Cleaning', 'supplier_price': 5.28, 'amazon_price': None, 'match_method': 'EAN_cached', 'confidence': 'low', 'created_at': '2025-07-18T11:22:00.576434', 'supplier_url': 'https://www.poundwholesale.co.uk/roadster-car-vacuum-cleaner-12v'}, {'supplier_ean': '5050375083752', 'amazon_asin': 'B01C4S4876', 'supplier_title': 'Car Pride Alloy Wheel Cleaner 300ml', 'amazon_title': 'Car Pride Wheel Clean, 300ml', 'supplier_price': 0.97, 'amazon_price': 4.05, 'match_method': 'EAN_cached', 'confidence': 'low', 'created_at': '2025-07-18T11:22:00.651582', 'supplier_url': 'https://www.poundwholesale.co.uk/alloy-wheel-cleaner'}, {'supplier_ean': '5055441452357', 'amazon_asin': 'B0DFPVGFZ4', 'supplier_title': 'Goodyear Extendable Car Windscreen Washer Squeegee Sponge Cleaner', 'amazon_title': 'Goodyear 2 In 1 Window Squeegee Flexible Rubber Blade| Netted Sponge Scrubber| Multi-purpose And Easy To Use| Non - Scratch| Ideal For Cleaning Windows And Windscreens| Compact Design, Easy Storage', 'supplier_price': 1.76, 'amazon_price': 2.99, 'match_method': 'EAN', 'confidence': 'high', 'created_at': '2025-07-18T11:22:54.109374', 'supplier_url': 'https://www.poundwholesale.co.uk/goodyear-extendable-car-windscreen-washer-squeegee-sponge-cleaner'}, {'supplier_ean': '5055257813090', 'amazon_asin': 'B0FH9LCRSZ', 'supplier_title': 'Fragranced Fruit Shaped Car Air Freshener', 'amazon_title': 'Car Air Freshener Aromatherapy Balm Long Lasting Fragrance Non-spill Solid 3D Tomato Shaped Travel Size Scented Balm 100g Eliminate Odor for Bedroom Toliet Elitzia ETAP2815', 'supplier_price': 0.6, 'amazon_price': None, 'match_method': 'EAN', 'confidence': 'high', 'created_at': '2025-07-18T11:23:05.509024', 'supplier_url': 'https://www.poundwholesale.co.uk/fragranced-fruit-shaped-car-air-freshener'}, {'supplier_ean': '5055319510615', 'amazon_asin': 'B0C49F6NG6', 'supplier_title': 'Auto Extreme Professional Petrol-Resistant Lacquer Clear Spray 400ml', 'amazon_title': 'Ozeino Wireless Gaming Headset, Compatible with PC Ps5 Ps4 Boasts 2.4GHz Lossless Audio, USB & Type-C, Flip Microphone and 40-Hr Battery - Suited for Switch, Laptop, Mac', 'supplier_price': 1.89, 'amazon_price': 23.11, 'match_method': 'EAN', 'confidence': 'high', 'created_at': '2025-07-18T11:24:21.169341', 'supplier_url': 'https://www.poundwholesale.co.uk/auto-extreme-professional-petrol-resistant-lacquer-clear-spray-400ml'}, {'supplier_ean': '5053249271453', 'amazon_asin': 'B0CHTHYL58', 'supplier_title': 'Car-Pride Biodegradable Interior Clean & Shine Wipes 30 Pack', 'amazon_title': 'AMK', 'supplier_price': 0.65, 'amazon_price': None, 'match_method': 'EAN', 'confidence': 'high', 'created_at': '2025-07-18T11:24:44.743060', 'supplier_url': 'https://www.poundwholesale.co.uk/car-pride-interior-clean-shine-wipes-30-pack'}, {'supplier_ean': '5055319519267', 'amazon_asin': 'B07NJGB772', 'supplier_title': 'Auto Extreme Professional Red Gloss Spray Paint 400ml', 'amazon_title': 'Auto Extreme Auto Extreme Red, 400 ml', 'supplier_price': 1.82, 'amazon_price': 5.79, 'match_method': 'EAN', 'confidence': 'high', 'created_at': '2025-07-18T11:25:35.589009', 'supplier_url': 'https://www.poundwholesale.co.uk/auto-extreme-professional-red-gloss-spray-paint-400ml'}, {'supplier_ean': '5056175987832', 'amazon_asin': 'B0BSFN7BK9', 'supplier_title': 'Bloome Gel Boat Air Freshener 150G Assorted Fragrance', 'amazon_title': 'SOL', 'supplier_price': 0.46, 'amazon_price': None, 'match_method': 'EAN', 'confidence': 'high', 'created_at': '2025-07-18T11:25:49.342872', 'supplier_url': 'https://www.poundwholesale.co.uk/bloome-gel-boat-air-freshener-150g-assorted-fragrance'}, {'supplier_ean': '5055441445021', 'amazon_asin': 'B0DJFGKQTJ', 'supplier_title': 'Dekton Tri-Extending Wash Brush 3m', 'amazon_title': 'Dekton Heavy Duty Tri-Extending Wash Brush | Long Reach Water Fed Brush for Cars, Boats, & More | Ergonomic Foam Grip | Soft Bristles Prevent Scratching | Telescopic Design Extends to 3 Metres', 'supplier_price': 13.64, 'amazon_price': 25.06, 'match_method': 'EAN', 'confidence': 'high', 'created_at': '2025-07-18T11:26:42.138251', 'supplier_url': 'https://www.poundwholesale.co.uk/dekton-tri-extending-wash-brush-3m'}, {'supplier_ean': '5038673410692', 'amazon_asin': 'B0DPX1HRM6', 'supplier_title': 'Car Air Fresheners Fruit Assorted CDU', 'amazon_title': 'Q QXUNMU', 'supplier_price': 0.34, 'amazon_price': None, 'match_method': 'EAN', 'confidence': 'high', 'created_at': '2025-07-18T11:26:57.017565', 'supplier_url': 'https://www.poundwholesale.co.uk/car-air-fresheners-fruit-assorted-cdu'}, {'supplier_ean': '5055441452319', 'amazon_asin': 'B0DJT8DYF6', 'supplier_title': 'Goodyear Wax Applicator Pad Set 3pc', 'amazon_title': 'Goodyear 3pc Applicator Set Specially Designed Microfiber Pad For Cleaning Your Vehicle|Ideal For Polishing And Waxing Of Painted Surfaces|Thick Microfiber Evenly Distributes Pressure For Application', 'supplier_price': 1.99, 'amazon_price': 2.99, 'match_method': 'EAN', 'confidence': 'high', 'created_at': '2025-07-18T11:27:44.877336', 'supplier_url': 'https://www.poundwholesale.co.uk/goodyear-wax-applicator-pad-set-3pc'}, {'supplier_ean': '5055441421902', 'amazon_asin': 'B0CZYRJ8ZX', 'supplier_title': 'Goodyear 2-In-1 Noodle Wash Mitt', 'amazon_title': 'Goodyear 2 In 1 Noodle Wash Mitt Extra Long Handle With Pivoting Head For Easy Reach All Around Your Windscreen | Microfiber Pad For Ultimate Cleaning | Excellent For Quick Defogging And Cleaning', 'supplier_price': 2.06, 'amazon_price': 5.29, 'match_method': 'EAN', 'confidence': 'high', 'created_at': '2025-07-18T11:28:33.825517', 'supplier_url': 'https://www.poundwholesale.co.uk/goodyear-2-in-1-noodle-wash-mitt'}, {'supplier_ean': '5052578611800', 'amazon_asin': 'B0BG8HY6NL', 'supplier_title': 'Bettina Comfortable Grip Jumbo Car Sponge', 'amazon_title': 'Xtremeauto', 'supplier_price': 0.6, 'amazon_price': None, 'match_method': 'EAN', 'confidence': 'high', 'created_at': '2025-07-18T11:28:47.461587', 'supplier_url': 'https://www.poundwholesale.co.uk/jumbo-car-sponge-with-comfortable-grip'}, {'supplier_ean': '5055441449227', 'amazon_asin': 'B0DFMH5XX9', 'supplier_title': 'Goodyear 2-In-1 Microfibre Drying Towel Xl 80cm X 60cm', 'amazon_title': 'Goodyear Microfiber Drying Towel Xl Deep Pile For Extra Absorbency| Microfiber Technology| Cleaning Fiber Attracts Dust |satin Safety Edging Protects Against Scratching| Extra Absorbency Free Finish', 'supplier_price': 2.21, 'amazon_price': 3.99, 'match_method': 'EAN', 'confidence': 'high', 'created_at': '2025-07-18T11:29:40.530652', 'supplier_url': 'https://www.poundwholesale.co.uk/goodyear-2-in-1-microfibre-drying-towel-xl-80cm-x-60cm'}, {'supplier_ean': '5055319530743', 'amazon_asin': 'B084VTS1NV', 'supplier_title': 'Auto Extreme Cedar Wood In-Car Fragrance Air Freshener Spray 100ml', 'amazon_title': 'Air Freshener Spray Concentrated Long Lasting Oil Based (New Car)', 'supplier_price': 0.65, 'amazon_price': None, 'match_method': 'EAN', 'confidence': 'high', 'created_at': '2025-07-18T11:29:54.290257', 'supplier_url': 'https://www.poundwholesale.co.uk/auto-extreme-cedar-wood-in-car-fragrance-air-freshener-spray-100ml'}, {'supplier_ean': '5055319519007', 'amazon_asin': 'B01FXX9AJA', 'supplier_title': 'Auto Extreme Automotive Black Matt Spray Paint 250ml', 'amazon_title': 'Black Matt Aerosol Spray Cans 250ml Car Auto Extreme Spray Paint (6)', 'supplier_price': 0.92, 'amazon_price': 9.95, 'match_method': 'EAN', 'confidence': 'high', 'created_at': '2025-07-18T11:30:50.315219', 'supplier_url': 'https://www.poundwholesale.co.uk/auto-extreme-automotive-black-matt-spray-paint-250ml'}, {'supplier_ean': '5055441449982', 'amazon_asin': 'B0DJH4WTZ5', 'supplier_title': 'Goodyear Anti-Smear Screenwash 1l', 'amazon_title': 'Goodyear 1 Litre Screen Wash-5% Ethanol| Blue Colour Liquid| Red Lid| English Label| Antifreeze Windscreen Wash Liquid| Prevents Freezing Of The Glass Washer System Down| Provide Clear Vision', 'supplier_price': 0.95, 'amazon_price': None, 'match_method': 'EAN', 'confidence': 'high', 'created_at': '2025-07-18T11:31:39.554668', 'supplier_url': 'https://www.poundwholesale.co.uk/goodyear-anti-smear-screenwash-1l'}, {'supplier_ean': '5055441405544', 'amazon_asin': 'B0D1R5SR4V', 'supplier_title': 'Goodyear Anti-Smear Screenwash 5l', 'amazon_title': 'Rain-X', 'supplier_price': 2.56, 'amazon_price': None, 'match_method': 'EAN', 'confidence': 'high', 'created_at': '2025-07-18T11:31:53.274959', 'supplier_url': 'https://www.poundwholesale.co.uk/goodyear-cherry-anti-smear-screenwash-5l'}, {'supplier_ean': '5053249003108', 'amazon_asin': 'B00CA36GJE', 'supplier_title': 'Carpride Scratch Remover Pen', 'amazon_title': 'Car Pride Paint Scratch Remover Pen - For Use On Any Colour Vehicle', 'supplier_price': 0.92, 'amazon_price': 2.98, 'match_method': 'EAN', 'confidence': 'high', 'created_at': '2025-07-18T11:32:49.414648', 'supplier_url': 'https://www.poundwholesale.co.uk/carpride-scratch-remover-pen'}, {'supplier_ean': '5050375054394', 'amazon_asin': 'B0F6C9BK5R', 'supplier_title': 'Car-Pride Wash & Wax 1L', 'amazon_title': 'Sopami Car Coating Spray, Waterless Car Wash Quick Effect Coating Agent, Multi-functional Coating Renewal Agent Polish Spray, Long-Lasting Protection Improves Clarity and Visibility(1pc)', 'supplier_price': 0.8, 'amazon_price': None, 'match_method': 'EAN', 'confidence': 'high', 'created_at': '2025-07-18T11:33:03.988685', 'supplier_url': 'https://www.poundwholesale.co.uk/wash-wax'}, {'supplier_ean': '5055056770792', 'amazon_asin': 'B0FH9LCRSZ', 'supplier_title': 'Millions Orange & Lemon 3D Car Air Freshener', 'amazon_title': 'Car Air Freshener Aromatherapy Balm Long Lasting Fragrance Non-spill Solid 3D Tomato Shaped Travel Size Scented Balm 100g Eliminate Odor for Bedroom Toliet Elitzia ETAP2815', 'supplier_price': 0.38, 'amazon_price': None, 'match_method': 'EAN', 'confidence': 'high', 'created_at': '2025-07-18T11:33:15.313131', 'supplier_url': 'https://www.poundwholesale.co.uk/millions-orange-lemon-3d-car-air-freshener'}, {'supplier_ean': '5050375086753', 'amazon_asin': 'B00IXMG80S', 'supplier_title': 'Car Pride Leather Cleaning Spray 250ml', 'amazon_title': '12 x Cans Of Leather cleaning spray, car cleaning, 300ml', 'supplier_price': 0.97, 'amazon_price': 19.95, 'match_method': 'EAN_cached', 'confidence': 'low', 'created_at': '2025-07-18T11:33:15.437428', 'supplier_url': 'https://www.poundwholesale.co.uk/leather-cleaning-spray-250ml'}, {'supplier_ean': '5050375084025', 'amazon_asin': 'B0032XLIJE', 'supplier_title': 'Car Pride Spray Wax 300ml', 'amazon_title': 'SPRAY CAR WAX SUPERFAST FORMULA PROTECTS PAINTWORK', 'supplier_price': 0.97, 'amazon_price': 3.99, 'match_method': 'EAN', 'confidence': 'high', 'created_at': '2025-07-18T11:34:12.145812', 'supplier_url': 'https://www.poundwholesale.co.uk/spray-wax-300ml'}, {'supplier_ean': '5055441452197', 'amazon_asin': 'B0DF33M8ZM', 'supplier_title': 'Goodyear Waffle Drying Cloth Large 40cm X 40cm', 'amazon_title': 'Goodyear Microfibre Waffle Cloth I Reduces drying time with less wring outs | Ideal for bodywork & glass | Designed microfibre cloth | Statically charged cleaning fibres | Leaves lint free finish', 'supplier_price': 0.95, 'amazon_price': 4.99, 'match_method': 'EAN', 'confidence': 'high', 'created_at': '2025-07-18T11:35:03.805673', 'supplier_url': 'https://www.poundwholesale.co.uk/goodyear-waffle-drying-cloth-large-40cm-x-40cm'}, {'supplier_ean': '5050375055483', 'amazon_asin': 'B01C4S4L4G', 'supplier_title': 'Car-Pride Handy Car Sponges 2 Pack', 'amazon_title': 'Car Pride CP011 Handy Car Cleaning Sponges, Pack of 3', 'supplier_price': 0.76, 'amazon_price': 4.99, 'match_method': 'EAN', 'confidence': 'high', 'created_at': '2025-07-18T11:35:55.273733', 'supplier_url': 'https://www.poundwholesale.co.uk/handy-car-sponges-3pk'}, {'supplier_ean': '5055319531740', 'amazon_asin': 'B0DG8VSKBB', 'supplier_title': 'Auto Extreme Professional Silver Alloy Wheel Spray Paint 400ml', 'amazon_title': 'RAPIDE Auto Extreme AX Alloy Wheel Spray Paint Silver 400ML | Ideal for Refreshing & Customizing Alloy Wheels | Long-Lasting, Chip & Fade Resistant | Smooth Satin Finish', 'supplier_price': 1.81, 'amazon_price': 7.95, 'match_method': 'EAN', 'confidence': 'high', 'created_at': '2025-07-18T11:36:42.632499', 'supplier_url': 'https://www.poundwholesale.co.uk/auto-extreme-professional-silver-alloy-wheel-spray-paint-400ml'}, {'supplier_ean': '5055319556651', 'amazon_asin': 'B0CTCSZD1T', 'supplier_title': 'Auto Extreme Cone Wheel Brush', 'amazon_title': 'Xtremeauto Soft Head Alloy Wheel Brush - Car Alloy Wheel Cleaner Brush Detailing Cleaning Brush, No Metal Non Scratch Rim Car Wheel Brush Perfect For Motorcycle, Cars & Bicycles (Orange', 'supplier_price': 1.42, 'amazon_price': None, 'match_method': 'EAN', 'confidence': 'high', 'created_at': '2025-07-18T11:36:58.182117', 'supplier_url': 'https://www.poundwholesale.co.uk/auto-extreme-cone-wheel-brush'}, {'supplier_ean': '5055319529884', 'amazon_asin': 'B07XZ8NKGR', 'supplier_title': 'Rapide Lithium Grease Spray 250ml', 'amazon_title': 'Rapide 300ml Lithium Grease Aerosol Spray Lubricant Can Multi-Purpose Hinge Track Oil', 'supplier_price': 1.07, 'amazon_price': 4.55, 'match_method': 'EAN', 'confidence': 'high', 'created_at': '2025-07-18T11:37:55.687057', 'supplier_url': 'https://www.poundwholesale.co.uk/rapide-lithium-grease-spray-250ml'}, {'supplier_ean': '5055441446493', 'amazon_asin': 'B0993NZQ15', 'supplier_title': 'Goodyear Alloy Wheel Cleaner 750ml', 'amazon_title': 'Goodyear Alloy Wheel Cleaner 750ml - for a Showroom Finish | Effective Cleaning for All Wheels | Effortlessly Removes Mud & Grime from Round The Wheel | Removes Dirt and Brake Dust | Easy Application', 'supplier_price': 1.39, 'amazon_price': 5.93, 'match_method': 'EAN', 'confidence': 'high', 'created_at': '2025-07-18T11:38:49.590834', 'supplier_url': 'https://www.poundwholesale.co.uk/goodyear-alloy-wheel-cleaner-750ml'}, {'supplier_ean': '5055441450780', 'amazon_asin': 'B0DK7MZS7R', 'supplier_title': 'Goodyear Back Car Seat Organiser Storage Bag', 'amazon_title': 'Goodyear Car Seat Back Storage Bag - Multipurpose Organizer for Vehicle Seats| Adjustable Straps |Product size: 40 x 55 cm| Material-Felt cloth| Multiple Pockets| Color-Grey| Durable, Water-Resistant', 'supplier_price': 2.2, 'amazon_price': 3.99, 'match_method': 'EAN', 'confidence': 'high', 'created_at': '2025-07-18T11:39:41.933717', 'supplier_url': 'https://www.poundwholesale.co.uk/goodyear-back-car-seat-organiser-storage-bag'}, {'supplier_ean': '5060417895304', 'amazon_asin': 'B0CJPBPJ9V', 'supplier_title': 'Sanitize Instant Protection 75% Alcohol Hand Gel 100ml', 'amazon_title': 'Palm Safe', 'supplier_price': 0.63, 'amazon_price': None, 'match_method': 'EAN', 'confidence': 'high', 'created_at': '2025-07-18T13:25:14.078140', 'supplier_url': 'https://www.poundwholesale.co.uk/sanitize-instant-protection-75-alcohol-hand-gel-100ml'}, {'supplier_ean': '5050375010994', 'amazon_asin': 'B0DN1LMXJV', 'supplier_title': 'Car-Pride Quick & Effective De-Icer 600ml', 'amazon_title': 'ANGIX', 'supplier_price': 1.27, 'amazon_price': None, 'match_method': 'EAN', 'confidence': 'high', 'created_at': '2025-07-19T02:38:01.890142', 'supplier_url': 'https://www.poundwholesale.co.uk/car-pride-quick-effective-de-icer-600ml'}, {'supplier_ean': '5055441452340', 'amazon_asin': 'B01IWTQBG2', 'supplier_title': 'Goodyear 2-In-1 Bug Removing Sponge', 'amazon_title': 'Gtechniq', 'supplier_price': 0.72, 'amazon_price': None, 'match_method': 'EAN', 'confidence': 'high', 'created_at': '2025-07-19T02:38:15.098683', 'supplier_url': 'https://www.poundwholesale.co.uk/goodyear-2-in-1-bug-removing-sponge'}, {'supplier_ean': '5053249271422', 'amazon_asin': 'B0CTCSZD1T', 'supplier_title': 'Car-Pride Biodegradable Alloy Wheel Cleaning Wipes 30 Pack', 'amazon_title': 'Xtremeauto', 'supplier_price': 0.65, 'amazon_price': None, 'match_method': 'EAN', 'confidence': 'high', 'created_at': '2025-07-19T02:38:27.358805', 'supplier_url': 'https://www.poundwholesale.co.uk/car-pride-biodegradable-alloy-wheel-cleaning-wipes-30-pack'}]
--- Logging error ---
Traceback (most recent call last):
  File "/usr/lib/python3.12/logging/__init__.py", line 1163, in emit
    stream.write(msg + self.terminator)
BlockingIOError: [Errno 11] write could not complete without blocking
Call stack:
  File "/mnt/c/Users/chris/Desktop/Amazon-FBA-Agent-System-v32/run_custom_poundwholesale.py", line 81, in <module>
    asyncio.run(main())
  File "/usr/lib/python3.12/asyncio/runners.py", line 194, in run
    return runner.run(main)
  File "/usr/lib/python3.12/asyncio/runners.py", line 118, in run
    return self._loop.run_until_complete(task)
  File "/usr/lib/python3.12/asyncio/base_events.py", line 674, in run_until_complete
    self.run_forever()
  File "/usr/lib/python3.12/asyncio/base_events.py", line 641, in run_forever
    self._run_once()
  File "/usr/lib/python3.12/asyncio/base_events.py", line 1987, in _run_once
    handle._run()
  File "/usr/lib/python3.12/asyncio/events.py", line 88, in _run
    self._context.run(self._callback, *self._args)
  File "/mnt/c/Users/chris/Desktop/Amazon-FBA-Agent-System-v32/run_custom_poundwholesale.py", line 64, in main
    await workflow.run()
  File "/mnt/c/Users/chris/Desktop/Amazon-FBA-Agent-System-v32/tools/passive_extraction_workflow_latest.py", line 1123, in run
    return await self._run_hybrid_processing_mode(
  File "/mnt/c/Users/chris/Desktop/Amazon-FBA-Agent-System-v32/tools/passive_extraction_workflow_latest.py", line 6065, in _run_hybrid_processing_mode
    chunk_results = await self._process_chunk_with_main_workflow_logic(
  File "/mnt/c/Users/chris/Desktop/Amazon-FBA-Agent-System-v32/tools/passive_extraction_workflow_latest.py", line 6296, in _process_chunk_with_main_workflow_logic
    self.log.debug(f"🔍 DEBUG: linking_map type: {type(self.linking_map)}, value: {self.linking_map}")
Message: '🔍 DEBUG: linking_map type: <class \'list\'>, value: [{\'supplier_ean\': \'5053249228587\', \'amazon_asin\': \'B075QDW3BF\', \'supplier_title\': \'Car Pride Under Body Seal Black 400ml\', \'amazon_title\': \'HP CF541A 203A Original LaserJet Toner Cartridge, Cyan, Single Pack\', \'supplier_price\': 1.73, \'amazon_price\': 64.99, \'match_method\': \'EAN\', \'confidence\': \'high\', \'created_at\': \'2025-07-18T10:13:11.088193\', \'supplier_url\': \'https://www.poundwholesale.co.uk/carpride-under-body-seal-black\'}, {\'supplier_ean\': \'5055319527750\', \'amazon_asin\': \'B0CX1X6R6G\', \'supplier_title\': \'Auto Extreme Car Detailing Brush Set 5 Pack\', \'amazon_title\': \'Kasauber\', \'supplier_price\': 2.1, \'amazon_price\': None, \'match_method\': \'EAN\', \'confidence\': \'high\', \'created_at\': \'2025-07-18T10:13:23.277485\', \'supplier_url\': \'https://www.poundwholesale.co.uk/auto-extreme-car-detailing-brush-set-5-pack\'}, {\'supplier_ean\': \'5055319528504\', \'amazon_asin\': \'B07NJGQFRF\', \'supplier_title\': \'Rapide RP-60 Penetrating Maintenance Spray with Control Nozzle 400ml\', \'amazon_title\': \'Rapide 2850 Paint Spray\', \'supplier_price\': 2.65, \'amazon_price\': 5.85, \'match_method\': \'EAN\', \'confidence\': \'high\', \'created_at\': \'2025-07-18T10:14:15.912179\', \'supplier_url\': \'https://www.poundwholesale.co.uk/rapide-rp-60-penetrating-maintenance-spray-with-control-nozzle-400ml\'}, {\'supplier_ean\': \'5055441452272\', \'amazon_asin\': \'B0DFMPNHT5\', \'supplier_title\': \'Goodyear Microfibre Luxury Valet Drying Towel Set 2 Pack\', \'amazon_title\': \'Goodyear 2PC Microfibre Luxury Valet Cloth Set I Microfibre technology| powerful cleaning | Extra absorbency for a swirl free finish | Ideal for buffing away polish & wax residue | Extra large towel\', \'supplier_price\': 2.14, \'amazon_price\': 6.59, \'match_method\': \'EAN\', \'confidence\': \'high\', \'created_at\': \'2025-07-18T10:15:06.821428\', \'supplier_url\': \'https://www.poundwholesale.co.uk/goodyear-microfibre-luxury-valet-drying-towel-set-2-pack\'}, {\'supplier_ean\': \'5053249229140\', \'amazon_asin\': \'B07N41XTV5\', \'supplier_title\': \'Carpride Alloy Wheel Spray Paint Silver Gloss\', \'amazon_title\': \'Car Pride Alloy Wheel Spray Paint Metallic Silver Repairer. 400ml\', \'supplier_price\': 1.67, \'amazon_price\': 5.4, \'match_method\': \'EAN\', \'confidence\': \'high\', \'created_at\': \'2025-07-18T10:16:10.522951\', \'supplier_url\': \'https://www.poundwholesale.co.uk/carpride-alloy-wheel-spray-paint-silver-gloss\'}, {\'supplier_ean\': \'5055056770822\', \'amazon_asin\': \'B09DTQ4S43\', \'supplier_title\': \'Millions Blackcurrant Buzz 3D Car Air Freshener\', \'amazon_title\': \'AIRFreshh\', \'supplier_price\': 0.38, \'amazon_price\': None, \'match_method\': \'EAN\', \'confidence\': \'high\', \'created_at\': \'2025-07-18T10:16:22.515075\', \'supplier_url\': \'https://www.poundwholesale.co.uk/millions-blackcurrant-buzz-3d-car-air-freshener\'}, {\'supplier_ean\': \'5055319519229\', \'amazon_asin\': \'B07NJGGW8P\', \'supplier_title\': \'Auto Extreme Professional White Gloss Spray Paint 400ml\', \'amazon_title\': \'Auto Extreme White Gloss, 400 ml\', \'supplier_price\': 1.82, \'amazon_price\': 5.3, \'match_method\': \'EAN\', \'confidence\': \'high\', \'created_at\': \'2025-07-18T10:17:22.092163\', \'supplier_url\': \'https://www.poundwholesale.co.uk/auto-extreme-professional-white-gloss-spray-paint-400ml\'}, {\'supplier_ean\': \'5055319529907\', \'amazon_asin\': \'B07XZDY64P\', \'supplier_title\': \'Rapide Silicone Lubricant Spray 250ml\', \'amazon_title\': \'300ml Silicone Grease Aerosol Spray Lubricant Can Water Resistant Oil\', \'supplier_price\': 1.07, \'amazon_price\': 4.79, \'match_method\': \'EAN\', \'confidence\': \'high\', \'created_at\': \'2025-07-18T10:18:10.835188\', \'supplier_url\': \'https://www.poundwholesale.co.uk/rapide-silicone-lubricant-spray-250ml\'}, {\'supplier_ean\': \'5050375036574\', \'amazon_asin\': \'B006URFAE8\', \'supplier_title\': \'Car Pride Assorted Fragrance Fresh Feet Car Air Fresheners 4 Pack CDU\', \'amazon_title\': \'Pack of 4 FRESH FEET, Car Air Fresheners, Carpride cp1128\', \'supplier_price\': 0.71, \'amazon_price\': 3.3, \'match_method\': \'EAN\', \'confidence\': \'high\', \'created_at\': \'2025-07-18T10:19:02.426082\', \'supplier_url\': \'https://www.poundwholesale.co.uk/car-pride-assorted-fragrance-fresh-feet-car-air-fresheners-4-pack-cdu\'}, {\'supplier_ean\': \'5055056731878\', \'amazon_asin\': \'B09LH29BZD\', \'supplier_title\': \'Guilty Pleasures Blueberry Ice Pop 3D Car Air Freshener\', \'amazon_title\': \'Guilty Pleasure 3D Blueberry CAR FRESHENER\', \'supplier_price\': 0.38, \'amazon_price\': 3.99, \'match_method\': \'EAN\', \'confidence\': \'high\', \'created_at\': \'2025-07-18T10:19:50.869058\', \'supplier_url\': \'https://www.poundwholesale.co.uk/guilty-pleasures-blueberry-ice-pop-3d-car-air-freshener\'}, {\'supplier_ean\': \'5055319514606\', \'amazon_asin\': \'B0CYH8F9F9\', \'supplier_title\': \'Auto Extreme Car Pump Sprayer 2L\', \'amazon_title\': \'My Garden 5 Litre Sprayer Pump - Weed Killer Pressure Sprayer Pump Action - High Pressure Long Reach Sprayers - Ideal For Spraying Water Fertiliser Herbicides Pesticides Preservative & Detergent\', \'supplier_price\': 3.85, \'amazon_price\': None, \'match_method\': \'EAN\', \'confidence\': \'high\', \'created_at\': \'2025-07-18T10:20:03.052455\', \'supplier_url\': \'https://www.poundwholesale.co.uk/auto-extreme-car-pump-sprayer-2l\'}, {\'supplier_ean\': \'5055319530781\', \'amazon_asin\': \'B09FKD19N4\', \'supplier_title\': \'Auto Extreme Tropical Mist In-Car Fragrance Air Freshener Spray 100ml\', \'amazon_title\': \'Air Freshener Spray Concentrated Long Lasting Oil Based (Ocean Breeze)\', \'supplier_price\': 0.65, \'amazon_price\': None, \'match_method\': \'EAN\', \'confidence\': \'high\', \'created_at\': \'2025-07-18T10:20:17.331393\', \'supplier_url\': \'https://www.poundwholesale.co.uk/auto-extreme-tropical-mist-in-car-fragrance-air-freshener-spray-100ml\'}, {\'supplier_ean\': \'5053249245799\', \'amazon_asin\': \'B0BLLV2M74\', \'supplier_title\': \'Car Pride Clean & Polish Microfibre Cloth\', \'amazon_title\': \'CARPRIDE® Clean and Polish MicroFibre Cloth for Car Exterior and Interior | Streak Free | 30 x 30 cm\', \'supplier_price\': 0.76, \'amazon_price\': 5.29, \'match_method\': \'EAN\', \'confidence\': \'high\', \'created_at\': \'2025-07-18T10:21:04.364223\', \'supplier_url\': \'https://www.poundwholesale.co.uk/car-pride-clean-polish-microfibre-cloth\'}, {\'supplier_ean\': \'5055319531849\', \'amazon_asin\': \'B074KFGHCP\', \'supplier_title\': \'Rapide Easy Grease Spray 250ml\', \'amazon_title\': \'HMT\', \'supplier_price\': 1.05, \'amazon_price\': None, \'match_method\': \'EAN\', \'confidence\': \'high\', \'created_at\': \'2025-07-18T10:21:17.993959\', \'supplier_url\': \'https://www.poundwholesale.co.uk/rapide-easy-grease-spray-250ml\'}, {\'supplier_ean\': \'5052578642705\', \'amazon_asin\': \'B07X22PHWJ\', \'supplier_title\': \'Bettina Chamois Demist & Dashboard Pad\', \'amazon_title\': \'Airlab\', \'supplier_price\': 0.75, \'amazon_price\': None, \'match_method\': \'EAN\', \'confidence\': \'high\', \'created_at\': \'2025-07-18T10:21:28.626273\', \'supplier_url\': \'https://www.poundwholesale.co.uk/bettina-chamois-demist-dashboard-pad\'}, {\'supplier_ean\': \'5052578633000\', \'amazon_asin\': \'B0F6K65PZT\', \'supplier_title\': \'Bettina Microfibre Mitt\', \'amazon_title\': \'Fogcosy\', \'supplier_price\': 0.95, \'amazon_price\': None, \'match_method\': \'EAN\', \'confidence\': \'high\', \'created_at\': \'2025-07-18T10:21:41.310298\', \'supplier_url\': \'https://www.poundwholesale.co.uk/microfibre-mit-highly-effective-wet-or-dry\'}, {\'supplier_ean\': \'5053249245669\', \'amazon_asin\': \'B0BLL1K79V\', \'supplier_title\': \'Car Pride Blue Microfibre Glass Cloth\', \'amazon_title\': \'Car-pride Glass Microfibre Cloth\', \'supplier_price\': 0.74, \'amazon_price\': 4.99, \'match_method\': \'EAN\', \'confidence\': \'high\', \'created_at\': \'2025-07-18T10:22:28.491046\', \'supplier_url\': \'https://www.poundwholesale.co.uk/car-pride-blue-microfibre-glass-cloth\'}, {\'supplier_ean\': \'5055056770785\', \'amazon_asin\': \'B0BLGR29X6\', \'supplier_title\': \'Millions Sour Strawberry 3D Car Air Freshener\', \'amazon_title\': \'Evair\', \'supplier_price\': 0.38, \'amazon_price\': None, \'match_method\': \'EAN\', \'confidence\': \'high\', \'created_at\': \'2025-07-18T10:22:40.894972\', \'supplier_url\': \'https://www.poundwholesale.co.uk/millions-sour-strawberry-3d-car-air-freshener\'}, {\'supplier_ean\': \'5053249248714\', \'amazon_asin\': \'B006T2450O\', \'supplier_title\': \'Car-Pride White Gloss Spray Paint 400ml\', \'amazon_title\': \'Tetrion\', \'supplier_price\': 1.73, \'amazon_price\': None, \'match_method\': \'EAN\', \'confidence\': \'high\', \'created_at\': \'2025-07-18T10:22:54.011676\', \'supplier_url\': \'https://www.poundwholesale.co.uk/car-pride-white-gloss-spray-paint-400ml\'}, {\'supplier_ean\': \'5055056731885\', \'amazon_asin\': \'B09LHBY2GF\', \'supplier_title\': \'Guilty Pleasures Vanilla & Cherry Cupcake 3D Car Air Freshener\', \'amazon_title\': \'Guilty Pleasure 3D Vanilla CAR FRESHENER\', \'supplier_price\': 0.38, \'amazon_price\': 3.99, \'match_method\': \'EAN\', \'confidence\': \'high\', \'created_at\': \'2025-07-18T10:23:41.006634\', \'supplier_url\': \'https://www.poundwholesale.co.uk/guilty-pleasures-vanilla-cherry-cupcake-3d-car-air-freshener\'}, {\'supplier_ean\': \'5055319531733\', \'amazon_asin\': \'B004SMKX7Q\', \'supplier_title\': \'Auto Extreme Professional Black Alloy Wheel Spray Paint 400ml\', \'amazon_title\': \'Hycote\', \'supplier_price\': 1.81, \'amazon_price\': None, \'match_method\': \'EAN\', \'confidence\': \'high\', \'created_at\': \'2025-07-18T10:23:55.039262\', \'supplier_url\': \'https://www.poundwholesale.co.uk/auto-extreme-professional-black-alloy-wheel-spray-paint-400ml\'}, {\'supplier_ean\': \'5055441459684\', \'amazon_asin\': \'B0DL9TR7T2\', \'supplier_title\': \'Goodyear 2-in-1 Telescopic Handle Scraper\', \'amazon_title\': \'Goodyear Telescopic Handle Scraper - Adjustable Ice Scraper with Extendable Handle | Sturdy Blade for Snow & Ice Removal | Ergonomic Grip | Compact and Durable Design | Ideal for Cars, Trucks & SUVs\', \'supplier_price\': 4.04, \'amazon_price\': 9.21, \'match_method\': \'EAN\', \'confidence\': \'high\', \'created_at\': \'2025-07-18T10:24:48.156817\', \'supplier_url\': \'https://www.poundwholesale.co.uk/goodyear-2-in-1-telescopic-handle-scraper\'}, {\'supplier_ean\': \'5055441427348\', \'amazon_asin\': \'B06XPVGMV8\', \'supplier_title\': \'Goodyear Portable Car Vacuum Cleaner 12V\', \'amazon_title\': \'Goodyear 12V DC Car/Van Cigarette Lighter Corded Vacuum Cleaner Powerful Suction\', \'supplier_price\': 5.72, \'amazon_price\': 10.99, \'match_method\': \'EAN\', \'confidence\': \'high\', \'created_at\': \'2025-07-18T10:25:44.453432\', \'supplier_url\': \'https://www.poundwholesale.co.uk/goodyear-portable-car-vacuum-cleaner-12v\'}, {\'supplier_ean\': \'5055319517027\', \'amazon_asin\': \'B01EQ7TPJE\', \'supplier_title\': \'Rapide DP-60 Multipurpose Maintenance Spray 750ml\', \'amazon_title\': \'Maintenance Oil 750ml Spray Can (DP60)\', \'supplier_price\': 2.77, \'amazon_price\': 6.95, \'match_method\': \'EAN\', \'confidence\': \'high\', \'created_at\': \'2025-07-18T10:26:39.185617\', \'supplier_url\': \'https://www.poundwholesale.co.uk/rapide-dp-60-multipurpose-maintenance-spray-750ml\'}, {\'supplier_ean\': \'5038673410708\', \'amazon_asin\': \'B0D1Y8TCDS\', \'supplier_title\': \'Car Air Fresheners Leaf Assorted CDU\', \'amazon_title\': \'Ikeda Car Fragrance: Hanging Car Air Freshener | 10ml Hanging Car Decoration | 45 Days Long Lasting Fragrance | With Clip | For Car Home | 1 Piece (10ml x 1 Piece, Coconut)\', \'supplier_price\': 0.33, \'amazon_price\': None, \'match_method\': \'EAN\', \'confidence\': \'high\', \'created_at\': \'2025-07-18T10:26:52.496784\', \'supplier_url\': \'https://www.poundwholesale.co.uk/car-air-fresheners-leaf-assorted-cdu\'}, {\'supplier_ean\': \'5053249224053\', \'amazon_asin\': \'B0DMN8CMH8\', \'supplier_title\': \'Tango Car Air Freshener Assorted\', \'amazon_title\': \'10/50/100PCS Custom LOGO Car Bulk Air Fresheners, Custom Air Fresheners for Car Bulk, Air Freshener with Photo, Double-Sided Personalised Photo and Text Car Air Fresheners (10Pcs Square)\', \'supplier_price\': 0.76, \'amazon_price\': None, \'match_method\': \'EAN\', \'confidence\': \'high\', \'created_at\': \'2025-07-18T10:27:03.571134\', \'supplier_url\': \'https://www.poundwholesale.co.uk/tango-car-air-freshener-assorted\'}, {\'supplier_ean\': \'5050375051270\', \'amazon_asin\': \'B00BPN9Z2A\', \'supplier_title\': \'Car Pride Alloy Wheel Cleaning Brush\', \'amazon_title\': \'Car Pride ALLOY WHEEL BRUSH\', \'supplier_price\': 0.71, \'amazon_price\': 3.95, \'match_method\': \'EAN\', \'confidence\': \'high\', \'created_at\': \'2025-07-18T10:27:53.467488\', \'supplier_url\': \'https://www.poundwholesale.co.uk/car-pride-alloy-wheel-cleaning-brush\'}, {\'supplier_ean\': \'5055319519250\', \'amazon_asin\': \'B01MT7OBIO\', \'supplier_title\': \'Auto Extreme Professional Clear Lacquer Spray 400ml\', \'amazon_title\': \'Auto Extreme Clear Lacquer Spray Paint 400ml\', \'supplier_price\': 1.82, \'amazon_price\': 5.32, \'match_method\': \'EAN\', \'confidence\': \'high\', \'created_at\': \'2025-07-18T10:28:54.182013\', \'supplier_url\': \'https://www.poundwholesale.co.uk/auto-extreme-professional-clear-lacquer-spray-400ml\'}, {\'supplier_ean\': \'5055441446578\', \'amazon_asin\': \'B0993MX5GX\', \'supplier_title\': \'Goodyear Waterless Wash & Wax 750ml\', \'amazon_title\': \'GOODYEAR WATERLESS WASH N WAX SPRAY 750ML\', \'supplier_price\': 2.06, \'amazon_price\': 5.93, \'match_method\': \'EAN\', \'confidence\': \'high\', \'created_at\': \'2025-07-18T10:29:47.233890\', \'supplier_url\': \'https://www.poundwholesale.co.uk/goodyear-waterless-wash-wax-750ml\'}, {\'supplier_ean\': \'5055319519113\', \'amazon_asin\': \'B07NJGQ85R\', \'supplier_title\': \'Auto Extreme Automotive Silver Spray Paint 250ml\', \'amazon_title\': \'Auto Extreme Auto Spray Paint Silver, 250 ml\', \'supplier_price\': 0.92, \'amazon_price\': 4.1, \'match_method\': \'EAN\', \'confidence\': \'high\', \'created_at\': \'2025-07-18T10:30:42.274698\', \'supplier_url\': \'https://www.poundwholesale.co.uk/auto-extreme-automotive-silver-spray-paint-250ml\'}, {\'supplier_ean\': \'5055441452210\', \'amazon_asin\': \'B0DH8DT3MS\', \'supplier_title\': \'Goodyear Natural Leather Chamois Cloth Xl\', \'amazon_title\': \'Goodyear Xl Genuine Leather Chamois -natural Chamois, Super Absorbent, Streak, Scratch Free, With Greater Tolerance To Car Cleaners| Stays Soft When Drying| Ideal For Cleaning Of Interior And Exterior\', \'supplier_price\': 3.83, \'amazon_price\': 5.99, \'match_method\': \'EAN\', \'confidence\': \'high\', \'created_at\': \'2025-07-18T10:31:39.934257\', \'supplier_url\': \'https://www.poundwholesale.co.uk/goodyear-natural-leather-chamois-cloth-xl\'}, {\'supplier_ean\': \'5050375045439\', \'amazon_asin\': \'B003L6U0NC\', \'supplier_title\': \'Car-Pride Microfibre Mitt 3 Assorted Colours\', \'amazon_title\': \'Car Pride Microfibre Magic Mitt - Dusts, Scrubs, Cleans and Polishes\', \'supplier_price\': 0.98, \'amazon_price\': 4.34, \'match_method\': \'EAN\', \'confidence\': \'high\', \'created_at\': \'2025-07-18T10:32:54.935150\', \'supplier_url\': \'https://www.poundwholesale.co.uk/microfibre-mitt\'}, {\'supplier_ean\': \'5055441446516\', \'amazon_asin\': \'B0D9YH94ZQ\', \'supplier_title\': \'Goodyear Gloss Tyre Shine 750ml\', \'amazon_title\': \'Auto Xpert Slick Shine, Premium Tyre Dressing, Long Lasting Wet-Look Finish, Protects Against Water and Dust, Easy to Apply, All Weather Tyre Protection. (5 Litre)\', \'supplier_price\': 1.39, \'amazon_price\': None, \'match_method\': \'EAN\', \'confidence\': \'high\', \'created_at\': \'2025-07-18T10:33:09.394012\', \'supplier_url\': \'https://www.poundwholesale.co.uk/goodyear-gloss-tyre-shine-750ml\'}, {\'supplier_ean\': \'5055441449166\', \'amazon_asin\': \'B0D11XP9V1\', \'supplier_title\': \'Goodyear Microfibre Buffing Cloth Large 40cm\', \'amazon_title\': \'Goodyear Microfibre Buffing Cloth I Specially designed microfibre cloth for polishing and buffing your vehicle | Showroom finish | Microfibre attract more dirt than normal cloth | Machine washable\', \'supplier_price\': 0.85, \'amazon_price\': 1.99, \'match_method\': \'EAN\', \'confidence\': \'high\', \'created_at\': \'2025-07-18T10:34:04.595027\', \'supplier_url\': \'https://www.poundwholesale.co.uk/goodyear-microfibre-buffing-cloth-large-40cm\'}, {\'supplier_ean\': \'5055319529877\', \'amazon_asin\': \'B07Y1V1WMW\', \'supplier_title\': \'Rapide Copper Grease Spray 250ml\', \'amazon_title\': \'Rapide 300ml Copper Grease Aerosol Spray Lubricant Can Anti Seize Brake Pad Squeal Oil\', \'supplier_price\': 1.07, \'amazon_price\': 4.95, \'match_method\': \'EAN\', \'confidence\': \'high\', \'created_at\': \'2025-07-18T10:34:58.176694\', \'supplier_url\': \'https://www.poundwholesale.co.uk/rapide-copper-grease-spray-250ml\'}, {\'supplier_ean\': \'5055441446752\', \'amazon_asin\': \'B0DJWDHG1Y\', \'supplier_title\': \'Goodyear Hydrophobic Polymer Formulation Wash & Wax 2.5l\', \'amazon_title\': \'Goodyear Wash And Wax Hydrophobic Polymer 2.5 Ltr | Leaves A Glossy Just Waxed Deep Protective Shine | Polymer-acrylic Polyethylene Copolymer Wax | Effectively Cleans Dirt And Grime From Your Vehicle\', \'supplier_price\': 3.05, \'amazon_price\': 5.99, \'match_method\': \'EAN\', \'confidence\': \'high\', \'created_at\': \'2025-07-18T10:35:51.556162\', \'supplier_url\': \'https://www.poundwholesale.co.uk/goodyear-hydrophobic-polymer-formulation-wash-wax-2-5l\'}, {\'supplier_ean\': \'5055056731892\', \'amazon_asin\': \'B094HGXWJC\', \'supplier_title\': \'Guilty Pleasures Strawberry Doughnut 3D Car Air Freshener\', \'amazon_title\': \'GUILTY PLEASURES STRAWBERRY DOUGHNUT 3D CAR AIR FRESHENER\', \'supplier_price\': 0.38, \'amazon_price\': 1.5, \'match_method\': \'EAN\', \'confidence\': \'high\', \'created_at\': \'2025-07-18T10:36:38.989576\', \'supplier_url\': \'https://www.poundwholesale.co.uk/guilty-pleasures-strawberry-doughnut-3d-car-air-freshener\'}, {\'supplier_ean\': \'5055319519236\', \'amazon_asin\': \'B07NJGT1BN\', \'supplier_title\': \'Auto Extreme Professional Grey Primer Spray Paint 400ml\', \'amazon_title\': \'Auto Extreme Auto Extreme Grey Primer, 400 ml\', \'supplier_price\': 1.82, \'amazon_price\': 5.44, \'match_method\': \'EAN\', \'confidence\': \'high\', \'created_at\': \'2025-07-18T10:37:31.087578\', \'supplier_url\': \'https://www.poundwholesale.co.uk/auto-extreme-professional-grey-primer-spray-paint-400ml\'}, {\'supplier_ean\': \'5055441453309\', \'amazon_asin\': \'B094DFY8PC\', \'supplier_title\': \'Goodyear Anti-Smear Blue Screenwash 5L\', \'amazon_title\': \'Prestone\', \'supplier_price\': 2.7, \'amazon_price\': None, \'match_method\': \'EAN\', \'confidence\': \'high\', \'created_at\': \'2025-07-18T10:37:44.323618\', \'supplier_url\': \'https://www.poundwholesale.co.uk/goodyear-anti-smear-blue-screenwash-5l\'}, {\'supplier_ean\': \'5055319558839\', \'amazon_asin\': \'B0CTCSZD1T\', \'supplier_title\': \'Auto Extreme Microfibre Wheel Wash Brush 46cm\', \'amazon_title\': \'Xtremeauto\', \'supplier_price\': 2.79, \'amazon_price\': None, \'match_method\': \'EAN\', \'confidence\': \'high\', \'created_at\': \'2025-07-18T10:37:55.429624\', \'supplier_url\': \'https://www.poundwholesale.co.uk/auto-extreme-microfibre-wheel-wash-brush-46cm\'}, {\'supplier_ean\': \'5055319511995\', \'amazon_asin\': \'B09C44BVZY\', \'supplier_title\': \'Auto Extreme Professional Red Gloss Brake Caliper Spray Paint 400ml\', \'amazon_title\': \'Tailored Paint\', \'supplier_price\': 2.73, \'amazon_price\': None, \'match_method\': \'EAN\', \'confidence\': \'high\', \'created_at\': \'2025-07-18T10:38:08.805743\', \'supplier_url\': \'https://www.poundwholesale.co.uk/auto-extreme-professional-red-gloss-brake-caliper-spray-paint-400ml\'}, {\'supplier_ean\': \'5055319519205\', \'amazon_asin\': \'B09DYZTY7G\', \'supplier_title\': \'Auto Extreme Professional Black Matt Spray Paint 400ml\', \'amazon_title\': \'Classic Signature - 1 x Auto Extreme Black Matt Spray Paint 400ml, Professional Quality, Perfect Finish for Cars, Bikes,Vans, Metal, Wood\', \'supplier_price\': 1.82, \'amazon_price\': 6.89, \'match_method\': \'EAN\', \'confidence\': \'high\', \'created_at\': \'2025-07-18T10:38:58.185842\', \'supplier_url\': \'https://www.poundwholesale.co.uk/auto-extreme-professional-black-matt-spray-paint-400ml\'}, {\'supplier_ean\': \'5055319531818\', \'amazon_asin\': \'B000LD4V2E\', \'supplier_title\': \'Auto Extreme Professional Black Bumper & Trim Spray Paint 400ml\', \'amazon_title\': \'Hycote\', \'supplier_price\': 1.81, \'amazon_price\': None, \'match_method\': \'EAN\', \'confidence\': \'high\', \'created_at\': \'2025-07-18T10:39:11.840698\', \'supplier_url\': \'https://www.poundwholesale.co.uk/auto-extreme-professional-black-bumper-trim-spray-paint-400ml\'}, {\'supplier_ean\': \'5053249226576\', \'amazon_asin\': \'B07CZHPQRY\', \'supplier_title\': \'151 Super Maintenance Spray 200ml\', \'amazon_title\': \'151 Products 2X Super Multipurpose Oil - 200ml, 20ml x 10, Bike Chain, Multipurpose, 0.26kg\', \'supplier_price\': 1.14, \'amazon_price\': 5.28, \'match_method\': \'EAN\', \'confidence\': \'high\', \'created_at\': \'2025-07-18T10:40:10.708714\', \'supplier_url\': \'https://www.poundwholesale.co.uk/supermaintenance-spray-300ml\'}, {\'supplier_ean\': \'5050375083813\', \'amazon_asin\': \'B0DG2QVKZL\', \'supplier_title\': \'Car Pride Interior Clean & Shine 300ml\', \'amazon_title\': \'Hoover HF1 Plus Cordless Stick Vacuum Cleaner with Turbo Suction Mode, Up to 45 Min Runtime, LED Lights, Multi-Floor Nozzle, Anti Hair Wrap, Handheld Capability, 165w [HF1P10H]\', \'supplier_price\': 0.95, \'amazon_price\': 99.0, \'match_method\': \'EAN\', \'confidence\': \'high\', \'created_at\': \'2025-07-18T10:41:15.031823\', \'supplier_url\': \'https://www.poundwholesale.co.uk/interior-clean-shine-300ml\'}, {\'supplier_ean\': \'5055319519120\', \'amazon_asin\': \'B07NJGQFPJ\', \'supplier_title\': \'Auto Extreme Automotive White Primer Spray Paint 250ml\', \'amazon_title\': \'Auto Extreme Auto Spray White Primer, 250 ml\', \'supplier_price\': 0.92, \'amazon_price\': 5.19, \'match_method\': \'EAN\', \'confidence\': \'high\', \'created_at\': \'2025-07-18T10:42:08.243130\', \'supplier_url\': \'https://www.poundwholesale.co.uk/auto-extreme-automotive-white-primer-spray-paint-250ml\'}, {\'supplier_ean\': \'5055441449128\', \'amazon_asin\': \'B0DF3573G7\', \'supplier_title\': \'Goodyear Microfibre Wash & Dry Cloth Large 40cm\', \'amazon_title\': \'Goodyear Microfibre Wash and Dry Cloth Large Specially designed microfibre cloth for washing and drying your vehicle |Dual purpose |Microfibres attract more dirt than a normal cloth| Machine washable\', \'supplier_price\': 0.8, \'amazon_price\': 5.03, \'match_method\': \'EAN\', \'confidence\': \'high\', \'created_at\': \'2025-07-18T10:42:56.491855\', \'supplier_url\': \'https://www.poundwholesale.co.uk/goodyear-microfibre-wash-dry-cloth-large-40cm\'}, {\'supplier_ean\': \'5050375084087\', \'amazon_asin\': \'B004V424UK\', \'supplier_title\': \'Car Pride Tyre Shine 300ml\', \'amazon_title\': \'151 CAR VAN BIKE TYRE SHINE WET LOOK SPRAY BLACK\', \'supplier_price\': 0.93, \'amazon_price\': 4.2, \'match_method\': \'EAN\', \'confidence\': \'high\', \'created_at\': \'2025-07-18T10:43:52.714822\', \'supplier_url\': \'https://www.poundwholesale.co.uk/tyre-shine-300ml\'}, {\'supplier_ean\': \'5052578042604\', \'amazon_asin\': \'B089P24HXC\', \'supplier_title\': \'Bettina Natural Chamois Leather Cloth 30cm X 30cm\', \'amazon_title\': \'CarMax® English Premium Grade Natural Chamois Leather - Large - Perfect for drying off the whole car, glass, mirrors, inside and out, super soft and highly absorbent, Made in the UK\', \'supplier_price\': 0.91, \'amazon_price\': None, \'match_method\': \'EAN\', \'confidence\': \'high\', \'created_at\': \'2025-07-18T10:44:06.608980\', \'supplier_url\': \'https://www.poundwholesale.co.uk/bettina-chamois-leather-cloth\'}, {\'supplier_ean\': \'5055319512008\', \'amazon_asin\': \'B0D6N5WJK2\', \'supplier_title\': \'Auto Extreme Professional Yellow Gloss Brake Caliper Spray Paint 400ml\', \'amazon_title\': \'AX PRO Break Caliper Spray Yellow Gloss 400ml\', \'supplier_price\': 2.73, \'amazon_price\': 4.87, \'match_method\': \'EAN\', \'confidence\': \'high\', \'created_at\': \'2025-07-18T10:44:49.215843\', \'supplier_url\': \'https://www.poundwholesale.co.uk/auto-extreme-professional-yellow-gloss-brake-caliper-spray-paint-400ml\'}, {\'supplier_ean\': \'5055441452173\', \'amazon_asin\': \'B0DF358GFW\', \'supplier_title\': \'Goodyear Microfibre Window Cloth Large 40cm X 40cm\', \'amazon_title\': \'Goodyear microfibre Window Cloth I Designed Microfiber Cloth for windscreens, windows and mirrors| Statically charged cleaning| Leaves lint free finish| Ideal for effective cleaning of glass surfaces\', \'supplier_price\': 1.06, \'amazon_price\': 1.99, \'match_method\': \'EAN\', \'confidence\': \'high\', \'created_at\': \'2025-07-18T10:45:39.365206\', \'supplier_url\': \'https://www.poundwholesale.co.uk/goodyear-microfibre-window-cloth-large-40cm-x-40cm\'}, {\'supplier_ean\': \'5052578414708\', \'amazon_asin\': \'B0BG8HY6NL\', \'supplier_title\': \'Bettina Giant Car Sponge\', \'amazon_title\': \'Xtremeauto\', \'supplier_price\': 0.87, \'amazon_price\': None, \'match_method\': \'EAN\', \'confidence\': \'high\', \'created_at\': \'2025-07-18T10:45:52.603673\', \'supplier_url\': \'https://www.poundwholesale.co.uk/bettina-giant-car-sponge\'}, {\'supplier_ean\': \'5050375083967\', \'amazon_asin\': \'B004V423RY\', \'supplier_title\': \'Car Pride Window & Mirror Cleaner 300ml\', \'amazon_title\': \'WINDOW MIRROR GLASS CERAMIC CLEANER - NON SMEAR\', \'supplier_price\': 0.97, \'amazon_price\': 4.45, \'match_method\': \'EAN_cached\', \'confidence\': \'low\', \'created_at\': \'2025-07-18T10:45:52.672388\', \'supplier_url\': \'https://www.poundwholesale.co.uk/window-mirror-cleaner-300ml\'}, {\'supplier_ean\': \'5055441444536\', \'amazon_asin\': \'B0DF33XNMX\', \'supplier_title\': \'Goodyear Luxury Deep Pile Microfibre 2-In-1 Valet Cloth 45cm X 38cm\', \'amazon_title\': \'Goodyear Luxury Valet Cloth Large Deep pile for absorbency| For showroom perfect finish |2 in 1 luxury car cloth| Microfibre technology| Cleaning fibre| Satin safety edging protects against scratching\', \'supplier_price\': 3.02, \'amazon_price\': 7.0, \'match_method\': \'EAN\', \'confidence\': \'high\', \'created_at\': \'2025-07-18T10:46:44.263284\', \'supplier_url\': \'https://www.poundwholesale.co.uk/goodyear-luxury-deep-pile-microfibre-2-in-1-valet-cloth-45cm-x-38cm\'}, {\'supplier_ean\': \'5055441446554\', \'amazon_asin\': \'B0DJWFVY3H\', \'supplier_title\': \'Goodyear Snow Foam Pre-Wash Shampoo 1l\', \'amazon_title\': \'Goodyear 1L Snow Foam Cherry Scent Pressure Washer Or Foam Lancer | Covers The Vehicle In A Rich Blanket Of Foam | Gently Loosen Dirt & Heavy Soiling | More Concentrated Solution The Thicker The Foam\', \'supplier_price\': 2.54, \'amazon_price\': 7.99, \'match_method\': \'EAN\', \'confidence\': \'high\', \'created_at\': \'2025-07-18T10:47:33.544513\', \'supplier_url\': \'https://www.poundwholesale.co.uk/goodyear-cherry-snow-form-pre-wash-shampoo-1l\'}, {\'supplier_ean\': \'5055319519021\', \'amazon_asin\': \'B09FLXRC5F\', \'supplier_title\': \'Auto Extreme Automotive White Gloss Spray Paint 250ml\', \'amazon_title\': \'Classic Signature - 1 x Auto Extreme White Gloss Spray Paint 250ml Professional Quality, Perfect Finish for Cars, Bikes,Vans, Metal, Wood\', \'supplier_price\': 0.92, \'amazon_price\': 5.47, \'match_method\': \'EAN\', \'confidence\': \'high\', \'created_at\': \'2025-07-18T10:48:41.581930\', \'supplier_url\': \'https://www.poundwholesale.co.uk/auto-extreme-automotive-white-gloss-spray-paint-250ml\'}, {\'supplier_ean\': \'5055319519274\', \'amazon_asin\': \'B09F9MVQS1\', \'supplier_title\': \'Auto Extreme Professional Blue Gloss Spray Paint 400ml\', \'amazon_title\': \'Classic Signature - 1 x Auto Extreme Blue Gloss Spray Paint 400ml, Professional Quality, Perfect Finish for Cars, Bikes,Vans, Metal, Wood\', \'supplier_price\': 1.82, \'amazon_price\': 6.89, \'match_method\': \'EAN\', \'confidence\': \'high\', \'created_at\': \'2025-07-18T10:49:36.222143\', \'supplier_url\': \'https://www.poundwholesale.co.uk/auto-extreme-professional-blue-gloss-spray-paint-400ml\'}, {\'supplier_ean\': \'5050375127340\', \'amazon_asin\': \'B076DD8QMP\', \'supplier_title\': \'Tango Car Air Freshener CDU Assorted Fragrances\', \'amazon_title\': \'Tango Liquid Car Air Freshener 4pk - Cherry Orange Apple & Lemon\', \'supplier_price\': 0.74, \'amazon_price\': 5.49, \'match_method\': \'EAN\', \'confidence\': \'high\', \'created_at\': \'2025-07-18T10:50:21.970905\', \'supplier_url\': \'https://www.poundwholesale.co.uk/tango-car-air-freshener-cdu-assorted-fragrances\'}, {\'supplier_ean\': \'5055319519243\', \'amazon_asin\': \'B07NJHJC44\', \'supplier_title\': \'Auto Extreme Professional Silver Wheel Spray Paint 400ml\', \'amazon_title\': \'Auto Extreme Silver Wheel, 400 ml\', \'supplier_price\': 1.82, \'amazon_price\': 5.5, \'match_method\': \'EAN\', \'confidence\': \'high\', \'created_at\': \'2025-07-18T10:51:15.720754\', \'supplier_url\': \'https://www.poundwholesale.co.uk/auto-extreme-professional-silver-wheel-spray-paint-400ml\'}, {\'supplier_ean\': \'5055319530798\', \'amazon_asin\': \'B0BZQ9D3SS\', \'supplier_title\': \'Auto Extreme Ocean Breeze In-Car Fragrance Air Freshener Spray 100ml\', \'amazon_title\': \'Car Air Freshener for Men with Vent Clip | Strong Perfume Automotive Air Freshener | Odour Eliminating Technology with Vent Clip | Car Air Fresheners by Perfa\', \'supplier_price\': 0.65, \'amazon_price\': None, \'match_method\': \'EAN\', \'confidence\': \'high\', \'created_at\': \'2025-07-18T10:51:27.401020\', \'supplier_url\': \'https://www.poundwholesale.co.uk/auto-extreme-ocean-breeze-in-car-fragrance-air-freshener-spray-100ml\'}, {\'supplier_ean\': \'5052578047807\', \'amazon_asin\': \'B0FB44TV8Y\', \'supplier_title\': \'Bettina Microfibre Ultra Buff Car Cloths 3pc\', \'amazon_title\': \'Towelogy\', \'supplier_price\': 1.79, \'amazon_price\': None, \'match_method\': \'EAN\', \'confidence\': \'high\', \'created_at\': \'2025-07-18T10:51:38.488644\', \'supplier_url\': \'https://www.poundwholesale.co.uk/bettina-microfibre-ultra-buff-car-cloths-3pc\'}, {\'supplier_ean\': \'5055441446714\', \'amazon_asin\': \'B0DFPVL488\', \'supplier_title\': \'Goodyear Silicone Window Squeegee 30cm\', \'amazon_title\': \'Goodyear Silicone Window Squeegee Ideal For Car Bodywork, Showers, Windows And Other Smooth Surfaces| Soft Silicone Blade| Removes 95% Of Standing Water| V-shaped Grip| Reusable And Long Lasting\', \'supplier_price\': 1.99, \'amazon_price\': 3.99, \'match_method\': \'EAN\', \'confidence\': \'high\', \'created_at\': \'2025-07-18T10:52:28.920921\', \'supplier_url\': \'https://www.poundwholesale.co.uk/goodyear-silicone-window-squeegee-30cm\'}, {\'supplier_ean\': \'5055319528030\', \'amazon_asin\': \'B0DJM5VWR6\', \'supplier_title\': \'Rapide DP-60 Penetrating Maintenance Spray 100ml CDU\', \'amazon_title\': \'PNJB\', \'supplier_price\': 0.79, \'amazon_price\': None, \'match_method\': \'EAN\', \'confidence\': \'high\', \'created_at\': \'2025-07-18T10:52:43.308895\', \'supplier_url\': \'https://www.poundwholesale.co.uk/rapide-dp-60-penetrating-maintenance-spray-100ml-cdu\'}, {\'supplier_ean\': \'5052578047708\', \'amazon_asin\': \'B09D7HXXXT\', \'supplier_title\': \'Bettina Assorted Microfibre Car Rags Bag\', \'amazon_title\': \'MR.SIGA\', \'supplier_price\': 1.79, \'amazon_price\': None, \'match_method\': \'EAN\', \'confidence\': \'high\', \'created_at\': \'2025-07-18T10:52:56.953180\', \'supplier_url\': \'https://www.poundwholesale.co.uk/bettina-assorted-microfibre-car-rags-bag\'}, {\'supplier_ean\': \'8008990001061\', \'amazon_asin\': \'B00BFXBBHM\', \'supplier_title\': \'Classic Professional Car Sponge 15cm X 11cm X 5.5cm\', \'amazon_title\': \'Générique Auto Care – Wash Synthetic Sponge Pro Classic\', \'supplier_price\': 0.62, \'amazon_price\': 3.89, \'match_method\': \'EAN\', \'confidence\': \'high\', \'created_at\': \'2025-07-18T10:53:42.902436\', \'supplier_url\': \'https://www.poundwholesale.co.uk/classic-professional-car-sponge-15cm-x-11cm-x-5-5cm\'}, {\'supplier_ean\': \'5055319529891\', \'amazon_asin\': \'B0CXN6VDPT\', \'supplier_title\': \'Rapide Multi Lube Oil Spray 250ml\', \'amazon_title\': \'Multi Lube Oil Spray High Performance Lubricates Cleans Prevents Rust - 300ml\', \'supplier_price\': 1.07, \'amazon_price\': 5.49, \'match_method\': \'EAN\', \'confidence\': \'high\', \'created_at\': \'2025-07-18T10:54:33.090475\', \'supplier_url\': \'https://www.poundwholesale.co.uk/rapide-multi-lube-oil-spray-250ml\'}, {\'supplier_ean\': \'5055319599559\', \'amazon_asin\': \'B07NJGVPVQ\', \'supplier_title\': \'Auto Extreme Professional Chrome Effect Spray Paint 400ml\', \'amazon_title\': \'Auto Extreme Auto Spray Chrome, 400 ml\', \'supplier_price\': 2.03, \'amazon_price\': 4.99, \'match_method\': \'EAN\', \'confidence\': \'high\', \'created_at\': \'2025-07-18T10:55:42.978833\', \'supplier_url\': \'https://www.poundwholesale.co.uk/auto-extreme-professional-chrome-effect-spray-paint-400ml\'}, {\'supplier_ean\': \'5053249228563\', \'amazon_asin\': \'B07R97BMMC\', \'supplier_title\': \'Carpride Alloy Wheel Spray Paint Matt Black\', \'amazon_title\': \'Car Pride 400ml High Grade Car Alloy Wheel Matt Black Fantastic Finish Surface Aerosol Spray Paint Can\', \'supplier_price\': 1.67, \'amazon_price\': 5.69, \'match_method\': \'EAN\', \'confidence\': \'high\', \'created_at\': \'2025-07-18T10:56:35.936258\', \'supplier_url\': \'https://www.poundwholesale.co.uk/carpride-alloy-wheel-spray-paint-matt-black\'}, {\'supplier_ean\': \'5055319519045\', \'amazon_asin\': \'B07NJFYFZR\', \'supplier_title\': \'Auto Extreme Silver Wheel Spray Paint 250ml\', \'amazon_title\': \'Auto Extreme Auto Spray Silver Wheel, 250 ml\', \'supplier_price\': 0.92, \'amazon_price\': 4.5, \'match_method\': \'EAN\', \'confidence\': \'high\', \'created_at\': \'2025-07-18T10:57:32.469691\', \'supplier_url\': \'https://www.poundwholesale.co.uk/auto-extreme-silver-wheel-spray-paint-250ml\'}, {\'supplier_ean\': \'5055319519212\', \'amazon_asin\': \'B09DYXN6YF\', \'supplier_title\': \'Auto Extreme Professional Black Gloss Spray Paint 400ml\', \'amazon_title\': \'Classic Signature - 1 x Auto Extreme Black Gloss Spray Paint 400ml, Professional Quality, Perfect Finish for Cars, Bikes,Vans, Metal, Wood\', \'supplier_price\': 1.82, \'amazon_price\': 6.89, \'match_method\': \'EAN\', \'confidence\': \'high\', \'created_at\': \'2025-07-18T10:58:29.850682\', \'supplier_url\': \'https://www.poundwholesale.co.uk/auto-extreme-professional-black-gloss-spray-paint-400ml\'}, {\'supplier_ean\': \'5056170362405\', \'amazon_asin\': \'B006UCJ5NU\', \'supplier_title\': \'Bloc Multipurpose Penetrating Maintenance Spray 250ml\', \'amazon_title\': \'WD-40 Specialist\', \'supplier_price\': 1.03, \'amazon_price\': None, \'match_method\': \'EAN\', \'confidence\': \'high\', \'created_at\': \'2025-07-18T10:58:41.438173\', \'supplier_url\': \'https://www.poundwholesale.co.uk/bloc-multipurpose-penetrating-maintenance-spray-250ml\'}, {\'supplier_ean\': \'5055319519106\', \'amazon_asin\': \'B09FLX734G\', \'supplier_title\': \'Auto Extreme Automotive Black Satin Spray Paint 250ml\', \'amazon_title\': \'Classic Signature - 1 x Black Satin Auto Extreme Spray Paint 250ml Professional Quality, Perfect Finish for Cars, Bikes,Vans, Metal, Wood\', \'supplier_price\': 0.92, \'amazon_price\': 5.47, \'match_method\': \'EAN\', \'confidence\': \'high\', \'created_at\': \'2025-07-18T10:59:37.654163\', \'supplier_url\': \'https://www.poundwholesale.co.uk/auto-extreme-automotive-black-satin-spray-paint-250ml\'}, {\'supplier_ean\': \'5053249248677\', \'amazon_asin\': \'B000LD4V2E\', \'supplier_title\': \'Car Pride Black Gloss Spray Paint 400ml\', \'amazon_title\': \'Hycote\', \'supplier_price\': 1.73, \'amazon_price\': None, \'match_method\': \'EAN\', \'confidence\': \'high\', \'created_at\': \'2025-07-18T10:59:51.150021\', \'supplier_url\': \'https://www.poundwholesale.co.uk/car-pride-black-gloss-spray-paint-400ml\'}, {\'supplier_ean\': \'5050375064300\', \'amazon_asin\': \'B01M0JVPJD\', \'supplier_title\': \'Car-Pride Quick Fix Tyre Repair 300ml\', \'amazon_title\': \'2 X QUICK FIX CAR EMERGENCY FLAT TYRE INFLATE PUNCTURE REPAIR KIT\', \'supplier_price\': 1.77, \'amazon_price\': 7.74, \'match_method\': \'EAN\', \'confidence\': \'high\', \'created_at\': \'2025-07-18T11:00:47.582374\', \'supplier_url\': \'https://www.poundwholesale.co.uk/quick-fix-tyre-repair\'}, {\'supplier_ean\': \'5055441446530\', \'amazon_asin\': \'B0993N1H9T\', \'supplier_title\': \'Goodyear Car Cockpit Cleaner 750ml\', \'amazon_title\': \'Goodyear Cockpit Cleaner 750ml- Effectively Cleans Dirt, Dust And Grime From the Dashboard And Surroundings| Protects Against Water And Dust Helping to Leave a Showroom Shine| Spray Weight 820g\', \'supplier_price\': 1.39, \'amazon_price\': 5.13, \'match_method\': \'EAN\', \'confidence\': \'high\', \'created_at\': \'2025-07-18T11:01:48.222908\', \'supplier_url\': \'https://www.poundwholesale.co.uk/goodyear-cherry-scent-car-cockpit-cleaner-750ml\'}, {\'supplier_ean\': \'5055319519281\', \'amazon_asin\': \'B07NJGV658\', \'supplier_title\': \'Auto Extreme Professional Yellow Gloss Spray Paint 400ml\', \'amazon_title\': \'Auto Extreme Auto Extreme Yellow, 400 ml\', \'supplier_price\': 1.96, \'amazon_price\': 5.49, \'match_method\': \'EAN\', \'confidence\': \'high\', \'created_at\': \'2025-07-18T11:02:38.788885\', \'supplier_url\': \'https://www.poundwholesale.co.uk/auto-extreme-professional-yellow-gloss-spray-paint-400ml\'}, {\'supplier_ean\': \'5056175980970\', \'amazon_asin\': \'B095HTD46T\', \'supplier_title\': \'Auto Extras Jar Candle Air Freshener 3 Pack Assorted\', \'amazon_title\': \'CRISTALINAS\', \'supplier_price\': 0.54, \'amazon_price\': None, \'match_method\': \'EAN\', \'confidence\': \'high\', \'created_at\': \'2025-07-18T11:02:51.951099\', \'supplier_url\': \'https://www.poundwholesale.co.uk/auto-extras-jar-candle-air-freshener-3-pack-assorted\'}, {\'supplier_ean\': \'5055319529914\', \'amazon_asin\': \'B07XZF187M\', \'supplier_title\': \'Rapide PTFE Lubricant Spray 250ml\', \'amazon_title\': \'Rapide 300ml PTFE Grease Aerosol Spray Lubricant Can Chains Belts Cables Oil\', \'supplier_price\': 1.07, \'amazon_price\': 4.99, \'match_method\': \'EAN\', \'confidence\': \'high\', \'created_at\': \'2025-07-18T11:03:38.329354\', \'supplier_url\': \'https://www.poundwholesale.co.uk/rapide-ptfe-lubricant-spray-250ml\'}, {\'supplier_ean\': \'5055441449203\', \'amazon_asin\': \'B0D12237Y2\', \'supplier_title\': \'Goodyear Expanding Car Cleaning Sponge\', \'amazon_title\': \'Goodyear Tyre and Wheel Deep Cleaning Multi-Purpose Brush | Ideal for Vehicle Tyres | Ergonomic L-Style Handle | Wide Curved Brush Head Covers Larger Surface | Removes Dirt and Grime\', \'supplier_price\': 0.72, \'amazon_price\': 0.99, \'match_method\': \'EAN\', \'confidence\': \'high\', \'created_at\': \'2025-07-18T11:04:31.759859\', \'supplier_url\': \'https://www.poundwholesale.co.uk/goodyear-expanding-car-cleaning-sponge\'}, {\'supplier_ean\': \'5053249229768\', \'amazon_asin\': \'B0BZQ8C6CS\', \'supplier_title\': \'Chupa Chups Car Air Fresheners CDU Assorted Fragrances\', \'amazon_title\': \'One Million Car Air Freshener for Men | Strong Perfume Automotive Freshener | Odour Eliminating Technology with Vent Clip | Long Lasting Car Air Freshener by Perfa\', \'supplier_price\': 0.87, \'amazon_price\': None, \'match_method\': \'EAN\', \'confidence\': \'high\', \'created_at\': \'2025-07-18T11:04:43.364574\', \'supplier_url\': \'https://www.poundwholesale.co.uk/chupa-chups-car-air-fresheners-cdu-assorted-fragrances\'}, {\'supplier_ean\': \'5050375002197\', \'amazon_asin\': \'B01MQHS127\', \'supplier_title\': \'Car Pride Stitched Natural Chamois Leather\', \'amazon_title\': \'151 NATURAL CHAMOIS LEATHER\', \'supplier_price\': 0.85, \'amazon_price\': 3.19, \'match_method\': \'EAN\', \'confidence\': \'high\', \'created_at\': \'2025-07-18T11:06:00.876295\', \'supplier_url\': \'https://www.poundwholesale.co.uk/stitched-natural-chamois-leather\'}, {\'supplier_ean\': \'5055441446431\', \'amazon_asin\': \'B0992QG9QK\', \'supplier_title\': \'Goodyear Instant Valet Upholstery Cleaner 750ml\', \'amazon_title\': \'GOODYEAR INSTANT VALET UPHOLSTERY CLEANER SPRAY 750ML\', \'supplier_price\': 1.4, \'amazon_price\': 5.27, \'match_method\': \'EAN\', \'confidence\': \'high\', \'created_at\': \'2025-07-18T11:06:52.375016\', \'supplier_url\': \'https://www.poundwholesale.co.uk/goodyear-instant-valet-upholstery-cleaner-750ml\'}, {\'supplier_ean\': \'5053249245751\', \'amazon_asin\': \'B0BLL3XTRB\', \'supplier_title\': \'Car Pride Clean & Dry Microfibre Cloth\', \'amazon_title\': \'CARPRIDE® Clean and Dry Microfibre Cloth | For Car Exterior and Interior | 30 x 30 cm | Brown\', \'supplier_price\': 0.76, \'amazon_price\': 2.95, \'match_method\': \'EAN\', \'confidence\': \'high\', \'created_at\': \'2025-07-18T11:07:43.161406\', \'supplier_url\': \'https://www.poundwholesale.co.uk/car-pride-clean-dry-microfibre-cloth\'}, {\'supplier_ean\': \'8008990001047\', \'amazon_asin\': \'B0DJFRHQ3H\', \'supplier_title\': \'Flash Car Synthetic Chamois Large\', \'amazon_title\': \'FLASH\', \'supplier_price\': 1.42, \'amazon_price\': None, \'match_method\': \'EAN\', \'confidence\': \'high\', \'created_at\': \'2025-07-18T11:08:10.161535\', \'supplier_url\': \'https://www.poundwholesale.co.uk/flash-car-synthetic-chamois-large\'}, {\'supplier_ean\': \'5050375084148\', \'amazon_asin\': \'B07FRGHHQR\', \'supplier_title\': \'Car Pride Black Pack 300ml\', \'amazon_title\': \'Car Pride Black Pack Spray For Plastic Bumper & Exterior Trim Restorer 300ml\', \'supplier_price\': 0.93, \'amazon_price\': 4.49, \'match_method\': \'EAN_cached\', \'confidence\': \'low\', \'created_at\': \'2025-07-18T11:08:10.231134\', \'supplier_url\': \'https://www.poundwholesale.co.uk/black-pack-300ml\'}, {\'supplier_ean\': \'5055319519311\', \'amazon_asin\': \'B07NJH9XCY\', \'supplier_title\': \'Auto Extreme Professional Racing Green Gloss Spray Paint 400ml\', \'amazon_title\': \'Auto Extreme Racing Green, 400 ml\', \'supplier_price\': 1.96, \'amazon_price\': 5.65, \'match_method\': \'EAN\', \'confidence\': \'high\', \'created_at\': \'2025-07-18T11:09:04.876820\', \'supplier_url\': \'https://www.poundwholesale.co.uk/auto-extreme-professional-racing-green-gloss-spray-paint-400ml\'}, {\'supplier_ean\': \'5055319519137\', \'amazon_asin\': \'B07NJFXL6R\', \'supplier_title\': \'Auto Extreme Red Primer Spray Paint 250ml\', \'amazon_title\': \'Auto Extreme Auto Spray Red Primer, 250 ml\', \'supplier_price\': 0.92, \'amazon_price\': 4.35, \'match_method\': \'EAN\', \'confidence\': \'high\', \'created_at\': \'2025-07-18T11:09:55.460107\', \'supplier_url\': \'https://www.poundwholesale.co.uk/mean-machine-auto-spray-red-primer-250ml\'}, {\'supplier_ean\': \'5038673050010\', \'amazon_asin\': \'B0FC6D5VDG\', \'supplier_title\': \'Portable Wet & Dry Auto Vacuum Cleaner\', \'amazon_title\': \'HYCHIKA 3 in 1 Wet and Dry Vacuum Cleaner, Power: 1200 W, 20 L Stainless Steel Tank, 6 M+ Cleaning Range (2.5 M Power Cores + 3.5 M Soft & Hard Hose), for Garden Outdoor Floor Sofa Cleaning\', \'supplier_price\': 10.18, \'amazon_price\': None, \'match_method\': \'EAN\', \'confidence\': \'high\', \'created_at\': \'2025-07-18T11:10:08.518609\', \'supplier_url\': \'https://www.poundwholesale.co.uk/portable-wet-dry-auto-vacuum-cleaner\'}, {\'supplier_ean\': \'5052578034708\', \'amazon_asin\': \'B0CKTH6LDT\', \'supplier_title\': \'Bettina Microfibre Car Cloths 2 Pack\', \'amazon_title\': \'CarMax® - Original Twisted Loop Car Drying Towel - Double-Sided XXL - 90cm x 60cm 1400gsm Microfibre Towel for fast streak-free drying and detailing.\', \'supplier_price\': 0.79, \'amazon_price\': 17.99, \'match_method\': \'EAN_cached\', \'confidence\': \'low\', \'created_at\': \'2025-07-18T11:10:08.580003\', \'supplier_url\': \'https://www.poundwholesale.co.uk/3pc-micro-fibre-car-cloths-highly-effective-wet-or-dry\'}, {\'supplier_ean\': \'5055441449142\', \'amazon_asin\': \'B0DF343YX8\', \'supplier_title\': \'Goodyear Microfibre Dusting Cloth Large 60cm X 40cm\', \'amazon_title\': \'Goodyear Microfibre Dusting Cloth I Specially designed microfibre cloth for windscreens, windows and mirrors | Statically charged cleaning fibres attract dust | Leaves a lint free finish | 60m x 40cm\', \'supplier_price\': 0.85, \'amazon_price\': 1.99, \'match_method\': \'EAN\', \'confidence\': \'high\', \'created_at\': \'2025-07-18T11:10:57.177704\', \'supplier_url\': \'https://www.poundwholesale.co.uk/goodyear-microfibre-dusting-cloth-large-60cm-x-40cm\'}, {\'supplier_ean\': \'5055441449180\', \'amazon_asin\': \'B0D3JDFZJC\', \'supplier_title\': \'Goodyear Microfibre Car Cloth Set 4 Pack\', \'amazon_title\': \'Goodyear 4PC Microfibre Cloth Set- microfibre cloths for cleaning your vehicle | Cleaning fibres attract dust | Showroom finish | Machine washable | Dashboard, Buffing, Window cloth | Wash and drying\', \'supplier_price\': 2.59, \'amazon_price\': 4.99, \'match_method\': \'EAN\', \'confidence\': \'high\', \'created_at\': \'2025-07-18T11:11:46.340949\', \'supplier_url\': \'https://www.poundwholesale.co.uk/goodyear-microfibre-car-cloth-set-4-pack\'}, {\'supplier_ean\': \'5055441449104\', \'amazon_asin\': \'B0DH8C367V\', \'supplier_title\': \'Goodyear Synthetic Chamois Cloth\', \'amazon_title\': \'Goodyear Synthetic Chamois -natural Chamois, Super Absorbent, Streak And Scratch Free, With A Greater Tolerance To Modern Car Cleaners| Stays Soft When Drying| Extra Large 72cm x 50cm|Machine Washable\', \'supplier_price\': 1.9, \'amazon_price\': 2.99, \'match_method\': \'EAN\', \'confidence\': \'high\', \'created_at\': \'2025-07-18T11:12:43.381337\', \'supplier_url\': \'https://www.poundwholesale.co.uk/goodyear-synthetic-chamois-cloth\'}, {\'supplier_ean\': \'5055319530736\', \'amazon_asin\': \'B084VTS1NV\', \'supplier_title\': \'Auto Extreme Fresh Linen In-Car Fragrance Air Freshener Spray 100ml\', \'amazon_title\': \'Air Freshener Spray Concentrated Long Lasting Oil Based (New Car)\', \'supplier_price\': 0.65, \'amazon_price\': None, \'match_method\': \'EAN\', \'confidence\': \'high\', \'created_at\': \'2025-07-18T11:12:55.532920\', \'supplier_url\': \'https://www.poundwholesale.co.uk/auto-extreme-fresh-linen-in-car-fragrance-air-freshener-spray-100ml\'}, {\'supplier_ean\': \'5055319519076\', \'amazon_asin\': \'B09FLX3QXD\', \'supplier_title\': \'Auto Extreme Automotive Red Gloss Spray Paint 250ml\', \'amazon_title\': \'Classic Signature - 1 x Auto Extreme Red Gloss Spray Paint 250ml, Professional Quality, Perfect Finish for Cars, Bikes,Vans, Metal, Wood\', \'supplier_price\': 0.92, \'amazon_price\': 5.47, \'match_method\': \'EAN\', \'confidence\': \'high\', \'created_at\': \'2025-07-18T11:13:48.220197\', \'supplier_url\': \'https://www.poundwholesale.co.uk/auto-extreme-automotive-red-gloss-spray-paint-250ml\'}, {\'supplier_ean\': \'5050375003620\', \'amazon_asin\': \'B0DG2QVKZL\', \'supplier_title\': \'Car Pride Luxury Natural Chamois Leather\', \'amazon_title\': \'Hoover HF1 Plus Cordless Stick Vacuum Cleaner with Turbo Suction Mode, Up to 45 Min Runtime, LED Lights, Multi-Floor Nozzle, Anti Hair Wrap, Handheld Capability, 165w [HF1P10H]\', \'supplier_price\': 1.41, \'amazon_price\': 99.0, \'match_method\': \'EAN\', \'confidence\': \'high\', \'created_at\': \'2025-07-18T11:14:56.832846\', \'supplier_url\': \'https://www.poundwholesale.co.uk/car-pride-luxury-natural-chamois-leather\'}, {\'supplier_ean\': \'00994743\', \'amazon_asin\': \'B0CCVFJ94Z\', \'supplier_title\': \'Wilko Ready To Use Screenwash 5l\', \'amazon_title\': \'Rain-X\', \'supplier_price\': 1.42, \'amazon_price\': None, \'match_method\': \'EAN\', \'confidence\': \'high\', \'created_at\': \'2025-07-18T11:15:10.531582\', \'supplier_url\': \'https://www.poundwholesale.co.uk/wilko-ready-to-use-screenwash-5l\'}, {\'supplier_ean\': \'5055319556668\', \'amazon_asin\': \'B0BC1D6KPG\', \'supplier_title\': \'Auto Extreme Car Upholstery Brush 14cm X 6.5cm\', \'amazon_title\': \'15° Curved Car Cleaning Brush with Telescopic Handle 43" Aluminum Alloy Long Rod Wash Mop For Washing Caravan Van Truck Boat RV Roof Soft Chenille Head Duster Clean Product Not Hurt Paint Scratch Free\', \'supplier_price\': 0.97, \'amazon_price\': None, \'match_method\': \'EAN\', \'confidence\': \'high\', \'created_at\': \'2025-07-18T11:15:22.281479\', \'supplier_url\': \'https://www.poundwholesale.co.uk/auto-extreme-car-upholstery-brush-14cm-x-6-5cm\'}, {\'supplier_ean\': \'5050375083783\', \'amazon_asin\': \'B00A3T5F2G\', \'supplier_title\': \'Car Pride Instant Valet 300ml\', \'amazon_title\': \'Carpride Instant Valet Aerosol Spray 300ml\', \'supplier_price\': 0.97, \'amazon_price\': 4.09, \'match_method\': \'EAN_cached\', \'confidence\': \'low\', \'created_at\': \'2025-07-18T11:15:22.357739\', \'supplier_url\': \'https://www.poundwholesale.co.uk/instant-valet-300ml\'}, {\'supplier_ean\': \'5055319512213\', \'amazon_asin\': \'B0F9329VCL\', \'supplier_title\': \'Auto Extreme Car Air Freshener Assorted Fragrances Clip Strip\', \'amazon_title\': \'Automizer - Creed Car Air Freshener for Men - Smart Car Air Freshener Diffuser Aventus Inspired Automatic On/Off Refillable Air Freshner, Gifts for Men/Women\', \'supplier_price\': 0.27, \'amazon_price\': None, \'match_method\': \'EAN\', \'confidence\': \'high\', \'created_at\': \'2025-07-18T11:15:36.157612\', \'supplier_url\': \'https://www.poundwholesale.co.uk/auto-extreme-car-air-freshener-assorted-fragrances-clip-strip\'}, {\'supplier_ean\': \'5053249256832\', \'amazon_asin\': \'B0D2HLTZ4Q\', \'supplier_title\': \'Car Pride All Seasons Screen Wash Tablets 2pc\', \'amazon_title\': \'Screenwash Tablets For Cars, 100 Pcs Car Windshield Wash Tablets, Concentrated Screenwash Washer Fluid Car Window Cleaning Tablets for Metal, Plastic, Window Glass, Look Completely New\', \'supplier_price\': 0.74, \'amazon_price\': None, \'match_method\': \'EAN\', \'confidence\': \'high\', \'created_at\': \'2025-07-18T11:15:50.415052\', \'supplier_url\': \'https://www.poundwholesale.co.uk/car-pride-all-seasons-screen-wash-tablets-2pc\'}, {\'supplier_ean\': \'5055056731861\', \'amazon_asin\': \'B09LHF2V7G\', \'supplier_title\': \'Guilty Pleasures Chocolate Chip Cookie 3D Car Air Freshener\', \'amazon_title\': \'Guilty Pleasures 3D Choc Cookie CAR FRESHENER\', \'supplier_price\': 0.38, \'amazon_price\': 3.99, \'match_method\': \'EAN\', \'confidence\': \'high\', \'created_at\': \'2025-07-18T11:16:51.336470\', \'supplier_url\': \'https://www.poundwholesale.co.uk/guilty-pleasures-chocolate-chip-cookie-3d-air-freshener\'}, {\'supplier_ean\': \'5055441446479\', \'amazon_asin\': \'B0993YCZWB\', \'supplier_title\': \'Goodyear Fresh Fragrance Glass & Mirror Cleaner 750ml\', \'amazon_title\': \'Goodyear Glass & Mirror Cleaner 750ml - For a streak-free finish | Effective cleaner for car windscreens, side window, wing mirrors & rear view mirror | Suitable for rain sensor and acrylic windows\', \'supplier_price\': 1.36, \'amazon_price\': 5.74, \'match_method\': \'EAN\', \'confidence\': \'high\', \'created_at\': \'2025-07-18T11:18:10.194551\', \'supplier_url\': \'https://www.poundwholesale.co.uk/goodyear-fresh-fragrance-glass-mirror-cleaner-750ml\'}, {\'supplier_ean\': \'5055441446455\', \'amazon_asin\': \'B0993N4XMC\', \'supplier_title\': \'Goodyear Back-To-Black Bumper & Trim Plastic Restorer 750ml\', \'amazon_title\': \'Goodyear Bumper and Trim Restorer 750ml-back to Black| Helps Bumper and Trim Plastic Look Like New| Restores, Protects and Shines| Long Lasting Gloss Finish| Suitable for All Exterior Plastics\', \'supplier_price\': 1.4, \'amazon_price\': 4.89, \'match_method\': \'EAN\', \'confidence\': \'high\', \'created_at\': \'2025-07-18T11:19:05.192693\', \'supplier_url\': \'https://www.poundwholesale.co.uk/goodyear-black-bumper-trim-plastic-restorer-750ml\'}, {\'supplier_ean\': \'5015302400262\', \'amazon_asin\': \'B0B4R5265Z\', \'supplier_title\': \'Coco & Gray Assorted Colour Synthetic Chamois Cloths 3 Pack\', \'amazon_title\': \'Airlab\', \'supplier_price\': 0.64, \'amazon_price\': None, \'match_method\': \'EAN\', \'confidence\': \'high\', \'created_at\': \'2025-07-18T11:19:19.017457\', \'supplier_url\': \'https://www.poundwholesale.co.uk/royle-shammy-pack-3\'}, {\'supplier_ean\': \'5055319519304\', \'amazon_asin\': \'B09F9N1DW9\', \'supplier_title\': \'Auto Extreme Professional Silver Body Spray Paint 400ml\', \'amazon_title\': \'Classic Signature - 1 x Auto Extreme Silver Body Spray Paint 400ml Professional Quality, Perfect Finish for Cars, Bikes,Vans, Metal, Wood\', \'supplier_price\': 1.82, \'amazon_price\': 6.89, \'match_method\': \'EAN\', \'confidence\': \'high\', \'created_at\': \'2025-07-18T11:20:10.249623\', \'supplier_url\': \'https://www.poundwholesale.co.uk/auto-extreme-professional-silver-body-spray-paint-400ml\'}, {\'supplier_ean\': \'5053249200743\', \'amazon_asin\': \'B0DY5MX94X\', \'supplier_title\': \'Tango Card Car Air Freshener 2 Pack CDU Assorted Fragrances\', \'amazon_title\': \'Luxury Car Fragrance Gift Set, 2 Glass Car Diffusers, 2 x 30ml Refills, 2 x Vent Clips, 10 ml Interior Fabric Spray, Strong Fragrance, (Crede)\', \'supplier_price\': 0.74, \'amazon_price\': None, \'match_method\': \'EAN\', \'confidence\': \'high\', \'created_at\': \'2025-07-18T11:20:38.365789\', \'supplier_url\': \'https://www.poundwholesale.co.uk/tango-card-car-air-freshener-2-pack-cdu-assorted-fragrances\'}, {\'supplier_ean\': \'5056175980963\', \'amazon_asin\': \'B0FH9LCRSZ\', \'supplier_title\': \'Auto Extras Jelly Baby Air Freshener Assorted\', \'amazon_title\': \'Car Air Freshener Aromatherapy Balm Long Lasting Fragrance Non-spill Solid 3D Tomato Shaped Travel Size Scented Balm 100g Eliminate Odor for Bedroom Toliet Elitzia ETAP2815\', \'supplier_price\': 0.65, \'amazon_price\': None, \'match_method\': \'EAN\', \'confidence\': \'high\', \'created_at\': \'2025-07-18T11:20:51.448024\', \'supplier_url\': \'https://www.poundwholesale.co.uk/auto-extras-jelly-baby-air-freshener-assorted\'}, {\'supplier_ean\': \'5055319519298\', \'amazon_asin\': \'B07NJH3Q91\', \'supplier_title\': \'Auto Extreme Professional Black Satin Spray Paint 400ml\', \'amazon_title\': \'Auto Extreme Auto Extreme Black Satin, 400 ml\', \'supplier_price\': 1.82, \'amazon_price\': 5.49, \'match_method\': \'EAN\', \'confidence\': \'high\', \'created_at\': \'2025-07-18T11:21:47.219390\', \'supplier_url\': \'https://www.poundwholesale.co.uk/auto-extreme-professional-black-satin-spray-paint-400ml\'}, {\'supplier_ean\': \'5055056770815\', \'amazon_asin\': \'B0BZQC1VY6\', \'supplier_title\': \'Millions Cola 3D Car Air Freshener\', \'amazon_title\': \'Creed Car Air Freshener for Men | Aventos Perfume Inspired Car Fragrances | Strong Freshener with Odour Eliminator Technology | Creed Automotive Air Freshener | GREED Scent by Perfa\', \'supplier_price\': 0.38, \'amazon_price\': None, \'match_method\': \'EAN\', \'confidence\': \'high\', \'created_at\': \'2025-07-18T11:22:00.417347\', \'supplier_url\': \'https://www.poundwholesale.co.uk/millions-cola-3d-car-air-freshener\'}, {\'supplier_ean\': \'5052578015608\', \'amazon_asin\': \'B0DHXJ3Y9T\', \'supplier_title\': \'Bettina Car Sponges 3 Pack\', \'amazon_title\': \'3 Pack Car Sponges,Jumbo Sponges For Car Cleaning,Anti Scratch Technology for Car Exterior & Window Washing- Perfect For Wheels, Windscreen & Bodywork (3 PCS (Yellow))\', \'supplier_price\': 0.84, \'amazon_price\': 7.99, \'match_method\': \'EAN_cached\', \'confidence\': \'low\', \'created_at\': \'2025-07-18T11:22:00.495119\', \'supplier_url\': \'https://www.poundwholesale.co.uk/bettina-car-sponges-3-pack\'}, {\'supplier_ean\': \'5038673050010\', \'amazon_asin\': \'B0FC6D5VDG\', \'supplier_title\': \'Roadster Car Vacuum Cleaner 12V\', \'amazon_title\': \'HYCHIKA 3 in 1 Wet and Dry Vacuum Cleaner, Power: 1200 W, 20 L Stainless Steel Tank, 6 M+ Cleaning Range (2.5 M Power Cores + 3.5 M Soft & Hard Hose), for Garden Outdoor Floor Sofa Cleaning\', \'supplier_price\': 5.28, \'amazon_price\': None, \'match_method\': \'EAN_cached\', \'confidence\': \'low\', \'created_at\': \'2025-07-18T11:22:00.576434\', \'supplier_url\': \'https://www.poundwholesale.co.uk/roadster-car-vacuum-cleaner-12v\'}, {\'supplier_ean\': \'5050375083752\', \'amazon_asin\': \'B01C4S4876\', \'supplier_title\': \'Car Pride Alloy Wheel Cleaner 300ml\', \'amazon_title\': \'Car Pride Wheel Clean, 300ml\', \'supplier_price\': 0.97, \'amazon_price\': 4.05, \'match_method\': \'EAN_cached\', \'confidence\': \'low\', \'created_at\': \'2025-07-18T11:22:00.651582\', \'supplier_url\': \'https://www.poundwholesale.co.uk/alloy-wheel-cleaner\'}, {\'supplier_ean\': \'5055441452357\', \'amazon_asin\': \'B0DFPVGFZ4\', \'supplier_title\': \'Goodyear Extendable Car Windscreen Washer Squeegee Sponge Cleaner\', \'amazon_title\': \'Goodyear 2 In 1 Window Squeegee Flexible Rubber Blade| Netted Sponge Scrubber| Multi-purpose And Easy To Use| Non - Scratch| Ideal For Cleaning Windows And Windscreens| Compact Design, Easy Storage\', \'supplier_price\': 1.76, \'amazon_price\': 2.99, \'match_method\': \'EAN\', \'confidence\': \'high\', \'created_at\': \'2025-07-18T11:22:54.109374\', \'supplier_url\': \'https://www.poundwholesale.co.uk/goodyear-extendable-car-windscreen-washer-squeegee-sponge-cleaner\'}, {\'supplier_ean\': \'5055257813090\', \'amazon_asin\': \'B0FH9LCRSZ\', \'supplier_title\': \'Fragranced Fruit Shaped Car Air Freshener\', \'amazon_title\': \'Car Air Freshener Aromatherapy Balm Long Lasting Fragrance Non-spill Solid 3D Tomato Shaped Travel Size Scented Balm 100g Eliminate Odor for Bedroom Toliet Elitzia ETAP2815\', \'supplier_price\': 0.6, \'amazon_price\': None, \'match_method\': \'EAN\', \'confidence\': \'high\', \'created_at\': \'2025-07-18T11:23:05.509024\', \'supplier_url\': \'https://www.poundwholesale.co.uk/fragranced-fruit-shaped-car-air-freshener\'}, {\'supplier_ean\': \'5055319510615\', \'amazon_asin\': \'B0C49F6NG6\', \'supplier_title\': \'Auto Extreme Professional Petrol-Resistant Lacquer Clear Spray 400ml\', \'amazon_title\': \'Ozeino Wireless Gaming Headset, Compatible with PC Ps5 Ps4 Boasts 2.4GHz Lossless Audio, USB & Type-C, Flip Microphone and 40-Hr Battery - Suited for Switch, Laptop, Mac\', \'supplier_price\': 1.89, \'amazon_price\': 23.11, \'match_method\': \'EAN\', \'confidence\': \'high\', \'created_at\': \'2025-07-18T11:24:21.169341\', \'supplier_url\': \'https://www.poundwholesale.co.uk/auto-extreme-professional-petrol-resistant-lacquer-clear-spray-400ml\'}, {\'supplier_ean\': \'5053249271453\', \'amazon_asin\': \'B0CHTHYL58\', \'supplier_title\': \'Car-Pride Biodegradable Interior Clean & Shine Wipes 30 Pack\', \'amazon_title\': \'AMK\', \'supplier_price\': 0.65, \'amazon_price\': None, \'match_method\': \'EAN\', \'confidence\': \'high\', \'created_at\': \'2025-07-18T11:24:44.743060\', \'supplier_url\': \'https://www.poundwholesale.co.uk/car-pride-interior-clean-shine-wipes-30-pack\'}, {\'supplier_ean\': \'5055319519267\', \'amazon_asin\': \'B07NJGB772\', \'supplier_title\': \'Auto Extreme Professional Red Gloss Spray Paint 400ml\', \'amazon_title\': \'Auto Extreme Auto Extreme Red, 400 ml\', \'supplier_price\': 1.82, \'amazon_price\': 5.79, \'match_method\': \'EAN\', \'confidence\': \'high\', \'created_at\': \'2025-07-18T11:25:35.589009\', \'supplier_url\': \'https://www.poundwholesale.co.uk/auto-extreme-professional-red-gloss-spray-paint-400ml\'}, {\'supplier_ean\': \'5056175987832\', \'amazon_asin\': \'B0BSFN7BK9\', \'supplier_title\': \'Bloome Gel Boat Air Freshener 150G Assorted Fragrance\', \'amazon_title\': \'SOL\', \'supplier_price\': 0.46, \'amazon_price\': None, \'match_method\': \'EAN\', \'confidence\': \'high\', \'created_at\': \'2025-07-18T11:25:49.342872\', \'supplier_url\': \'https://www.poundwholesale.co.uk/bloome-gel-boat-air-freshener-150g-assorted-fragrance\'}, {\'supplier_ean\': \'5055441445021\', \'amazon_asin\': \'B0DJFGKQTJ\', \'supplier_title\': \'Dekton Tri-Extending Wash Brush 3m\', \'amazon_title\': \'Dekton Heavy Duty Tri-Extending Wash Brush | Long Reach Water Fed Brush for Cars, Boats, & More | Ergonomic Foam Grip | Soft Bristles Prevent Scratching | Telescopic Design Extends to 3 Metres\', \'supplier_price\': 13.64, \'amazon_price\': 25.06, \'match_method\': \'EAN\', \'confidence\': \'high\', \'created_at\': \'2025-07-18T11:26:42.138251\', \'supplier_url\': \'https://www.poundwholesale.co.uk/dekton-tri-extending-wash-brush-3m\'}, {\'supplier_ean\': \'5038673410692\', \'amazon_asin\': \'B0DPX1HRM6\', \'supplier_title\': \'Car Air Fresheners Fruit Assorted CDU\', \'amazon_title\': \'Q QXUNMU\', \'supplier_price\': 0.34, \'amazon_price\': None, \'match_method\': \'EAN\', \'confidence\': \'high\', \'created_at\': \'2025-07-18T11:26:57.017565\', \'supplier_url\': \'https://www.poundwholesale.co.uk/car-air-fresheners-fruit-assorted-cdu\'}, {\'supplier_ean\': \'5055441452319\', \'amazon_asin\': \'B0DJT8DYF6\', \'supplier_title\': \'Goodyear Wax Applicator Pad Set 3pc\', \'amazon_title\': \'Goodyear 3pc Applicator Set Specially Designed Microfiber Pad For Cleaning Your Vehicle|Ideal For Polishing And Waxing Of Painted Surfaces|Thick Microfiber Evenly Distributes Pressure For Application\', \'supplier_price\': 1.99, \'amazon_price\': 2.99, \'match_method\': \'EAN\', \'confidence\': \'high\', \'created_at\': \'2025-07-18T11:27:44.877336\', \'supplier_url\': \'https://www.poundwholesale.co.uk/goodyear-wax-applicator-pad-set-3pc\'}, {\'supplier_ean\': \'5055441421902\', \'amazon_asin\': \'B0CZYRJ8ZX\', \'supplier_title\': \'Goodyear 2-In-1 Noodle Wash Mitt\', \'amazon_title\': \'Goodyear 2 In 1 Noodle Wash Mitt Extra Long Handle With Pivoting Head For Easy Reach All Around Your Windscreen | Microfiber Pad For Ultimate Cleaning | Excellent For Quick Defogging And Cleaning\', \'supplier_price\': 2.06, \'amazon_price\': 5.29, \'match_method\': \'EAN\', \'confidence\': \'high\', \'created_at\': \'2025-07-18T11:28:33.825517\', \'supplier_url\': \'https://www.poundwholesale.co.uk/goodyear-2-in-1-noodle-wash-mitt\'}, {\'supplier_ean\': \'5052578611800\', \'amazon_asin\': \'B0BG8HY6NL\', \'supplier_title\': \'Bettina Comfortable Grip Jumbo Car Sponge\', \'amazon_title\': \'Xtremeauto\', \'supplier_price\': 0.6, \'amazon_price\': None, \'match_method\': \'EAN\', \'confidence\': \'high\', \'created_at\': \'2025-07-18T11:28:47.461587\', \'supplier_url\': \'https://www.poundwholesale.co.uk/jumbo-car-sponge-with-comfortable-grip\'}, {\'supplier_ean\': \'5055441449227\', \'amazon_asin\': \'B0DFMH5XX9\', \'supplier_title\': \'Goodyear 2-In-1 Microfibre Drying Towel Xl 80cm X 60cm\', \'amazon_title\': \'Goodyear Microfiber Drying Towel Xl Deep Pile For Extra Absorbency| Microfiber Technology| Cleaning Fiber Attracts Dust |satin Safety Edging Protects Against Scratching| Extra Absorbency Free Finish\', \'supplier_price\': 2.21, \'amazon_price\': 3.99, \'match_method\': \'EAN\', \'confidence\': \'high\', \'created_at\': \'2025-07-18T11:29:40.530652\', \'supplier_url\': \'https://www.poundwholesale.co.uk/goodyear-2-in-1-microfibre-drying-towel-xl-80cm-x-60cm\'}, {\'supplier_ean\': \'5055319530743\', \'amazon_asin\': \'B084VTS1NV\', \'supplier_title\': \'Auto Extreme Cedar Wood In-Car Fragrance Air Freshener Spray 100ml\', \'amazon_title\': \'Air Freshener Spray Concentrated Long Lasting Oil Based (New Car)\', \'supplier_price\': 0.65, \'amazon_price\': None, \'match_method\': \'EAN\', \'confidence\': \'high\', \'created_at\': \'2025-07-18T11:29:54.290257\', \'supplier_url\': \'https://www.poundwholesale.co.uk/auto-extreme-cedar-wood-in-car-fragrance-air-freshener-spray-100ml\'}, {\'supplier_ean\': \'5055319519007\', \'amazon_asin\': \'B01FXX9AJA\', \'supplier_title\': \'Auto Extreme Automotive Black Matt Spray Paint 250ml\', \'amazon_title\': \'Black Matt Aerosol Spray Cans 250ml Car Auto Extreme Spray Paint (6)\', \'supplier_price\': 0.92, \'amazon_price\': 9.95, \'match_method\': \'EAN\', \'confidence\': \'high\', \'created_at\': \'2025-07-18T11:30:50.315219\', \'supplier_url\': \'https://www.poundwholesale.co.uk/auto-extreme-automotive-black-matt-spray-paint-250ml\'}, {\'supplier_ean\': \'5055441449982\', \'amazon_asin\': \'B0DJH4WTZ5\', \'supplier_title\': \'Goodyear Anti-Smear Screenwash 1l\', \'amazon_title\': \'Goodyear 1 Litre Screen Wash-5% Ethanol| Blue Colour Liquid| Red Lid| English Label| Antifreeze Windscreen Wash Liquid| Prevents Freezing Of The Glass Washer System Down| Provide Clear Vision\', \'supplier_price\': 0.95, \'amazon_price\': None, \'match_method\': \'EAN\', \'confidence\': \'high\', \'created_at\': \'2025-07-18T11:31:39.554668\', \'supplier_url\': \'https://www.poundwholesale.co.uk/goodyear-anti-smear-screenwash-1l\'}, {\'supplier_ean\': \'5055441405544\', \'amazon_asin\': \'B0D1R5SR4V\', \'supplier_title\': \'Goodyear Anti-Smear Screenwash 5l\', \'amazon_title\': \'Rain-X\', \'supplier_price\': 2.56, \'amazon_price\': None, \'match_method\': \'EAN\', \'confidence\': \'high\', \'created_at\': \'2025-07-18T11:31:53.274959\', \'supplier_url\': \'https://www.poundwholesale.co.uk/goodyear-cherry-anti-smear-screenwash-5l\'}, {\'supplier_ean\': \'5053249003108\', \'amazon_asin\': \'B00CA36GJE\', \'supplier_title\': \'Carpride Scratch Remover Pen\', \'amazon_title\': \'Car Pride Paint Scratch Remover Pen - For Use On Any Colour Vehicle\', \'supplier_price\': 0.92, \'amazon_price\': 2.98, \'match_method\': \'EAN\', \'confidence\': \'high\', \'created_at\': \'2025-07-18T11:32:49.414648\', \'supplier_url\': \'https://www.poundwholesale.co.uk/carpride-scratch-remover-pen\'}, {\'supplier_ean\': \'5050375054394\', \'amazon_asin\': \'B0F6C9BK5R\', \'supplier_title\': \'Car-Pride Wash & Wax 1L\', \'amazon_title\': \'Sopami Car Coating Spray, Waterless Car Wash Quick Effect Coating Agent, Multi-functional Coating Renewal Agent Polish Spray, Long-Lasting Protection Improves Clarity and Visibility(1pc)\', \'supplier_price\': 0.8, \'amazon_price\': None, \'match_method\': \'EAN\', \'confidence\': \'high\', \'created_at\': \'2025-07-18T11:33:03.988685\', \'supplier_url\': \'https://www.poundwholesale.co.uk/wash-wax\'}, {\'supplier_ean\': \'5055056770792\', \'amazon_asin\': \'B0FH9LCRSZ\', \'supplier_title\': \'Millions Orange & Lemon 3D Car Air Freshener\', \'amazon_title\': \'Car Air Freshener Aromatherapy Balm Long Lasting Fragrance Non-spill Solid 3D Tomato Shaped Travel Size Scented Balm 100g Eliminate Odor for Bedroom Toliet Elitzia ETAP2815\', \'supplier_price\': 0.38, \'amazon_price\': None, \'match_method\': \'EAN\', \'confidence\': \'high\', \'created_at\': \'2025-07-18T11:33:15.313131\', \'supplier_url\': \'https://www.poundwholesale.co.uk/millions-orange-lemon-3d-car-air-freshener\'}, {\'supplier_ean\': \'5050375086753\', \'amazon_asin\': \'B00IXMG80S\', \'supplier_title\': \'Car Pride Leather Cleaning Spray 250ml\', \'amazon_title\': \'12 x Cans Of Leather cleaning spray, car cleaning, 300ml\', \'supplier_price\': 0.97, \'amazon_price\': 19.95, \'match_method\': \'EAN_cached\', \'confidence\': \'low\', \'created_at\': \'2025-07-18T11:33:15.437428\', \'supplier_url\': \'https://www.poundwholesale.co.uk/leather-cleaning-spray-250ml\'}, {\'supplier_ean\': \'5050375084025\', \'amazon_asin\': \'B0032XLIJE\', \'supplier_title\': \'Car Pride Spray Wax 300ml\', \'amazon_title\': \'SPRAY CAR WAX SUPERFAST FORMULA PROTECTS PAINTWORK\', \'supplier_price\': 0.97, \'amazon_price\': 3.99, \'match_method\': \'EAN\', \'confidence\': \'high\', \'created_at\': \'2025-07-18T11:34:12.145812\', \'supplier_url\': \'https://www.poundwholesale.co.uk/spray-wax-300ml\'}, {\'supplier_ean\': \'5055441452197\', \'amazon_asin\': \'B0DF33M8ZM\', \'supplier_title\': \'Goodyear Waffle Drying Cloth Large 40cm X 40cm\', \'amazon_title\': \'Goodyear Microfibre Waffle Cloth I Reduces drying time with less wring outs | Ideal for bodywork & glass | Designed microfibre cloth | Statically charged cleaning fibres | Leaves lint free finish\', \'supplier_price\': 0.95, \'amazon_price\': 4.99, \'match_method\': \'EAN\', \'confidence\': \'high\', \'created_at\': \'2025-07-18T11:35:03.805673\', \'supplier_url\': \'https://www.poundwholesale.co.uk/goodyear-waffle-drying-cloth-large-40cm-x-40cm\'}, {\'supplier_ean\': \'5050375055483\', \'amazon_asin\': \'B01C4S4L4G\', \'supplier_title\': \'Car-Pride Handy Car Sponges 2 Pack\', \'amazon_title\': \'Car Pride CP011 Handy Car Cleaning Sponges, Pack of 3\', \'supplier_price\': 0.76, \'amazon_price\': 4.99, \'match_method\': \'EAN\', \'confidence\': \'high\', \'created_at\': \'2025-07-18T11:35:55.273733\', \'supplier_url\': \'https://www.poundwholesale.co.uk/handy-car-sponges-3pk\'}, {\'supplier_ean\': \'5055319531740\', \'amazon_asin\': \'B0DG8VSKBB\', \'supplier_title\': \'Auto Extreme Professional Silver Alloy Wheel Spray Paint 400ml\2025-07-19 02:38:41,417 - PassiveExtractionWorkflow - INFO - ❌ Not profitable product: Car Pride Black Matt Spray Paint 400ml
2025-07-19 02:38:41,433 - PassiveExtractionWorkflow - INFO - --- Processing supplier product 127/147: 'Goodyear Back-To-Black Bumper & Trim Plastic Restorer 750ml' ---
2025-07-19 02:38:41,434 - PassiveExtractionWorkflow - INFO - Product already processed: https://www.poundwholesale.co.uk/goodyear-black-bumper-trim-plastic-restorer-750ml. Skipping.
2025-07-19 02:38:41,435 - PassiveExtractionWorkflow - INFO - --- Processing supplier product 128/147: 'Auto Extreme Professional Silver Body Spray Paint 400ml' ---
2025-07-19 02:38:41,435 - PassiveExtractionWorkflow - INFO - Product already processed: https://www.poundwholesale.co.uk/auto-extreme-professional-silver-body-spray-paint-400ml. Skipping.
2025-07-19 02:38:41,436 - PassiveExtractionWorkflow - INFO - --- Processing supplier product 129/147: 'Goodyear 2-In-1 Noodle Sponge Valet Pad' ---
2025-07-19 02:38:41,436 - PassiveExtractionWorkflow - INFO - Attempting Amazon search using EAN: 5055441422336
2025-07-19 02:38:41,465 - tools.passive_extraction_workflow_latest - INFO - Searching Amazon by EAN: 5055441422336 for supplier product: 'Goodyear 2-In-1 Noodle Sponge Valet Pad' (FixedAmazonExtractor)
2025-07-19 02:38:41,466 - tools.passive_extraction_workflow_latest - INFO - No page provided to search_by_ean, getting one from BrowserManager.
2025-07-19 02:38:41,466 - utils.browser_manager - INFO - ♻️ Reusing cached page for https://www.amazon.co.uk
2025-07-19 02:38:41,467 - tools.passive_extraction_workflow_latest - INFO - Navigating to Amazon UK to search for EAN: 5055441422336
2025-07-19 02:38:44,275 - tools.passive_extraction_workflow_latest - INFO - Waiting for search results page to load for EAN 5055441422336...
2025-07-19 02:38:44,538 - tools.passive_extraction_workflow_latest - INFO - Found search results container with selector: div.s-search-results
2025-07-19 02:38:46,721 - tools.passive_extraction_workflow_latest - INFO - Found 8 search result elements using selector: div.s-result-item[data-asin]:not([data-asin=''])
2025-07-19 02:38:46,721 - tools.passive_extraction_workflow_latest - INFO - Processing 8 search result elements for EAN 5055441422336
2025-07-19 02:38:46,743 - tools.passive_extraction_workflow_latest - DEBUG - Processing element 1: ASIN B09MQKBDQC
2025-07-19 02:38:46,762 - tools.passive_extraction_workflow_latest - DEBUG - ASIN B09MQKBDQC HTML structure sample: <div role="listitem" data-asin="B09MQKBDQC" data-index="3" data-uuid="48c4e621-95b2-4f97-87a2-39875fe7364c" id="48c4e621-95b2-4f97-87a2-39875fe7364c" data-component-type="s-search-result" class="sg-col-4-of-4 sg-col-4-of-24 sg-col-4-of-12 s-result-item s-asin sg-col-4-of-16 AdHolder sg-col s-widget-spacing-small sg-col-4-of-8 sg-col-4-of-20" data-component-id="7" data-cel-widget="search_result_0"><div class="sg-col-inner"><div cel_widget_id="MAIN-SEARCH_RESULTS-3" class="s-widget-container s-spacing-small s-widget-container-height-small celwidget slot=MAIN template=SEARCH_RESULTS widgetId=sear...
2025-07-19 02:38:46,762 - tools.passive_extraction_workflow_latest - DEBUG - Error checking sponsored badge for ASIN B09MQKBDQC: 'ElementHandle' object has no attribute 'locator'
2025-07-19 02:38:46,763 - tools.passive_extraction_workflow_latest - DEBUG - Error checking aria-label for ASIN B09MQKBDQC: 'ElementHandle' object has no attribute 'locator'
2025-07-19 02:38:46,800 - tools.passive_extraction_workflow_latest - INFO - Skipping sponsored result: ASIN B09MQKBDQC (detected by ad-specific class: 'AdHolder')
2025-07-19 02:38:46,821 - tools.passive_extraction_workflow_latest - DEBUG - Processing element 2: ASIN B0BXD61122
2025-07-19 02:38:46,841 - tools.passive_extraction_workflow_latest - DEBUG - ASIN B0BXD61122 HTML structure sample: <div role="listitem" data-asin="B0BXD61122" data-index="4" data-uuid="a7588407-146f-4b85-935c-5e727aefb350" id="a7588407-146f-4b85-935c-5e727aefb350" data-component-type="s-search-result" class="sg-col-4-of-4 sg-col-4-of-24 sg-col-4-of-12 s-result-item s-asin sg-col-4-of-16 AdHolder sg-col s-widget-spacing-small sg-col-4-of-8 sg-col-4-of-20" data-component-id="10" data-cel-widget="search_result_1"><div class="sg-col-inner"><div cel_widget_id="MAIN-SEARCH_RESULTS-4" class="s-widget-container s-spacing-small s-widget-container-height-small celwidget slot=MAIN template=SEARCH_RESULTS widgetId=sea...
2025-07-19 02:38:46,842 - tools.passive_extraction_workflow_latest - DEBUG - Error checking sponsored badge for ASIN B0BXD61122: 'ElementHandle' object has no attribute 'locator'
2025-07-19 02:38:46,843 - tools.passive_extraction_workflow_latest - DEBUG - Error checking aria-label for ASIN B0BXD61122: 'ElementHandle' object has no attribute 'locator'
2025-07-19 02:38:46,878 - tools.passive_extraction_workflow_latest - INFO - Skipping sponsored result: ASIN B0BXD61122 (detected by ad-specific class: 'AdHolder')
2025-07-19 02:38:46,901 - tools.passive_extraction_workflow_latest - DEBUG - Processing element 3: ASIN B09WHW6JZ6
2025-07-19 02:38:46,922 - tools.passive_extraction_workflow_latest - DEBUG - ASIN B09WHW6JZ6 HTML structure sample: <div role="listitem" data-asin="B09WHW6JZ6" data-index="5" data-uuid="b87e561b-243c-4bd8-870c-47a751b191e1" id="b87e561b-243c-4bd8-870c-47a751b191e1" data-component-type="s-search-result" class="sg-col-4-of-4 sg-col-4-of-24 sg-col-4-of-12 s-result-item s-asin sg-col-4-of-16 AdHolder sg-col s-widget-spacing-small sg-col-4-of-8 sg-col-4-of-20" data-component-id="13" data-cel-widget="search_result_2"><div class="sg-col-inner"><div cel_widget_id="MAIN-SEARCH_RESULTS-5" class="s-widget-container s-spacing-small s-widget-container-height-small celwidget slot=MAIN template=SEARCH_RESULTS widgetId=sea...
2025-07-19 02:38:46,922 - tools.passive_extraction_workflow_latest - DEBUG - Error checking sponsored badge for ASIN B09WHW6JZ6: 'ElementHandle' object has no attribute 'locator'
2025-07-19 02:38:46,923 - tools.passive_extraction_workflow_latest - DEBUG - Error checking aria-label for ASIN B09WHW6JZ6: 'ElementHandle' object has no attribute 'locator'
2025-07-19 02:38:46,970 - tools.passive_extraction_workflow_latest - INFO - Skipping sponsored result: ASIN B09WHW6JZ6 (detected by ad-specific class: 'AdHolder')
2025-07-19 02:38:46,996 - tools.passive_extraction_workflow_latest - DEBUG - Processing element 4: ASIN B0BXDB9K31
2025-07-19 02:38:46,997 - tools.passive_extraction_workflow_latest - DEBUG - Error checking sponsored badge for ASIN B0BXDB9K31: 'ElementHandle' object has no attribute 'locator'
2025-07-19 02:38:46,998 - tools.passive_extraction_workflow_latest - DEBUG - Error checking aria-label for ASIN B0BXDB9K31: 'ElementHandle' object has no attribute 'locator'
2025-07-19 02:38:47,050 - tools.passive_extraction_workflow_latest - INFO - Skipping sponsored result: ASIN B0BXDB9K31 (detected by ad-specific class: 'AdHolder')
2025-07-19 02:38:47,082 - tools.passive_extraction_workflow_latest - DEBUG - Processing element 5: ASIN B0C13N7QVF
2025-07-19 02:38:47,083 - tools.passive_extraction_workflow_latest - DEBUG - Error checking sponsored badge for ASIN B0C13N7QVF: 'ElementHandle' object has no attribute 'locator'
2025-07-19 02:38:47,083 - tools.passive_extraction_workflow_latest - DEBUG - Error checking aria-label for ASIN B0C13N7QVF: 'ElementHandle' object has no attribute 'locator'
2025-07-19 02:38:47,140 - tools.passive_extraction_workflow_latest - INFO - Skipping sponsored result: ASIN B0C13N7QVF (detected by ad-specific class: 'AdHolder')
2025-07-19 02:38:47,175 - tools.passive_extraction_workflow_latest - DEBUG - Processing element 6: ASIN B0CHY7S7RW
2025-07-19 02:38:47,176 - tools.passive_extraction_workflow_latest - DEBUG - Error checking sponsored badge for ASIN B0CHY7S7RW: 'ElementHandle' object has no attribute 'locator'
2025-07-19 02:38:47,177 - tools.passive_extraction_workflow_latest - DEBUG - Error checking aria-label for ASIN B0CHY7S7RW: 'ElementHandle' object has no attribute 'locator'
2025-07-19 02:38:47,231 - tools.passive_extraction_workflow_latest - INFO - Skipping sponsored result: ASIN B0CHY7S7RW (detected by ad-specific class: 'AdHolder')
2025-07-19 02:38:47,262 - tools.passive_extraction_workflow_latest - DEBUG - Processing element 7: ASIN B0CP3RCXCM
2025-07-19 02:38:47,263 - tools.passive_extraction_workflow_latest - DEBUG - Error checking sponsored badge for ASIN B0CP3RCXCM: 'ElementHandle' object has no attribute 'locator'
2025-07-19 02:38:47,263 - tools.passive_extraction_workflow_latest - DEBUG - Error checking aria-label for ASIN B0CP3RCXCM: 'ElementHandle' object has no attribute 'locator'
2025-07-19 02:38:47,313 - tools.passive_extraction_workflow_latest - INFO - Skipping sponsored result: ASIN B0CP3RCXCM (detected by ad-specific class: 'AdHolder')
2025-07-19 02:38:47,342 - tools.passive_extraction_workflow_latest - DEBUG - Processing element 8: ASIN B0DDY56YJY
2025-07-19 02:38:47,342 - tools.passive_extraction_workflow_latest - DEBUG - Error checking sponsored badge for ASIN B0DDY56YJY: 'ElementHandle' object has no attribute 'locator'
2025-07-19 02:38:47,343 - tools.passive_extraction_workflow_latest - DEBUG - Error checking aria-label for ASIN B0DDY56YJY: 'ElementHandle' object has no attribute 'locator'
2025-07-19 02:38:47,393 - tools.passive_extraction_workflow_latest - INFO - Skipping sponsored result: ASIN B0DDY56YJY (detected by ad-specific class: 'AdHolder')
2025-07-19 02:38:47,393 - tools.passive_extraction_workflow_latest - WARNING - EAN 5055441422336 returned no organic results - skipping
2025-07-19 02:38:47,394 - tools.passive_extraction_workflow_latest - WARNING - No Amazon results or error for EAN '5055441422336'. Details: no_organic_results
2025-07-19 02:38:47,395 - tools.passive_extraction_workflow_latest - INFO - Falling back to title search for supplier product: 'Goodyear 2-In-1 Noodle Sponge Valet Pad'
2025-07-19 02:38:47,395 - tools.passive_extraction_workflow_latest - INFO - Searching Amazon by title using search bar: 'Goodyear 2-In-1 Noodle Sponge Valet Pad'
2025-07-19 02:38:47,396 - tools.passive_extraction_workflow_latest - INFO - Navigating to Amazon UK to search for title: Goodyear 2-In-1 Noodle Sponge Valet Pad
2025-07-19 02:38:50,734 - tools.passive_extraction_workflow_latest - INFO - Title search found 2 elements using selector: div.s-search-results > div[data-asin]
2025-07-19 02:38:50,783 - tools.passive_extraction_workflow_latest - WARNING - No valid ASINs found for title 'Goodyear 2-In-1 Noodle Sponge Valet Pad'
2025-07-19 02:38:50,784 - tools.passive_extraction_workflow_latest - WARNING - Both EAN '5055441422336' and title 'Goodyear 2-In-1 Noodle Sponge Valet Pad' searches failed
2025-07-19 02:38:50,785 - PassiveExtractionWorkflow - INFO - ❌ EAN search failed for 5055441422336. Will fall back to title search.
2025-07-19 02:38:50,786 - PassiveExtractionWorkflow - INFO - EAN search failed. Falling back to title search.
2025-07-19 02:38:50,787 - tools.passive_extraction_workflow_latest - INFO - Searching Amazon by title using search bar: 'Goodyear 2-In-1 Noodle Sponge Valet Pad'
2025-07-19 02:38:50,787 - tools.passive_extraction_workflow_latest - INFO - No page provided to search_by_title, getting one from BrowserManager.
2025-07-19 02:38:50,787 - utils.browser_manager - INFO - ♻️ Reusing cached page for https://www.amazon.co.uk
2025-07-19 02:38:50,788 - tools.passive_extraction_workflow_latest - INFO - Navigating to Amazon UK to search for title: Goodyear 2-In-1 Noodle Sponge Valet Pad
2025-07-19 02:38:53,723 - tools.passive_extraction_workflow_latest - INFO - Title search found 10 elements using selector: div.s-search-results > div[data-asin]
2025-07-19 02:38:54,563 - tools.passive_extraction_workflow_latest - DEBUG - ASIN B0F6K65PZT title extracted using selector 'h2 span.a-size-base-plus': Fogcosy...
2025-07-19 02:38:55,376 - tools.passive_extraction_workflow_latest - DEBUG - ASIN B0C9SNSWYM title extracted using selector 'h2': 4 Pack Car Sponges,Jumbo Sponges For Car Cleaning,...
2025-07-19 02:38:55,561 - tools.passive_extraction_workflow_latest - DEBUG - ASIN B07D6LZ1N9 title extracted using selector 'h2 span.a-size-base-plus': ASelected...
2025-07-19 02:38:55,731 - tools.passive_extraction_workflow_latest - DEBUG - ASIN B0DZHBM4V9 title extracted using selector 'h2 span.a-size-base-plus': Cyleibe...
2025-07-19 02:38:55,909 - tools.passive_extraction_workflow_latest - DEBUG - ASIN B01KNWSVKA title extracted using selector 'h2 span.a-size-base-plus': E-Cloth...
2025-07-19 02:38:56,202 - tools.passive_extraction_workflow_latest - DEBUG - ASIN B0DFPRS77C title extracted using selector 'h2 span.a-size-base-plus': Goodyear...
2025-07-19 02:38:56,401 - tools.passive_extraction_workflow_latest - DEBUG - ASIN B0DV5SQY2V title extracted using selector 'h2 span.a-size-base-plus': Simply Auto...
2025-07-19 02:38:56,671 - tools.passive_extraction_workflow_latest - DEBUG - ASIN B0FGJ6D11Y title extracted using selector 'h2': 6Pcs Noodle Sponge Valet, Microfibre Surfaces Soft...
2025-07-19 02:38:56,671 - tools.passive_extraction_workflow_latest - INFO - Title search found 8 results for 'Goodyear 2-In-1 Noodle Sponge Valet Pad'
2025-07-19 02:38:56,672 - PassiveExtractionWorkflow - INFO - 🔍 PRODUCT VALIDATION: Evaluating 8 Amazon results for 'Goodyear 2-In-1 Noodle Sponge Valet Pad'
2025-07-19 02:38:56,673 - PassiveExtractionWorkflow - DEBUG - 🔍 MATCH VALIDATION: 'Goodyear 2-In-1 Noodle Sponge Valet Pad' vs 'Fogcosy' = 0.00 (very_low, 10.0%)
2025-07-19 02:38:56,673 - PassiveExtractionWorkflow - INFO - 📊 Result 1: ASIN B0F6K65PZT - Confidence: 0.100 (very_low) - Overlap: 0.000 - 'Fogcosy...'
2025-07-19 02:38:56,674 - PassiveExtractionWorkflow - DEBUG - 🔍 MATCH VALIDATION: 'Goodyear 2-In-1 Noodle Sponge Valet Pad' vs '4 Pack Car Sponges,Jumbo Sponges For Car Cleaning,Anti Scratch Technology for Car Exterior & Window Washing- Perfect For Wheels, Windscreen & Bodywork (2 Yellow+2Blue Jumbo Car Sponge)' = 0.25 (low, 30.0%)
2025-07-19 02:38:56,675 - PassiveExtractionWorkflow - INFO - 📊 Result 2: ASIN B0C9SNSWYM - Confidence: 0.300 (low) - Overlap: 0.250 - '4 Pack Car Sponges,Jumbo Sponges For Car Cleaning,Anti Scrat...'
2025-07-19 02:38:56,675 - PassiveExtractionWorkflow - DEBUG - 🔍 MATCH VALIDATION: 'Goodyear 2-In-1 Noodle Sponge Valet Pad' vs 'ASelected' = 0.00 (very_low, 10.0%)
2025-07-19 02:38:56,676 - PassiveExtractionWorkflow - INFO - 📊 Result 3: ASIN B07D6LZ1N9 - Confidence: 0.100 (very_low) - Overlap: 0.000 - 'ASelected...'
2025-07-19 02:38:56,677 - PassiveExtractionWorkflow - DEBUG - 🔍 MATCH VALIDATION: 'Goodyear 2-In-1 Noodle Sponge Valet Pad' vs 'Cyleibe' = 0.00 (very_low, 10.0%)
2025-07-19 02:38:56,677 - PassiveExtractionWorkflow - INFO - 📊 Result 4: ASIN B0DZHBM4V9 - Confidence: 0.100 (very_low) - Overlap: 0.000 - 'Cyleibe...'
2025-07-19 02:38:56,678 - PassiveExtractionWorkflow - DEBUG - 🔍 MATCH VALIDATION: 'Goodyear 2-In-1 Noodle Sponge Valet Pad' vs 'E-Cloth' = 0.00 (very_low, 10.0%)
2025-07-19 02:38:56,678 - PassiveExtractionWorkflow - INFO - 📊 Result 5: ASIN B01KNWSVKA - Confidence: 0.100 (very_low) - Overlap: 0.000 - 'E-Cloth...'
2025-07-19 02:38:56,679 - PassiveExtractionWorkflow - WARNING - 🚨 NO CONFIDENT MATCH: All Amazon results below 50.0% confidence threshold for 'Goodyear 2-In-1 Noodle Sponge Valet Pad'. Skipping to prevent irrational matches.
2025-07-19 02:38:56,679 - PassiveExtractionWorkflow - INFO - --- Processing supplier product 130/147: 'Tango Card Car Air Freshener 2 Pack CDU Assorted Fragrances' ---
2025-07-19 02:38:56,680 - PassiveExtractionWorkflow - INFO - Product already processed: https://www.poundwholesale.co.uk/tango-card-car-air-freshener-2-pack-cdu-assorted-fragrances. Skipping.
2025-07-19 02:38:56,680 - PassiveExtractionWorkflow - INFO - --- Processing supplier product 131/147: 'Auto Extras Jelly Baby Air Freshener Assorted' ---
2025-07-19 02:38:56,681 - PassiveExtractionWorkflow - INFO - Product already processed: https://www.poundwholesale.co.uk/auto-extras-jelly-baby-air-freshener-assorted. Skipping.
2025-07-19 02:38:56,682 - PassiveExtractionWorkflow - INFO - --- Processing supplier product 132/147: 'Bettina Car Sponges 3 Pack' ---
2025-07-19 02:38:56,682 - PassiveExtractionWorkflow - INFO - Product already processed: https://www.poundwholesale.co.uk/bettina-car-sponges-3-pack. Skipping.
2025-07-19 02:38:56,683 - PassiveExtractionWorkflow - INFO - --- Processing supplier product 133/147: 'Car Pride Alloy Wheel Cleaner 300ml' ---
2025-07-19 02:38:56,683 - PassiveExtractionWorkflow - INFO - Product already processed: https://www.poundwholesale.co.uk/alloy-wheel-cleaner. Skipping.
2025-07-19 02:38:56,683 - PassiveExtractionWorkflow - INFO - --- Processing supplier product 134/147: 'Goodyear Extendable Car Windscreen Washer Squeegee Sponge Cleaner' ---
2025-07-19 02:38:56,684 - PassiveExtractionWorkflow - INFO - Product already processed: https://www.poundwholesale.co.uk/goodyear-extendable-car-windscreen-washer-squeegee-sponge-cleaner. Skipping.
2025-07-19 02:38:56,685 - PassiveExtractionWorkflow - INFO - --- Processing supplier product 135/147: 'Fragranced Fruit Shaped Car Air Freshener' ---
2025-07-19 02:38:56,686 - PassiveExtractionWorkflow - INFO - Product already processed: https://www.poundwholesale.co.uk/fragranced-fruit-shaped-car-air-freshener. Skipping.
2025-07-19 02:38:56,686 - PassiveExtractionWorkflow - INFO - --- Processing supplier product 136/147: 'Auto Extreme Professional Petrol-Resistant Lacquer Clear Spray 400ml' ---
2025-07-19 02:38:56,687 - PassiveExtractionWorkflow - INFO - Product already processed: https://www.poundwholesale.co.uk/auto-extreme-professional-petrol-resistant-lacquer-clear-spray-400ml. Skipping.
2025-07-19 02:38:56,687 - PassiveExtractionWorkflow - INFO - --- Processing supplier product 137/147: 'Car-Pride Biodegradable Interior Clean & Shine Wipes 30 Pack' ---
2025-07-19 02:38:56,688 - PassiveExtractionWorkflow - INFO - Product already processed: https://www.poundwholesale.co.uk/car-pride-interior-clean-shine-wipes-30-pack. Skipping.
2025-07-19 02:38:56,688 - PassiveExtractionWorkflow - INFO - --- Processing supplier product 138/147: 'Auto Extreme Professional Red Gloss Spray Paint 400ml' ---
2025-07-19 02:38:56,689 - PassiveExtractionWorkflow - INFO - Product already processed: https://www.poundwholesale.co.uk/auto-extreme-professional-red-gloss-spray-paint-400ml. Skipping.
2025-07-19 02:38:56,689 - PassiveExtractionWorkflow - INFO - --- Processing supplier product 139/147: 'Dekton Tri-Extending Wash Brush 3m' ---
2025-07-19 02:38:56,690 - PassiveExtractionWorkflow - INFO - Product already processed: https://www.poundwholesale.co.uk/dekton-tri-extending-wash-brush-3m. Skipping.
2025-07-19 02:38:56,691 - PassiveExtractionWorkflow - INFO - --- Processing supplier product 140/147: 'Car Air Fresheners Fruit Assorted CDU' ---
2025-07-19 02:38:56,691 - PassiveExtractionWorkflow - INFO - Product already processed: https://www.poundwholesale.co.uk/car-air-fresheners-fruit-assorted-cdu. Skipping.
2025-07-19 02:38:56,691 - PassiveExtractionWorkflow - INFO - --- Processing supplier product 141/147: 'Goodyear Wax Applicator Pad Set 3pc' ---
2025-07-19 02:38:56,692 - PassiveExtractionWorkflow - INFO - Product already processed: https://www.poundwholesale.co.uk/goodyear-wax-applicator-pad-set-3pc. Skipping.
2025-07-19 02:38:56,693 - PassiveExtractionWorkflow - INFO - --- Processing supplier product 142/147: 'Goodyear 2-In-1 Noodle Wash Mitt' ---
2025-07-19 02:38:56,693 - PassiveExtractionWorkflow - INFO - Product already processed: https://www.poundwholesale.co.uk/goodyear-2-in-1-noodle-wash-mitt. Skipping.
2025-07-19 02:38:56,694 - PassiveExtractionWorkflow - INFO - --- Processing supplier product 143/147: 'Bettina Comfortable Grip Jumbo Car Sponge' ---
2025-07-19 02:38:56,695 - PassiveExtractionWorkflow - INFO - Product already processed: https://www.poundwholesale.co.uk/jumbo-car-sponge-with-comfortable-grip. Skipping.
2025-07-19 02:38:56,696 - PassiveExtractionWorkflow - INFO - --- Processing supplier product 144/147: 'Auto Extreme Cedar Wood In-Car Fragrance Air Freshener Spray 100ml' ---
2025-07-19 02:38:56,696 - PassiveExtractionWorkflow - INFO - Product already processed: https://www.poundwholesale.co.uk/auto-extreme-cedar-wood-in-car-fragrance-air-freshener-spray-100ml. Skipping.
2025-07-19 02:38:56,697 - PassiveExtractionWorkflow - INFO - --- Processing supplier product 145/147: 'Goodyear Anti-Smear Screenwash 5l' ---
2025-07-19 02:38:56,698 - PassiveExtractionWorkflow - INFO - Product already processed: https://www.poundwholesale.co.uk/goodyear-cherry-anti-smear-screenwash-5l. Skipping.
2025-07-19 02:38:56,698 - PassiveExtractionWorkflow - INFO - --- Processing supplier product 146/147: 'Carpride Scratch Remover Pen' ---
2025-07-19 02:38:56,699 - PassiveExtractionWorkflow - INFO - Product already processed: https://www.poundwholesale.co.uk/carpride-scratch-remover-pen. Skipping.
2025-07-19 02:38:56,700 - PassiveExtractionWorkflow - INFO - --- Processing supplier product 147/147: 'Car Pride Spray Wax 300ml' ---
2025-07-19 02:38:56,701 - PassiveExtractionWorkflow - INFO - Product already processed: https://www.poundwholesale.co.uk/spray-wax-300ml. Skipping.
2025-07-19 02:38:56,701 - PassiveExtractionWorkflow - INFO - 🔍 DEBUG: _save_linking_map called with 145 entries for supplier poundwholesale.co.uk
2025-07-19 02:38:56,703 - PassiveExtractionWorkflow - INFO - 🔍 DEBUG: linking_map type: <class 'list'>, content: [{'supplier_ean': '5053249228587', 'amazon_asin': 'B075QDW3BF', 'supplier_title': 'Car Pride Under Body Seal Black 400ml', 'amazon_title': 'HP CF541A 203A Original LaserJet Toner Cartridge, Cyan, Single Pack', 'supplier_price': 1.73, 'amazon_price': 64.99, 'match_method': 'EAN', 'confidence': 'high', 'created_at': '2025-07-18T10:13:11.088193', 'supplier_url': 'https://www.poundwholesale.co.uk/carpride-under-body-seal-black'}, {'supplier_ean': '5055319527750', 'amazon_asin': 'B0CX1X6R6G', 'supplier_title': 'Auto Extreme Car Detailing Brush Set 5 Pack', 'amazon_title': 'Kasauber', 'supplier_price': 2.1, 'amazon_price': None, 'match_method': 'EAN', 'confidence': 'high', 'created_at': '2025-07-18T10:13:23.277485', 'supplier_url': 'https://www.poundwholesale.co.uk/auto-extreme-car-detailing-brush-set-5-pack'}, {'supplier_ean': '5055319528504', 'amazon_asin': 'B07NJGQFRF', 'supplier_title': 'Rapide RP-60 Penetrating Maintenance Spray with Control Nozzle 400ml', 'amazon_title': 'Rapide 2850 Paint Spray', 'supplier_price': 2.65, 'amazon_price': 5.85, 'match_method': 'EAN', 'confidence': 'high', 'created_at': '2025-07-18T10:14:15.912179', 'supplier_url': 'https://www.poundwholesale.co.uk/rapide-rp-60-penetrating-maintenance-spray-with-control-nozzle-400ml'}, {'supplier_ean': '5055441452272', 'amazon_asin': 'B0DFMPNHT5', 'supplier_title': 'Goodyear Microfibre Luxury Valet Drying Towel Set 2 Pack', 'amazon_title': 'Goodyear 2PC Microfibre Luxury Valet Cloth Set I Microfibre technology| powerful cleaning | Extra absorbency for a swirl free finish | Ideal for buffing away polish & wax residue | Extra large towel', 'supplier_price': 2.14, 'amazon_price': 6.59, 'match_method': 'EAN', 'confidence': 'high', 'created_at': '2025-07-18T10:15:06.821428', 'supplier_url': 'https://www.poundwholesale.co.uk/goodyear-microfibre-luxury-valet-drying-towel-set-2-pack'}, {'supplier_ean': '5053249229140', 'amazon_asin': 'B07N41XTV5', 'supplier_title': 'Carpride Alloy Wheel Spray Paint Silver Gloss', 'amazon_title': 'Car Pride Alloy Wheel Spray Paint Metallic Silver Repairer. 400ml', 'supplier_price': 1.67, 'amazon_price': 5.4, 'match_method': 'EAN', 'confidence': 'high', 'created_at': '2025-07-18T10:16:10.522951', 'supplier_url': 'https://www.poundwholesale.co.uk/carpride-alloy-wheel-spray-paint-silver-gloss'}, {'supplier_ean': '5055056770822', 'amazon_asin': 'B09DTQ4S43', 'supplier_title': 'Millions Blackcurrant Buzz 3D Car Air Freshener', 'amazon_title': 'AIRFreshh', 'supplier_price': 0.38, 'amazon_price': None, 'match_method': 'EAN', 'confidence': 'high', 'created_at': '2025-07-18T10:16:22.515075', 'supplier_url': 'https://www.poundwholesale.co.uk/millions-blackcurrant-buzz-3d-car-air-freshener'}, {'supplier_ean': '5055319519229', 'amazon_asin': 'B07NJGGW8P', 'supplier_title': 'Auto Extreme Professional White Gloss Spray Paint 400ml', 'amazon_title': 'Auto Extreme White Gloss, 400 ml', 'supplier_price': 1.82, 'amazon_price': 5.3, 'match_method': 'EAN', 'confidence': 'high', 'created_at': '2025-07-18T10:17:22.092163', 'supplier_url': 'https://www.poundwholesale.co.uk/auto-extreme-professional-white-gloss-spray-paint-400ml'}, {'supplier_ean': '5055319529907', 'amazon_asin': 'B07XZDY64P', 'supplier_title': 'Rapide Silicone Lubricant Spray 250ml', 'amazon_title': '300ml Silicone Grease Aerosol Spray Lubricant Can Water Resistant Oil', 'supplier_price': 1.07, 'amazon_price': 4.79, 'match_method': 'EAN', 'confidence': 'high', 'created_at': '2025-07-18T10:18:10.835188', 'supplier_url': 'https://www.poundwholesale.co.uk/rapide-silicone-lubricant-spray-250ml'}, {'supplier_ean': '5050375036574', 'amazon_asin': 'B006URFAE8', 'supplier_title': 'Car Pride Assorted Fragrance Fresh Feet Car Air Fresheners 4 Pack CDU', 'amazon_title': 'Pack of 4 FRESH FEET, Car Air Fresheners, Carpride cp1128', 'supplier_price': 0.71, 'amazon_price': 3.3, 'match_method': 'EAN', 'confidence': 'high', 'created_at': '2025-07-18T10:19:02.426082', 'supplier_url': 'https://www.poundwholesale.co.uk/car-pride-assorted-fragrance-fresh-feet-car-air-fresheners-4-pack-cdu'}, {'supplier_ean': '5055056731878', 'amazon_asin': 'B09LH29BZD', 'supplier_title': 'Guilty Pleasures Blueberry Ice Pop 3D Car Air Freshener', 'amazon_title': 'Guilty Pleasure 3D Blueberry CAR FRESHENER', 'supplier_price': 0.38, 'amazon_price': 3.99, 'match_method': 'EAN', 'confidence': 'high', 'created_at': '2025-07-18T10:19:50.869058', 'supplier_url': 'https://www.poundwholesale.co.uk/guilty-pleasures-blueberry-ice-pop-3d-car-air-freshener'}, {'supplier_ean': '5055319514606', 'amazon_asin': 'B0CYH8F9F9', 'supplier_title': 'Auto Extreme Car Pump Sprayer 2L', 'amazon_title': 'My Garden 5 Litre Sprayer Pump - Weed Killer Pressure Sprayer Pump Action - High Pressure Long Reach Sprayers - Ideal For Spraying Water Fertiliser Herbicides Pesticides Preservative & Detergent', 'supplier_price': 3.85, 'amazon_price': None, 'match_method': 'EAN', 'confidence': 'high', 'created_at': '2025-07-18T10:20:03.052455', 'supplier_url': 'https://www.poundwholesale.co.uk/auto-extreme-car-pump-sprayer-2l'}, {'supplier_ean': '5055319530781', 'amazon_asin': 'B09FKD19N4', 'supplier_title': 'Auto Extreme Tropical Mist In-Car Fragrance Air Freshener Spray 100ml', 'amazon_title': 'Air Freshener Spray Concentrated Long Lasting Oil Based (Ocean Breeze)', 'supplier_price': 0.65, 'amazon_price': None, 'match_method': 'EAN', 'confidence': 'high', 'created_at': '2025-07-18T10:20:17.331393', 'supplier_url': 'https://www.poundwholesale.co.uk/auto-extreme-tropical-mist-in-car-fragrance-air-freshener-spray-100ml'}, {'supplier_ean': '5053249245799', 'amazon_asin': 'B0BLLV2M74', 'supplier_title': 'Car Pride Clean & Polish Microfibre Cloth', 'amazon_title': 'CARPRIDE® Clean and Polish MicroFibre Cloth for Car Exterior and Interior | Streak Free | 30 x 30 cm', 'supplier_price': 0.76, 'amazon_price': 5.29, 'match_method': 'EAN', 'confidence': 'high', 'created_at': '2025-07-18T10:21:04.364223', 'supplier_url': 'https://www.poundwholesale.co.uk/car-pride-clean-polish-microfibre-cloth'}, {'supplier_ean': '5055319531849', 'amazon_asin': 'B074KFGHCP', 'supplier_title': 'Rapide Easy Grease Spray 250ml', 'amazon_title': 'HMT', 'supplier_price': 1.05, 'amazon_price': None, 'match_method': 'EAN', 'confidence': 'high', 'created_at': '2025-07-18T10:21:17.993959', 'supplier_url': 'https://www.poundwholesale.co.uk/rapide-easy-grease-spray-250ml'}, {'supplier_ean': '5052578642705', 'amazon_asin': 'B07X22PHWJ', 'supplier_title': 'Bettina Chamois Demist & Dashboard Pad', 'amazon_title': 'Airlab', 'supplier_price': 0.75, 'amazon_price': None, 'match_method': 'EAN', 'confidence': 'high', 'created_at': '2025-07-18T10:21:28.626273', 'supplier_url': 'https://www.poundwholesale.co.uk/bettina-chamois-demist-dashboard-pad'}, {'supplier_ean': '5052578633000', 'amazon_asin': 'B0F6K65PZT', 'supplier_title': 'Bettina Microfibre Mitt', 'amazon_title': 'Fogcosy', 'supplier_price': 0.95, 'amazon_price': None, 'match_method': 'EAN', 'confidence': 'high', 'created_at': '2025-07-18T10:21:41.310298', 'supplier_url': 'https://www.poundwholesale.co.uk/microfibre-mit-highly-effective-wet-or-dry'}, {'supplier_ean': '5053249245669', 'amazon_asin': 'B0BLL1K79V', 'supplier_title': 'Car Pride Blue Microfibre Glass Cloth', 'amazon_title': 'Car-pride Glass Microfibre Cloth', 'supplier_price': 0.74, 'amazon_price': 4.99, 'match_method': 'EAN', 'confidence': 'high', 'created_at': '2025-07-18T10:22:28.491046', 'supplier_url': 'https://www.poundwholesale.co.uk/car-pride-blue-microfibre-glass-cloth'}, {'supplier_ean': '5055056770785', 'amazon_asin': 'B0BLGR29X6', 'supplier_title': 'Millions Sour Strawberry 3D Car Air Freshener', 'amazon_title': 'Evair', 'supplier_price': 0.38, 'amazon_price': None, 'match_method': 'EAN', 'confidence': 'high', 'created_at': '2025-07-18T10:22:40.894972', 'supplier_url': 'https://www.poundwholesale.co.uk/millions-sour-strawberry-3d-car-air-freshener'}, {'supplier_ean': '5053249248714', 'amazon_asin': 'B006T2450O', 'supplier_title': 'Car-Pride White Gloss Spray Paint 400ml', 'amazon_title': 'Tetrion', 'supplier_price': 1.73, 'amazon_price': None, 'match_method': 'EAN', 'confidence': 'high', 'created_at': '2025-07-18T10:22:54.011676', 'supplier_url': 'https://www.poundwholesale.co.uk/car-pride-white-gloss-spray-paint-400ml'}, {'supplier_ean': '5055056731885', 'amazon_asin': 'B09LHBY2GF', 'supplier_title': 'Guilty Pleasures Vanilla & Cherry Cupcake 3D Car Air Freshener', 'amazon_title': 'Guilty Pleasure 3D Vanilla CAR FRESHENER', 'supplier_price': 0.38, 'amazon_price': 3.99, 'match_method': 'EAN', 'confidence': 'high', 'created_at': '2025-07-18T10:23:41.006634', 'supplier_url': 'https://www.poundwholesale.co.uk/guilty-pleasures-vanilla-cherry-cupcake-3d-car-air-freshener'}, {'supplier_ean': '5055319531733', 'amazon_asin': 'B004SMKX7Q', 'supplier_title': 'Auto Extreme Professional Black Alloy Wheel Spray Paint 400ml', 'amazon_title': 'Hycote', 'supplier_price': 1.81, 'amazon_price': None, 'match_method': 'EAN', 'confidence': 'high', 'created_at': '2025-07-18T10:23:55.039262', 'supplier_url': 'https://www.poundwholesale.co.uk/auto-extreme-professional-black-alloy-wheel-spray-paint-400ml'}, {'supplier_ean': '5055441459684', 'amazon_asin': 'B0DL9TR7T2', 'supplier_title': 'Goodyear 2-in-1 Telescopic Handle Scraper', 'amazon_title': 'Goodyear Telescopic Handle Scraper - Adjustable Ice Scraper with Extendable Handle | Sturdy Blade for Snow & Ice Removal | Ergonomic Grip | Compact and Durable Design | Ideal for Cars, Trucks & SUVs', 'supplier_price': 4.04, 'amazon_price': 9.21, 'match_method': 'EAN', 'confidence': 'high', 'created_at': '2025-07-18T10:24:48.156817', 'supplier_url': 'https://www.poundwholesale.co.uk/goodyear-2-in-1-telescopic-handle-scraper'}, {'supplier_ean': '5055441427348', 'amazon_asin': 'B06XPVGMV8', 'supplier_title': 'Goodyear Portable Car Vacuum Cleaner 12V', 'amazon_title': 'Goodyear 12V DC Car/Van Cigarette Lighter Corded Vacuum Cleaner Powerful Suction', 'supplier_price': 5.72, 'amazon_price': 10.99, 'match_method': 'EAN', 'confidence': 'high', 'created_at': '2025-07-18T10:25:44.453432', 'supplier_url': 'https://www.poundwholesale.co.uk/goodyear-portable-car-vacuum-cleaner-12v'}, {'supplier_ean': '5055319517027', 'amazon_asin': 'B01EQ7TPJE', 'supplier_title': 'Rapide DP-60 Multipurpose Maintenance Spray 750ml', 'amazon_title': 'Maintenance Oil 750ml Spray Can (DP60)', 'supplier_price': 2.77, 'amazon_price': 6.95, 'match_method': 'EAN', 'confidence': 'high', 'created_at': '2025-07-18T10:26:39.185617', 'supplier_url': 'https://www.poundwholesale.co.uk/rapide-dp-60-multipurpose-maintenance-spray-750ml'}, {'supplier_ean': '5038673410708', 'amazon_asin': 'B0D1Y8TCDS', 'supplier_title': 'Car Air Fresheners Leaf Assorted CDU', 'amazon_title': 'Ikeda Car Fragrance: Hanging Car Air Freshener | 10ml Hanging Car Decoration | 45 Days Long Lasting Fragrance | With Clip | For Car Home | 1 Piece (10ml x 1 Piece, Coconut)', 'supplier_price': 0.33, 'amazon_price': None, 'match_method': 'EAN', 'confidence': 'high', 'created_at': '2025-07-18T10:26:52.496784', 'supplier_url': 'https://www.poundwholesale.co.uk/car-air-fresheners-leaf-assorted-cdu'}, {'supplier_ean': '5053249224053', 'amazon_asin': 'B0DMN8CMH8', 'supplier_title': 'Tango Car Air Freshener Assorted', 'amazon_title': '10/50/100PCS Custom LOGO Car Bulk Air Fresheners, Custom Air Fresheners for Car Bulk, Air Freshener with Photo, Double-Sided Personalised Photo and Text Car Air Fresheners (10Pcs Square)', 'supplier_price': 0.76, 'amazon_price': None, 'match_method': 'EAN', 'confidence': 'high', 'created_at': '2025-07-18T10:27:03.571134', 'supplier_url': 'https://www.poundwholesale.co.uk/tango-car-air-freshener-assorted'}, {'supplier_ean': '5050375051270', 'amazon_asin': 'B00BPN9Z2A', 'supplier_title': 'Car Pride Alloy Wheel Cleaning Brush', 'amazon_title': 'Car Pride ALLOY WHEEL BRUSH', 'supplier_price': 0.71, 'amazon_price': 3.95, 'match_method': 'EAN', 'confidence': 'high', 'created_at': '2025-07-18T10:27:53.467488', 'supplier_url': 'https://www.poundwholesale.co.uk/car-pride-alloy-wheel-cleaning-brush'}, {'supplier_ean': '5055319519250', 'amazon_asin': 'B01MT7OBIO', 'supplier_title': 'Auto Extreme Professional Clear Lacquer Spray 400ml', 'amazon_title': 'Auto Extreme Clear Lacquer Spray Paint 400ml', 'supplier_price': 1.82, 'amazon_price': 5.32, 'match_method': 'EAN', 'confidence': 'high', 'created_at': '2025-07-18T10:28:54.182013', 'supplier_url': 'https://www.poundwholesale.co.uk/auto-extreme-professional-clear-lacquer-spray-400ml'}, {'supplier_ean': '5055441446578', 'amazon_asin': 'B0993MX5GX', 'supplier_title': 'Goodyear Waterless Wash & Wax 750ml', 'amazon_title': 'GOODYEAR WATERLESS WASH N WAX SPRAY 750ML', 'supplier_price': 2.06, 'amazon_price': 5.93, 'match_method': 'EAN', 'confidence': 'high', 'created_at': '2025-07-18T10:29:47.233890', 'supplier_url': 'https://www.poundwholesale.co.uk/goodyear-waterless-wash-wax-750ml'}, {'supplier_ean': '5055319519113', 'amazon_asin': 'B07NJGQ85R', 'supplier_title': 'Auto Extreme Automotive Silver Spray Paint 250ml', 'amazon_title': 'Auto Extreme Auto Spray Paint Silver, 250 ml', 'supplier_price': 0.92, 'amazon_price': 4.1, 'match_method': 'EAN', 'confidence': 'high', 'created_at': '2025-07-18T10:30:42.274698', 'supplier_url': 'https://www.poundwholesale.co.uk/auto-extreme-automotive-silver-spray-paint-250ml'}, {'supplier_ean': '5055441452210', 'amazon_asin': 'B0DH8DT3MS', 'supplier_title': 'Goodyear Natural Leather Chamois Cloth Xl', 'amazon_title': 'Goodyear Xl Genuine Leather Chamois -natural Chamois, Super Absorbent, Streak, Scratch Free, With Greater Tolerance To Car Cleaners| Stays Soft When Drying| Ideal For Cleaning Of Interior And Exterior', 'supplier_price': 3.83, 'amazon_price': 5.99, 'match_method': 'EAN', 'confidence': 'high', 'created_at': '2025-07-18T10:31:39.934257', 'supplier_url': 'https://www.poundwholesale.co.uk/goodyear-natural-leather-chamois-cloth-xl'}, {'supplier_ean': '5050375045439', 'amazon_asin': 'B003L6U0NC', 'supplier_title': 'Car-Pride Microfibre Mitt 3 Assorted Colours', 'amazon_title': 'Car Pride Microfibre Magic Mitt - Dusts, Scrubs, Cleans and Polishes', 'supplier_price': 0.98, 'amazon_price': 4.34, 'match_method': 'EAN', 'confidence': 'high', 'created_at': '2025-07-18T10:32:54.935150', 'supplier_url': 'https://www.poundwholesale.co.uk/microfibre-mitt'}, {'supplier_ean': '5055441446516', 'amazon_asin': 'B0D9YH94ZQ', 'supplier_title': 'Goodyear Gloss Tyre Shine 750ml', 'amazon_title': 'Auto Xpert Slick Shine, Premium Tyre Dressing, Long Lasting Wet-Look Finish, Protects Against Water and Dust, Easy to Apply, All Weather Tyre Protection. (5 Litre)', 'supplier_price': 1.39, 'amazon_price': None, 'match_method': 'EAN', 'confidence': 'high', 'created_at': '2025-07-18T10:33:09.394012', 'supplier_url': 'https://www.poundwholesale.co.uk/goodyear-gloss-tyre-shine-750ml'}, {'supplier_ean': '5055441449166', 'amazon_asin': 'B0D11XP9V1', 'supplier_title': 'Goodyear Microfibre Buffing Cloth Large 40cm', 'amazon_title': 'Goodyear Microfibre Buffing Cloth I Specially designed microfibre cloth for polishing and buffing your vehicle | Showroom finish | Microfibre attract more dirt than normal cloth | Machine washable', 'supplier_price': 0.85, 'amazon_price': 1.99, 'match_method': 'EAN', 'confidence': 'high', 'created_at': '2025-07-18T10:34:04.595027', 'supplier_url': 'https://www.poundwholesale.co.uk/goodyear-microfibre-buffing-cloth-large-40cm'}, {'supplier_ean': '5055319529877', 'amazon_asin': 'B07Y1V1WMW', 'supplier_title': 'Rapide Copper Grease Spray 250ml', 'amazon_title': 'Rapide 300ml Copper Grease Aerosol Spray Lubricant Can Anti Seize Brake Pad Squeal Oil', 'supplier_price': 1.07, 'amazon_price': 4.95, 'match_method': 'EAN', 'confidence': 'high', 'created_at': '2025-07-18T10:34:58.176694', 'supplier_url': 'https://www.poundwholesale.co.uk/rapide-copper-grease-spray-250ml'}, {'supplier_ean': '5055441446752', 'amazon_asin': 'B0DJWDHG1Y', 'supplier_title': 'Goodyear Hydrophobic Polymer Formulation Wash & Wax 2.5l', 'amazon_title': 'Goodyear Wash And Wax Hydrophobic Polymer 2.5 Ltr | Leaves A Glossy Just Waxed Deep Protective Shine | Polymer-acrylic Polyethylene Copolymer Wax | Effectively Cleans Dirt And Grime From Your Vehicle', 'supplier_price': 3.05, 'amazon_price': 5.99, 'match_method': 'EAN', 'confidence': 'high', 'created_at': '2025-07-18T10:35:51.556162', 'supplier_url': 'https://www.poundwholesale.co.uk/goodyear-hydrophobic-polymer-formulation-wash-wax-2-5l'}, {'supplier_ean': '5055056731892', 'amazon_asin': 'B094HGXWJC', 'supplier_title': 'Guilty Pleasures Strawberry Doughnut 3D Car Air Freshener', 'amazon_title': 'GUILTY PLEASURES STRAWBERRY DOUGHNUT 3D CAR AIR FRESHENER', 'supplier_price': 0.38, 'amazon_price': 1.5, 'match_method': 'EAN', 'confidence': 'high', 'created_at': '2025-07-18T10:36:38.989576', 'supplier_url': 'https://www.poundwholesale.co.uk/guilty-pleasures-strawberry-doughnut-3d-car-air-freshener'}, {'supplier_ean': '5055319519236', 'amazon_asin': 'B07NJGT1BN', 'supplier_title': 'Auto Extreme Professional Grey Primer Spray Paint 400ml', 'amazon_title': 'Auto Extreme Auto Extreme Grey Primer, 400 ml', 'supplier_price': 1.82, 'amazon_price': 5.44, 'match_method': 'EAN', 'confidence': 'high', 'created_at': '2025-07-18T10:37:31.087578', 'supplier_url': 'https://www.poundwholesale.co.uk/auto-extreme-professional-grey-primer-spray-paint-400ml'}, {'supplier_ean': '5055441453309', 'amazon_asin': 'B094DFY8PC', 'supplier_title': 'Goodyear Anti-Smear Blue Screenwash 5L', 'amazon_title': 'Prestone', 'supplier_price': 2.7, 'amazon_price': None, 'match_method': 'EAN', 'confidence': 'high', 'created_at': '2025-07-18T10:37:44.323618', 'supplier_url': 'https://www.poundwholesale.co.uk/goodyear-anti-smear-blue-screenwash-5l'}, {'supplier_ean': '5055319558839', 'amazon_asin': 'B0CTCSZD1T', 'supplier_title': 'Auto Extreme Microfibre Wheel Wash Brush 46cm', 'amazon_title': 'Xtremeauto', 'supplier_price': 2.79, 'amazon_price': None, 'match_method': 'EAN', 'confidence': 'high', 'created_at': '2025-07-18T10:37:55.429624', 'supplier_url': 'https://www.poundwholesale.co.uk/auto-extreme-microfibre-wheel-wash-brush-46cm'}, {'supplier_ean': '5055319511995', 'amazon_asin': 'B09C44BVZY', 'supplier_title': 'Auto Extreme Professional Red Gloss Brake Caliper Spray Paint 400ml', 'amazon_title': 'Tailored Paint', 'supplier_price': 2.73, 'amazon_price': None, 'match_method': 'EAN', 'confidence': 'high', 'created_at': '2025-07-18T10:38:08.805743', 'supplier_url': 'https://www.poundwholesale.co.uk/auto-extreme-professional-red-gloss-brake-caliper-spray-paint-400ml'}, {'supplier_ean': '5055319519205', 'amazon_asin': 'B09DYZTY7G', 'supplier_title': 'Auto Extreme Professional Black Matt Spray Paint 400ml', 'amazon_title': 'Classic Signature - 1 x Auto Extreme Black Matt Spray Paint 400ml, Professional Quality, Perfect Finish for Cars, Bikes,Vans, Metal, Wood', 'supplier_price': 1.82, 'amazon_price': 6.89, 'match_method': 'EAN', 'confidence': 'high', 'created_at': '2025-07-18T10:38:58.185842', 'supplier_url': 'https://www.poundwholesale.co.uk/auto-extreme-professional-black-matt-spray-paint-400ml'}, {'supplier_ean': '5055319531818', 'amazon_asin': 'B000LD4V2E', 'supplier_title': 'Auto Extreme Professional Black Bumper & Trim Spray Paint 400ml', 'amazon_title': 'Hycote', 'supplier_price': 1.81, 'amazon_price': None, 'match_method': 'EAN', 'confidence': 'high', 'created_at': '2025-07-18T10:39:11.840698', 'supplier_url': 'https://www.poundwholesale.co.uk/auto-extreme-professional-black-bumper-trim-spray-paint-400ml'}, {'supplier_ean': '5053249226576', 'amazon_asin': 'B07CZHPQRY', 'supplier_title': '151 Super Maintenance Spray 200ml', 'amazon_title': '151 Products 2X Super Multipurpose Oil - 200ml, 20ml x 10, Bike Chain, Multipurpose, 0.26kg', 'supplier_price': 1.14, 'amazon_price': 5.28, 'match_method': 'EAN', 'confidence': 'high', 'created_at': '2025-07-18T10:40:10.708714', 'supplier_url': 'https://www.poundwholesale.co.uk/supermaintenance-spray-300ml'}, {'supplier_ean': '5050375083813', 'amazon_asin': 'B0DG2QVKZL', 'supplier_title': 'Car Pride Interior Clean & Shine 300ml', 'amazon_title': 'Hoover HF1 Plus Cordless Stick Vacuum Cleaner with Turbo Suction Mode, Up to 45 Min Runtime, LED Lights, Multi-Floor Nozzle, Anti Hair Wrap, Handheld Capability, 165w [HF1P10H]', 'supplier_price': 0.95, 'amazon_price': 99.0, 'match_method': 'EAN', 'confidence': 'high', 'created_at': '2025-07-18T10:41:15.031823', 'supplier_url': 'https://www.poundwholesale.co.uk/interior-clean-shine-300ml'}, {'supplier_ean': '5055319519120', 'amazon_asin': 'B07NJGQFPJ', 'supplier_title': 'Auto Extreme Automotive White Primer Spray Paint 250ml', 'amazon_title': 'Auto Extreme Auto Spray White Primer, 250 ml', 'supplier_price': 0.92, 'amazon_price': 5.19, 'match_method': 'EAN', 'confidence': 'high', 'created_at': '2025-07-18T10:42:08.243130', 'supplier_url': 'https://www.poundwholesale.co.uk/auto-extreme-automotive-white-primer-spray-paint-250ml'}, {'supplier_ean': '5055441449128', 'amazon_asin': 'B0DF3573G7', 'supplier_title': 'Goodyear Microfibre Wash & Dry Cloth Large 40cm', 'amazon_title': 'Goodyear Microfibre Wash and Dry Cloth Large Specially designed microfibre cloth for washing and drying your vehicle |Dual purpose |Microfibres attract more dirt than a normal cloth| Machine washable', 'supplier_price': 0.8, 'amazon_price': 5.03, 'match_method': 'EAN', 'confidence': 'high', 'created_at': '2025-07-18T10:42:56.491855', 'supplier_url': 'https://www.poundwholesale.co.uk/goodyear-microfibre-wash-dry-cloth-large-40cm'}, {'supplier_ean': '5050375084087', 'amazon_asin': 'B004V424UK', 'supplier_title': 'Car Pride Tyre Shine 300ml', 'amazon_title': '151 CAR VAN BIKE TYRE SHINE WET LOOK SPRAY BLACK', 'supplier_price': 0.93, 'amazon_price': 4.2, 'match_method': 'EAN', 'confidence': 'high', 'created_at': '2025-07-18T10:43:52.714822', 'supplier_url': 'https://www.poundwholesale.co.uk/tyre-shine-300ml'}, {'supplier_ean': '5052578042604', 'amazon_asin': 'B089P24HXC', 'supplier_title': 'Bettina Natural Chamois Leather Cloth 30cm X 30cm', 'amazon_title': 'CarMax® English Premium Grade Natural Chamois Leather - Large - Perfect for drying off the whole car, glass, mirrors, inside and out, super soft and highly absorbent, Made in the UK', 'supplier_price': 0.91, 'amazon_price': None, 'match_method': 'EAN', 'confidence': 'high', 'created_at': '2025-07-18T10:44:06.608980', 'supplier_url': 'https://www.poundwholesale.co.uk/bettina-chamois-leather-cloth'}, {'supplier_ean': '5055319512008', 'amazon_asin': 'B0D6N5WJK2', 'supplier_title': 'Auto Extreme Professional Yellow Gloss Brake Caliper Spray Paint 400ml', 'amazon_title': 'AX PRO Break Caliper Spray Yellow Gloss 400ml', 'supplier_price': 2.73, 'amazon_price': 4.87, 'match_method': 'EAN', 'confidence': 'high', 'created_at': '2025-07-18T10:44:49.215843', 'supplier_url': 'https://www.poundwholesale.co.uk/auto-extreme-professional-yellow-gloss-brake-caliper-spray-paint-400ml'}, {'supplier_ean': '5055441452173', 'amazon_asin': 'B0DF358GFW', 'supplier_title': 'Goodyear Microfibre Window Cloth Large 40cm X 40cm', 'amazon_title': 'Goodyear microfibre Window Cloth I Designed Microfiber Cloth for windscreens, windows and mirrors| Statically charged cleaning| Leaves lint free finish| Ideal for effective cleaning of glass surfaces', 'supplier_price': 1.06, 'amazon_price': 1.99, 'match_method': 'EAN', 'confidence': 'high', 'created_at': '2025-07-18T10:45:39.365206', 'supplier_url': 'https://www.poundwholesale.co.uk/goodyear-microfibre-window-cloth-large-40cm-x-40cm'}, {'supplier_ean': '5052578414708', 'amazon_asin': 'B0BG8HY6NL', 'supplier_title': 'Bettina Giant Car Sponge', 'amazon_title': 'Xtremeauto', 'supplier_price': 0.87, 'amazon_price': None, 'match_method': 'EAN', 'confidence': 'high', 'created_at': '2025-07-18T10:45:52.603673', 'supplier_url': 'https://www.poundwholesale.co.uk/bettina-giant-car-sponge'}, {'supplier_ean': '5050375083967', 'amazon_asin': 'B004V423RY', 'supplier_title': 'Car Pride Window & Mirror Cleaner 300ml', 'amazon_title': 'WINDOW MIRROR GLASS CERAMIC CLEANER - NON SMEAR', 'supplier_price': 0.97, 'amazon_price': 4.45, 'match_method': 'EAN_cached', 'confidence': 'low', 'created_at': '2025-07-18T10:45:52.672388', 'supplier_url': 'https://www.poundwholesale.co.uk/window-mirror-cleaner-300ml'}, {'supplier_ean': '5055441444536', 'amazon_asin': 'B0DF33XNMX', 'supplier_title': 'Goodyear Luxury Deep Pile Microfibre 2-In-1 Valet Cloth 45cm X 38cm', 'amazon_title': 'Goodyear Luxury Valet Cloth Large Deep pile for absorbency| For showroom perfect finish |2 in 1 luxury car cloth| Microfibre technology| Cleaning fibre| Satin safety edging protects against scratching', 'supplier_price': 3.02, 'amazon_price': 7.0, 'match_method': 'EAN', 'confidence': 'high', 'created_at': '2025-07-18T10:46:44.263284', 'supplier_url': 'https://www.poundwholesale.co.uk/goodyear-luxury-deep-pile-microfibre-2-in-1-valet-cloth-45cm-x-38cm'}, {'supplier_ean': '5055441446554', 'amazon_asin': 'B0DJWFVY3H', 'supplier_title': 'Goodyear Snow Foam Pre-Wash Shampoo 1l', 'amazon_title': 'Goodyear 1L Snow Foam Cherry Scent Pressure Washer Or Foam Lancer | Covers The Vehicle In A Rich Blanket Of Foam | Gently Loosen Dirt & Heavy Soiling | More Concentrated Solution The Thicker The Foam', 'supplier_price': 2.54, 'amazon_price': 7.99, 'match_method': 'EAN', 'confidence': 'high', 'created_at': '2025-07-18T10:47:33.544513', 'supplier_url': 'https://www.poundwholesale.co.uk/goodyear-cherry-snow-form-pre-wash-shampoo-1l'}, {'supplier_ean': '5055319519021', 'amazon_asin': 'B09FLXRC5F', 'supplier_title': 'Auto Extreme Automotive White Gloss Spray Paint 250ml', 'amazon_title': 'Classic Signature - 1 x Auto Extreme White Gloss Spray Paint 250ml Professional Quality, Perfect Finish for Cars, Bikes,Vans, Metal, Wood', 'supplier_price': 0.92, 'amazon_price': 5.47, 'match_method': 'EAN', 'confidence': 'high', 'created_at': '2025-07-18T10:48:41.581930', 'supplier_url': 'https://www.poundwholesale.co.uk/auto-extreme-automotive-white-gloss-spray-paint-250ml'}, {'supplier_ean': '5055319519274', 'amazon_asin': 'B09F9MVQS1', 'supplier_title': 'Auto Extreme Professional Blue Gloss Spray Paint 400ml', 'amazon_title': 'Classic Signature - 1 x Auto Extreme Blue Gloss Spray Paint 400ml, Professional Quality, Perfect Finish for Cars, Bikes,Vans, Metal, Wood', 'supplier_price': 1.82, 'amazon_price': 6.89, 'match_method': 'EAN', 'confidence': 'high', 'created_at': '2025-07-18T10:49:36.222143', 'supplier_url': 'https://www.poundwholesale.co.uk/auto-extreme-professional-blue-gloss-spray-paint-400ml'}, {'supplier_ean': '5050375127340', 'amazon_asin': 'B076DD8QMP', 'supplier_title': 'Tango Car Air Freshener CDU Assorted Fragrances', 'amazon_title': 'Tango Liquid Car Air Freshener 4pk - Cherry Orange Apple & Lemon', 'supplier_price': 0.74, 'amazon_price': 5.49, 'match_method': 'EAN', 'confidence': 'high', 'created_at': '2025-07-18T10:50:21.970905', 'supplier_url': 'https://www.poundwholesale.co.uk/tango-car-air-freshener-cdu-assorted-fragrances'}, {'supplier_ean': '5055319519243', 'amazon_asin': 'B07NJHJC44', 'supplier_title': 'Auto Extreme Professional Silver Wheel Spray Paint 400ml', 'amazon_title': 'Auto Extreme Silver Wheel, 400 ml', 'supplier_price': 1.82, 'amazon_price': 5.5, 'match_method': 'EAN', 'confidence': 'high', 'created_at': '2025-07-18T10:51:15.720754', 'supplier_url': 'https://www.poundwholesale.co.uk/auto-extreme-professional-silver-wheel-spray-paint-400ml'}, {'supplier_ean': '5055319530798', 'amazon_asin': 'B0BZQ9D3SS', 'supplier_title': 'Auto Extreme Ocean Breeze In-Car Fragrance Air Freshener Spray 100ml', 'amazon_title': 'Car Air Freshener for Men with Vent Clip | Strong Perfume Automotive Air Freshener | Odour Eliminating Technology with Vent Clip | Car Air Fresheners by Perfa', 'supplier_price': 0.65, 'amazon_price': None, 'match_method': 'EAN', 'confidence': 'high', 'created_at': '2025-07-18T10:51:27.401020', 'supplier_url': 'https://www.poundwholesale.co.uk/auto-extreme-ocean-breeze-in-car-fragrance-air-freshener-spray-100ml'}, {'supplier_ean': '5052578047807', 'amazon_asin': 'B0FB44TV8Y', 'supplier_title': 'Bettina Microfibre Ultra Buff Car Cloths 3pc', 'amazon_title': 'Towelogy', 'supplier_price': 1.79, 'amazon_price': None, 'match_method': 'EAN', 'confidence': 'high', 'created_at': '2025-07-18T10:51:38.488644', 'supplier_url': 'https://www.poundwholesale.co.uk/bettina-microfibre-ultra-buff-car-cloths-3pc'}, {'supplier_ean': '5055441446714', 'amazon_asin': 'B0DFPVL488', 'supplier_title': 'Goodyear Silicone Window Squeegee 30cm', 'amazon_title': 'Goodyear Silicone Window Squeegee Ideal For Car Bodywork, Showers, Windows And Other Smooth Surfaces| Soft Silicone Blade| Removes 95% Of Standing Water| V-shaped Grip| Reusable And Long Lasting', 'supplier_price': 1.99, 'amazon_price': 3.99, 'match_method': 'EAN', 'confidence': 'high', 'created_at': '2025-07-18T10:52:28.920921', 'supplier_url': 'https://www.poundwholesale.co.uk/goodyear-silicone-window-squeegee-30cm'}, {'supplier_ean': '5055319528030', 'amazon_asin': 'B0DJM5VWR6', 'supplier_title': 'Rapide DP-60 Penetrating Maintenance Spray 100ml CDU', 'amazon_title': 'PNJB', 'supplier_price': 0.79, 'amazon_price': None, 'match_method': 'EAN', 'confidence': 'high', 'created_at': '2025-07-18T10:52:43.308895', 'supplier_url': 'https://www.poundwholesale.co.uk/rapide-dp-60-penetrating-maintenance-spray-100ml-cdu'}, {'supplier_ean': '5052578047708', 'amazon_asin': 'B09D7HXXXT', 'supplier_title': 'Bettina Assorted Microfibre Car Rags Bag', 'amazon_title': 'MR.SIGA', 'supplier_price': 1.79, 'amazon_price': None, 'match_method': 'EAN', 'confidence': 'high', 'created_at': '2025-07-18T10:52:56.953180', 'supplier_url': 'https://www.poundwholesale.co.uk/bettina-assorted-microfibre-car-rags-bag'}, {'supplier_ean': '8008990001061', 'amazon_asin': 'B00BFXBBHM', 'supplier_title': 'Classic Professional Car Sponge 15cm X 11cm X 5.5cm', 'amazon_title': 'Générique Auto Care – Wash Synthetic Sponge Pro Classic', 'supplier_price': 0.62, 'amazon_price': 3.89, 'match_method': 'EAN', 'confidence': 'high', 'created_at': '2025-07-18T10:53:42.902436', 'supplier_url': 'https://www.poundwholesale.co.uk/classic-professional-car-sponge-15cm-x-11cm-x-5-5cm'}, {'supplier_ean': '5055319529891', 'amazon_asin': 'B0CXN6VDPT', 'supplier_title': 'Rapide Multi Lube Oil Spray 250ml', 'amazon_title': 'Multi Lube Oil Spray High Performance Lubricates Cleans Prevents Rust - 300ml', 'supplier_price': 1.07, 'amazon_price': 5.49, 'match_method': 'EAN', 'confidence': 'high', 'created_at': '2025-07-18T10:54:33.090475', 'supplier_url': 'https://www.poundwholesale.co.uk/rapide-multi-lube-oil-spray-250ml'}, {'supplier_ean': '5055319599559', 'amazon_asin': 'B07NJGVPVQ', 'supplier_title': 'Auto Extreme Professional Chrome Effect Spray Paint 400ml', 'amazon_title': 'Auto Extreme Auto Spray Chrome, 400 ml', 'supplier_price': 2.03, 'amazon_price': 4.99, 'match_method': 'EAN', 'confidence': 'high', 'created_at': '2025-07-18T10:55:42.978833', 'supplier_url': 'https://www.poundwholesale.co.uk/auto-extreme-professional-chrome-effect-spray-paint-400ml'}, {'supplier_ean': '5053249228563', 'amazon_asin': 'B07R97BMMC', 'supplier_title': 'Carpride Alloy Wheel Spray Paint Matt Black', 'amazon_title': 'Car Pride 400ml High Grade Car Alloy Wheel Matt Black Fantastic Finish Surface Aerosol Spray Paint Can', 'supplier_price': 1.67, 'amazon_price': 5.69, 'match_method': 'EAN', 'confidence': 'high', 'created_at': '2025-07-18T10:56:35.936258', 'supplier_url': 'https://www.poundwholesale.co.uk/carpride-alloy-wheel-spray-paint-matt-black'}, {'supplier_ean': '5055319519045', 'amazon_asin': 'B07NJFYFZR', 'supplier_title': 'Auto Extreme Silver Wheel Spray Paint 250ml', 'amazon_title': 'Auto Extreme Auto Spray Silver Wheel, 250 ml', 'supplier_price': 0.92, 'amazon_price': 4.5, 'match_method': 'EAN', 'confidence': 'high', 'created_at': '2025-07-18T10:57:32.469691', 'supplier_url': 'https://www.poundwholesale.co.uk/auto-extreme-silver-wheel-spray-paint-250ml'}, {'supplier_ean': '5055319519212', 'amazon_asin': 'B09DYXN6YF', 'supplier_title': 'Auto Extreme Professional Black Gloss Spray Paint 400ml', 'amazon_title': 'Classic Signature - 1 x Auto Extreme Black Gloss Spray Paint 400ml, Professional Quality, Perfect Finish for Cars, Bikes,Vans, Metal, Wood', 'supplier_price': 1.82, 'amazon_price': 6.89, 'match_method': 'EAN', 'confidence': 'high', 'created_at': '2025-07-18T10:58:29.850682', 'supplier_url': 'https://www.poundwholesale.co.uk/auto-extreme-professional-black-gloss-spray-paint-400ml'}, {'supplier_ean': '5056170362405', 'amazon_asin': 'B006UCJ5NU', 'supplier_title': 'Bloc Multipurpose Penetrating Maintenance Spray 250ml', 'amazon_title': 'WD-40 Specialist', 'supplier_price': 1.03, 'amazon_price': None, 'match_method': 'EAN', 'confidence': 'high', 'created_at': '2025-07-18T10:58:41.438173', 'supplier_url': 'https://www.poundwholesale.co.uk/bloc-multipurpose-penetrating-maintenance-spray-250ml'}, {'supplier_ean': '5055319519106', 'amazon_asin': 'B09FLX734G', 'supplier_title': 'Auto Extreme Automotive Black Satin Spray Paint 250ml', 'amazon_title': 'Classic Signature - 1 x Black Satin Auto Extreme Spray Paint 250ml Professional Quality, Perfect Finish for Cars, Bikes,Vans, Metal, Wood', 'supplier_price': 0.92, 'amazon_price': 5.47, 'match_method': 'EAN', 'confidence': 'high', 'created_at': '2025-07-18T10:59:37.654163', 'supplier_url': 'https://www.poundwholesale.co.uk/auto-extreme-automotive-black-satin-spray-paint-250ml'}, {'supplier_ean': '5053249248677', 'amazon_asin': 'B000LD4V2E', 'supplier_title': 'Car Pride Black Gloss Spray Paint 400ml', 'amazon_title': 'Hycote', 'supplier_price': 1.73, 'amazon_price': None, 'match_method': 'EAN', 'confidence': 'high', 'created_at': '2025-07-18T10:59:51.150021', 'supplier_url': 'https://www.poundwholesale.co.uk/car-pride-black-gloss-spray-paint-400ml'}, {'supplier_ean': '5050375064300', 'amazon_asin': 'B01M0JVPJD', 'supplier_title': 'Car-Pride Quick Fix Tyre Repair 300ml', 'amazon_title': '2 X QUICK FIX CAR EMERGENCY FLAT TYRE INFLATE PUNCTURE REPAIR KIT', 'supplier_price': 1.77, 'amazon_price': 7.74, 'match_method': 'EAN', 'confidence': 'high', 'created_at': '2025-07-18T11:00:47.582374', 'supplier_url': 'https://www.poundwholesale.co.uk/quick-fix-tyre-repair'}, {'supplier_ean': '5055441446530', 'amazon_asin': 'B0993N1H9T', 'supplier_title': 'Goodyear Car Cockpit Cleaner 750ml', 'amazon_title': 'Goodyear Cockpit Cleaner 750ml- Effectively Cleans Dirt, Dust And Grime From the Dashboard And Surroundings| Protects Against Water And Dust Helping to Leave a Showroom Shine| Spray Weight 820g', 'supplier_price': 1.39, 'amazon_price': 5.13, 'match_method': 'EAN', 'confidence': 'high', 'created_at': '2025-07-18T11:01:48.222908', 'supplier_url': 'https://www.poundwholesale.co.uk/goodyear-cherry-scent-car-cockpit-cleaner-750ml'}, {'supplier_ean': '5055319519281', 'amazon_asin': 'B07NJGV658', 'supplier_title': 'Auto Extreme Professional Yellow Gloss Spray Paint 400ml', 'amazon_title': 'Auto Extreme Auto Extreme Yellow, 400 ml', 'supplier_price': 1.96, 'amazon_price': 5.49, 'match_method': 'EAN', 'confidence': 'high', 'created_at': '2025-07-18T11:02:38.788885', 'supplier_url': 'https://www.poundwholesale.co.uk/auto-extreme-professional-yellow-gloss-spray-paint-400ml'}, {'supplier_ean': '5056175980970', 'amazon_asin': 'B095HTD46T', 'supplier_title': 'Auto Extras Jar Candle Air Freshener 3 Pack Assorted', 'amazon_title': 'CRISTALINAS', 'supplier_price': 0.54, 'amazon_price': None, 'match_method': 'EAN', 'confidence': 'high', 'created_at': '2025-07-18T11:02:51.951099', 'supplier_url': 'https://www.poundwholesale.co.uk/auto-extras-jar-candle-air-freshener-3-pack-assorted'}, {'supplier_ean': '5055319529914', 'amazon_asin': 'B07XZF187M', 'supplier_title': 'Rapide PTFE Lubricant Spray 250ml', 'amazon_title': 'Rapide 300ml PTFE Grease Aerosol Spray Lubricant Can Chains Belts Cables Oil', 'supplier_price': 1.07, 'amazon_price': 4.99, 'match_method': 'EAN', 'confidence': 'high', 'created_at': '2025-07-18T11:03:38.329354', 'supplier_url': 'https://www.poundwholesale.co.uk/rapide-ptfe-lubricant-spray-250ml'}, {'supplier_ean': '5055441449203', 'amazon_asin': 'B0D12237Y2', 'supplier_title': 'Goodyear Expanding Car Cleaning Sponge', 'amazon_title': 'Goodyear Tyre and Wheel Deep Cleaning Multi-Purpose Brush | Ideal for Vehicle Tyres | Ergonomic L-Style Handle | Wide Curved Brush Head Covers Larger Surface | Removes Dirt and Grime', 'supplier_price': 0.72, 'amazon_price': 0.99, 'match_method': 'EAN', 'confidence': 'high', 'created_at': '2025-07-18T11:04:31.759859', 'supplier_url': 'https://www.poundwholesale.co.uk/goodyear-expanding-car-cleaning-sponge'}, {'supplier_ean': '5053249229768', 'amazon_asin': 'B0BZQ8C6CS', 'supplier_title': 'Chupa Chups Car Air Fresheners CDU Assorted Fragrances', 'amazon_title': 'One Million Car Air Freshener for Men | Strong Perfume Automotive Freshener | Odour Eliminating Technology with Vent Clip | Long Lasting Car Air Freshener by Perfa', 'supplier_price': 0.87, 'amazon_price': None, 'match_method': 'EAN', 'confidence': 'high', 'created_at': '2025-07-18T11:04:43.364574', 'supplier_url': 'https://www.poundwholesale.co.uk/chupa-chups-car-air-fresheners-cdu-assorted-fragrances'}, {'supplier_ean': '5050375002197', 'amazon_asin': 'B01MQHS127', 'supplier_title': 'Car Pride Stitched Natural Chamois Leather', 'amazon_title': '151 NATURAL CHAMOIS LEATHER', 'supplier_price': 0.85, 'amazon_price': 3.19, 'match_method': 'EAN', 'confidence': 'high', 'created_at': '2025-07-18T11:06:00.876295', 'supplier_url': 'https://www.poundwholesale.co.uk/stitched-natural-chamois-leather'}, {'supplier_ean': '5055441446431', 'amazon_asin': 'B0992QG9QK', 'supplier_title': 'Goodyear Instant Valet Upholstery Cleaner 750ml', 'amazon_title': 'GOODYEAR INSTANT VALET UPHOLSTERY CLEANER SPRAY 750ML', 'supplier_price': 1.4, 'amazon_price': 5.27, 'match_method': 'EAN', 'confidence': 'high', 'created_at': '2025-07-18T11:06:52.375016', 'supplier_url': 'https://www.poundwholesale.co.uk/goodyear-instant-valet-upholstery-cleaner-750ml'}, {'supplier_ean': '5053249245751', 'amazon_asin': 'B0BLL3XTRB', 'supplier_title': 'Car Pride Clean & Dry Microfibre Cloth', 'amazon_title': 'CARPRIDE® Clean and Dry Microfibre Cloth | For Car Exterior and Interior | 30 x 30 cm | Brown', 'supplier_price': 0.76, 'amazon_price': 2.95, 'match_method': 'EAN', 'confidence': 'high', 'created_at': '2025-07-18T11:07:43.161406', 'supplier_url': 'https://www.poundwholesale.co.uk/car-pride-clean-dry-microfibre-cloth'}, {'supplier_ean': '8008990001047', 'amazon_asin': 'B0DJFRHQ3H', 'supplier_title': 'Flash Car Synthetic Chamois Large', 'amazon_title': 'FLASH', 'supplier_price': 1.42, 'amazon_price': None, 'match_method': 'EAN', 'confidence': 'high', 'created_at': '2025-07-18T11:08:10.161535', 'supplier_url': 'https://www.poundwholesale.co.uk/flash-car-synthetic-chamois-large'}, {'supplier_ean': '5050375084148', 'amazon_asin': 'B07FRGHHQR', 'supplier_title': 'Car Pride Black Pack 300ml', 'amazon_title': 'Car Pride Black Pack Spray For Plastic Bumper & Exterior Trim Restorer 300ml', 'supplier_price': 0.93, 'amazon_price': 4.49, 'match_method': 'EAN_cached', 'confidence': 'low', 'created_at': '2025-07-18T11:08:10.231134', 'supplier_url': 'https://www.poundwholesale.co.uk/black-pack-300ml'}, {'supplier_ean': '5055319519311', 'amazon_asin': 'B07NJH9XCY', 'supplier_title': 'Auto Extreme Professional Racing Green Gloss Spray Paint 400ml', 'amazon_title': 'Auto Extreme Racing Green, 400 ml', 'supplier_price': 1.96, 'amazon_price': 5.65, 'match_method': 'EAN', 'confidence': 'high', 'created_at': '2025-07-18T11:09:04.876820', 'supplier_url': 'https://www.poundwholesale.co.uk/auto-extreme-professional-racing-green-gloss-spray-paint-400ml'}, {'supplier_ean': '5055319519137', 'amazon_asin': 'B07NJFXL6R', 'supplier_title': 'Auto Extreme Red Primer Spray Paint 250ml', 'amazon_title': 'Auto Extreme Auto Spray Red Primer, 250 ml', 'supplier_price': 0.92, 'amazon_price': 4.35, 'match_method': 'EAN', 'confidence': 'high', 'created_at': '2025-07-18T11:09:55.460107', 'supplier_url': 'https://www.poundwholesale.co.uk/mean-machine-auto-spray-red-primer-250ml'}, {'supplier_ean': '5038673050010', 'amazon_asin': 'B0FC6D5VDG', 'supplier_title': 'Portable Wet & Dry Auto Vacuum Cleaner', 'amazon_title': 'HYCHIKA 3 in 1 Wet and Dry Vacuum Cleaner, Power: 1200 W, 20 L Stainless Steel Tank, 6 M+ Cleaning Range (2.5 M Power Cores + 3.5 M Soft & Hard Hose), for Garden Outdoor Floor Sofa Cleaning', 'supplier_price': 10.18, 'amazon_price': None, 'match_method': 'EAN', 'confidence': 'high', 'created_at': '2025-07-18T11:10:08.518609', 'supplier_url': 'https://www.poundwholesale.co.uk/portable-wet-dry-auto-vacuum-cleaner'}, {'supplier_ean': '5052578034708', 'amazon_asin': 'B0CKTH6LDT', 'supplier_title': 'Bettina Microfibre Car Cloths 2 Pack', 'amazon_title': 'CarMax® - Original Twisted Loop Car Drying Towel - Double-Sided XXL - 90cm x 60cm 1400gsm Microfibre Towel for fast streak-free drying and detailing.', 'supplier_price': 0.79, 'amazon_price': 17.99, 'match_method': 'EAN_cached', 'confidence': 'low', 'created_at': '2025-07-18T11:10:08.580003', 'supplier_url': 'https://www.poundwholesale.co.uk/3pc-micro-fibre-car-cloths-highly-effective-wet-or-dry'}, {'supplier_ean': '5055441449142', 'amazon_asin': 'B0DF343YX8', 'supplier_title': 'Goodyear Microfibre Dusting Cloth Large 60cm X 40cm', 'amazon_title': 'Goodyear Microfibre Dusting Cloth I Specially designed microfibre cloth for windscreens, windows and mirrors | Statically charged cleaning fibres attract dust | Leaves a lint free finish | 60m x 40cm', 'supplier_price': 0.85, 'amazon_price': 1.99, 'match_method': 'EAN', 'confidence': 'high', 'created_at': '2025-07-18T11:10:57.177704', 'supplier_url': 'https://www.poundwholesale.co.uk/goodyear-microfibre-dusting-cloth-large-60cm-x-40cm'}, {'supplier_ean': '5055441449180', 'amazon_asin': 'B0D3JDFZJC', 'supplier_title': 'Goodyear Microfibre Car Cloth Set 4 Pack', 'amazon_title': 'Goodyear 4PC Microfibre Cloth Set- microfibre cloths for cleaning your vehicle | Cleaning fibres attract dust | Showroom finish | Machine washable | Dashboard, Buffing, Window cloth | Wash and drying', 'supplier_price': 2.59, 'amazon_price': 4.99, 'match_method': 'EAN', 'confidence': 'high', 'created_at': '2025-07-18T11:11:46.340949', 'supplier_url': 'https://www.poundwholesale.co.uk/goodyear-microfibre-car-cloth-set-4-pack'}, {'supplier_ean': '5055441449104', 'amazon_asin': 'B0DH8C367V', 'supplier_title': 'Goodyear Synthetic Chamois Cloth', 'amazon_title': 'Goodyear Synthetic Chamois -natural Chamois, Super Absorbent, Streak And Scratch Free, With A Greater Tolerance To Modern Car Cleaners| Stays Soft When Drying| Extra Large 72cm x 50cm|Machine Washable', 'supplier_price': 1.9, 'amazon_price': 2.99, 'match_method': 'EAN', 'confidence': 'high', 'created_at': '2025-07-18T11:12:43.381337', 'supplier_url': 'https://www.poundwholesale.co.uk/goodyear-synthetic-chamois-cloth'}, {'supplier_ean': '5055319530736', 'amazon_asin': 'B084VTS1NV', 'supplier_title': 'Auto Extreme Fresh Linen In-Car Fragrance Air Freshener Spray 100ml', 'amazon_title': 'Air Freshener Spray Concentrated Long Lasting Oil Based (New Car)', 'supplier_price': 0.65, 'amazon_price': None, 'match_method': 'EAN', 'confidence': 'high', 'created_at': '2025-07-18T11:12:55.532920', 'supplier_url': 'https://www.poundwholesale.co.uk/auto-extreme-fresh-linen-in-car-fragrance-air-freshener-spray-100ml'}, {'supplier_ean': '5055319519076', 'amazon_asin': 'B09FLX3QXD', 'supplier_title': 'Auto Extreme Automotive Red Gloss Spray Paint 250ml', 'amazon_title': 'Classic Signature - 1 x Auto Extreme Red Gloss Spray Paint 250ml, Professional Quality, Perfect Finish for Cars, Bikes,Vans, Metal, Wood', 'supplier_price': 0.92, 'amazon_price': 5.47, 'match_method': 'EAN', 'confidence': 'high', 'created_at': '2025-07-18T11:13:48.220197', 'supplier_url': 'https://www.poundwholesale.co.uk/auto-extreme-automotive-red-gloss-spray-paint-250ml'}, {'supplier_ean': '5050375003620', 'amazon_asin': 'B0DG2QVKZL', 'supplier_title': 'Car Pride Luxury Natural Chamois Leather', 'amazon_title': 'Hoover HF1 Plus Cordless Stick Vacuum Cleaner with Turbo Suction Mode, Up to 45 Min Runtime, LED Lights, Multi-Floor Nozzle, Anti Hair Wrap, Handheld Capability, 165w [HF1P10H]', 'supplier_price': 1.41, 'amazon_price': 99.0, 'match_method': 'EAN', 'confidence': 'high', 'created_at': '2025-07-18T11:14:56.832846', 'supplier_url': 'https://www.poundwholesale.co.uk/car-pride-luxury-natural-chamois-leather'}, {'supplier_ean': '00994743', 'amazon_asin': 'B0CCVFJ94Z', 'supplier_title': 'Wilko Ready To Use Screenwash 5l', 'amazon_title': 'Rain-X', 'supplier_price': 1.42, 'amazon_price': None, 'match_method': 'EAN', 'confidence': 'high', 'created_at': '2025-07-18T11:15:10.531582', 'supplier_url': 'https://www.poundwholesale.co.uk/wilko-ready-to-use-screenwash-5l'}, {'supplier_ean': '5055319556668', 'amazon_asin': 'B0BC1D6KPG', 'supplier_title': 'Auto Extreme Car Upholstery Brush 14cm X 6.5cm', 'amazon_title': '15° Curved Car Cleaning Brush with Telescopic Handle 43" Aluminum Alloy Long Rod Wash Mop For Washing Caravan Van Truck Boat RV Roof Soft Chenille Head Duster Clean Product Not Hurt Paint Scratch Free', 'supplier_price': 0.97, 'amazon_price': None, 'match_method': 'EAN', 'confidence': 'high', 'created_at': '2025-07-18T11:15:22.281479', 'supplier_url': 'https://www.poundwholesale.co.uk/auto-extreme-car-upholstery-brush-14cm-x-6-5cm'}, {'supplier_ean': '5050375083783', 'amazon_asin': 'B00A3T5F2G', 'supplier_title': 'Car Pride Instant Valet 300ml', 'amazon_title': 'Carpride Instant Valet Aerosol Spray 300ml', 'supplier_price': 0.97, 'amazon_price': 4.09, 'match_method': 'EAN_cached', 'confidence': 'low', 'created_at': '2025-07-18T11:15:22.357739', 'supplier_url': 'https://www.poundwholesale.co.uk/instant-valet-300ml'}, {'supplier_ean': '5055319512213', 'amazon_asin': 'B0F9329VCL', 'supplier_title': 'Auto Extreme Car Air Freshener Assorted Fragrances Clip Strip', 'amazon_title': 'Automizer - Creed Car Air Freshener for Men - Smart Car Air Freshener Diffuser Aventus Inspired Automatic On/Off Refillable Air Freshner, Gifts for Men/Women', 'supplier_price': 0.27, 'amazon_price': None, 'match_method': 'EAN', 'confidence': 'high', 'created_at': '2025-07-18T11:15:36.157612', 'supplier_url': 'https://www.poundwholesale.co.uk/auto-extreme-car-air-freshener-assorted-fragrances-clip-strip'}, {'supplier_ean': '5053249256832', 'amazon_asin': 'B0D2HLTZ4Q', 'supplier_title': 'Car Pride All Seasons Screen Wash Tablets 2pc', 'amazon_title': 'Screenwash Tablets For Cars, 100 Pcs Car Windshield Wash Tablets, Concentrated Screenwash Washer Fluid Car Window Cleaning Tablets for Metal, Plastic, Window Glass, Look Completely New', 'supplier_price': 0.74, 'amazon_price': None, 'match_method': 'EAN', 'confidence': 'high', 'created_at': '2025-07-18T11:15:50.415052', 'supplier_url': 'https://www.poundwholesale.co.uk/car-pride-all-seasons-screen-wash-tablets-2pc'}, {'supplier_ean': '5055056731861', 'amazon_asin': 'B09LHF2V7G', 'supplier_title': 'Guilty Pleasures Chocolate Chip Cookie 3D Car Air Freshener', 'amazon_title': 'Guilty Pleasures 3D Choc Cookie CAR FRESHENER', 'supplier_price': 0.38, 'amazon_price': 3.99, 'match_method': 'EAN', 'confidence': 'high', 'created_at': '2025-07-18T11:16:51.336470', 'supplier_url': 'https://www.poundwholesale.co.uk/guilty-pleasures-chocolate-chip-cookie-3d-air-freshener'}, {'supplier_ean': '5055441446479', 'amazon_asin': 'B0993YCZWB', 'supplier_title': 'Goodyear Fresh Fragrance Glass & Mirror Cleaner 750ml', 'amazon_title': 'Goodyear Glass & Mirror Cleaner 750ml - For a streak-free finish | Effective cleaner for car windscreens, side window, wing mirrors & rear view mirror | Suitable for rain sensor and acrylic windows', 'supplier_price': 1.36, 'amazon_price': 5.74, 'match_method': 'EAN', 'confidence': 'high', 'created_at': '2025-07-18T11:18:10.194551', 'supplier_url': 'https://www.poundwholesale.co.uk/goodyear-fresh-fragrance-glass-mirror-cleaner-750ml'}, {'supplier_ean': '5055441446455', 'amazon_asin': 'B0993N4XMC', 'supplier_title': 'Goodyear Back-To-Black Bumper & Trim Plastic Restorer 750ml', 'amazon_title': 'Goodyear Bumper and Trim Restorer 750ml-back to Black| Helps Bumper and Trim Plastic Look Like New| Restores, Protects and Shines| Long Lasting Gloss Finish| Suitable for All Exterior Plastics', 'supplier_price': 1.4, 'amazon_price': 4.89, 'match_method': 'EAN', 'confidence': 'high', 'created_at': '2025-07-18T11:19:05.192693', 'supplier_url': 'https://www.poundwholesale.co.uk/goodyear-black-bumper-trim-plastic-restorer-750ml'}, {'supplier_ean': '5015302400262', 'amazon_asin': 'B0B4R5265Z', 'supplier_title': 'Coco & Gray Assorted Colour Synthetic Chamois Cloths 3 Pack', 'amazon_title': 'Airlab', 'supplier_price': 0.64, 'amazon_price': None, 'match_method': 'EAN', 'confidence': 'high', 'created_at': '2025-07-18T11:19:19.017457', 'supplier_url': 'https://www.poundwholesale.co.uk/royle-shammy-pack-3'}, {'supplier_ean': '5055319519304', 'amazon_asin': 'B09F9N1DW9', 'supplier_title': 'Auto Extreme Professional Silver Body Spray Paint 400ml', 'amazon_title': 'Classic Signature - 1 x Auto Extreme Silver Body Spray Paint 400ml Professional Quality, Perfect Finish for Cars, Bikes,Vans, Metal, Wood', 'supplier_price': 1.82, 'amazon_price': 6.89, 'match_method': 'EAN', 'confidence': 'high', 'created_at': '2025-07-18T11:20:10.249623', 'supplier_url': 'https://www.poundwholesale.co.uk/auto-extreme-professional-silver-body-spray-paint-400ml'}, {'supplier_ean': '5053249200743', 'amazon_asin': 'B0DY5MX94X', 'supplier_title': 'Tango Card Car Air Freshener 2 Pack CDU Assorted Fragrances', 'amazon_title': 'Luxury Car Fragrance Gift Set, 2 Glass Car Diffusers, 2 x 30ml Refills, 2 x Vent Clips, 10 ml Interior Fabric Spray, Strong Fragrance, (Crede)', 'supplier_price': 0.74, 'amazon_price': None, 'match_method': 'EAN', 'confidence': 'high', 'created_at': '2025-07-18T11:20:38.365789', 'supplier_url': 'https://www.poundwholesale.co.uk/tango-card-car-air-freshener-2-pack-cdu-assorted-fragrances'}, {'supplier_ean': '5056175980963', 'amazon_asin': 'B0FH9LCRSZ', 'supplier_title': 'Auto Extras Jelly Baby Air Freshener Assorted', 'amazon_title': 'Car Air Freshener Aromatherapy Balm Long Lasting Fragrance Non-spill Solid 3D Tomato Shaped Travel Size Scented Balm 100g Eliminate Odor for Bedroom Toliet Elitzia ETAP2815', 'supplier_price': 0.65, 'amazon_price': None, 'match_method': 'EAN', 'confidence': 'high', 'created_at': '2025-07-18T11:20:51.448024', 'supplier_url': 'https://www.poundwholesale.co.uk/auto-extras-jelly-baby-air-freshener-assorted'}, {'supplier_ean': '5055319519298', 'amazon_asin': 'B07NJH3Q91', 'supplier_title': 'Auto Extreme Professional Black Satin Spray Paint 400ml', 'amazon_title': 'Auto Extreme Auto Extreme Black Satin, 400 ml', 'supplier_price': 1.82, 'amazon_price': 5.49, 'match_method': 'EAN', 'confidence': 'high', 'created_at': '2025-07-18T11:21:47.219390', 'supplier_url': 'https://www.poundwholesale.co.uk/auto-extreme-professional-black-satin-spray-paint-400ml'}, {'supplier_ean': '5055056770815', 'amazon_asin': 'B0BZQC1VY6', 'supplier_title': 'Millions Cola 3D Car Air Freshener', 'amazon_title': 'Creed Car Air Freshener for Men | Aventos Perfume Inspired Car Fragrances | Strong Freshener with Odour Eliminator Technology | Creed Automotive Air Freshener | GREED Scent by Perfa', 'supplier_price': 0.38, 'amazon_price': None, 'match_method': 'EAN', 'confidence': 'high', 'created_at': '2025-07-18T11:22:00.417347', 'supplier_url': 'https://www.poundwholesale.co.uk/millions-cola-3d-car-air-freshener'}, {'supplier_ean': '5052578015608', 'amazon_asin': 'B0DHXJ3Y9T', 'supplier_title': 'Bettina Car Sponges 3 Pack', 'amazon_title': '3 Pack Car Sponges,Jumbo Sponges For Car Cleaning,Anti Scratch Technology for Car Exterior & Window Washing- Perfect For Wheels, Windscreen & Bodywork (3 PCS (Yellow))', 'supplier_price': 0.84, 'amazon_price': 7.99, 'match_method': 'EAN_cached', 'confidence': 'low', 'created_at': '2025-07-18T11:22:00.495119', 'supplier_url': 'https://www.poundwholesale.co.uk/bettina-car-sponges-3-pack'}, {'supplier_ean': '5038673050010', 'amazon_asin': 'B0FC6D5VDG', 'supplier_title': 'Roadster Car Vacuum Cleaner 12V', 'amazon_title': 'HYCHIKA 3 in 1 Wet and Dry Vacuum Cleaner, Power: 1200 W, 20 L Stainless Steel Tank, 6 M+ Cleaning Range (2.5 M Power Cores + 3.5 M Soft & Hard Hose), for Garden Outdoor Floor Sofa Cleaning', 'supplier_price': 5.28, 'amazon_price': None, 'match_method': 'EAN_cached', 'confidence': 'low', 'created_at': '2025-07-18T11:22:00.576434', 'supplier_url': 'https://www.poundwholesale.co.uk/roadster-car-vacuum-cleaner-12v'}, {'supplier_ean': '5050375083752', 'amazon_asin': 'B01C4S4876', 'supplier_title': 'Car Pride Alloy Wheel Cleaner 300ml', 'amazon_title': 'Car Pride Wheel Clean, 300ml', 'supplier_price': 0.97, 'amazon_price': 4.05, 'match_method': 'EAN_cached', 'confidence': 'low', 'created_at': '2025-07-18T11:22:00.651582', 'supplier_url': 'https://www.poundwholesale.co.uk/alloy-wheel-cleaner'}, {'supplier_ean': '5055441452357', 'amazon_asin': 'B0DFPVGFZ4', 'supplier_title': 'Goodyear Extendable Car Windscreen Washer Squeegee Sponge Cleaner', 'amazon_title': 'Goodyear 2 In 1 Window Squeegee Flexible Rubber Blade| Netted Sponge Scrubber| Multi-purpose And Easy To Use| Non - Scratch| Ideal For Cleaning Windows And Windscreens| Compact Design, Easy Storage', 'supplier_price': 1.76, 'amazon_price': 2.99, 'match_method': 'EAN', 'confidence': 'high', 'created_at': '2025-07-18T11:22:54.109374', 'supplier_url': 'https://www.poundwholesale.co.uk/goodyear-extendable-car-windscreen-washer-squeegee-sponge-cleaner'}, {'supplier_ean': '5055257813090', 'amazon_asin': 'B0FH9LCRSZ', 'supplier_title': 'Fragranced Fruit Shaped Car Air Freshener', 'amazon_title': 'Car Air Freshener Aromatherapy Balm Long Lasting Fragrance Non-spill Solid 3D Tomato Shaped Travel Size Scented Balm 100g Eliminate Odor for Bedroom Toliet Elitzia ETAP2815', 'supplier_price': 0.6, 'amazon_price': None, 'match_method': 'EAN', 'confidence': 'high', 'created_at': '2025-07-18T11:23:05.509024', 'supplier_url': 'https://www.poundwholesale.co.uk/fragranced-fruit-shaped-car-air-freshener'}, {'supplier_ean': '5055319510615', 'amazon_asin': 'B0C49F6NG6', 'supplier_title': 'Auto Extreme Professional Petrol-Resistant Lacquer Clear Spray 400ml', 'amazon_title': 'Ozeino Wireless Gaming Headset, Compatible with PC Ps5 Ps4 Boasts 2.4GHz Lossless Audio, USB & Type-C, Flip Microphone and 40-Hr Battery - Suited for Switch, Laptop, Mac', 'supplier_price': 1.89, 'amazon_price': 23.11, 'match_method': 'EAN', 'confidence': 'high', 'created_at': '2025-07-18T11:24:21.169341', 'supplier_url': 'https://www.poundwholesale.co.uk/auto-extreme-professional-petrol-resistant-lacquer-clear-spray-400ml'}, {'supplier_ean': '5053249271453', 'amazon_asin': 'B0CHTHYL58', 'supplier_title': 'Car-Pride Biodegradable Interior Clean & Shine Wipes 30 Pack', 'amazon_title': 'AMK', 'supplier_price': 0.65, 'amazon_price': None, 'match_method': 'EAN', 'confidence': 'high', 'created_at': '2025-07-18T11:24:44.743060', 'supplier_url': 'https://www.poundwholesale.co.uk/car-pride-interior-clean-shine-wipes-30-pack'}, {'supplier_ean': '5055319519267', 'amazon_asin': 'B07NJGB772', 'supplier_title': 'Auto Extreme Professional Red Gloss Spray Paint 400ml', 'amazon_title': 'Auto Extreme Auto Extreme Red, 400 ml', 'supplier_price': 1.82, 'amazon_price': 5.79, 'match_method': 'EAN', 'confidence': 'high', 'created_at': '2025-07-18T11:25:35.589009', 'supplier_url': 'https://www.poundwholesale.co.uk/auto-extreme-professional-red-gloss-spray-paint-400ml'}, {'supplier_ean': '5056175987832', 'amazon_asin': 'B0BSFN7BK9', 'supplier_title': 'Bloome Gel Boat Air Freshener 150G Assorted Fragrance', 'amazon_title': 'SOL', 'supplier_price': 0.46, 'amazon_price': None, 'match_method': 'EAN', 'confidence': 'high', 'created_at': '2025-07-18T11:25:49.342872', 'supplier_url': 'https://www.poundwholesale.co.uk/bloome-gel-boat-air-freshener-150g-assorted-fragrance'}, {'supplier_ean': '5055441445021', 'amazon_asin': 'B0DJFGKQTJ', 'supplier_title': 'Dekton Tri-Extending Wash Brush 3m', 'amazon_title': 'Dekton Heavy Duty Tri-Extending Wash Brush | Long Reach Water Fed Brush for Cars, Boats, & More | Ergonomic Foam Grip | Soft Bristles Prevent Scratching | Telescopic Design Extends to 3 Metres', 'supplier_price': 13.64, 'amazon_price': 25.06, 'match_method': 'EAN', 'confidence': 'high', 'created_at': '2025-07-18T11:26:42.138251', 'supplier_url': 'https://www.poundwholesale.co.uk/dekton-tri-extending-wash-brush-3m'}, {'supplier_ean': '5038673410692', 'amazon_asin': 'B0DPX1HRM6', 'supplier_title': 'Car Air Fresheners Fruit Assorted CDU', 'amazon_title': 'Q QXUNMU', 'supplier_price': 0.34, 'amazon_price': None, 'match_method': 'EAN', 'confidence': 'high', 'created_at': '2025-07-18T11:26:57.017565', 'supplier_url': 'https://www.poundwholesale.co.uk/car-air-fresheners-fruit-assorted-cdu'}, {'supplier_ean': '5055441452319', 'amazon_asin': 'B0DJT8DYF6', 'supplier_title': 'Goodyear Wax Applicator Pad Set 3pc', 'amazon_title': 'Goodyear 3pc Applicator Set Specially Designed Microfiber Pad For Cleaning Your Vehicle|Ideal For Polishing And Waxing Of Painted Surfaces|Thick Microfiber Evenly Distributes Pressure For Application', 'supplier_price': 1.99, 'amazon_price': 2.99, 'match_method': 'EAN', 'confidence': 'high', 'created_at': '2025-07-18T11:27:44.877336', 'supplier_url': 'https://www.poundwholesale.co.uk/goodyear-wax-applicator-pad-set-3pc'}, {'supplier_ean': '5055441421902', 'amazon_asin': 'B0CZYRJ8ZX', 'supplier_title': 'Goodyear 2-In-1 Noodle Wash Mitt', 'amazon_title': 'Goodyear 2 In 1 Noodle Wash Mitt Extra Long Handle With Pivoting Head For Easy Reach All Around Your Windscreen | Microfiber Pad For Ultimate Cleaning | Excellent For Quick Defogging And Cleaning', 'supplier_price': 2.06, 'amazon_price': 5.29, 'match_method': 'EAN', 'confidence': 'high', 'created_at': '2025-07-18T11:28:33.825517', 'supplier_url': 'https://www.poundwholesale.co.uk/goodyear-2-in-1-noodle-wash-mitt'}, {'supplier_ean': '5052578611800', 'amazon_asin': 'B0BG8HY6NL', 'supplier_title': 'Bettina Comfortable Grip Jumbo Car Sponge', 'amazon_title': 'Xtremeauto', 'supplier_price': 0.6, 'amazon_price': None, 'match_method': 'EAN', 'confidence': 'high', 'created_at': '2025-07-18T11:28:47.461587', 'supplier_url': 'https://www.poundwholesale.co.uk/jumbo-car-sponge-with-comfortable-grip'}, {'supplier_ean': '5055441449227', 'amazon_asin': 'B0DFMH5XX9', 'supplier_title': 'Goodyear 2-In-1 Microfibre Drying Towel Xl 80cm X 60cm', 'amazon_title': 'Goodyear Microfiber Drying Towel Xl Deep Pile For Extra Absorbency| Microfiber Technology| Cleaning Fiber Attracts Dust |satin Safety Edging Protects Against Scratching| Extra Absorbency Free Finish', 'supplier_price': 2.21, 'amazon_price': 3.99, 'match_method': 'EAN', 'confidence': 'high', 'created_at': '2025-07-18T11:29:40.530652', 'supplier_url': 'https://www.poundwholesale.co.uk/goodyear-2-in-1-microfibre-drying-towel-xl-80cm-x-60cm'}, {'supplier_ean': '5055319530743', 'amazon_asin': 'B084VTS1NV', 'supplier_title': 'Auto Extreme Cedar Wood In-Car Fragrance Air Freshener Spray 100ml', 'amazon_title': 'Air Freshener Spray Concentrated Long Lasting Oil Based (New Car)', 'supplier_price': 0.65, 'amazon_price': None, 'match_method': 'EAN', 'confidence': 'high', 'created_at': '2025-07-18T11:29:54.290257', 'supplier_url': 'https://www.poundwholesale.co.uk/auto-extreme-cedar-wood-in-car-fragrance-air-freshener-spray-100ml'}, {'supplier_ean': '5055319519007', 'amazon_asin': 'B01FXX9AJA', 'supplier_title': 'Auto Extreme Automotive Black Matt Spray Paint 250ml', 'amazon_title': 'Black Matt Aerosol Spray Cans 250ml Car Auto Extreme Spray Paint (6)', 'supplier_price': 0.92, 'amazon_price': 9.95, 'match_method': 'EAN', 'confidence': 'high', 'created_at': '2025-07-18T11:30:50.315219', 'supplier_url': 'https://www.poundwholesale.co.uk/auto-extreme-automotive-black-matt-spray-paint-250ml'}, {'supplier_ean': '5055441449982', 'amazon_asin': 'B0DJH4WTZ5', 'supplier_title': 'Goodyear Anti-Smear Screenwash 1l', 'amazon_title': 'Goodyear 1 Litre Screen Wash-5% Ethanol| Blue Colour Liquid| Red Lid| English Label| Antifreeze Windscreen Wash Liquid| Prevents Freezing Of The Glass Washer System Down| Provide Clear Vision', 'supplier_price': 0.95, 'amazon_price': None, 'match_method': 'EAN', 'confidence': 'high', 'created_at': '2025-07-18T11:31:39.554668', 'supplier_url': 'https://www.poundwholesale.co.uk/goodyear-anti-smear-screenwash-1l'}, {'supplier_ean': '5055441405544', 'amazon_asin': 'B0D1R5SR4V', 'supplier_title': 'Goodyear Anti-Smear Screenwash 5l', 'amazon_title': 'Rain-X', 'supplier_price': 2.56, 'amazon_price': None, 'match_method': 'EAN', 'confidence': 'high', 'created_at': '2025-07-18T11:31:53.274959', 'supplier_url': 'https://www.poundwholesale.co.uk/goodyear-cherry-anti-smear-screenwash-5l'}, {'supplier_ean': '5053249003108', 'amazon_asin': 'B00CA36GJE', 'supplier_title': 'Carpride Scratch Remover Pen', 'amazon_title': 'Car Pride Paint Scratch Remover Pen - For Use On Any Colour Vehicle', 'supplier_price': 0.92, 'amazon_price': 2.98, 'match_method': 'EAN', 'confidence': 'high', 'created_at': '2025-07-18T11:32:49.414648', 'supplier_url': 'https://www.poundwholesale.co.uk/carpride-scratch-remover-pen'}, {'supplier_ean': '5050375054394', 'amazon_asin': 'B0F6C9BK5R', 'supplier_title': 'Car-Pride Wash & Wax 1L', 'amazon_title': 'Sopami Car Coating Spray, Waterless Car Wash Quick Effect Coating Agent, Multi-functional Coating Renewal Agent Polish Spray, Long-Lasting Protection Improves Clarity and Visibility(1pc)', 'supplier_price': 0.8, 'amazon_price': None, 'match_method': 'EAN', 'confidence': 'high', 'created_at': '2025-07-18T11:33:03.988685', 'supplier_url': 'https://www.poundwholesale.co.uk/wash-wax'}, {'supplier_ean': '5055056770792', 'amazon_asin': 'B0FH9LCRSZ', 'supplier_title': 'Millions Orange & Lemon 3D Car Air Freshener', 'amazon_title': 'Car Air Freshener Aromatherapy Balm Long Lasting Fragrance Non-spill Solid 3D Tomato Shaped Travel Size Scented Balm 100g Eliminate Odor for Bedroom Toliet Elitzia ETAP2815', 'supplier_price': 0.38, 'amazon_price': None, 'match_method': 'EAN', 'confidence': 'high', 'created_at': '2025-07-18T11:33:15.313131', 'supplier_url': 'https://www.poundwholesale.co.uk/millions-orange-lemon-3d-car-air-freshener'}, {'supplier_ean': '5050375086753', 'amazon_asin': 'B00IXMG80S', 'supplier_title': 'Car Pride Leather Cleaning Spray 250ml', 'amazon_title': '12 x Cans Of Leather cleaning spray, car cleaning, 300ml', 'supplier_price': 0.97, 'amazon_price': 19.95, 'match_method': 'EAN_cached', 'confidence': 'low', 'created_at': '2025-07-18T11:33:15.437428', 'supplier_url': 'https://www.poundwholesale.co.uk/leather-cleaning-spray-250ml'}, {'supplier_ean': '5050375084025', 'amazon_asin': 'B0032XLIJE', 'supplier_title': 'Car Pride Spray Wax 300ml', 'amazon_title': 'SPRAY CAR WAX SUPERFAST FORMULA PROTECTS PAINTWORK', 'supplier_price': 0.97, 'amazon_price': 3.99, 'match_method': 'EAN', 'confidence': 'high', 'created_at': '2025-07-18T11:34:12.145812', 'supplier_url': 'https://www.poundwholesale.co.uk/spray-wax-300ml'}, {'supplier_ean': '5055441452197', 'amazon_asin': 'B0DF33M8ZM', 'supplier_title': 'Goodyear Waffle Drying Cloth Large 40cm X 40cm', 'amazon_title': 'Goodyear Microfibre Waffle Cloth I Reduces drying time with less wring outs | Ideal for bodywork & glass | Designed microfibre cloth | Statically charged cleaning fibres | Leaves lint free finish', 'supplier_price': 0.95, 'amazon_price': 4.99, 'match_method': 'EAN', 'confidence': 'high', 'created_at': '2025-07-18T11:35:03.805673', 'supplier_url': 'https://www.poundwholesale.co.uk/goodyear-waffle-drying-cloth-large-40cm-x-40cm'}, {'supplier_ean': '5050375055483', 'amazon_asin': 'B01C4S4L4G', 'supplier_title': 'Car-Pride Handy Car Sponges 2 Pack', 'amazon_title': 'Car Pride CP011 Handy Car Cleaning Sponges, Pack of 3', 'supplier_price': 0.76, 'amazon_price': 4.99, 'match_method': 'EAN', 'confidence': 'high', 'created_at': '2025-07-18T11:35:55.273733', 'supplier_url': 'https://www.poundwholesale.co.uk/handy-car-sponges-3pk'}, {'supplier_ean': '5055319531740', 'amazon_asin': 'B0DG8VSKBB', 'supplier_title': 'Auto Extreme Professional Silver Alloy Wheel Spray Paint 400ml', 'amazon_title': 'RAPIDE Auto Extreme AX Alloy Wheel Spray Paint Silver 400ML | Ideal for Refreshing & Customizing Alloy Wheels | Long-Lasting, Chip & Fade Resistant | Smooth Satin Finish', 'supplier_price': 1.81, 'amazon_price': 7.95, 'match_method': 'EAN', 'confidence': 'high', 'created_at': '2025-07-18T11:36:42.632499', 'supplier_url': 'https://www.poundwholesale.co.uk/auto-extreme-professional-silver-alloy-wheel-spray-paint-400ml'}, {'supplier_ean': '5055319556651', 'amazon_asin': 'B0CTCSZD1T', 'supplier_title': 'Auto Extreme Cone Wheel Brush', 'amazon_title': 'Xtremeauto Soft Head Alloy Wheel Brush - Car Alloy Wheel Cleaner Brush Detailing Cleaning Brush, No Metal Non Scratch Rim Car Wheel Brush Perfect For Motorcycle, Cars & Bicycles (Orange', 'supplier_price': 1.42, 'amazon_price': None, 'match_method': 'EAN', 'confidence': 'high', 'created_at': '2025-07-18T11:36:58.182117', 'supplier_url': 'https://www.poundwholesale.co.uk/auto-extreme-cone-wheel-brush'}, {'supplier_ean': '5055319529884', 'amazon_asin': 'B07XZ8NKGR', 'supplier_title': 'Rapide Lithium Grease Spray 250ml', 'amazon_title': 'Rapide 300ml Lithium Grease Aerosol Spray Lubricant Can Multi-Purpose Hinge Track Oil', 'supplier_price': 1.07, 'amazon_price': 4.55, 'match_method': 'EAN', 'confidence': 'high', 'created_at': '2025-07-18T11:37:55.687057', 'supplier_url': 'https://www.poundwholesale.co.uk/rapide-lithium-grease-spray-250ml'}, {'supplier_ean': '5055441446493', 'amazon_asin': 'B0993NZQ15', 'supplier_title': 'Goodyear Alloy Wheel Cleaner 750ml', 'amazon_title': 'Goodyear Alloy Wheel Cleaner 750ml - for a Showroom Finish | Effective Cleaning for All Wheels | Effortlessly Removes Mud & Grime from Round The Wheel | Removes Dirt and Brake Dust | Easy Application', 'supplier_price': 1.39, 'amazon_price': 5.93, 'match_method': 'EAN', 'confidence': 'high', 'created_at': '2025-07-18T11:38:49.590834', 'supplier_url': 'https://www.poundwholesale.co.uk/goodyear-alloy-wheel-cleaner-750ml'}, {'supplier_ean': '5055441450780', 'amazon_asin': 'B0DK7MZS7R', 'supplier_title': 'Goodyear Back Car Seat Organiser Storage Bag', 'amazon_title': 'Goodyear Car Seat Back Storage Bag - Multipurpose Organizer for Vehicle Seats| Adjustable Straps |Product size: 40 x 55 cm| Material-Felt cloth| Multiple Pockets| Color-Grey| Durable, Water-Resistant', 'supplier_price': 2.2, 'amazon_price': 3.99, 'match_method': 'EAN', 'confidence': 'high', 'created_at': '2025-07-18T11:39:41.933717', 'supplier_url': 'https://www.poundwholesale.co.uk/goodyear-back-car-seat-organiser-storage-bag'}, {'supplier_ean': '5060417895304', 'amazon_asin': 'B0CJPBPJ9V', 'supplier_title': 'Sanitize Instant Protection 75% Alcohol Hand Gel 100ml', 'amazon_title': 'Palm Safe', 'supplier_price': 0.63, 'amazon_price': None, 'match_method': 'EAN', 'confidence': 'high', 'created_at': '2025-07-18T13:25:14.078140', 'supplier_url': 'https://www.poundwholesale.co.uk/sanitize-instant-protection-75-alcohol-hand-gel-100ml'}, {'supplier_ean': '5050375010994', 'amazon_asin': 'B0DN1LMXJV', 'supplier_title': 'Car-Pride Quick & Effective De-Icer 600ml', 'amazon_title': 'ANGIX', 'supplier_price': 1.27, 'amazon_price': None, 'match_method': 'EAN', 'confidence': 'high', 'created_at': '2025-07-19T02:38:01.890142', 'supplier_url': 'https://www.poundwholesale.co.uk/car-pride-quick-effective-de-icer-600ml'}, {'supplier_ean': '5055441452340', 'amazon_asin': 'B01IWTQBG2', 'supplier_title': 'Goodyear 2-In-1 Bug Removing Sponge', 'amazon_title': 'Gtechniq', 'supplier_price': 0.72, 'amazon_price': None, 'match_method': 'EAN', 'confidence': 'high', 'created_at': '2025-07-19T02:38:15.098683', 'supplier_url': 'https://www.poundwholesale.co.uk/goodyear-2-in-1-bug-removing-sponge'}, {'supplier_ean': '5053249271422', 'amazon_asin': 'B0CTCSZD1T', 'supplier_title': 'Car-Pride Biodegradable Alloy Wheel Cleaning Wipes 30 Pack', 'amazon_title': 'Xtremeauto', 'supplier_price': 0.65, 'amazon_price': None, 'match_method': 'EAN', 'confidence': 'high', 'created_at': '2025-07-19T02:38:27.358805', 'supplier_url': 'https://www.poundwholesale.co.uk/car-pride-biodegradable-alloy-wheel-cleaning-wipes-30-pack'}, {'supplier_ean': '5053249248691', 'amazon_asin': 'B006TYWGBM', 'supplier_title': 'Car Pride Black Matt Spray Paint 400ml', 'amazon_title': 'Autotek', 'supplier_price': 1.73, 'amazon_price': None, 'match_method': 'EAN', 'confidence': 'high', 'created_at': '2025-07-19T02:38:41.417586', 'supplier_url': 'https://www.poundwholesale.co.uk/car-pride-black-matt-spray-paint-400ml'}]
--- Logging error ---
Traceback (most recent call last):
  File "/usr/lib/python3.12/logging/__init__.py", line 1163, in emit
    stream.write(msg + self.terminator)
BlockingIOError: [Errno 11] write could not complete without blocking
Call stack:
  File "/mnt/c/Users/chris/Desktop/Amazon-FBA-Agent-System-v32/run_custom_poundwholesale.py", line 81, in <module>
    asyncio.run(main())
  File "/usr/lib/python3.12/asyncio/runners.py", line 194, in run
    return runner.run(main)
  File "/usr/lib/python3.12/asyncio/runners.py", line 118, in run
    return self._loop.run_until_complete(task)
  File "/usr/lib/python3.12/asyncio/base_events.py", line 674, in run_until_complete
    self.run_forever()
  File "/usr/lib/python3.12/asyncio/base_events.py", line 641, in run_forever
    self._run_once()
  File "/usr/lib/python3.12/asyncio/base_events.py", line 1987, in _run_once
    handle._run()
  File "/usr/lib/python3.12/asyncio/events.py", line 88, in _run
    self._context.run(self._callback, *self._args)
  File "/mnt/c/Users/chris/Desktop/Amazon-FBA-Agent-System-v32/run_custom_poundwholesale.py", line 64, in main
    await workflow.run()
  File "/mnt/c/Users/chris/Desktop/Amazon-FBA-Agent-System-v32/tools/passive_extraction_workflow_latest.py", line 1123, in run
    return await self._run_hybrid_processing_mode(
  File "/mnt/c/Users/chris/Desktop/Amazon-FBA-Agent-System-v32/tools/passive_extraction_workflow_latest.py", line 6065, in _run_hybrid_processing_mode
    chunk_results = await self._process_chunk_with_main_workflow_logic(
  File "/mnt/c/Users/chris/Desktop/Amazon-FBA-Agent-System-v32/tools/passive_extraction_workflow_latest.py", line 6368, in _process_chunk_with_main_workflow_logic
    self._save_linking_map(self.supplier_name)
  File "/mnt/c/Users/chris/Desktop/Amazon-FBA-Agent-System-v32/tools/passive_extraction_workflow_latest.py", line 1478, in _save_linking_map
    self.log.info(f"🔍 DEBUG: linking_map type: {type(self.linking_map)}, content: {self.linking_map}")
Message: '🔍 DEBUG: linking_map type: <class \'list\'>, content: [{\'supplier_ean\': \'5053249228587\', \'amazon_asin\': \'B075QDW3BF\', \'supplier_title\': \'Car Pride Under Body Seal Black 400ml\', \'amazon_title\': \'HP CF541A 203A Original LaserJet Toner Cartridge, Cyan, Single Pack\', \'supplier_price\': 1.73, \'amazon_price\': 64.99, \'match_method\': \'EAN\', \'confidence\': \'high\', \'created_at\': \'2025-07-18T10:13:11.088193\', \'supplier_url\': \'https://www.poundwholesale.co.uk/carpride-under-body-seal-black\'}, {\'supplier_ean\': \'5055319527750\', \'amazon_asin\': \'B0CX1X6R6G\', \'supplier_title\': \'Auto Extreme Car Detailing Brush Set 5 Pack\', \'amazon_title\': \'Kasauber\', \'supplier_price\': 2.1, \'amazon_price\': None, \'match_method\': \'EAN\', \'confidence\': \'high\', \'created_at\': \'2025-07-18T10:13:23.277485\', \'supplier_url\': \'https://www.poundwholesale.co.uk/auto-extreme-car-detailing-brush-set-5-pack\'}, {\'supplier_ean\': \'5055319528504\', \'amazon_asin\': \'B07NJGQFRF\', \'supplier_title\': \'Rapide RP-60 Penetrating Maintenance Spray with Control Nozzle 400ml\', \'amazon_title\': \'Rapide 2850 Paint Spray\', \'supplier_price\': 2.65, \'amazon_price\': 5.85, \'match_method\': \'EAN\', \'confidence\': \'high\', \'created_at\': \'2025-07-18T10:14:15.912179\', \'supplier_url\': \'https://www.poundwholesale.co.uk/rapide-rp-60-penetrating-maintenance-spray-with-control-nozzle-400ml\'}, {\'supplier_ean\': \'5055441452272\', \'amazon_asin\': \'B0DFMPNHT5\', \'supplier_title\': \'Goodyear Microfibre Luxury Valet Drying Towel Set 2 Pack\', \'amazon_title\': \'Goodyear 2PC Microfibre Luxury Valet Cloth Set I Microfibre technology| powerful cleaning | Extra absorbency for a swirl free finish | Ideal for buffing away polish & wax residue | Extra large towel\', \'supplier_price\': 2.14, \'amazon_price\': 6.59, \'match_method\': \'EAN\', \'confidence\': \'high\', \'created_at\': \'2025-07-18T10:15:06.821428\', \'supplier_url\': \'https://www.poundwholesale.co.uk/goodyear-microfibre-luxury-valet-drying-towel-set-2-pack\'}, {\'supplier_ean\': \'5053249229140\', \'amazon_asin\': \'B07N41XTV5\', \'supplier_title\': \'Carpride Alloy Wheel Spray Paint Silver Gloss\', \'amazon_title\': \'Car Pride Alloy Wheel Spray Paint Metallic Silver Repairer. 400ml\', \'supplier_price\': 1.67, \'amazon_price\': 5.4, \'match_method\': \'EAN\', \'confidence\': \'high\', \'created_at\': \'2025-07-18T10:16:10.522951\', \'supplier_url\': \'https://www.poundwholesale.co.uk/carpride-alloy-wheel-spray-paint-silver-gloss\'}, {\'supplier_ean\': \'5055056770822\', \'amazon_asin\': \'B09DTQ4S43\', \'supplier_title\': \'Millions Blackcurrant Buzz 3D Car Air Freshener\', \'amazon_title\': \'AIRFreshh\', \'supplier_price\': 0.38, \'amazon_price\': None, \'match_method\': \'EAN\', \'confidence\': \'high\', \'created_at\': \'2025-07-18T10:16:22.515075\', \'supplier_url\': \'https://www.poundwholesale.co.uk/millions-blackcurrant-buzz-3d-car-air-freshener\'}, {\'supplier_ean\': \'5055319519229\', \'amazon_asin\': \'B07NJGGW8P\', \'supplier_title\': \'Auto Extreme Professional White Gloss Spray Paint 400ml\', \'amazon_title\': \'Auto Extreme White Gloss, 400 ml\', \'supplier_price\': 1.82, \'amazon_price\': 5.3, \'match_method\': \'EAN\', \'confidence\': \'high\', \'created_at\': \'2025-07-18T10:17:22.092163\', \'supplier_url\': \'https://www.poundwholesale.co.uk/auto-extreme-professional-white-gloss-spray-paint-400ml\'}, {\'supplier_ean\': \'5055319529907\', \'amazon_asin\': \'B07XZDY64P\', \'supplier_title\': \'Rapide Silicone Lubricant Spray 250ml\', \'amazon_title\': \'300ml Silicone Grease Aerosol Spray Lubricant Can Water Resistant Oil\', \'supplier_price\': 1.07, \'amazon_price\': 4.79, \'match_method\': \'EAN\', \'confidence\': \'high\', \'created_at\': \'2025-07-18T10:18:10.835188\', \'supplier_url\': \'https://www.poundwholesale.co.uk/rapide-silicone-lubricant-spray-250ml\'}, {\'supplier_ean\': \'5050375036574\', \'amazon_asin\': \'B006URFAE8\', \'supplier_title\': \'Car Pride Assorted Fragrance Fresh Feet Car Air Fresheners 4 Pack CDU\', \'amazon_title\': \'Pack of 4 FRESH FEET, Car Air Fresheners, Carpride cp1128\', \'supplier_price\': 0.71, \'amazon_price\': 3.3, \'match_method\': \'EAN\', \'confidence\': \'high\', \'created_at\': \'2025-07-18T10:19:02.426082\', \'supplier_url\': \'https://www.poundwholesale.co.uk/car-pride-assorted-fragrance-fresh-feet-car-air-fresheners-4-pack-cdu\'}, {\'supplier_ean\': \'5055056731878\', \'amazon_asin\': \'B09LH29BZD\', \'supplier_title\': \'Guilty Pleasures Blueberry Ice Pop 3D Car Air Freshener\', \'amazon_title\': \'Guilty Pleasure 3D Blueberry CAR FRESHENER\', \'supplier_price\': 0.38, \'amazon_price\': 3.99, \'match_method\': \'EAN\', \'confidence\': \'high\', \'created_at\': \'2025-07-18T10:19:50.869058\', \'supplier_url\': \'https://www.poundwholesale.co.uk/guilty-pleasures-blueberry-ice-pop-3d-car-air-freshener\'}, {\'supplier_ean\': \'5055319514606\', \'amazon_asin\': \'B0CYH8F9F9\', \'supplier_title\': \'Auto Extreme Car Pump Sprayer 2L\', \'amazon_title\': \'My Garden 5 Litre Sprayer Pump - Weed Killer Pressure Sprayer Pump Action - High Pressure Long Reach Sprayers - Ideal For Spraying Water Fertiliser Herbicides Pesticides Preservative & Detergent\', \'supplier_price\': 3.85, \'amazon_price\': None, \'match_method\': \'EAN\', \'confidence\': \'high\', \'created_at\': \'2025-07-18T10:20:03.052455\', \'supplier_url\': \'https://www.poundwholesale.co.uk/auto-extreme-car-pump-sprayer-2l\'}, {\'supplier_ean\': \'5055319530781\', \'amazon_asin\': \'B09FKD19N4\', \'supplier_title\': \'Auto Extreme Tropical Mist In-Car Fragrance Air Freshener Spray 100ml\', \'amazon_title\': \'Air Freshener Spray Concentrated Long Lasting Oil Based (Ocean Breeze)\', \'supplier_price\': 0.65, \'amazon_price\': None, \'match_method\': \'EAN\', \'confidence\': \'high\', \'created_at\': \'2025-07-18T10:20:17.331393\', \'supplier_url\': \'https://www.poundwholesale.co.uk/auto-extreme-tropical-mist-in-car-fragrance-air-freshener-spray-100ml\'}, {\'supplier_ean\': \'5053249245799\', \'amazon_asin\': \'B0BLLV2M74\', \'supplier_title\': \'Car Pride Clean & Polish Microfibre Cloth\', \'amazon_title\': \'CARPRIDE® Clean and Polish MicroFibre Cloth for Car Exterior and Interior | Streak Free | 30 x 30 cm\', \'supplier_price\': 0.76, \'amazon_price\': 5.29, \'match_method\': \'EAN\', \'confidence\': \'high\', \'created_at\': \'2025-07-18T10:21:04.364223\', \'supplier_url\': \'https://www.poundwholesale.co.uk/car-pride-clean-polish-microfibre-cloth\'}, {\'supplier_ean\': \'5055319531849\', \'amazon_asin\': \'B074KFGHCP\', \'supplier_title\': \'Rapide Easy Grease Spray 250ml\', \'amazon_title\': \'HMT\', \'supplier_price\': 1.05, \'amazon_price\': None, \'match_method\': \'EAN\', \'confidence\': \'high\', \'created_at\': \'2025-07-18T10:21:17.993959\', \'supplier_url\': \'https://www.poundwholesale.co.uk/rapide-easy-grease-spray-250ml\'}, {\'supplier_ean\': \'5052578642705\', \'amazon_asin\': \'B07X22PHWJ\', \'supplier_title\': \'Bettina Chamois Demist & Dashboard Pad\', \'amazon_title\': \'Airlab\', \'supplier_price\': 0.75, \'amazon_price\': None, \'match_method\': \'EAN\', \'confidence\': \'high\', \'created_at\': \'2025-07-18T10:21:28.626273\', \'supplier_url\': \'https://www.poundwholesale.co.uk/bettina-chamois-demist-dashboard-pad\'}, {\'supplier_ean\': \'5052578633000\', \'amazon_asin\': \'B0F6K65PZT\', \'supplier_title\': \'Bettina Microfibre Mitt\', \'amazon_title\': \'Fogcosy\', \'supplier_price\': 0.95, \'amazon_price\': None, \'match_method\': \'EAN\', \'confidence\': \'high\', \'created_at\': \'2025-07-18T10:21:41.310298\', \'supplier_url\': \'https://www.poundwholesale.co.uk/microfibre-mit-highly-effective-wet-or-dry\'}, {\'supplier_ean\': \'5053249245669\', \'amazon_asin\': \'B0BLL1K79V\', \'supplier_title\': \'Car Pride Blue Microfibre Glass Cloth\', \'amazon_title\': \'Car-pride Glass Microfibre Cloth\', \'supplier_price\': 0.74, \'amazon_price\': 4.99, \'match_method\': \'EAN\', \'confidence\': \'high\', \'created_at\': \'2025-07-18T10:22:28.491046\', \'supplier_url\': \'https://www.poundwholesale.co.uk/car-pride-blue-microfibre-glass-cloth\'}, {\'supplier_ean\': \'5055056770785\', \'amazon_asin\': \'B0BLGR29X6\', \'supplier_title\': \'Millions Sour Strawberry 3D Car Air Freshener\', \'amazon_title\': \'Evair\', \'supplier_price\': 0.38, \'amazon_price\': None, \'match_method\': \'EAN\', \'confidence\': \'high\', \'created_at\': \'2025-07-18T10:22:40.894972\', \'supplier_url\': \'https://www.poundwholesale.co.uk/millions-sour-strawberry-3d-car-air-freshener\'}, {\'supplier_ean\': \'5053249248714\', \'amazon_asin\': \'B006T2450O\', \'supplier_title\': \'Car-Pride White Gloss Spray Paint 400ml\', \'amazon_title\': \'Tetrion\', \'supplier_price\': 1.73, \'amazon_price\': None, \'match_method\': \'EAN\', \'confidence\': \'high\', \'created_at\': \'2025-07-18T10:22:54.011676\', \'supplier_url\': \'https://www.poundwholesale.co.uk/car-pride-white-gloss-spray-paint-400ml\'}, {\'supplier_ean\': \'5055056731885\', \'amazon_asin\': \'B09LHBY2GF\', \'supplier_title\': \'Guilty Pleasures Vanilla & Cherry Cupcake 3D Car Air Freshener\', \'amazon_title\': \'Guilty Pleasure 3D Vanilla CAR FRESHENER\', \'supplier_price\': 0.38, \'amazon_price\': 3.99, \'match_method\': \'EAN\', \'confidence\': \'high\', \'created_at\': \'2025-07-18T10:23:41.006634\', \'supplier_url\': \'https://www.poundwholesale.co.uk/guilty-pleasures-vanilla-cherry-cupcake-3d-car-air-freshener\'}, {\'supplier_ean\': \'5055319531733\', \'amazon_asin\': \'B004SMKX7Q\', \'supplier_title\': \'Auto Extreme Professional Black Alloy Wheel Spray Paint 400ml\', \'amazon_title\': \'Hycote\', \'supplier_price\': 1.81, \'amazon_price\': None, \'match_method\': \'EAN\', \'confidence\': \'high\', \'created_at\': \'2025-07-18T10:23:55.039262\', \'supplier_url\': \'https://www.poundwholesale.co.uk/auto-extreme-professional-black-alloy-wheel-spray-paint-400ml\'}, {\'supplier_ean\': \'5055441459684\', \'amazon_asin\': \'B0DL9TR7T2\', \'supplier_title\': \'Goodyear 2-in-1 Telescopic Handle Scraper\', \'amazon_title\': \'Goodyear Telescopic Handle Scraper - Adjustable Ice Scraper with Extendable Handle | Sturdy Blade for Snow & Ice Removal | Ergonomic Grip | Compact and Durable Design | Ideal for Cars, Trucks & SUVs\', \'supplier_price\': 4.04, \'amazon_price\': 9.21, \'match_method\': \'EAN\', \'confidence\': \'high\', \'created_at\': \'2025-07-18T10:24:48.156817\', \'supplier_url\': \'https://www.poundwholesale.co.uk/goodyear-2-in-1-telescopic-handle-scraper\'}, {\'supplier_ean\': \'5055441427348\', \'amazon_asin\': \'B06XPVGMV8\', \'supplier_title\': \'Goodyear Portable Car Vacuum Cleaner 12V\', \'amazon_title\': \'Goodyear 12V DC Car/Van Cigarette Lighter Corded Vacuum Cleaner Powerful Suction\', \'supplier_price\': 5.72, \'amazon_price\': 10.99, \'match_method\': \'EAN\', \'confidence\': \'high\', \'created_at\': \'2025-07-18T10:25:44.453432\', \'supplier_url\': \'https://www.poundwholesale.co.uk/goodyear-portable-car-vacuum-cleaner-12v\'}, {\'supplier_ean\': \'5055319517027\', \'amazon_asin\': \'B01EQ7TPJE\', \'supplier_title\': \'Rapide DP-60 Multipurpose Maintenance Spray 750ml\', \'amazon_title\': \'Maintenance Oil 750ml Spray Can (DP60)\', \'supplier_price\': 2.77, \'amazon_price\': 6.95, \'match_method\': \'EAN\', \'confidence\': \'high\', \'created_at\': \'2025-07-18T10:26:39.185617\', \'supplier_url\': \'https://www.poundwholesale.co.uk/rapide-dp-60-multipurpose-maintenance-spray-750ml\'}, {\'supplier_ean\': \'5038673410708\', \'amazon_asin\': \'B0D1Y8TCDS\', \'supplier_title\': \'Car Air Fresheners Leaf Assorted CDU\', \'amazon_title\': \'Ikeda Car Fragrance: Hanging Car Air Freshener | 10ml Hanging Car Decoration | 45 Days Long Lasting Fragrance | With Clip | For Car Home | 1 Piece (10ml x 1 Piece, Coconut)\', \'supplier_price\': 0.33, \'amazon_price\': None, \'match_method\': \'EAN\', \'confidence\': \'high\', \'created_at\': \'2025-07-18T10:26:52.496784\', \'supplier_url\': \'https://www.poundwholesale.co.uk/car-air-fresheners-leaf-assorted-cdu\'}, {\'supplier_ean\': \'5053249224053\', \'amazon_asin\': \'B0DMN8CMH8\', \'supplier_title\': \'Tango Car Air Freshener Assorted\', \'amazon_title\': \'10/50/100PCS Custom LOGO Car Bulk Air Fresheners, Custom Air Fresheners for Car Bulk, Air Freshener with Photo, Double-Sided Personalised Photo and Text Car Air Fresheners (10Pcs Square)\', \'supplier_price\': 0.76, \'amazon_price\': None, \'match_method\': \'EAN\', \'confidence\': \'high\', \'created_at\': \'2025-07-18T10:27:03.571134\', \'supplier_url\': \'https://www.poundwholesale.co.uk/tango-car-air-freshener-assorted\'}, {\'supplier_ean\': \'5050375051270\', \'amazon_asin\': \'B00BPN9Z2A\', \'supplier_title\': \'Car Pride Alloy Wheel Cleaning Brush\', \'amazon_title\': \'Car Pride ALLOY WHEEL BRUSH\', \'supplier_price\': 0.71, \'amazon_price\': 3.95, \'match_method\': \'EAN\', \'confidence\': \'high\', \'created_at\': \'2025-07-18T10:27:53.467488\', \'supplier_url\': \'https://www.poundwholesale.co.uk/car-pride-alloy-wheel-cleaning-brush\'}, {\'supplier_ean\': \'5055319519250\', \'amazon_asin\': \'B01MT7OBIO\', \'supplier_title\': \'Auto Extreme Professional Clear Lacquer Spray 400ml\', \'amazon_title\': \'Auto Extreme Clear Lacquer Spray Paint 400ml\', \'supplier_price\': 1.82, \'amazon_price\': 5.32, \'match_method\': \'EAN\', \'confidence\': \'high\', \'created_at\': \'2025-07-18T10:28:54.182013\', \'supplier_url\': \'https://www.poundwholesale.co.uk/auto-extreme-professional-clear-lacquer-spray-400ml\'}, {\'supplier_ean\': \'5055441446578\', \'amazon_asin\': \'B0993MX5GX\', \'supplier_title\': \'Goodyear Waterless Wash & Wax 750ml\', \'amazon_title\': \'GOODYEAR WATERLESS WASH N WAX SPRAY 750ML\', \'supplier_price\': 2.06, \'amazon_price\': 5.93, \'match_method\': \'EAN\', \'confidence\': \'high\', \'created_at\': \'2025-07-18T10:29:47.233890\', \'supplier_url\': \'https://www.poundwholesale.co.uk/goodyear-waterless-wash-wax-750ml\'}, {\'supplier_ean\': \'5055319519113\', \'amazon_asin\': \'B07NJGQ85R\', \'supplier_title\': \'Auto Extreme Automotive Silver Spray Paint 250ml\', \'amazon_title\': \'Auto Extreme Auto Spray Paint Silver, 250 ml\', \'supplier_price\': 0.92, \'amazon_price\': 4.1, \'match_method\': \'EAN\', \'confidence\': \'high\', \'created_at\': \'2025-07-18T10:30:42.274698\', \'supplier_url\': \'https://www.poundwholesale.co.uk/auto-extreme-automotive-silver-spray-paint-250ml\'}, {\'supplier_ean\': \'5055441452210\', \'amazon_asin\': \'B0DH8DT3MS\', \'supplier_title\': \'Goodyear Natural Leather Chamois Cloth Xl\', \'amazon_title\': \'Goodyear Xl Genuine Leather Chamois -natural Chamois, Super Absorbent, Streak, Scratch Free, With Greater Tolerance To Car Cleaners| Stays Soft When Drying| Ideal For Cleaning Of Interior And Exterior\', \'supplier_price\': 3.83, \'amazon_price\': 5.99, \'match_method\': \'EAN\', \'confidence\': \'high\', \'created_at\': \'2025-07-18T10:31:39.934257\', \'supplier_url\': \'https://www.poundwholesale.co.uk/goodyear-natural-leather-chamois-cloth-xl\'}, {\'supplier_ean\': \'5050375045439\', \'amazon_asin\': \'B003L6U0NC\', \'supplier_title\': \'Car-Pride Microfibre Mitt 3 Assorted Colours\', \'amazon_title\': \'Car Pride Microfibre Magic Mitt - Dusts, Scrubs, Cleans and Polishes\', \'supplier_price\': 0.98, \'amazon_price\': 4.34, \'match_method\': \'EAN\', \'confidence\': \'high\', \'created_at\': \'2025-07-18T10:32:54.935150\', \'supplier_url\': \'https://www.poundwholesale.co.uk/microfibre-mitt\'}, {\'supplier_ean\': \'5055441446516\', \'amazon_asin\': \'B0D9YH94ZQ\', \'supplier_title\': \'Goodyear Gloss Tyre Shine 750ml\', \'amazon_title\': \'Auto Xpert Slick Shine, Premium Tyre Dressing, Long Lasting Wet-Look Finish, Protects Against Water and Dust, Easy to Apply, All Weather Tyre Protection. (5 Litre)\', \'supplier_price\': 1.39, \'amazon_price\': None, \'match_method\': \'EAN\', \'confidence\': \'high\', \'created_at\': \'2025-07-18T10:33:09.394012\', \'supplier_url\': \'https://www.poundwholesale.co.uk/goodyear-gloss-tyre-shine-750ml\'}, {\'supplier_ean\': \'5055441449166\', \'amazon_asin\': \'B0D11XP9V1\', \'supplier_title\': \'Goodyear Microfibre Buffing Cloth Large 40cm\', \'amazon_title\': \'Goodyear Microfibre Buffing Cloth I Specially designed microfibre cloth for polishing and buffing your vehicle | Showroom finish | Microfibre attract more dirt than normal cloth | Machine washable\', \'supplier_price\': 0.85, \'amazon_price\': 1.99, \'match_method\': \'EAN\', \'confidence\': \'high\', \'created_at\': \'2025-07-18T10:34:04.595027\', \'supplier_url\': \'https://www.poundwholesale.co.uk/goodyear-microfibre-buffing-cloth-large-40cm\'}, {\'supplier_ean\': \'5055319529877\', \'amazon_asin\': \'B07Y1V1WMW\', \'supplier_title\': \'Rapide Copper Grease Spray 250ml\', \'amazon_title\': \'Rapide 300ml Copper Grease Aerosol Spray Lubricant Can Anti Seize Brake Pad Squeal Oil\', \'supplier_price\': 1.07, \'amazon_price\': 4.95, \'match_method\': \'EAN\', \'confidence\': \'high\', \'created_at\': \'2025-07-18T10:34:58.176694\', \'supplier_url\': \'https://www.poundwholesale.co.uk/rapide-copper-grease-spray-250ml\'}, {\'supplier_ean\': \'5055441446752\', \'amazon_asin\': \'B0DJWDHG1Y\', \'supplier_title\': \'Goodyear Hydrophobic Polymer Formulation Wash & Wax 2.5l\', \'amazon_title\': \'Goodyear Wash And Wax Hydrophobic Polymer 2.5 Ltr | Leaves A Glossy Just Waxed Deep Protective Shine | Polymer-acrylic Polyethylene Copolymer Wax | Effectively Cleans Dirt And Grime From Your Vehicle\', \'supplier_price\': 3.05, \'amazon_price\': 5.99, \'match_method\': \'EAN\', \'confidence\': \'high\', \'created_at\': \'2025-07-18T10:35:51.556162\', \'supplier_url\': \'https://www.poundwholesale.co.uk/goodyear-hydrophobic-polymer-formulation-wash-wax-2-5l\'}, {\'supplier_ean\': \'5055056731892\', \'amazon_asin\': \'B094HGXWJC\', \'supplier_title\': \'Guilty Pleasures Strawberry Doughnut 3D Car Air Freshener\', \'amazon_title\': \'GUILTY PLEASURES STRAWBERRY DOUGHNUT 3D CAR AIR FRESHENER\', \'supplier_price\': 0.38, \'amazon_price\': 1.5, \'match_method\': \'EAN\', \'confidence\': \'high\', \'created_at\': \'2025-07-18T10:36:38.989576\', \'supplier_url\': \'https://www.poundwholesale.co.uk/guilty-pleasures-strawberry-doughnut-3d-car-air-freshener\'}, {\'supplier_ean\': \'5055319519236\', \'amazon_asin\': \'B07NJGT1BN\', \'supplier_title\': \'Auto Extreme Professional Grey Primer Spray Paint 400ml\', \'amazon_title\': \'Auto Extreme Auto Extreme Grey Primer, 400 ml\', \'supplier_price\': 1.82, \'amazon_price\': 5.44, \'match_method\': \'EAN\', \'confidence\': \'high\', \'created_at\': \'2025-07-18T10:37:31.087578\', \'supplier_url\': \'https://www.poundwholesale.co.uk/auto-extreme-professional-grey-primer-spray-paint-400ml\'}, {\'supplier_ean\': \'5055441453309\', \'amazon_asin\': \'B094DFY8PC\', \'supplier_title\': \'Goodyear Anti-Smear Blue Screenwash 5L\', \'amazon_title\': \'Prestone\', \'supplier_price\': 2.7, \'amazon_price\': None, \'match_method\': \'EAN\', \'confidence\': \'high\', \'created_at\': \'2025-07-18T10:37:44.323618\', \'supplier_url\': \'https://www.poundwholesale.co.uk/goodyear-anti-smear-blue-screenwash-5l\'}, {\'supplier_ean\': \'5055319558839\', \'amazon_asin\': \'B0CTCSZD1T\', \'supplier_title\': \'Auto Extreme Microfibre Wheel Wash Brush 46cm\', \'amazon_title\': \'Xtremeauto\', \'supplier_price\': 2.79, \'amazon_price\': None, \'match_method\': \'EAN\', \'confidence\': \'high\', \'created_at\': \'2025-07-18T10:37:55.429624\', \'supplier_url\': \'https://www.poundwholesale.co.uk/auto-extreme-microfibre-wheel-wash-brush-46cm\'}, {\'supplier_ean\': \'5055319511995\', \'amazon_asin\': \'B09C44BVZY\', \'supplier_title\': \'Auto Extreme Professional Red Gloss Brake Caliper Spray Paint 400ml\', \'amazon_title\': \'Tailored Paint\', \'supplier_price\': 2.73, \'amazon_price\': None, \'match_method\': \'EAN\', \'confidence\': \'high\', \'created_at\': \'2025-07-18T10:38:08.805743\', \'supplier_url\': \'https://www.poundwholesale.co.uk/auto-extreme-professional-red-gloss-brake-caliper-spray-paint-400ml\'}, {\'supplier_ean\': \'5055319519205\', \'amazon_asin\': \'B09DYZTY7G\', \'supplier_title\': \'Auto Extreme Professional Black Matt Spray Paint 400ml\', \'amazon_title\': \'Classic Signature - 1 x Auto Extreme Black Matt Spray Paint 400ml, Professional Quality, Perfect Finish for Cars, Bikes,Vans, Metal, Wood\', \'supplier_price\': 1.82, \'amazon_price\': 6.89, \'match_method\': \'EAN\', \'confidence\': \'high\', \'created_at\': \'2025-07-18T10:38:58.185842\', \'supplier_url\': \'https://www.poundwholesale.co.uk/auto-extreme-professional-black-matt-spray-paint-400ml\'}, {\'supplier_ean\': \'5055319531818\', \'amazon_asin\': \'B000LD4V2E\', \'supplier_title\': \'Auto Extreme Professional Black Bumper & Trim Spray Paint 400ml\', \'amazon_title\': \'Hycote\', \'supplier_price\': 1.81, \'amazon_price\': None, \'match_method\': \'EAN\', \'confidence\': \'high\', \'created_at\': \'2025-07-18T10:39:11.840698\', \'supplier_url\': \'https://www.poundwholesale.co.uk/auto-extreme-professional-black-bumper-trim-spray-paint-400ml\'}, {\'supplier_ean\': \'5053249226576\', \'amazon_asin\': \'B07CZHPQRY\', \'supplier_title\': \'151 Super Maintenance Spray 200ml\', \'amazon_title\': \'151 Products 2X Super Multipurpose Oil - 200ml, 20ml x 10, Bike Chain, Multipurpose, 0.26kg\', \'supplier_price\': 1.14, \'amazon_price\': 5.28, \'match_method\': \'EAN\', \'confidence\': \'high\', \'created_at\': \'2025-07-18T10:40:10.708714\', \'supplier_url\': \'https://www.poundwholesale.co.uk/supermaintenance-spray-300ml\'}, {\'supplier_ean\': \'5050375083813\', \'amazon_asin\': \'B0DG2QVKZL\', \'supplier_title\': \'Car Pride Interior Clean & Shine 300ml\', \'amazon_title\': \'Hoover HF1 Plus Cordless Stick Vacuum Cleaner with Turbo Suction Mode, Up to 45 Min Runtime, LED Lights, Multi-Floor Nozzle, Anti Hair Wrap, Handheld Capability, 165w [HF1P10H]\', \'supplier_price\': 0.95, \'amazon_price\': 99.0, \'match_method\': \'EAN\', \'confidence\': \'high\', \'created_at\': \'2025-07-18T10:41:15.031823\', \'supplier_url\': \'https://www.poundwholesale.co.uk/interior-clean-shine-300ml\'}, {\'supplier_ean\': \'5055319519120\', \'amazon_asin\': \'B07NJGQFPJ\', \'supplier_title\': \'Auto Extreme Automotive White Primer Spray Paint 250ml\', \'amazon_title\': \'Auto Extreme Auto Spray White Primer, 250 ml\', \'supplier_price\': 0.92, \'amazon_price\': 5.19, \'match_method\': \'EAN\', \'confidence\': \'high\', \'created_at\': \'2025-07-18T10:42:08.243130\', \'supplier_url\': \'https://www.poundwholesale.co.uk/auto-extreme-automotive-white-primer-spray-paint-250ml\'}, {\'supplier_ean\': \'5055441449128\', \'amazon_asin\': \'B0DF3573G7\', \'supplier_title\': \'Goodyear Microfibre Wash & Dry Cloth Large 40cm\', \'amazon_title\': \'Goodyear Microfibre Wash and Dry Cloth Large Specially designed microfibre cloth for washing and drying your vehicle |Dual purpose |Microfibres attract more dirt than a normal cloth| Machine washable\', \'supplier_price\': 0.8, \'amazon_price\': 5.03, \'match_method\': \'EAN\', \'confidence\': \'high\', \'created_at\': \'2025-07-18T10:42:56.491855\', \'supplier_url\': \'https://www.poundwholesale.co.uk/goodyear-microfibre-wash-dry-cloth-large-40cm\'}, {\'supplier_ean\': \'5050375084087\', \'amazon_asin\': \'B004V424UK\', \'supplier_title\': \'Car Pride Tyre Shine 300ml\', \'amazon_title\': \'151 CAR VAN BIKE TYRE SHINE WET LOOK SPRAY BLACK\', \'supplier_price\': 0.93, \'amazon_price\': 4.2, \'match_method\': \'EAN\', \'confidence\': \'high\', \'created_at\': \'2025-07-18T10:43:52.714822\', \'supplier_url\': \'https://www.poundwholesale.co.uk/tyre-shine-300ml\'}, {\'supplier_ean\': \'5052578042604\', \'amazon_asin\': \'B089P24HXC\', \'supplier_title\': \'Bettina Natural Chamois Leather Cloth 30cm X 30cm\', \'amazon_title\': \'CarMax® English Premium Grade Natural Chamois Leather - Large - Perfect for drying off the whole car, glass, mirrors, inside and out, super soft and highly absorbent, Made in the UK\', \'supplier_price\': 0.91, \'amazon_price\': None, \'match_method\': \'EAN\', \'confidence\': \'high\', \'created_at\': \'2025-07-18T10:44:06.608980\', \'supplier_url\': \'https://www.poundwholesale.co.uk/bettina-chamois-leather-cloth\'}, {\'supplier_ean\': \'5055319512008\', \'amazon_asin\': \'B0D6N5WJK2\', \'supplier_title\': \'Auto Extreme Professional Yellow Gloss Brake Caliper Spray Paint 400ml\', \'amazon_title\': \'AX PRO Break Caliper Spray Yellow Gloss 400ml\', \'supplier_price\': 2.73, \'amazon_price\': 4.87, \'match_method\': \'EAN\', \'confidence\': \'high\', \'created_at\': \'2025-07-18T10:44:49.215843\', \'supplier_url\': \'https://www.poundwholesale.co.uk/auto-extreme-professional-yellow-gloss-brake-caliper-spray-paint-400ml\'}, {\'supplier_ean\': \'5055441452173\', \'amazon_asin\': \'B0DF358GFW\', \'supplier_title\': \'Goodyear Microfibre Window Cloth Large 40cm X 40cm\', \'amazon_title\': \'Goodyear microfibre Window Cloth I Designed Microfiber Cloth for windscreens, windows and mirrors| Statically charged cleaning| Leaves lint free finish| Ideal for effective cleaning of glass surfaces\', \'supplier_price\': 1.06, \'amazon_price\': 1.99, \'match_method\': \'EAN\', \'confidence\': \'high\', \'created_at\': \'2025-07-18T10:45:39.365206\', \'supplier_url\': \'https://www.poundwholesale.co.uk/goodyear-microfibre-window-cloth-large-40cm-x-40cm\'}, {\'supplier_ean\': \'5052578414708\', \'amazon_asin\': \'B0BG8HY6NL\', \'supplier_title\': \'Bettina Giant Car Sponge\', \'amazon_title\': \'Xtremeauto\', \'supplier_price\': 0.87, \'amazon_price\': None, \'match_method\': \'EAN\', \'confidence\': \'high\', \'created_at\': \'2025-07-18T10:45:52.603673\', \'supplier_url\': \'https://www.poundwholesale.co.uk/bettina-giant-car-sponge\'}, {\'supplier_ean\': \'5050375083967\', \'amazon_asin\': \'B004V423RY\', \'supplier_title\': \'Car Pride Window & Mirror Cleaner 300ml\', \'amazon_title\': \'WINDOW MIRROR GLASS CERAMIC CLEANER - NON SMEAR\', \'supplier_price\': 0.97, \'amazon_price\': 4.45, \'match_method\': \'EAN_cached\', \'confidence\': \'low\', \'created_at\': \'2025-07-18T10:45:52.672388\', \'supplier_url\': \'https://www.poundwholesale.co.uk/window-mirror-cleaner-300ml\'}, {\'supplier_ean\': \'5055441444536\', \'amazon_asin\': \'B0DF33XNMX\', \'supplier_title\': \'Goodyear Luxury Deep Pile Microfibre 2-In-1 Valet Cloth 45cm X 38cm\', \'amazon_title\': \'Goodyear Luxury Valet Cloth Large Deep pile for absorbency| For showroom perfect finish |2 in 1 luxury car cloth| Microfibre technology| Cleaning fibre| Satin safety edging protects against scratching\', \'supplier_price\': 3.02, \'amazon_price\': 7.0, \'match_method\': \'EAN\', \'confidence\': \'high\', \'created_at\': \'2025-07-18T10:46:44.263284\', \'supplier_url\': \'https://www.poundwholesale.co.uk/goodyear-luxury-deep-pile-microfibre-2-in-1-valet-cloth-45cm-x-38cm\'}, {\'supplier_ean\': \'5055441446554\', \'amazon_asin\': \'B0DJWFVY3H\', \'supplier_title\': \'Goodyear Snow Foam Pre-Wash Shampoo 1l\', \'amazon_title\': \'Goodyear 1L Snow Foam Cherry Scent Pressure Washer Or Foam Lancer | Covers The Vehicle In A Rich Blanket Of Foam | Gently Loosen Dirt & Heavy Soiling | More Concentrated Solution The Thicker The Foam\', \'supplier_price\': 2.54, \'amazon_price\': 7.99, \'match_method\': \'EAN\', \'confidence\': \'high\', \'created_at\': \'2025-07-18T10:47:33.544513\', \'supplier_url\': \'https://www.poundwholesale.co.uk/goodyear-cherry-snow-form-pre-wash-shampoo-1l\'}, {\'supplier_ean\': \'5055319519021\', \'amazon_asin\': \'B09FLXRC5F\', \'supplier_title\': \'Auto Extreme Automotive White Gloss Spray Paint 250ml\', \'amazon_title\': \'Classic Signature - 1 x Auto Extreme White Gloss Spray Paint 250ml Professional Quality, Perfect Finish for Cars, Bikes,Vans, Metal, Wood\', \'supplier_price\': 0.92, \'amazon_price\': 5.47, \'match_method\': \'EAN\', \'confidence\': \'high\', \'created_at\': \'2025-07-18T10:48:41.581930\', \'supplier_url\': \'https://www.poundwholesale.co.uk/auto-extreme-automotive-white-gloss-spray-paint-250ml\'}, {\'supplier_ean\': \'5055319519274\', \'amazon_asin\': \'B09F9MVQS1\', \'supplier_title\': \'Auto Extreme Professional Blue Gloss Spray Paint 400ml\', \'amazon_title\': \'Classic Signature - 1 x Auto Extreme Blue Gloss Spray Paint 400ml, Professional Quality, Perfect Finish for Cars, Bikes,Vans, Metal, Wood\', \'supplier_price\': 1.82, \'amazon_price\': 6.89, \'match_method\': \'EAN\', \'confidence\': \'high\', \'created_at\': \'2025-07-18T10:49:36.222143\', \'supplier_url\': \'https://www.poundwholesale.co.uk/auto-extreme-professional-blue-gloss-spray-paint-400ml\'}, {\'supplier_ean\': \'5050375127340\', \'amazon_asin\': \'B076DD8QMP\', \'supplier_title\': \'Tango Car Air Freshener CDU Assorted Fragrances\', \'amazon_title\': \'Tango Liquid Car Air Freshener 4pk - Cherry Orange Apple & Lemon\', \'supplier_price\': 0.74, \'amazon_price\': 5.49, \'match_method\': \'EAN\', \'confidence\': \'high\', \'created_at\': \'2025-07-18T10:50:21.970905\', \'supplier_url\': \'https://www.poundwholesale.co.uk/tango-car-air-freshener-cdu-assorted-fragrances\'}, {\'supplier_ean\': \'5055319519243\', \'amazon_asin\': \'B07NJHJC44\', \'supplier_title\': \'Auto Extreme Professional Silver Wheel Spray Paint 400ml\', \'amazon_title\': \'Auto Extreme Silver Wheel, 400 ml\', \'supplier_price\': 1.82, \'amazon_price\': 5.5, \'match_method\': \'EAN\', \'confidence\': \'high\', \'created_at\': \'2025-07-18T10:51:15.720754\', \'supplier_url\': \'https://www.poundwholesale.co.uk/auto-extreme-professional-silver-wheel-spray-paint-400ml\'}, {\'supplier_ean\': \'5055319530798\', \'amazon_asin\': \'B0BZQ9D3SS\', \'supplier_title\': \'Auto Extreme Ocean Breeze In-Car Fragrance Air Freshener Spray 100ml\', \'amazon_title\': \'Car Air Freshener for Men with Vent Clip | Strong Perfume Automotive Air Freshener | Odour Eliminating Technology with Vent Clip | Car Air Fresheners by Perfa\', \'supplier_price\': 0.65, \'amazon_price\': None, \'match_method\': \'EAN\', \'confidence\': \'high\', \'created_at\': \'2025-07-18T10:51:27.401020\', \'supplier_url\': \'https://www.poundwholesale.co.uk/auto-extreme-ocean-breeze-in-car-fragrance-air-freshener-spray-100ml\'}, {\'supplier_ean\': \'5052578047807\', \'amazon_asin\': \'B0FB44TV8Y\', \'supplier_title\': \'Bettina Microfibre Ultra Buff Car Cloths 3pc\', \'amazon_title\': \'Towelogy\', \'supplier_price\': 1.79, \'amazon_price\': None, \'match_method\': \'EAN\', \'confidence\': \'high\', \'created_at\': \'2025-07-18T10:51:38.488644\', \'supplier_url\': \'https://www.poundwholesale.co.uk/bettina-microfibre-ultra-buff-car-cloths-3pc\'}, {\'supplier_ean\': \'5055441446714\', \'amazon_asin\': \'B0DFPVL488\', \'supplier_title\': \'Goodyear Silicone Window Squeegee 30cm\', \'amazon_title\': \'Goodyear Silicone Window Squeegee Ideal For Car Bodywork, Showers, Windows And Other Smooth Surfaces| Soft Silicone Blade| Removes 95% Of Standing Water| V-shaped Grip| Reusable And Long Lasting\', \'supplier_price\': 1.99, \'amazon_price\': 3.99, \'match_method\': \'EAN\', \'confidence\': \'high\', \'created_at\': \'2025-07-18T10:52:28.920921\', \'supplier_url\': \'https://www.poundwholesale.co.uk/goodyear-silicone-window-squeegee-30cm\'}, {\'supplier_ean\': \'5055319528030\', \'amazon_asin\': \'B0DJM5VWR6\', \'supplier_title\': \'Rapide DP-60 Penetrating Maintenance Spray 100ml CDU\', \'amazon_title\': \'PNJB\', \'supplier_price\': 0.79, \'amazon_price\': None, \'match_method\': \'EAN\', \'confidence\': \'high\', \'created_at\': \'2025-07-18T10:52:43.308895\', \'supplier_url\': \'https://www.poundwholesale.co.uk/rapide-dp-60-penetrating-maintenance-spray-100ml-cdu\'}, {\'supplier_ean\': \'5052578047708\', \'amazon_asin\': \'B09D7HXXXT\', \'supplier_title\': \'Bettina Assorted Microfibre Car Rags Bag\', \'amazon_title\': \'MR.SIGA\', \'supplier_price\': 1.79, \'amazon_price\': None, \'match_method\': \'EAN\', \'confidence\': \'high\', \'created_at\': \'2025-07-18T10:52:56.953180\', \'supplier_url\': \'https://www.poundwholesale.co.uk/bettina-assorted-microfibre-car-rags-bag\'}, {\'supplier_ean\': \'8008990001061\', \'amazon_asin\': \'B00BFXBBHM\', \'supplier_title\': \'Classic Professional Car Sponge 15cm X 11cm X 5.5cm\', \'amazon_title\': \'Générique Auto Care – Wash Synthetic Sponge Pro Classic\', \'supplier_price\': 0.62, \'amazon_price\': 3.89, \'match_method\': \'EAN\', \'confidence\': \'high\', \'created_at\': \'2025-07-18T10:53:42.902436\', \'supplier_url\': \'https://www.poundwholesale.co.uk/classic-professional-car-sponge-15cm-x-11cm-x-5-5cm\'}, {\'supplier_ean\': \'5055319529891\', \'amazon_asin\': \'B0CXN6VDPT\', \'supplier_title\': \'Rapide Multi Lube Oil Spray 250ml\', \'amazon_title\': \'Multi Lube Oil Spray High Performance Lubricates Cleans Prevents Rust - 300ml\', \'supplier_price\': 1.07, \'amazon_price\': 5.49, \'match_method\': \'EAN\', \'confidence\': \'high\', \'created_at\': \'2025-07-18T10:54:33.090475\', \'supplier_url\': \'https://www.poundwholesale.co.uk/rapide-multi-lube-oil-spray-250ml\'}, {\'supplier_ean\': \'5055319599559\', \'amazon_asin\': \'B07NJGVPVQ\', \'supplier_title\': \'Auto Extreme Professional Chrome Effect Spray Paint 400ml\', \'amazon_title\': \'Auto Extreme Auto Spray Chrome, 400 ml\', \'supplier_price\': 2.03, \'amazon_price\': 4.99, \'match_method\': \'EAN\', \'confidence\': \'high\', \'created_at\': \'2025-07-18T10:55:42.978833\', \'supplier_url\': \'https://www.poundwholesale.co.uk/auto-extreme-professional-chrome-effect-spray-paint-400ml\'}, {\'supplier_ean\': \'5053249228563\', \'amazon_asin\': \'B07R97BMMC\', \'supplier_title\': \'Carpride Alloy Wheel Spray Paint Matt Black\', \'amazon_title\': \'Car Pride 400ml High Grade Car Alloy Wheel Matt Black Fantastic Finish Surface Aerosol Spray Paint Can\', \'supplier_price\': 1.67, \'amazon_price\': 5.69, \'match_method\': \'EAN\', \'confidence\': \'high\', \'created_at\': \'2025-07-18T10:56:35.936258\', \'supplier_url\': \'https://www.poundwholesale.co.uk/carpride-alloy-wheel-spray-paint-matt-black\'}, {\'supplier_ean\': \'5055319519045\', \'amazon_asin\': \'B07NJFYFZR\', \'supplier_title\': \'Auto Extreme Silver Wheel Spray Paint 250ml\', \'amazon_title\': \'Auto Extreme Auto Spray Silver Wheel, 250 ml\', \'supplier_price\': 0.92, \'amazon_price\': 4.5, \'match_method\': \'EAN\', \'confidence\': \'high\', \'created_at\': \'2025-07-18T10:57:32.469691\', \'supplier_url\': \'https://www.poundwholesale.co.uk/auto-extreme-silver-wheel-spray-paint-250ml\'}, {\'supplier_ean\': \'5055319519212\', \'amazon_asin\': \'B09DYXN6YF\', \'supplier_title\': \'Auto Extreme Professional Black Gloss Spray Paint 400ml\', \'amazon_title\': \'Classic Signature - 1 x Auto Extreme Black Gloss Spray Paint 400ml, Professional Quality, Perfect Finish for Cars, Bikes,Vans, Metal, Wood\', \'supplier_price\': 1.82, \'amazon_price\': 6.89, \'match_method\': \'EAN\', \'confidence\': \'high\', \'created_at\': \'2025-07-18T10:58:29.850682\', \'supplier_url\': \'https://www.poundwholesale.co.uk/auto-extreme-professional-black-gloss-spray-paint-400ml\'}, {\'supplier_ean\': \'5056170362405\', \'amazon_asin\': \'B006UCJ5NU\', \'supplier_title\': \'Bloc Multipurpose Penetrating Maintenance Spray 250ml\', \'amazon_title\': \'WD-40 Specialist\', \'supplier_price\': 1.03, \'amazon_price\': None, \'match_method\': \'EAN\', \'confidence\': \'high\', \'created_at\': \'2025-07-18T10:58:41.438173\', \'supplier_url\': \'https://www.poundwholesale.co.uk/bloc-multipurpose-penetrating-maintenance-spray-250ml\'}, {\'supplier_ean\': \'5055319519106\', \'amazon_asin\': \'B09FLX734G\', \'supplier_title\': \'Auto Extreme Automotive Black Satin Spray Paint 250ml\', \'amazon_title\': \'Classic Signature - 1 x Black Satin Auto Extreme Spray Paint 250ml Professional Quality, Perfect Finish for Cars, Bikes,Vans, Metal, Wood\', \'supplier_price\': 0.92, \'amazon_price\': 5.47, \'match_method\': \'EAN\', \'confidence\': \'high\', \'created_at\': \'2025-07-18T10:59:37.654163\', \'supplier_url\': \'https://www.poundwholesale.co.uk/auto-extreme-automotive-black-satin-spray-paint-250ml\'}, {\'supplier_ean\': \'5053249248677\', \'amazon_asin\': \'B000LD4V2E\', \'supplier_title\': \'Car Pride Black Gloss Spray Paint 400ml\', \'amazon_title\': \'Hycote\', \'supplier_price\': 1.73, \'amazon_price\': None, \'match_method\': \'EAN\', \'confidence\': \'high\', \'created_at\': \'2025-07-18T10:59:51.150021\', \'supplier_url\': \'https://www.poundwholesale.co.uk/car-pride-black-gloss-spray-paint-400ml\'}, {\'supplier_ean\': \'5050375064300\', \'amazon_asin\': \'B01M0JVPJD\', \'supplier_title\': \'Car-Pride Quick Fix Tyre Repair 300ml\', \'amazon_title\': \'2 X QUICK FIX CAR EMERGENCY FLAT TYRE INFLATE PUNCTURE REPAIR KIT\', \'supplier_price\': 1.77, \'amazon_price\': 7.74, \'match_method\': \'EAN\', \'confidence\': \'high\', \'created_at\': \'2025-07-18T11:00:47.582374\', \'supplier_url\': \'https://www.poundwholesale.co.uk/quick-fix-tyre-repair\'}, {\'supplier_ean\': \'5055441446530\', \'amazon_asin\': \'B0993N1H9T\', \'supplier_title\': \'Goodyear Car Cockpit Cleaner 750ml\', \'amazon_title\': \'Goodyear Cockpit Cleaner 750ml- Effectively Cleans Dirt, Dust And Grime From the Dashboard And Surroundings| Protects Against Water And Dust Helping to Leave a Showroom Shine| Spray Weight 820g\', \'supplier_price\': 1.39, \'amazon_price\': 5.13, \'match_method\': \'EAN\', \'confidence\': \'high\', \'created_at\': \'2025-07-18T11:01:48.222908\', \'supplier_url\': \'https://www.poundwholesale.co.uk/goodyear-cherry-scent-car-cockpit-cleaner-750ml\'}, {\'supplier_ean\': \'5055319519281\', \'amazon_asin\': \'B07NJGV658\', \'supplier_title\': \'Auto Extreme Professional Yellow Gloss Spray Paint 400ml\', \'amazon_title\': \'Auto Extreme Auto Extreme Yellow, 400 ml\', \'supplier_price\': 1.96, \'amazon_price\': 5.49, \'match_method\': \'EAN\', \'confidence\': \'high\', \'created_at\': \'2025-07-18T11:02:38.788885\', \'supplier_url\': \'https://www.poundwholesale.co.uk/auto-extreme-professional-yellow-gloss-spray-paint-400ml\'}, {\'supplier_ean\': \'5056175980970\', \'amazon_asin\': \'B095HTD46T\', \'supplier_title\': \'Auto Extras Jar Candle Air Freshener 3 Pack Assorted\', \'amazon_title\': \'CRISTALINAS\', \'supplier_price\': 0.54, \'amazon_price\': None, \'match_method\': \'EAN\', \'confidence\': \'high\', \'created_at\': \'2025-07-18T11:02:51.951099\', \'supplier_url\': \'https://www.poundwholesale.co.uk/auto-extras-jar-candle-air-freshener-3-pack-assorted\'}, {\'supplier_ean\': \'5055319529914\', \'amazon_asin\': \'B07XZF187M\', \'supplier_title\': \'Rapide PTFE Lubricant Spray 250ml\', \'amazon_title\': \'Rapide 300ml PTFE Grease Aerosol Spray Lubricant Can Chains Belts Cables Oil\', \'supplier_price\': 1.07, \'amazon_price\': 4.99, \'match_method\': \'EAN\', \'confidence\': \'high\', \'created_at\': \'2025-07-18T11:03:38.329354\', \'supplier_url\': \'https://www.poundwholesale.co.uk/rapide-ptfe-lubricant-spray-250ml\'}, {\'supplier_ean\': \'5055441449203\', \'amazon_asin\': \'B0D12237Y2\', \'supplier_title\': \'Goodyear Expanding Car Cleaning Sponge\', \'amazon_title\': \'Goodyear Tyre and Wheel Deep Cleaning Multi-Purpose Brush | Ideal for Vehicle Tyres | Ergonomic L-Style Handle | Wide Curved Brush Head Covers Larger Surface | Removes Dirt and Grime\', \'supplier_price\': 0.72, \'amazon_price\': 0.99, \'match_method\': \'EAN\', \'confidence\': \'high\', \'created_at\': \'2025-07-18T11:04:31.759859\', \'supplier_url\': \'https://www.poundwholesale.co.uk/goodyear-expanding-car-cleaning-sponge\'}, {\'supplier_ean\': \'5053249229768\', \'amazon_asin\': \'B0BZQ8C6CS\', \'supplier_title\': \'Chupa Chups Car Air Fresheners CDU Assorted Fragrances\', \'amazon_title\': \'One Million Car Air Freshener for Men | Strong Perfume Automotive Freshener | Odour Eliminating Technology with Vent Clip | Long Lasting Car Air Freshener by Perfa\', \'supplier_price\': 0.87, \'amazon_price\': None, \'match_method\': \'EAN\', \'confidence\': \'high\', \'created_at\': \'2025-07-18T11:04:43.364574\', \'supplier_url\': \'https://www.poundwholesale.co.uk/chupa-chups-car-air-fresheners-cdu-assorted-fragrances\'}, {\'supplier_ean\': \'5050375002197\', \'amazon_asin\': \'B01MQHS127\', \'supplier_title\': \'Car Pride Stitched Natural Chamois Leather\', \'amazon_title\': \'151 NATURAL CHAMOIS LEATHER\', \'supplier_price\': 0.85, \'amazon_price\': 3.19, \'match_method\': \'EAN\', \'confidence\': \'high\', \'created_at\': \'2025-07-18T11:06:00.876295\', \'supplier_url\': \'https://www.poundwholesale.co.uk/stitched-natural-chamois-leather\'}, {\'supplier_ean\': \'5055441446431\', \'amazon_asin\': \'B0992QG9QK\', \'supplier_title\': \'Goodyear Instant Valet Upholstery Cleaner 750ml\', \'amazon_title\': \'GOODYEAR INSTANT VALET UPHOLSTERY CLEANER SPRAY 750ML\', \'supplier_price\': 1.4, \'amazon_price\': 5.27, \'match_method\': \'EAN\', \'confidence\': \'high\', \'created_at\': \'2025-07-18T11:06:52.375016\', \'supplier_url\': \'https://www.poundwholesale.co.uk/goodyear-instant-valet-upholstery-cleaner-750ml\'}, {\'supplier_ean\': \'5053249245751\', \'amazon_asin\': \'B0BLL3XTRB\', \'supplier_title\': \'Car Pride Clean & Dry Microfibre Cloth\', \'amazon_title\': \'CARPRIDE® Clean and Dry Microfibre Cloth | For Car Exterior and Interior | 30 x 30 cm | Brown\', \'supplier_price\': 0.76, \'amazon_price\': 2.95, \'match_method\': \'EAN\', \'confidence\': \'high\', \'created_at\': \'2025-07-18T11:07:43.161406\', \'supplier_url\': \'https://www.poundwholesale.co.uk/car-pride-clean-dry-microfibre-cloth\'}, {\'supplier_ean\': \'8008990001047\', \'amazon_asin\': \'B0DJFRHQ3H\', \'supplier_title\': \'Flash Car Synthetic Chamois Large\', \'amazon_title\': \'FLASH\', \'supplier_price\': 1.42, \'amazon_price\': None, \'match_method\': \'EAN\', \'confidence\': \'high\', \'created_at\': \'2025-07-18T11:08:10.161535\', \'supplier_url\': \'https://www.poundwholesale.co.uk/flash-car-synthetic-chamois-large\'}, {\'supplier_ean\': \'5050375084148\', \'amazon_asin\': \'B07FRGHHQR\', \'supplier_title\': \'Car Pride Black Pack 300ml\', \'amazon_title\': \'Car Pride Black Pack Spray For Plastic Bumper & Exterior Trim Restorer 300ml\', \'supplier_price\': 0.93, \'amazon_price\': 4.49, \'match_method\': \'EAN_cached\', \'confidence\': \'low\', \'created_at\': \'2025-07-18T11:08:10.231134\', \'supplier_url\': \'https://www.poundwholesale.co.uk/black-pack-300ml\'}, {\'supplier_ean\': \'5055319519311\', \'amazon_asin\': \'B07NJH9XCY\', \'supplier_title\': \'Auto Extreme Professional Racing Green Gloss Spray Paint 400ml\', \'amazon_title\': \'Auto Extreme Racing Green, 400 ml\', \'supplier_price\': 1.96, \'amazon_price\': 5.65, \'match_method\': \'EAN\', \'confidence\': \'high\', \'created_at\': \'2025-07-18T11:09:04.876820\', \'supplier_url\': \'https://www.poundwholesale.co.uk/auto-extreme-professional-racing-green-gloss-spray-paint-400ml\'}, {\'supplier_ean\': \'5055319519137\', \'amazon_asin\': \'B07NJFXL6R\', \'supplier_title\': \'Auto Extreme Red Primer Spray Paint 250ml\', \'amazon_title\': \'Auto Extreme Auto Spray Red Primer, 250 ml\', \'supplier_price\': 0.92, \'amazon_price\': 4.35, \'match_method\': \'EAN\', \'confidence\': \'high\', \'created_at\': \'2025-07-18T11:09:55.460107\', \'supplier_url\': \'https://www.poundwholesale.co.uk/mean-machine-auto-spray-red-primer-250ml\'}, {\'supplier_ean\': \'5038673050010\', \'amazon_asin\': \'B0FC6D5VDG\', \'supplier_title\': \'Portable Wet & Dry Auto Vacuum Cleaner\', \'amazon_title\': \'HYCHIKA 3 in 1 Wet and Dry Vacuum Cleaner, Power: 1200 W, 20 L Stainless Steel Tank, 6 M+ Cleaning Range (2.5 M Power Cores + 3.5 M Soft & Hard Hose), for Garden Outdoor Floor Sofa Cleaning\', \'supplier_price\': 10.18, \'amazon_price\': None, \'match_method\': \'EAN\', \'confidence\': \'high\', \'created_at\': \'2025-07-18T11:10:08.518609\', \'supplier_url\': \'https://www.poundwholesale.co.uk/portable-wet-dry-auto-vacuum-cleaner\'}, {\'supplier_ean\': \'5052578034708\', \'amazon_asin\': \'B0CKTH6LDT\', \'supplier_title\': \'Bettina Microfibre Car Cloths 2 Pack\', \'amazon_title\': \'CarMax® - Original Twisted Loop Car Drying Towel - Double-Sided XXL - 90cm x 60cm 1400gsm Microfibre Towel for fast streak-free drying and detailing.\', \'supplier_price\': 0.79, \'amazon_price\': 17.99, \'match_method\': \'EAN_cached\', \'confidence\': \'low\', \'created_at\': \'2025-07-18T11:10:08.580003\', \'supplier_url\': \'https://www.poundwholesale.co.uk/3pc-micro-fibre-car-cloths-highly-effective-wet-or-dry\'}, {\'supplier_ean\': \'5055441449142\', \'amazon_asin\': \'B0DF343YX8\', \'supplier_title\': \'Goodyear Microfibre Dusting Cloth Large 60cm X 40cm\', \'amazon_title\': \'Goodyear Microfibre Dusting Cloth I Specially designed microfibre cloth for windscreens, windows and mirrors | Statically charged cleaning fibres attract dust | Leaves a lint free finish | 60m x 40cm\', \'supplier_price\': 0.85, \'amazon_price\': 1.99, \'match_method\': \'EAN\', \'confidence\': \'high\', \'created_at\': \'2025-07-18T11:10:57.177704\', \'supplier_url\': \'https://www.poundwholesale.co.uk/goodyear-microfibre-dusting-cloth-large-60cm-x-40cm\'}, {\'supplier_ean\': \'5055441449180\', \'amazon_asin\': \'B0D3JDFZJC\', \'supplier_title\': \'Goodyear Microfibre Car Cloth Set 4 Pack\', \'amazon_title\': \'Goodyear 4PC Microfibre Cloth Set- microfibre cloths for cleaning your vehicle | Cleaning fibres attract dust | Showroom finish | Machine washable | Dashboard, Buffing, Window cloth | Wash and drying\', \'supplier_price\': 2.59, \'amazon_price\': 4.99, \'match_method\': \'EAN\', \'confidence\': \'high\', \'created_at\': \'2025-07-18T11:11:46.340949\', \'supplier_url\': \'https://www.poundwholesale.co.uk/goodyear-microfibre-car-cloth-set-4-pack\'}, {\'supplier_ean\': \'5055441449104\', \'amazon_asin\': \'B0DH8C367V\', \'supplier_title\': \'Goodyear Synthetic Chamois Cloth\', \'amazon_title\': \'Goodyear Synthetic Chamois -natural Chamois, Super Absorbent, Streak And Scratch Free, With A Greater Tolerance To Modern Car Cleaners| Stays Soft When Drying| Extra Large 72cm x 50cm|Machine Washable\', \'supplier_price\': 1.9, \'amazon_price\': 2.99, \'match_method\': \'EAN\', \'confidence\': \'high\', \'created_at\': \'2025-07-18T11:12:43.381337\', \'supplier_url\': \'https://www.poundwholesale.co.uk/goodyear-synthetic-chamois-cloth\'}, {\'supplier_ean\': \'5055319530736\', \'amazon_asin\': \'B084VTS1NV\', \'supplier_title\': \'Auto Extreme Fresh Linen In-Car Fragrance Air Freshener Spray 100ml\', \'amazon_title\': \'Air Freshener Spray Concentrated Long Lasting Oil Based (New Car)\', \'supplier_price\': 0.65, \'amazon_price\': None, \'match_method\': \'EAN\', \'confidence\': \'high\', \'created_at\': \'2025-07-18T11:12:55.532920\', \'supplier_url\': \'https://www.poundwholesale.co.uk/auto-extreme-fresh-linen-in-car-fragrance-air-freshener-spray-100ml\'}, {\'supplier_ean\': \'5055319519076\', \'amazon_asin\': \'B09FLX3QXD\', \'supplier_title\': \'Auto Extreme Automotive Red Gloss Spray Paint 250ml\', \'amazon_title\': \'Classic Signature - 1 x Auto Extreme Red Gloss Spray Paint 250ml, Professional Quality, Perfect Finish for Cars, Bikes,Vans, Metal, Wood\', \'supplier_price\': 0.92, \'amazon_price\': 5.47, \'match_method\': \'EAN\', \'confidence\': \'high\', \'created_at\': \'2025-07-18T11:13:48.220197\', \'supplier_url\': \'https://www.poundwholesale.co.uk/auto-extreme-automotive-red-gloss-spray-paint-250ml\'}, {\'supplier_ean\': \'5050375003620\', \'amazon_asin\': \'B0DG2QVKZL\', \'supplier_title\': \'Car Pride Luxury Natural Chamois Leather\', \'amazon_title\': \'Hoover HF1 Plus Cordless Stick Vacuum Cleaner with Turbo Suction Mode, Up to 45 Min Runtime, LED Lights, Multi-Floor Nozzle, Anti Hair Wrap, Handheld Capability, 165w [HF1P10H]\', \'supplier_price\': 1.41, \'amazon_price\': 99.0, \'match_method\': \'EAN\', \'confidence\': \'high\', \'created_at\': \'2025-07-18T11:14:56.832846\', \'supplier_url\': \'https://www.poundwholesale.co.uk/car-pride-luxury-natural-chamois-leather\'}, {\'supplier_ean\': \'00994743\', \'amazon_asin\': \'B0CCVFJ94Z\', \'supplier_title\': \'Wilko Ready To Use Screenwash 5l\', \'amazon_title\': \'Rain-X\', \'supplier_price\': 1.42, \'amazon_price\': None, \'match_method\': \'EAN\', \'confidence\': \'high\', \'created_at\': \'2025-07-18T11:15:10.531582\', \'supplier_url\': \'https://www.poundwholesale.co.uk/wilko-ready-to-use-screenwash-5l\'}, {\'supplier_ean\': \'5055319556668\', \'amazon_asin\': \'B0BC1D6KPG\', \'supplier_title\': \'Auto Extreme Car Upholstery Brush 14cm X 6.5cm\', \'amazon_title\': \'15° Curved Car Cleaning Brush with Telescopic Handle 43" Aluminum Alloy Long Rod Wash Mop For Washing Caravan Van Truck Boat RV Roof Soft Chenille Head Duster Clean Product Not Hurt Paint Scratch Free\', \'supplier_price\': 0.97, \'amazon_price\': None, \'match_method\': \'EAN\', \'confidence\': \'high\', \'created_at\': \'2025-07-18T11:15:22.281479\', \'supplier_url\': \'https://www.poundwholesale.co.uk/auto-extreme-car-upholstery-brush-14cm-x-6-5cm\'}, {\'supplier_ean\': \'5050375083783\', \'amazon_asin\': \'B00A3T5F2G\', \'supplier_title\': \'Car Pride Instant Valet 300ml\', \'amazon_title\': \'Carpride Instant Valet Aerosol Spray 300ml\', \'supplier_price\': 0.97, \'amazon_price\': 4.09, \'match_method\': \'EAN_cached\', \'confidence\': \'low\', \'created_at\': \'2025-07-18T11:15:22.357739\', \'supplier_url\': \'https://www.poundwholesale.co.uk/instant-valet-300ml\'}, {\'supplier_ean\': \'5055319512213\', \'amazon_asin\': \'B0F9329VCL\', \'supplier_title\': \'Auto Extreme Car Air Freshener Assorted Fragrances Clip Strip\', \'amazon_title\': \'Automizer - Creed Car Air Freshener for Men - Smart Car Air Freshener Diffuser Aventus Inspired Automatic On/Off Refillable Air Freshner, Gifts for Men/Women\', \'supplier_price\': 0.27, \'amazon_price\': None, \'match_method\': \'EAN\', \'confidence\': \'high\', \'created_at\': \'2025-07-18T11:15:36.157612\', \'supplier_url\': \'https://www.poundwholesale.co.uk/auto-extreme-car-air-freshener-assorted-fragrances-clip-strip\'}, {\'supplier_ean\': \'5053249256832\', \'amazon_asin\': \'B0D2HLTZ4Q\', \'supplier_title\': \'Car Pride All Seasons Screen Wash Tablets 2pc\', \'amazon_title\': \'Screenwash Tablets For Cars, 100 Pcs Car Windshield Wash Tablets, Concentrated Screenwash Washer Fluid Car Window Cleaning Tablets for Metal, Plastic, Window Glass, Look Completely New\', \'supplier_price\': 0.74, \'amazon_price\': None, \'match_method\': \'EAN\', \'confidence\': \'high\', \'created_at\': \'2025-07-18T11:15:50.415052\', \'supplier_url\': \'https://www.poundwholesale.co.uk/car-pride-all-seasons-screen-wash-tablets-2pc\'}, {\'supplier_ean\': \'5055056731861\', \'amazon_asin\': \'B09LHF2V7G\', \'supplier_title\': \'Guilty Pleasures Chocolate Chip Cookie 3D Car Air Freshener\', \'amazon_title\': \'Guilty Pleasures 3D Choc Cookie CAR FRESHENER\', \'supplier_price\': 0.38, \'amazon_price\': 3.99, \'match_method\': \'EAN\', \'confidence\': \'high\', \'created_at\': \'2025-07-18T11:16:51.336470\', \'supplier_url\': \'https://www.poundwholesale.co.uk/guilty-pleasures-chocolate-chip-cookie-3d-air-freshener\'}, {\'supplier_ean\': \'5055441446479\', \'amazon_asin\': \'B0993YCZWB\', \'supplier_title\': \'Goodyear Fresh Fragrance Glass & Mirror Cleaner 750ml\', \'amazon_title\': \'Goodyear Glass & Mirror Cleaner 750ml - For a streak-free finish | Effective cleaner for car windscreens, side window, wing mirrors & rear view mirror | Suitable for rain sensor and acrylic windows\', \'supplier_price\': 1.36, \'amazon_price\': 5.74, \'match_method\': \'EAN\', \'confidence\': \'high\', \'created_at\': \'2025-07-18T11:18:10.194551\', \'supplier_url\': \'https://www.poundwholesale.co.uk/goodyear-fresh-fragrance-glass-mirror-cleaner-750ml\'}, {\'supplier_ean\': \'5055441446455\', \'amazon_asin\': \'B0993N4XMC\', \'supplier_title\': \'Goodyear Back-To-Black Bumper & Trim Plastic Restorer 750ml\', \'amazon_title\': \'Goodyear Bumper and Trim Restorer 750ml-back to Black| Helps Bumper and Trim Plastic Look Like New| Restores, Protects and Shines| Long Lasting Gloss Finish| Suitable for All Exterior Plastics\', \'supplier_price\': 1.4, \'amazon_price\': 4.89, \'match_method\': \'EAN\', \'confidence\': \'high\', \'created_at\': \'2025-07-18T11:19:05.192693\', \'supplier_url\': \'https://www.poundwholesale.co.uk/goodyear-black-bumper-trim-plastic-restorer-750ml\'}, {\'supplier_ean\': \'5015302400262\', \'amazon_asin\': \'B0B4R5265Z\', \'supplier_title\': \'Coco & Gray Assorted Colour Synthetic Chamois Cloths 3 Pack\', \'amazon_title\': \'Airlab\', \'supplier_price\': 0.64, \'amazon_price\': None, \'match_method\': \'EAN\', \'confidence\': \'high\', \'created_at\': \'2025-07-18T11:19:19.017457\', \'supplier_url\': \'https://www.poundwholesale.co.uk/royle-shammy-pack-3\'}, {\'supplier_ean\': \'5055319519304\', \'amazon_asin\': \'B09F9N1DW9\', \'supplier_title\': \'Auto Extreme Professional Silver Body Spray Paint 400ml\', \'amazon_title\': \'Classic Signature - 1 x Auto Extreme Silver Body Spray Paint 400ml Professional Quality, Perfect Finish for Cars, Bikes,Vans, Metal, Wood\', \'supplier_price\': 1.82, \'amazon_price\': 6.89, \'match_method\': \'EAN\', \'confidence\': \'high\', \'created_at\': \'2025-07-18T11:20:10.249623\', \'supplier_url\': \'https://www.poundwholesale.co.uk/auto-extreme-professional-silver-body-spray-paint-400ml\'}, {\'supplier_ean\': \'5053249200743\', \'amazon_asin\': \'B0DY5MX94X\', \'supplier_title\': \'Tango Card Car Air Freshener 2 Pack CDU Assorted Fragrances\', \'amazon_title\': \'Luxury Car Fragrance Gift Set, 2 Glass Car Diffusers, 2 x 30ml Refills, 2 x Vent Clips, 10 ml Interior Fabric Spray, Strong Fragrance, (Crede)\', \'supplier_price\': 0.74, \'amazon_price\': None, \'match_method\': \'EAN\', \'confidence\': \'high\', \'created_at\': \'2025-07-18T11:20:38.365789\', \'supplier_url\': \'https://www.poundwholesale.co.uk/tango-card-car-air-freshener-2-pack-cdu-assorted-fragrances\'}, {\'supplier_ean\': \'5056175980963\', \'amazon_asin\': \'B0FH9LCRSZ\', \'supplier_title\': \'Auto Extras Jelly Baby Air Freshener Assorted\', \'amazon_title\': \'Car Air Freshener Aromatherapy Balm Long Lasting Fragrance Non-spill Solid 3D Tomato Shaped Travel Size Scented Balm 100g Eliminate Odor for Bedroom Toliet Elitzia ETAP2815\', \'supplier_price\': 0.65, \'amazon_price\': None, \'match_method\': \'EAN\', \'confidence\': \'high\', \'created_at\': \'2025-07-18T11:20:51.448024\', \'supplier_url\': \'https://www.poundwholesale.co.uk/auto-extras-jelly-baby-air-freshener-assorted\'}, {\'supplier_ean\': \'5055319519298\', \'amazon_asin\': \'B07NJH3Q91\', \'supplier_title\': \'Auto Extreme Professional Black Satin Spray Paint 400ml\', \'amazon_title\': \'Auto Extreme Auto Extreme Black Satin, 400 ml\', \'supplier_price\': 1.82, \'amazon_price\': 5.49, \'match_method\': \'EAN\', \'confidence\': \'high\', \'created_at\': \'2025-07-18T11:21:47.219390\', \'supplier_url\': \'https://www.poundwholesale.co.uk/auto-extreme-professional-black-satin-spray-paint-400ml\'}, {\'supplier_ean\': \'5055056770815\', \'amazon_asin\': \'B0BZQC1VY6\', \'supplier_title\': \'Millions Cola 3D Car Air Freshener\', \'amazon_title\': \'Creed Car Air Freshener for Men | Aventos Perfume Inspired Car Fragrances | Strong Freshener with Odour Eliminator Technology | Creed Automotive Air Freshener | GREED Scent by Perfa\', \'supplier_price\': 0.38, \'amazon_price\': None, \'match_method\': \'EAN\', \'confidence\': \'high\', \'created_at\': \'2025-07-18T11:22:00.417347\', \'supplier_url\': \'https://www.poundwholesale.co.uk/millions-cola-3d-car-air-freshener\'}, {\'supplier_ean\': \'5052578015608\', \'amazon_asin\': \'B0DHXJ3Y9T\', \'supplier_title\': \'Bettina Car Sponges 3 Pack\', \'amazon_title\': \'3 Pack Car Sponges,Jumbo Sponges For Car Cleaning,Anti Scratch Technology for Car Exterior & Window Washing- Perfect For Wheels, Windscreen & Bodywork (3 PCS (Yellow))\', \'supplier_price\': 0.84, \'amazon_price\': 7.99, \'match_method\': \'EAN_cached\', \'confidence\': \'low\', \'created_at\': \'2025-07-18T11:22:00.495119\', \'supplier_url\': \'https://www.poundwholesale.co.uk/bettina-car-sponges-3-pack\'}, {\'supplier_ean\': \'5038673050010\', \'amazon_asin\': \'B0FC6D5VDG\', \'supplier_title\': \'Roadster Car Vacuum Cleaner 12V\', \'amazon_title\': \'HYCHIKA 3 in 1 Wet and Dry Vacuum Cleaner, Power: 1200 W, 20 L Stainless Steel Tank, 6 M+ Cleaning Range (2.5 M Power Cores + 3.5 M Soft & Hard Hose), for Garden Outdoor Floor Sofa Cleaning\', \'supplier_price\': 5.28, \'amazon_price\': None, \'match_method\': \'EAN_cached\', \'confidence\': \'low\', \'created_at\': \'2025-07-18T11:22:00.576434\', \'supplier_url\': \'https://www.poundwholesale.co.uk/roadster-car-vacuum-cleaner-12v\'}, {\'supplier_ean\': \'5050375083752\', \'amazon_asin\': \'B01C4S4876\', \'supplier_title\': \'Car Pride Alloy Wheel Cleaner 300ml\', \'amazon_title\': \'Car Pride Wheel Clean, 300ml\', \'supplier_price\': 0.97, \'amazon_price\': 4.05, \'match_method\': \'EAN_cached\', \'confidence\': \'low\', \'created_at\': \'2025-07-18T11:22:00.651582\', \'supplier_url\': \'https://www.poundwholesale.co.uk/alloy-wheel-cleaner\'}, {\'supplier_ean\': \'5055441452357\', \'amazon_asin\': \'B0DFPVGFZ4\', \'supplier_title\': \'Goodyear Extendable Car Windscreen Washer Squeegee Sponge Cleaner\', \'amazon_title\': \'Goodyear 2 In 1 Window Squeegee Flexible Rubber Blade| Netted Sponge Scrubber| Multi-purpose And Easy To Use| Non - Scratch| Ideal For Cleaning Windows And Windscreens| Compact Design, Easy Storage\', \'supplier_price\': 1.76, \'amazon_price\': 2.99, \'match_method\': \'EAN\', \'confidence\': \'high\', \'created_at\': \'2025-07-18T11:22:54.109374\', \'supplier_url\': \'https://www.poundwholesale.co.uk/goodyear-extendable-car-windscreen-washer-squeegee-sponge-cleaner\'}, {\'supplier_ean\': \'5055257813090\', \'amazon_asin\': \'B0FH9LCRSZ\', \'supplier_title\': \'Fragranced Fruit Shaped Car Air Freshener\', \'amazon_title\': \'Car Air Freshener Aromatherapy Balm Long Lasting Fragrance Non-spill Solid 3D Tomato Shaped Travel Size Scented Balm 100g Eliminate Odor for Bedroom Toliet Elitzia ETAP2815\', \'supplier_price\': 0.6, \'amazon_price\': None, \'match_method\': \'EAN\', \'confidence\': \'high\', \'created_at\': \'2025-07-18T11:23:05.509024\', \'supplier_url\': \'https://www.poundwholesale.co.uk/fragranced-fruit-shaped-car-air-freshener\'}, {\'supplier_ean\': \'5055319510615\', \'amazon_asin\': \'B0C49F6NG6\', \'supplier_title\': \'Auto Extreme Professional Petrol-Resistant Lacquer Clear Spray 400ml\', \'amazon_title\': \'Ozeino Wireless Gaming Headset, Compatible with PC Ps5 Ps4 Boasts 2.4GHz Lossless Audio, USB & Type-C, Flip Microphone and 40-Hr Battery - Suited for Switch, Laptop, Mac\', \'supplier_price\': 1.89, \'amazon_price\': 23.11, \'match_method\': \'EAN\', \'confidence\': \'high\', \'created_at\': \'2025-07-18T11:24:21.169341\', \'supplier_url\': \'https://www.poundwholesale.co.uk/auto-extreme-professional-petrol-resistant-lacquer-clear-spray-400ml\'}, {\'supplier_ean\': \'5053249271453\', \'amazon_asin\': \'B0CHTHYL58\', \'supplier_title\': \'Car-Pride Biodegradable Interior Clean & Shine Wipes 30 Pack\', \'amazon_title\': \'AMK\', \'supplier_price\': 0.65, \'amazon_price\': None, \'match_method\': \'EAN\', \'confidence\': \'high\', \'created_at\': \'2025-07-18T11:24:44.743060\', \'supplier_url\': \'https://www.poundwholesale.co.uk/car-pride-interior-clean-shine-wipes-30-pack\'}, {\'supplier_ean\': \'5055319519267\', \'amazon_asin\': \'B07NJGB772\', \'supplier_title\': \'Auto Extreme Professional Red Gloss Spray Paint 400ml\', \'amazon_title\': \'Auto Extreme Auto Extreme Red, 400 ml\', \'supplier_price\': 1.82, \'amazon_price\': 5.79, \'match_method\': \'EAN\', \'confidence\': \'high\', \'created_at\': \'2025-07-18T11:25:35.589009\', \'supplier_url\': \'https://www.poundwholesale.co.uk/auto-extreme-professional-red-gloss-spray-paint-400ml\'}, {\'supplier_ean\': \'5056175987832\', \'amazon_asin\': \'B0BSFN7BK9\', \'supplier_title\': \'Bloome Gel Boat Air Freshener 150G Assorted Fragrance\', \'amazon_title\': \'SOL\', \'supplier_price\': 0.46, \'amazon_price\': None, \'match_method\': \'EAN\', \'confidence\': \'high\', \'created_at\': \'2025-07-18T11:25:49.342872\', \'supplier_url\': \'https://www.poundwholesale.co.uk/bloome-gel-boat-air-freshener-150g-assorted-fragrance\'}, {\'supplier_ean\': \'5055441445021\', \'amazon_asin\': \'B0DJFGKQTJ\', \'supplier_title\': \'Dekton Tri-Extending Wash Brush 3m\', \'amazon_title\': \'Dekton Heavy Duty Tri-Extending Wash Brush | Long Reach Water Fed Brush for Cars, Boats, & More | Ergonomic Foam Grip | Soft Bristles Prevent Scratching | Telescopic Design Extends to 3 Metres\', \'supplier_price\': 13.64, \'amazon_price\': 25.06, \'match_method\': \'EAN\', \'confidence\': \'high\', \'created_at\': \'2025-07-18T11:26:42.138251\', \'supplier_url\': \'https://www.poundwholesale.co.uk/dekton-tri-extending-wash-brush-3m\'}, {\'supplier_ean\': \'5038673410692\', \'amazon_asin\': \'B0DPX1HRM6\', \'supplier_title\': \'Car Air Fresheners Fruit Assorted CDU\', \'amazon_title\': \'Q QXUNMU\', \'supplier_price\': 0.34, \'amazon_price\': None, \'match_method\': \'EAN\', \'confidence\': \'high\', \'created_at\': \'2025-07-18T11:26:57.017565\', \'supplier_url\': \'https://www.poundwholesale.co.uk/car-air-fresheners-fruit-assorted-cdu\'}, {\'supplier_ean\': \'5055441452319\', \'amazon_asin\': \'B0DJT8DYF6\', \'supplier_title\': \'Goodyear Wax Applicator Pad Set 3pc\', \'amazon_title\': \'Goodyear 3pc Applicator Set Specially Designed Microfiber Pad For Cleaning Your Vehicle|Ideal For Polishing And Waxing Of Painted Surfaces|Thick Microfiber Evenly Distributes Pressure For Application\', \'supplier_price\': 1.99, \'amazon_price\': 2.99, \'match_method\': \'EAN\', \'confidence\': \'high\', \'created_at\': \'2025-07-18T11:27:44.877336\', \'supplier_url\': \'https://www.poundwholesale.co.uk/goodyear-wax-applicator-pad-set-3pc\'}, {\'supplier_ean\': \'5055441421902\', \'amazon_asin\': \'B0CZYRJ8ZX\', \'supplier_title\': \'Goodyear 2-In-1 Noodle Wash Mitt\', \'amazon_title\': \'Goodyear 2 In 1 Noodle Wash Mitt Extra Long Handle With Pivoting Head For Easy Reach All Around Your Windscreen | Microfiber Pad For Ultimate Cleaning | Excellent For Quick Defogging And Cleaning\', \'supplier_price\': 2.06, \'amazon_price\': 5.29, \'match_method\': \'EAN\', \'confidence\': \'high\', \'created_at\': \'2025-07-18T11:28:33.825517\', \'supplier_url\': \'https://www.poundwholesale.co.uk/goodyear-2-in-1-noodle-wash-mitt\'}, {\'supplier_ean\': \'5052578611800\', \'amazon_asin\': \'B0BG8HY6NL\', \'supplier_title\': \'Bettina Comfortable Grip Jumbo Car Sponge\', \'amazon_title\': \'Xtremeauto\', \'supplier_price\': 0.6, \'amazon_price\': None, \'match_method\': \'EAN\', \'confidence\': \'high\', \'created_at\': \'2025-07-18T11:28:47.461587\', \'supplier_url\': \'https://www.poundwholesale.co.uk/jumbo-car-sponge-with-comfortable-grip\'}, {\'supplier_ean\': \'5055441449227\', \'amazon_asin\': \'B0DFMH5XX9\', \'supplier_title\': \'Goodyear 2-In-1 Microfibre Drying Towel Xl 80cm X 60cm\', \'amazon_title\': \'Goodyear Microfiber Drying Towel Xl Deep Pile For Extra Absorbency| Microfiber Technology| Cleaning Fiber Attracts Dust |satin Safety Edging Protects Against Scratching| Extra Absorbency Free Finish\', \'supplier_price\': 2.21, \'amazon_price\': 3.99, \'match_method\': \'EAN\', \'confidence\': \'high\', \'created_at\': \'2025-07-18T11:29:40.530652\', \'supplier_url\': \'https://www.poundwholesale.co.uk/goodyear-2-in-1-microfibre-drying-towel-xl-80cm-x-60cm\'}, {\'supplier_ean\': \'5055319530743\', \'amazon_asin\': \'B084VTS1NV\', \'supplier_title\': \'Auto Extreme Cedar Wood In-Car Fragrance Air Freshener Spray 100ml\', \'amazon_title\': \'Air Freshener Spray Concentrated Long Lasting Oil Based (New Car)\', \'supplier_price\': 0.65, \'amazon_price\': None, \'match_method\': \'EAN\', \'confidence\': \'high\', \'created_at\': \'2025-07-18T11:29:54.290257\', \'supplier_url\': \'https://www.poundwholesale.co.uk/auto-extreme-cedar-wood-in-car-fragrance-air-freshener-spray-100ml\'}, {\'supplier_ean\': \'5055319519007\', \'amazon_asin\': \'B01FXX9AJA\', \'supplier_title\': \'Auto Extreme Automotive Black Matt Spray Paint 250ml\', \'amazon_title\': \'Black Matt Aerosol Spray Cans 250ml Car Auto Extreme Spray Paint (6)\', \'supplier_price\': 0.92, \'amazon_price\': 9.95, \'match_method\': \'EAN\', \'confidence\': \'high\', \'created_at\': \'2025-07-18T11:30:50.315219\', \'supplier_url\': \'https://www.poundwholesale.co.uk/auto-extreme-automotive-black-matt-spray-paint-250ml\'}, {\'supplier_ean\': \'5055441449982\', \'amazon_asin\': \'B0DJH4WTZ5\', \'supplier_title\': \'Goodyear Anti-Smear Screenwash 1l\', \'amazon_title\': \'Goodyear 1 Litre Screen Wash-5% Ethanol| Blue Colour Liquid| Red Lid| English Label| Antifreeze Windscreen Wash Liquid| Prevents Freezing Of The Glass Washer System Down| Provide Clear Vision\', \'supplier_price\': 0.95, \'amazon_price\': None, \'match_method\': \'EAN\', \'confidence\': \'high\', \'created_at\': \'2025-07-18T11:31:39.554668\', \'supplier_url\': \'https://www.poundwholesale.co.uk/goodyear-anti-smear-screenwash-1l\'}, {\'supplier_ean\': \'5055441405544\', \'amazon_asin\': \'B0D1R5SR4V\', \'supplier_title\': \'Goodyear Anti-Smear Screenwash 5l\', \'amazon_title\': \'Rain-X\', \'supplier_price\': 2.56, \'amazon_price\': None, \'match_method\': \'EAN\', \'confidence\': \'high\', \'created_at\': \'2025-07-18T11:31:53.274959\', \'supplier_url\': \'https://www.poundwholesale.co.uk/goodyear-cherry-anti-smear-screenwash-5l\'}, {\'supplier_ean\': \'5053249003108\', \'amazon_asin\': \'B00CA36GJE\', \'supplier_title\': \'Carpride Scratch Remover Pen\', \'amazon_title\': \'Car Pride Paint Scratch Remover Pen - For Use On Any Colour Vehicle\', \'supplier_price\': 0.92, \'amazon_price\': 2.98, \'match_method\': \'EAN\', \'confidence\': \'high\', \'created_at\': \'2025-07-18T11:32:49.414648\', \'supplier_url\': \'https://www.poundwholesale.co.uk/carpride-scratch-remover-pen\'}, {\'supplier_ean\': \'5050375054394\', \'amazon_asin\': \'B0F6C9BK5R\', \'supplier_title\': \'Car-Pride Wash & Wax 1L\', \'amazon_title\': \'Sopami Car Coating Spray, Waterless Car Wash Quick Effect Coating Agent, Multi-functional Coating Renewal Agent Polish Spray, Long-Lasting Protection Improves Clarity and Visibility(1pc)\', \'supplier_price\': 0.8, \'amazon_price\': None, \'match_method\': \'EAN\', \'confidence\': \'high\', \'created_at\': \'2025-07-18T11:33:03.988685\', \'supplier_url\': \'https://www.poundwholesale.co.uk/wash-wax\'}, {\'supplier_ean\': \'5055056770792\', \'amazon_asin\': \'B0FH9LCRSZ\', \'supplier_title\': \'Millions Orange & Lemon 3D Car Air Freshener\', \'amazon_title\': \'Car Air Freshener Aromatherapy Balm Long Lasting Fragrance Non-spill Solid 3D Tomato Shaped Travel Size Scented Balm 100g Eliminate Odor for Bedroom Toliet Elitzia ETAP2815\', \'supplier_price\': 0.38, \'amazon_price\': None, \'match_method\': \'EAN\', \'confidence\': \'high\', \'created_at\': \'2025-07-18T11:33:15.313131\', \'supplier_url\': \'https://www.poundwholesale.co.uk/millions-orange-lemon-3d-car-air-freshener\'}, {\'supplier_ean\': \'5050375086753\', \'amazon_asin\': \'B00IXMG80S\', \'supplier_title\': \'Car Pride Leather Cleaning Spray 250ml\', \'amazon_title\': \'12 x Cans Of Leather cleaning spray, car cleaning, 300ml\', \'supplier_price\': 0.97, \'amazon_price\': 19.95, \'match_method\': \'EAN_cached\', \'confidence\': \'low\', \'created_at\': \'2025-07-18T11:33:15.437428\', \'supplier_url\': \'https://www.poundwholesale.co.uk/leather-cleaning-spray-250ml\'}, {\'supplier_ean\': \'5050375084025\', \'amazon_asin\': \'B0032XLIJE\', \'supplier_title\': \'Car Pride Spray Wax 300ml\', \'amazon_title\': \'SPRAY CAR WAX SUPERFAST FORMULA PROTECTS PAINTWORK\', \'supplier_price\': 0.97, \'amazon_price\': 3.99, \'match_method\': \'EAN\', \'confidence\': \'high\', \'created_at\': \'2025-07-18T11:34:12.145812\', \'supplier_url\': \'https://www.poundwholesale.co.uk/spray-wax-300ml\'}, {\'supplier_ean\': \'5055441452197\', \'amazon_asin\': \'B0DF33M8ZM\', \'supplier_title\': \'Goodyear Waffle Drying Cloth Large 40cm X 40cm\', \'amazon_title\': \'Goodyear Microfibre Waffle Cloth I Reduces drying time with less wring outs | Ideal for bodywork & glass | Designed microfibre cloth | Statically charged cleaning fibres | Leaves lint free finish\', \'supplier_price\': 0.95, \'amazon_price\': 4.99, \'match_method\': \'EAN\', \'confidence\': \'high\', \'created_at\': \'2025-07-18T11:35:03.805673\', \'supplier_url\': \'https://www.poundwholesale.co.uk/goodyear-waffle-drying-cloth-large-40cm-x-40cm\'}, {\'supplier_ean\': \'5050375055483\', \'amazon_asin\': \'B01C4S4L4G\', \'supplier_title\': \'Car-Pride Handy Car Sponges 2 Pack\', \'amazon_title\': \'Car Pride CP011 Handy Car Cleaning Sponges, Pack of 3\', \'supplier_price\': 0.76, \'amazon_price\': 4.99, \'match_method\': \'EAN\', \'confidence\': \'high\', \'created_at\': \'2025-07-18T11:35:55.273733\', \'supplier_url\': \'https://www.poundwholesale.co.uk/handy-car-sponges-3pk\'}, {\'supplier_ean\': \'5055319531740\', \'amazon_asin\': \'B0DG8VSKBB\', \'supplier_title\': \'Auto Extreme Professional Silver Alloy Wheel Spray Paint 400m2025-07-19 02:38:56,711 - PassiveExtractionWorkflow - INFO - 🔍 DEBUG: Target file path: /mnt/c/Users/chris/Desktop/Amazon-FBA-Agent-System-v32/OUTPUTS/FBA_ANALYSIS/linking_maps/poundwholesale.co.uk/linking_map.json
2025-07-19 02:38:56,711 - PassiveExtractionWorkflow - INFO - ✅ Directory created: /mnt/c/Users/chris/Desktop/Amazon-FBA-Agent-System-v32/OUTPUTS/FBA_ANALYSIS/linking_maps/poundwholesale.co.uk
2025-07-19 02:38:56,712 - PassiveExtractionWorkflow - INFO - 🔍 DEBUG: Temporary file path: /mnt/c/Users/chris/Desktop/Amazon-FBA-Agent-System-v32/OUTPUTS/FBA_ANALYSIS/linking_maps/poundwholesale.co.uk/linking_map.json.tmp
2025-07-19 02:38:56,713 - PassiveExtractionWorkflow - INFO - 🔍 DEBUG: Writing linking map data to temporary file...
2025-07-19 02:38:56,728 - PassiveExtractionWorkflow - INFO - ✅ Temporary file written successfully: /mnt/c/Users/chris/Desktop/Amazon-FBA-Agent-System-v32/OUTPUTS/FBA_ANALYSIS/linking_maps/poundwholesale.co.uk/linking_map.json.tmp
2025-07-19 02:38:56,728 - PassiveExtractionWorkflow - INFO - 🔍 DEBUG: Moving temporary file to final location...
2025-07-19 02:38:56,735 - PassiveExtractionWorkflow - INFO - ✅ Successfully saved linking map with 145 entries to /mnt/c/Users/chris/Desktop/Amazon-FBA-Agent-System-v32/OUTPUTS/FBA_ANALYSIS/linking_maps/poundwholesale.co.uk/linking_map.json
2025-07-19 02:38:56,740 - PassiveExtractionWorkflow - INFO - ✅ VERIFICATION: File exists at /mnt/c/Users/chris/Desktop/Amazon-FBA-Agent-System-v32/OUTPUTS/FBA_ANALYSIS/linking_maps/poundwholesale.co.uk/linking_map.json with size 75891 bytes
2025-07-19 02:38:56,741 - PassiveExtractionWorkflow - INFO - ✅ Chunk processing: Final linking map save completed
2025-07-19 02:38:56,742 - PassiveExtractionWorkflow - INFO - --- Chunk Processing with Main Workflow Logic Finished ---
2025-07-19 02:38:56,742 - PassiveExtractionWorkflow - INFO - 🧹 Clearing cache between processing phases
2025-07-19 02:38:56,743 - PassiveExtractionWorkflow - INFO - 🔄 Processing chunk 2: categories 2-2
2025-07-19 02:38:56,750 - PassiveExtractionWorkflow - INFO - 🔄 SKIPPING SUPPLIER SCRAPING: Found fresh cached products (age: 0.1h) with processing progress (index: 29)
2025-07-19 02:38:56,751 - PassiveExtractionWorkflow - INFO - 📋 Loading products from cache: /mnt/c/Users/chris/Desktop/Amazon-FBA-Agent-System-v32/OUTPUTS/cached_products/poundwholesale-co-uk_products_cache.json
2025-07-19 02:38:56,761 - PassiveExtractionWorkflow - INFO - ✅ Loaded 148 cached products from /mnt/c/Users/chris/Desktop/Amazon-FBA-Agent-System-v32/OUTPUTS/cached_products/poundwholesale-co-uk_products_cache.json
2025-07-19 02:38:56,763 - PassiveExtractionWorkflow - INFO - 🔍 Processing 147 products with main workflow logic
2025-07-19 02:38:56,764 - PassiveExtractionWorkflow - INFO - --- Processing supplier product 1/147: 'Auto Extreme Professional Black Satin Spray Paint 400ml' ---
2025-07-19 02:38:56,765 - PassiveExtractionWorkflow - INFO - Product already processed: https://www.poundwholesale.co.uk/auto-extreme-professional-black-satin-spray-paint-400ml. Skipping.
2025-07-19 02:38:56,766 - PassiveExtractionWorkflow - INFO - --- Processing supplier product 2/147: 'Goodyear Alloy Wheel Cleaner 750ml' ---
2025-07-19 02:38:56,767 - PassiveExtractionWorkflow - INFO - Product already processed: https://www.poundwholesale.co.uk/goodyear-alloy-wheel-cleaner-750ml. Skipping.
2025-07-19 02:38:56,768 - PassiveExtractionWorkflow - INFO - --- Processing supplier product 3/147: 'Bettina Giant Car Sponge' ---
2025-07-19 02:38:56,769 - PassiveExtractionWorkflow - INFO - Product already processed: https://www.poundwholesale.co.uk/bettina-giant-car-sponge. Skipping.
2025-07-19 02:38:56,771 - PassiveExtractionWorkflow - INFO - --- Processing supplier product 4/147: 'Auto Extreme Professional Grey Primer Spray Paint 400ml' ---
2025-07-19 02:38:56,772 - PassiveExtractionWorkflow - INFO - Product already processed: https://www.poundwholesale.co.uk/auto-extreme-professional-grey-primer-spray-paint-400ml. Skipping.
2025-07-19 02:38:56,772 - PassiveExtractionWorkflow - INFO - --- Processing supplier product 5/147: 'Goodyear Waffle Drying Cloth Large 40cm X 40cm' ---
2025-07-19 02:38:56,773 - PassiveExtractionWorkflow - INFO - Product already processed: https://www.poundwholesale.co.uk/goodyear-waffle-drying-cloth-large-40cm-x-40cm. Skipping.
2025-07-19 02:38:56,773 - PassiveExtractionWorkflow - INFO - --- Processing supplier product 6/147: 'Auto Extreme Cone Wheel Brush' ---
2025-07-19 02:38:56,774 - PassiveExtractionWorkflow - INFO - Product already processed: https://www.poundwholesale.co.uk/auto-extreme-cone-wheel-brush. Skipping.
2025-07-19 02:38:56,775 - PassiveExtractionWorkflow - INFO - --- Processing supplier product 7/147: 'Bettina Microfibre Mitt' ---
2025-07-19 02:38:56,776 - PassiveExtractionWorkflow - INFO - Product already processed: https://www.poundwholesale.co.uk/microfibre-mit-highly-effective-wet-or-dry. Skipping.
2025-07-19 02:38:56,777 - PassiveExtractionWorkflow - INFO - --- Processing supplier product 8/147: 'Goodyear Silicone Window Squeegee 30cm' ---
2025-07-19 02:38:56,777 - PassiveExtractionWorkflow - INFO - Product already processed: https://www.poundwholesale.co.uk/goodyear-silicone-window-squeegee-30cm. Skipping.
2025-07-19 02:38:56,778 - PassiveExtractionWorkflow - INFO - --- Processing supplier product 9/147: 'Auto Extreme Professional Silver Alloy Wheel Spray Paint 400ml' ---
2025-07-19 02:38:56,778 - PassiveExtractionWorkflow - INFO - Product already processed: https://www.poundwholesale.co.uk/auto-extreme-professional-silver-alloy-wheel-spray-paint-400ml. Skipping.
2025-07-19 02:38:56,779 - PassiveExtractionWorkflow - INFO - --- Processing supplier product 10/147: 'Wilko Backseat Litter Bag Dispenser' ---
2025-07-19 02:38:56,780 - PassiveExtractionWorkflow - INFO - Attempting Amazon search using EAN: 1845112
2025-07-19 02:38:56,811 - tools.passive_extraction_workflow_latest - INFO - Searching Amazon by EAN: 1845112 for supplier product: 'Wilko Backseat Litter Bag Dispenser' (FixedAmazonExtractor)
2025-07-19 02:38:56,811 - tools.passive_extraction_workflow_latest - INFO - No page provided to search_by_ean, getting one from BrowserManager.
2025-07-19 02:38:56,812 - utils.browser_manager - INFO - ♻️ Reusing cached page for https://www.amazon.co.uk
2025-07-19 02:38:56,813 - tools.passive_extraction_workflow_latest - INFO - Navigating to Amazon UK to search for EAN: 1845112
2025-07-19 02:38:59,738 - tools.passive_extraction_workflow_latest - INFO - Waiting for search results page to load for EAN 1845112...
2025-07-19 02:38:59,969 - tools.passive_extraction_workflow_latest - INFO - Found search results container with selector: div.s-search-results
2025-07-19 02:39:02,037 - tools.passive_extraction_workflow_latest - INFO - Found 3 search result elements using selector: div.s-result-item[data-asin]:not([data-asin=''])
2025-07-19 02:39:02,038 - tools.passive_extraction_workflow_latest - INFO - Processing 3 search result elements for EAN 1845112
2025-07-19 02:39:02,063 - tools.passive_extraction_workflow_latest - DEBUG - Processing element 1: ASIN B0CQVP2CRC
2025-07-19 02:39:02,080 - tools.passive_extraction_workflow_latest - DEBUG - ASIN B0CQVP2CRC HTML structure sample: <div role="listitem" data-asin="B0CQVP2CRC" data-index="3" data-uuid="b31d847b-d4ca-436a-b334-250ea3940a1e" id="b31d847b-d4ca-436a-b334-250ea3940a1e" data-component-type="s-search-result" class="sg-col-4-of-4 sg-col-20-of-24 s-result-item s-asin sg-col-16-of-20 AdHolder sg-col sg-col-12-of-12 s-widget-spacing-small sg-col-8-of-8 sg-col-12-of-16" data-component-id="7" data-cel-widget="search_result_0"><div class="sg-col-inner"><div cel_widget_id="MAIN-SEARCH_RESULTS-3" class="s-widget-container s-spacing-small s-widget-container-height-small celwidget slot=MAIN template=SEARCH_RESULTS widgetId=...
2025-07-19 02:39:02,080 - tools.passive_extraction_workflow_latest - DEBUG - Error checking sponsored badge for ASIN B0CQVP2CRC: 'ElementHandle' object has no attribute 'locator'
2025-07-19 02:39:02,081 - tools.passive_extraction_workflow_latest - DEBUG - Error checking aria-label for ASIN B0CQVP2CRC: 'ElementHandle' object has no attribute 'locator'
2025-07-19 02:39:02,114 - tools.passive_extraction_workflow_latest - INFO - Skipping sponsored result: ASIN B0CQVP2CRC (detected by ad-specific class: 'AdHolder')
2025-07-19 02:39:02,136 - tools.passive_extraction_workflow_latest - DEBUG - Processing element 2: ASIN B0CQV55FD4
2025-07-19 02:39:02,160 - tools.passive_extraction_workflow_latest - DEBUG - ASIN B0CQV55FD4 HTML structure sample: <div role="listitem" data-asin="B0CQV55FD4" data-index="4" data-uuid="6e5c9300-3a3b-4c73-a6a1-4d0ae4db1620" id="6e5c9300-3a3b-4c73-a6a1-4d0ae4db1620" data-component-type="s-search-result" class="sg-col-4-of-4 sg-col-20-of-24 s-result-item s-asin sg-col-16-of-20 AdHolder sg-col sg-col-12-of-12 s-widget-spacing-small sg-col-8-of-8 sg-col-12-of-16" data-component-id="10" data-cel-widget="search_result_1"><div class="sg-col-inner"><div cel_widget_id="MAIN-SEARCH_RESULTS-4" class="s-widget-container s-spacing-small s-widget-container-height-small celwidget slot=MAIN template=SEARCH_RESULTS widgetId...
2025-07-19 02:39:02,161 - tools.passive_extraction_workflow_latest - DEBUG - Error checking sponsored badge for ASIN B0CQV55FD4: 'ElementHandle' object has no attribute 'locator'
2025-07-19 02:39:02,162 - tools.passive_extraction_workflow_latest - DEBUG - Error checking aria-label for ASIN B0CQV55FD4: 'ElementHandle' object has no attribute 'locator'
2025-07-19 02:39:02,205 - tools.passive_extraction_workflow_latest - INFO - Skipping sponsored result: ASIN B0CQV55FD4 (detected by ad-specific class: 'AdHolder')
2025-07-19 02:39:02,230 - tools.passive_extraction_workflow_latest - DEBUG - Processing element 3: ASIN B0CNKHGSPT
2025-07-19 02:39:02,256 - tools.passive_extraction_workflow_latest - DEBUG - ASIN B0CNKHGSPT HTML structure sample: <div role="listitem" data-asin="B0CNKHGSPT" data-index="5" data-uuid="bd25ff63-78c0-457a-a6ae-02144cea7cf1" id="bd25ff63-78c0-457a-a6ae-02144cea7cf1" data-component-type="s-search-result" class="sg-col-4-of-4 sg-col-20-of-24 s-result-item s-asin sg-col-16-of-20 AdHolder sg-col sg-col-12-of-12 s-widget-spacing-small sg-col-8-of-8 sg-col-12-of-16" data-component-id="13" data-cel-widget="search_result_2"><div class="sg-col-inner"><div cel_widget_id="MAIN-SEARCH_RESULTS-5" class="s-widget-container s-spacing-small s-widget-container-height-small celwidget slot=MAIN template=SEARCH_RESULTS widgetId...
2025-07-19 02:39:02,257 - tools.passive_extraction_workflow_latest - DEBUG - Error checking sponsored badge for ASIN B0CNKHGSPT: 'ElementHandle' object has no attribute 'locator'
2025-07-19 02:39:02,258 - tools.passive_extraction_workflow_latest - DEBUG - Error checking aria-label for ASIN B0CNKHGSPT: 'ElementHandle' object has no attribute 'locator'
2025-07-19 02:39:02,316 - tools.passive_extraction_workflow_latest - INFO - Skipping sponsored result: ASIN B0CNKHGSPT (detected by ad-specific class: 'AdHolder')
2025-07-19 02:39:02,318 - tools.passive_extraction_workflow_latest - WARNING - EAN 1845112 returned no organic results - skipping
2025-07-19 02:39:02,319 - tools.passive_extraction_workflow_latest - WARNING - No Amazon results or error for EAN '1845112'. Details: no_organic_results
2025-07-19 02:39:02,320 - tools.passive_extraction_workflow_latest - INFO - Falling back to title search for supplier product: 'Wilko Backseat Litter Bag Dispenser'
2025-07-19 02:39:02,320 - tools.passive_extraction_workflow_latest - INFO - Searching Amazon by title using search bar: 'Wilko Backseat Litter Bag Dispenser'
2025-07-19 02:39:02,321 - tools.passive_extraction_workflow_latest - INFO - Navigating to Amazon UK to search for title: Wilko Backseat Litter Bag Dispenser
2025-07-19 02:39:05,210 - tools.passive_extraction_workflow_latest - INFO - Title search found 1 elements using selector: div.s-search-results > div[data-asin]
2025-07-19 02:39:05,235 - tools.passive_extraction_workflow_latest - WARNING - No valid ASINs found for title 'Wilko Backseat Litter Bag Dispenser'
2025-07-19 02:39:05,236 - tools.passive_extraction_workflow_latest - WARNING - Both EAN '1845112' and title 'Wilko Backseat Litter Bag Dispenser' searches failed
2025-07-19 02:39:05,237 - PassiveExtractionWorkflow - INFO - ❌ EAN search failed for 1845112. Will fall back to title search.
2025-07-19 02:39:05,238 - PassiveExtractionWorkflow - INFO - EAN search failed. Falling back to title search.
2025-07-19 02:39:05,238 - tools.passive_extraction_workflow_latest - INFO - Searching Amazon by title using search bar: 'Wilko Backseat Litter Bag Dispenser'
2025-07-19 02:39:05,239 - tools.passive_extraction_workflow_latest - INFO - No page provided to search_by_title, getting one from BrowserManager.
2025-07-19 02:39:05,240 - utils.browser_manager - INFO - ♻️ Reusing cached page for https://www.amazon.co.uk
2025-07-19 02:39:05,241 - tools.passive_extraction_workflow_latest - INFO - Navigating to Amazon UK to search for title: Wilko Backseat Litter Bag Dispenser
2025-07-19 02:39:08,283 - tools.passive_extraction_workflow_latest - INFO - Title search found 1 elements using selector: div.s-search-results > div[data-asin]
2025-07-19 02:39:08,330 - tools.passive_extraction_workflow_latest - WARNING - No valid ASINs found for title 'Wilko Backseat Litter Bag Dispenser'
2025-07-19 02:39:08,330 - PassiveExtractionWorkflow - WARNING - No Amazon results for title 'Wilko Backseat Litter Bag Dispenser'. Skipping.
2025-07-19 02:39:08,343 - PassiveExtractionWorkflow - INFO - 🔍 DEBUG: _save_linking_map called with 145 entries for supplier poundwholesale.co.uk
2025-07-19 02:39:08,345 - PassiveExtractionWorkflow - INFO - 🔍 DEBUG: linking_map type: <class 'list'>, content: [{'supplier_ean': '5053249228587', 'amazon_asin': 'B075QDW3BF', 'supplier_title': 'Car Pride Under Body Seal Black 400ml', 'amazon_title': 'HP CF541A 203A Original LaserJet Toner Cartridge, Cyan, Single Pack', 'supplier_price': 1.73, 'amazon_price': 64.99, 'match_method': 'EAN', 'confidence': 'high', 'created_at': '2025-07-18T10:13:11.088193', 'supplier_url': 'https://www.poundwholesale.co.uk/carpride-under-body-seal-black'}, {'supplier_ean': '5055319527750', 'amazon_asin': 'B0CX1X6R6G', 'supplier_title': 'Auto Extreme Car Detailing Brush Set 5 Pack', 'amazon_title': 'Kasauber', 'supplier_price': 2.1, 'amazon_price': None, 'match_method': 'EAN', 'confidence': 'high', 'created_at': '2025-07-18T10:13:23.277485', 'supplier_url': 'https://www.poundwholesale.co.uk/auto-extreme-car-detailing-brush-set-5-pack'}, {'supplier_ean': '5055319528504', 'amazon_asin': 'B07NJGQFRF', 'supplier_title': 'Rapide RP-60 Penetrating Maintenance Spray with Control Nozzle 400ml', 'amazon_title': 'Rapide 2850 Paint Spray', 'supplier_price': 2.65, 'amazon_price': 5.85, 'match_method': 'EAN', 'confidence': 'high', 'created_at': '2025-07-18T10:14:15.912179', 'supplier_url': 'https://www.poundwholesale.co.uk/rapide-rp-60-penetrating-maintenance-spray-with-control-nozzle-400ml'}, {'supplier_ean': '5055441452272', 'amazon_asin': 'B0DFMPNHT5', 'supplier_title': 'Goodyear Microfibre Luxury Valet Drying Towel Set 2 Pack', 'amazon_title': 'Goodyear 2PC Microfibre Luxury Valet Cloth Set I Microfibre technology| powerful cleaning | Extra absorbency for a swirl free finish | Ideal for buffing away polish & wax residue | Extra large towel', 'supplier_price': 2.14, 'amazon_price': 6.59, 'match_method': 'EAN', 'confidence': 'high', 'created_at': '2025-07-18T10:15:06.821428', 'supplier_url': 'https://www.poundwholesale.co.uk/goodyear-microfibre-luxury-valet-drying-towel-set-2-pack'}, {'supplier_ean': '5053249229140', 'amazon_asin': 'B07N41XTV5', 'supplier_title': 'Carpride Alloy Wheel Spray Paint Silver Gloss', 'amazon_title': 'Car Pride Alloy Wheel Spray Paint Metallic Silver Repairer. 400ml', 'supplier_price': 1.67, 'amazon_price': 5.4, 'match_method': 'EAN', 'confidence': 'high', 'created_at': '2025-07-18T10:16:10.522951', 'supplier_url': 'https://www.poundwholesale.co.uk/carpride-alloy-wheel-spray-paint-silver-gloss'}, {'supplier_ean': '5055056770822', 'amazon_asin': 'B09DTQ4S43', 'supplier_title': 'Millions Blackcurrant Buzz 3D Car Air Freshener', 'amazon_title': 'AIRFreshh', 'supplier_price': 0.38, 'amazon_price': None, 'match_method': 'EAN', 'confidence': 'high', 'created_at': '2025-07-18T10:16:22.515075', 'supplier_url': 'https://www.poundwholesale.co.uk/millions-blackcurrant-buzz-3d-car-air-freshener'}, {'supplier_ean': '5055319519229', 'amazon_asin': 'B07NJGGW8P', 'supplier_title': 'Auto Extreme Professional White Gloss Spray Paint 400ml', 'amazon_title': 'Auto Extreme White Gloss, 400 ml', 'supplier_price': 1.82, 'amazon_price': 5.3, 'match_method': 'EAN', 'confidence': 'high', 'created_at': '2025-07-18T10:17:22.092163', 'supplier_url': 'https://www.poundwholesale.co.uk/auto-extreme-professional-white-gloss-spray-paint-400ml'}, {'supplier_ean': '5055319529907', 'amazon_asin': 'B07XZDY64P', 'supplier_title': 'Rapide Silicone Lubricant Spray 250ml', 'amazon_title': '300ml Silicone Grease Aerosol Spray Lubricant Can Water Resistant Oil', 'supplier_price': 1.07, 'amazon_price': 4.79, 'match_method': 'EAN', 'confidence': 'high', 'created_at': '2025-07-18T10:18:10.835188', 'supplier_url': 'https://www.poundwholesale.co.uk/rapide-silicone-lubricant-spray-250ml'}, {'supplier_ean': '5050375036574', 'amazon_asin': 'B006URFAE8', 'supplier_title': 'Car Pride Assorted Fragrance Fresh Feet Car Air Fresheners 4 Pack CDU', 'amazon_title': 'Pack of 4 FRESH FEET, Car Air Fresheners, Carpride cp1128', 'supplier_price': 0.71, 'amazon_price': 3.3, 'match_method': 'EAN', 'confidence': 'high', 'created_at': '2025-07-18T10:19:02.426082', 'supplier_url': 'https://www.poundwholesale.co.uk/car-pride-assorted-fragrance-fresh-feet-car-air-fresheners-4-pack-cdu'}, {'supplier_ean': '5055056731878', 'amazon_asin': 'B09LH29BZD', 'supplier_title': 'Guilty Pleasures Blueberry Ice Pop 3D Car Air Freshener', 'amazon_title': 'Guilty Pleasure 3D Blueberry CAR FRESHENER', 'supplier_price': 0.38, 'amazon_price': 3.99, 'match_method': 'EAN', 'confidence': 'high', 'created_at': '2025-07-18T10:19:50.869058', 'supplier_url': 'https://www.poundwholesale.co.uk/guilty-pleasures-blueberry-ice-pop-3d-car-air-freshener'}, {'supplier_ean': '5055319514606', 'amazon_asin': 'B0CYH8F9F9', 'supplier_title': 'Auto Extreme Car Pump Sprayer 2L', 'amazon_title': 'My Garden 5 Litre Sprayer Pump - Weed Killer Pressure Sprayer Pump Action - High Pressure Long Reach Sprayers - Ideal For Spraying Water Fertiliser Herbicides Pesticides Preservative & Detergent', 'supplier_price': 3.85, 'amazon_price': None, 'match_method': 'EAN', 'confidence': 'high', 'created_at': '2025-07-18T10:20:03.052455', 'supplier_url': 'https://www.poundwholesale.co.uk/auto-extreme-car-pump-sprayer-2l'}, {'supplier_ean': '5055319530781', 'amazon_asin': 'B09FKD19N4', 'supplier_title': 'Auto Extreme Tropical Mist In-Car Fragrance Air Freshener Spray 100ml', 'amazon_title': 'Air Freshener Spray Concentrated Long Lasting Oil Based (Ocean Breeze)', 'supplier_price': 0.65, 'amazon_price': None, 'match_method': 'EAN', 'confidence': 'high', 'created_at': '2025-07-18T10:20:17.331393', 'supplier_url': 'https://www.poundwholesale.co.uk/auto-extreme-tropical-mist-in-car-fragrance-air-freshener-spray-100ml'}, {'supplier_ean': '5053249245799', 'amazon_asin': 'B0BLLV2M74', 'supplier_title': 'Car Pride Clean & Polish Microfibre Cloth', 'amazon_title': 'CARPRIDE® Clean and Polish MicroFibre Cloth for Car Exterior and Interior | Streak Free | 30 x 30 cm', 'supplier_price': 0.76, 'amazon_price': 5.29, 'match_method': 'EAN', 'confidence': 'high', 'created_at': '2025-07-18T10:21:04.364223', 'supplier_url': 'https://www.poundwholesale.co.uk/car-pride-clean-polish-microfibre-cloth'}, {'supplier_ean': '5055319531849', 'amazon_asin': 'B074KFGHCP', 'supplier_title': 'Rapide Easy Grease Spray 250ml', 'amazon_title': 'HMT', 'supplier_price': 1.05, 'amazon_price': None, 'match_method': 'EAN', 'confidence': 'high', 'created_at': '2025-07-18T10:21:17.993959', 'supplier_url': 'https://www.poundwholesale.co.uk/rapide-easy-grease-spray-250ml'}, {'supplier_ean': '5052578642705', 'amazon_asin': 'B07X22PHWJ', 'supplier_title': 'Bettina Chamois Demist & Dashboard Pad', 'amazon_title': 'Airlab', 'supplier_price': 0.75, 'amazon_price': None, 'match_method': 'EAN', 'confidence': 'high', 'created_at': '2025-07-18T10:21:28.626273', 'supplier_url': 'https://www.poundwholesale.co.uk/bettina-chamois-demist-dashboard-pad'}, {'supplier_ean': '5052578633000', 'amazon_asin': 'B0F6K65PZT', 'supplier_title': 'Bettina Microfibre Mitt', 'amazon_title': 'Fogcosy', 'supplier_price': 0.95, 'amazon_price': None, 'match_method': 'EAN', 'confidence': 'high', 'created_at': '2025-07-18T10:21:41.310298', 'supplier_url': 'https://www.poundwholesale.co.uk/microfibre-mit-highly-effective-wet-or-dry'}, {'supplier_ean': '5053249245669', 'amazon_asin': 'B0BLL1K79V', 'supplier_title': 'Car Pride Blue Microfibre Glass Cloth', 'amazon_title': 'Car-pride Glass Microfibre Cloth', 'supplier_price': 0.74, 'amazon_price': 4.99, 'match_method': 'EAN', 'confidence': 'high', 'created_at': '2025-07-18T10:22:28.491046', 'supplier_url': 'https://www.poundwholesale.co.uk/car-pride-blue-microfibre-glass-cloth'}, {'supplier_ean': '5055056770785', 'amazon_asin': 'B0BLGR29X6', 'supplier_title': 'Millions Sour Strawberry 3D Car Air Freshener', 'amazon_title': 'Evair', 'supplier_price': 0.38, 'amazon_price': None, 'match_method': 'EAN', 'confidence': 'high', 'created_at': '2025-07-18T10:22:40.894972', 'supplier_url': 'https://www.poundwholesale.co.uk/millions-sour-strawberry-3d-car-air-freshener'}, {'supplier_ean': '5053249248714', 'amazon_asin': 'B006T2450O', 'supplier_title': 'Car-Pride White Gloss Spray Paint 400ml', 'amazon_title': 'Tetrion', 'supplier_price': 1.73, 'amazon_price': None, 'match_method': 'EAN', 'confidence': 'high', 'created_at': '2025-07-18T10:22:54.011676', 'supplier_url': 'https://www.poundwholesale.co.uk/car-pride-white-gloss-spray-paint-400ml'}, {'supplier_ean': '5055056731885', 'amazon_asin': 'B09LHBY2GF', 'supplier_title': 'Guilty Pleasures Vanilla & Cherry Cupcake 3D Car Air Freshener', 'amazon_title': 'Guilty Pleasure 3D Vanilla CAR FRESHENER', 'supplier_price': 0.38, 'amazon_price': 3.99, 'match_method': 'EAN', 'confidence': 'high', 'created_at': '2025-07-18T10:23:41.006634', 'supplier_url': 'https://www.poundwholesale.co.uk/guilty-pleasures-vanilla-cherry-cupcake-3d-car-air-freshener'}, {'supplier_ean': '5055319531733', 'amazon_asin': 'B004SMKX7Q', 'supplier_title': 'Auto Extreme Professional Black Alloy Wheel Spray Paint 400ml', 'amazon_title': 'Hycote', 'supplier_price': 1.81, 'amazon_price': None, 'match_method': 'EAN', 'confidence': 'high', 'created_at': '2025-07-18T10:23:55.039262', 'supplier_url': 'https://www.poundwholesale.co.uk/auto-extreme-professional-black-alloy-wheel-spray-paint-400ml'}, {'supplier_ean': '5055441459684', 'amazon_asin': 'B0DL9TR7T2', 'supplier_title': 'Goodyear 2-in-1 Telescopic Handle Scraper', 'amazon_title': 'Goodyear Telescopic Handle Scraper - Adjustable Ice Scraper with Extendable Handle | Sturdy Blade for Snow & Ice Removal | Ergonomic Grip | Compact and Durable Design | Ideal for Cars, Trucks & SUVs', 'supplier_price': 4.04, 'amazon_price': 9.21, 'match_method': 'EAN', 'confidence': 'high', 'created_at': '2025-07-18T10:24:48.156817', 'supplier_url': 'https://www.poundwholesale.co.uk/goodyear-2-in-1-telescopic-handle-scraper'}, {'supplier_ean': '5055441427348', 'amazon_asin': 'B06XPVGMV8', 'supplier_title': 'Goodyear Portable Car Vacuum Cleaner 12V', 'amazon_title': 'Goodyear 12V DC Car/Van Cigarette Lighter Corded Vacuum Cleaner Powerful Suction', 'supplier_price': 5.72, 'amazon_price': 10.99, 'match_method': 'EAN', 'confidence': 'high', 'created_at': '2025-07-18T10:25:44.453432', 'supplier_url': 'https://www.poundwholesale.co.uk/goodyear-portable-car-vacuum-cleaner-12v'}, {'supplier_ean': '5055319517027', 'amazon_asin': 'B01EQ7TPJE', 'supplier_title': 'Rapide DP-60 Multipurpose Maintenance Spray 750ml', 'amazon_title': 'Maintenance Oil 750ml Spray Can (DP60)', 'supplier_price': 2.77, 'amazon_price': 6.95, 'match_method': 'EAN', 'confidence': 'high', 'created_at': '2025-07-18T10:26:39.185617', 'supplier_url': 'https://www.poundwholesale.co.uk/rapide-dp-60-multipurpose-maintenance-spray-750ml'}, {'supplier_ean': '5038673410708', 'amazon_asin': 'B0D1Y8TCDS', 'supplier_title': 'Car Air Fresheners Leaf Assorted CDU', 'amazon_title': 'Ikeda Car Fragrance: Hanging Car Air Freshener | 10ml Hanging Car Decoration | 45 Days Long Lasting Fragrance | With Clip | For Car Home | 1 Piece (10ml x 1 Piece, Coconut)', 'supplier_price': 0.33, 'amazon_price': None, 'match_method': 'EAN', 'confidence': 'high', 'created_at': '2025-07-18T10:26:52.496784', 'supplier_url': 'https://www.poundwholesale.co.uk/car-air-fresheners-leaf-assorted-cdu'}, {'supplier_ean': '5053249224053', 'amazon_asin': 'B0DMN8CMH8', 'supplier_title': 'Tango Car Air Freshener Assorted', 'amazon_title': '10/50/100PCS Custom LOGO Car Bulk Air Fresheners, Custom Air Fresheners for Car Bulk, Air Freshener with Photo, Double-Sided Personalised Photo and Text Car Air Fresheners (10Pcs Square)', 'supplier_price': 0.76, 'amazon_price': None, 'match_method': 'EAN', 'confidence': 'high', 'created_at': '2025-07-18T10:27:03.571134', 'supplier_url': 'https://www.poundwholesale.co.uk/tango-car-air-freshener-assorted'}, {'supplier_ean': '5050375051270', 'amazon_asin': 'B00BPN9Z2A', 'supplier_title': 'Car Pride Alloy Wheel Cleaning Brush', 'amazon_title': 'Car Pride ALLOY WHEEL BRUSH', 'supplier_price': 0.71, 'amazon_price': 3.95, 'match_method': 'EAN', 'confidence': 'high', 'created_at': '2025-07-18T10:27:53.467488', 'supplier_url': 'https://www.poundwholesale.co.uk/car-pride-alloy-wheel-cleaning-brush'}, {'supplier_ean': '5055319519250', 'amazon_asin': 'B01MT7OBIO', 'supplier_title': 'Auto Extreme Professional Clear Lacquer Spray 400ml', 'amazon_title': 'Auto Extreme Clear Lacquer Spray Paint 400ml', 'supplier_price': 1.82, 'amazon_price': 5.32, 'match_method': 'EAN', 'confidence': 'high', 'created_at': '2025-07-18T10:28:54.182013', 'supplier_url': 'https://www.poundwholesale.co.uk/auto-extreme-professional-clear-lacquer-spray-400ml'}, {'supplier_ean': '5055441446578', 'amazon_asin': 'B0993MX5GX', 'supplier_title': 'Goodyear Waterless Wash & Wax 750ml', 'amazon_title': 'GOODYEAR WATERLESS WASH N WAX SPRAY 750ML', 'supplier_price': 2.06, 'amazon_price': 5.93, 'match_method': 'EAN', 'confidence': 'high', 'created_at': '2025-07-18T10:29:47.233890', 'supplier_url': 'https://www.poundwholesale.co.uk/goodyear-waterless-wash-wax-750ml'}, {'supplier_ean': '5055319519113', 'amazon_asin': 'B07NJGQ85R', 'supplier_title': 'Auto Extreme Automotive Silver Spray Paint 250ml', 'amazon_title': 'Auto Extreme Auto Spray Paint Silver, 250 ml', 'supplier_price': 0.92, 'amazon_price': 4.1, 'match_method': 'EAN', 'confidence': 'high', 'created_at': '2025-07-18T10:30:42.274698', 'supplier_url': 'https://www.poundwholesale.co.uk/auto-extreme-automotive-silver-spray-paint-250ml'}, {'supplier_ean': '5055441452210', 'amazon_asin': 'B0DH8DT3MS', 'supplier_title': 'Goodyear Natural Leather Chamois Cloth Xl', 'amazon_title': 'Goodyear Xl Genuine Leather Chamois -natural Chamois, Super Absorbent, Streak, Scratch Free, With Greater Tolerance To Car Cleaners| Stays Soft When Drying| Ideal For Cleaning Of Interior And Exterior', 'supplier_price': 3.83, 'amazon_price': 5.99, 'match_method': 'EAN', 'confidence': 'high', 'created_at': '2025-07-18T10:31:39.934257', 'supplier_url': 'https://www.poundwholesale.co.uk/goodyear-natural-leather-chamois-cloth-xl'}, {'supplier_ean': '5050375045439', 'amazon_asin': 'B003L6U0NC', 'supplier_title': 'Car-Pride Microfibre Mitt 3 Assorted Colours', 'amazon_title': 'Car Pride Microfibre Magic Mitt - Dusts, Scrubs, Cleans and Polishes', 'supplier_price': 0.98, 'amazon_price': 4.34, 'match_method': 'EAN', 'confidence': 'high', 'created_at': '2025-07-18T10:32:54.935150', 'supplier_url': 'https://www.poundwholesale.co.uk/microfibre-mitt'}, {'supplier_ean': '5055441446516', 'amazon_asin': 'B0D9YH94ZQ', 'supplier_title': 'Goodyear Gloss Tyre Shine 750ml', 'amazon_title': 'Auto Xpert Slick Shine, Premium Tyre Dressing, Long Lasting Wet-Look Finish, Protects Against Water and Dust, Easy to Apply, All Weather Tyre Protection. (5 Litre)', 'supplier_price': 1.39, 'amazon_price': None, 'match_method': 'EAN', 'confidence': 'high', 'created_at': '2025-07-18T10:33:09.394012', 'supplier_url': 'https://www.poundwholesale.co.uk/goodyear-gloss-tyre-shine-750ml'}, {'supplier_ean': '5055441449166', 'amazon_asin': 'B0D11XP9V1', 'supplier_title': 'Goodyear Microfibre Buffing Cloth Large 40cm', 'amazon_title': 'Goodyear Microfibre Buffing Cloth I Specially designed microfibre cloth for polishing and buffing your vehicle | Showroom finish | Microfibre attract more dirt than normal cloth | Machine washable', 'supplier_price': 0.85, 'amazon_price': 1.99, 'match_method': 'EAN', 'confidence': 'high', 'created_at': '2025-07-18T10:34:04.595027', 'supplier_url': 'https://www.poundwholesale.co.uk/goodyear-microfibre-buffing-cloth-large-40cm'}, {'supplier_ean': '5055319529877', 'amazon_asin': 'B07Y1V1WMW', 'supplier_title': 'Rapide Copper Grease Spray 250ml', 'amazon_title': 'Rapide 300ml Copper Grease Aerosol Spray Lubricant Can Anti Seize Brake Pad Squeal Oil', 'supplier_price': 1.07, 'amazon_price': 4.95, 'match_method': 'EAN', 'confidence': 'high', 'created_at': '2025-07-18T10:34:58.176694', 'supplier_url': 'https://www.poundwholesale.co.uk/rapide-copper-grease-spray-250ml'}, {'supplier_ean': '5055441446752', 'amazon_asin': 'B0DJWDHG1Y', 'supplier_title': 'Goodyear Hydrophobic Polymer Formulation Wash & Wax 2.5l', 'amazon_title': 'Goodyear Wash And Wax Hydrophobic Polymer 2.5 Ltr | Leaves A Glossy Just Waxed Deep Protective Shine | Polymer-acrylic Polyethylene Copolymer Wax | Effectively Cleans Dirt And Grime From Your Vehicle', 'supplier_price': 3.05, 'amazon_price': 5.99, 'match_method': 'EAN', 'confidence': 'high', 'created_at': '2025-07-18T10:35:51.556162', 'supplier_url': 'https://www.poundwholesale.co.uk/goodyear-hydrophobic-polymer-formulation-wash-wax-2-5l'}, {'supplier_ean': '5055056731892', 'amazon_asin': 'B094HGXWJC', 'supplier_title': 'Guilty Pleasures Strawberry Doughnut 3D Car Air Freshener', 'amazon_title': 'GUILTY PLEASURES STRAWBERRY DOUGHNUT 3D CAR AIR FRESHENER', 'supplier_price': 0.38, 'amazon_price': 1.5, 'match_method': 'EAN', 'confidence': 'high', 'created_at': '2025-07-18T10:36:38.989576', 'supplier_url': 'https://www.poundwholesale.co.uk/guilty-pleasures-strawberry-doughnut-3d-car-air-freshener'}, {'supplier_ean': '5055319519236', 'amazon_asin': 'B07NJGT1BN', 'supplier_title': 'Auto Extreme Professional Grey Primer Spray Paint 400ml', 'amazon_title': 'Auto Extreme Auto Extreme Grey Primer, 400 ml', 'supplier_price': 1.82, 'amazon_price': 5.44, 'match_method': 'EAN', 'confidence': 'high', 'created_at': '2025-07-18T10:37:31.087578', 'supplier_url': 'https://www.poundwholesale.co.uk/auto-extreme-professional-grey-primer-spray-paint-400ml'}, {'supplier_ean': '5055441453309', 'amazon_asin': 'B094DFY8PC', 'supplier_title': 'Goodyear Anti-Smear Blue Screenwash 5L', 'amazon_title': 'Prestone', 'supplier_price': 2.7, 'amazon_price': None, 'match_method': 'EAN', 'confidence': 'high', 'created_at': '2025-07-18T10:37:44.323618', 'supplier_url': 'https://www.poundwholesale.co.uk/goodyear-anti-smear-blue-screenwash-5l'}, {'supplier_ean': '5055319558839', 'amazon_asin': 'B0CTCSZD1T', 'supplier_title': 'Auto Extreme Microfibre Wheel Wash Brush 46cm', 'amazon_title': 'Xtremeauto', 'supplier_price': 2.79, 'amazon_price': None, 'match_method': 'EAN', 'confidence': 'high', 'created_at': '2025-07-18T10:37:55.429624', 'supplier_url': 'https://www.poundwholesale.co.uk/auto-extreme-microfibre-wheel-wash-brush-46cm'}, {'supplier_ean': '5055319511995', 'amazon_asin': 'B09C44BVZY', 'supplier_title': 'Auto Extreme Professional Red Gloss Brake Caliper Spray Paint 400ml', 'amazon_title': 'Tailored Paint', 'supplier_price': 2.73, 'amazon_price': None, 'match_method': 'EAN', 'confidence': 'high', 'created_at': '2025-07-18T10:38:08.805743', 'supplier_url': 'https://www.poundwholesale.co.uk/auto-extreme-professional-red-gloss-brake-caliper-spray-paint-400ml'}, {'supplier_ean': '5055319519205', 'amazon_asin': 'B09DYZTY7G', 'supplier_title': 'Auto Extreme Professional Black Matt Spray Paint 400ml', 'amazon_title': 'Classic Signature - 1 x Auto Extreme Black Matt Spray Paint 400ml, Professional Quality, Perfect Finish for Cars, Bikes,Vans, Metal, Wood', 'supplier_price': 1.82, 'amazon_price': 6.89, 'match_method': 'EAN', 'confidence': 'high', 'created_at': '2025-07-18T10:38:58.185842', 'supplier_url': 'https://www.poundwholesale.co.uk/auto-extreme-professional-black-matt-spray-paint-400ml'}, {'supplier_ean': '5055319531818', 'amazon_asin': 'B000LD4V2E', 'supplier_title': 'Auto Extreme Professional Black Bumper & Trim Spray Paint 400ml', 'amazon_title': 'Hycote', 'supplier_price': 1.81, 'amazon_price': None, 'match_method': 'EAN', 'confidence': 'high', 'created_at': '2025-07-18T10:39:11.840698', 'supplier_url': 'https://www.poundwholesale.co.uk/auto-extreme-professional-black-bumper-trim-spray-paint-400ml'}, {'supplier_ean': '5053249226576', 'amazon_asin': 'B07CZHPQRY', 'supplier_title': '151 Super Maintenance Spray 200ml', 'amazon_title': '151 Products 2X Super Multipurpose Oil - 200ml, 20ml x 10, Bike Chain, Multipurpose, 0.26kg', 'supplier_price': 1.14, 'amazon_price': 5.28, 'match_method': 'EAN', 'confidence': 'high', 'created_at': '2025-07-18T10:40:10.708714', 'supplier_url': 'https://www.poundwholesale.co.uk/supermaintenance-spray-300ml'}, {'supplier_ean': '5050375083813', 'amazon_asin': 'B0DG2QVKZL', 'supplier_title': 'Car Pride Interior Clean & Shine 300ml', 'amazon_title': 'Hoover HF1 Plus Cordless Stick Vacuum Cleaner with Turbo Suction Mode, Up to 45 Min Runtime, LED Lights, Multi-Floor Nozzle, Anti Hair Wrap, Handheld Capability, 165w [HF1P10H]', 'supplier_price': 0.95, 'amazon_price': 99.0, 'match_method': 'EAN', 'confidence': 'high', 'created_at': '2025-07-18T10:41:15.031823', 'supplier_url': 'https://www.poundwholesale.co.uk/interior-clean-shine-300ml'}, {'supplier_ean': '5055319519120', 'amazon_asin': 'B07NJGQFPJ', 'supplier_title': 'Auto Extreme Automotive White Primer Spray Paint 250ml', 'amazon_title': 'Auto Extreme Auto Spray White Primer, 250 ml', 'supplier_price': 0.92, 'amazon_price': 5.19, 'match_method': 'EAN', 'confidence': 'high', 'created_at': '2025-07-18T10:42:08.243130', 'supplier_url': 'https://www.poundwholesale.co.uk/auto-extreme-automotive-white-primer-spray-paint-250ml'}, {'supplier_ean': '5055441449128', 'amazon_asin': 'B0DF3573G7', 'supplier_title': 'Goodyear Microfibre Wash & Dry Cloth Large 40cm', 'amazon_title': 'Goodyear Microfibre Wash and Dry Cloth Large Specially designed microfibre cloth for washing and drying your vehicle |Dual purpose |Microfibres attract more dirt than a normal cloth| Machine washable', 'supplier_price': 0.8, 'amazon_price': 5.03, 'match_method': 'EAN', 'confidence': 'high', 'created_at': '2025-07-18T10:42:56.491855', 'supplier_url': 'https://www.poundwholesale.co.uk/goodyear-microfibre-wash-dry-cloth-large-40cm'}, {'supplier_ean': '5050375084087', 'amazon_asin': 'B004V424UK', 'supplier_title': 'Car Pride Tyre Shine 300ml', 'amazon_title': '151 CAR VAN BIKE TYRE SHINE WET LOOK SPRAY BLACK', 'supplier_price': 0.93, 'amazon_price': 4.2, 'match_method': 'EAN', 'confidence': 'high', 'created_at': '2025-07-18T10:43:52.714822', 'supplier_url': 'https://www.poundwholesale.co.uk/tyre-shine-300ml'}, {'supplier_ean': '5052578042604', 'amazon_asin': 'B089P24HXC', 'supplier_title': 'Bettina Natural Chamois Leather Cloth 30cm X 30cm', 'amazon_title': 'CarMax® English Premium Grade Natural Chamois Leather - Large - Perfect for drying off the whole car, glass, mirrors, inside and out, super soft and highly absorbent, Made in the UK', 'supplier_price': 0.91, 'amazon_price': None, 'match_method': 'EAN', 'confidence': 'high', 'created_at': '2025-07-18T10:44:06.608980', 'supplier_url': 'https://www.poundwholesale.co.uk/bettina-chamois-leather-cloth'}, {'supplier_ean': '5055319512008', 'amazon_asin': 'B0D6N5WJK2', 'supplier_title': 'Auto Extreme Professional Yellow Gloss Brake Caliper Spray Paint 400ml', 'amazon_title': 'AX PRO Break Caliper Spray Yellow Gloss 400ml', 'supplier_price': 2.73, 'amazon_price': 4.87, 'match_method': 'EAN', 'confidence': 'high', 'created_at': '2025-07-18T10:44:49.215843', 'supplier_url': 'https://www.poundwholesale.co.uk/auto-extreme-professional-yellow-gloss-brake-caliper-spray-paint-400ml'}, {'supplier_ean': '5055441452173', 'amazon_asin': 'B0DF358GFW', 'supplier_title': 'Goodyear Microfibre Window Cloth Large 40cm X 40cm', 'amazon_title': 'Goodyear microfibre Window Cloth I Designed Microfiber Cloth for windscreens, windows and mirrors| Statically charged cleaning| Leaves lint free finish| Ideal for effective cleaning of glass surfaces', 'supplier_price': 1.06, 'amazon_price': 1.99, 'match_method': 'EAN', 'confidence': 'high', 'created_at': '2025-07-18T10:45:39.365206', 'supplier_url': 'https://www.poundwholesale.co.uk/goodyear-microfibre-window-cloth-large-40cm-x-40cm'}, {'supplier_ean': '5052578414708', 'amazon_asin': 'B0BG8HY6NL', 'supplier_title': 'Bettina Giant Car Sponge', 'amazon_title': 'Xtremeauto', 'supplier_price': 0.87, 'amazon_price': None, 'match_method': 'EAN', 'confidence': 'high', 'created_at': '2025-07-18T10:45:52.603673', 'supplier_url': 'https://www.poundwholesale.co.uk/bettina-giant-car-sponge'}, {'supplier_ean': '5050375083967', 'amazon_asin': 'B004V423RY', 'supplier_title': 'Car Pride Window & Mirror Cleaner 300ml', 'amazon_title': 'WINDOW MIRROR GLASS CERAMIC CLEANER - NON SMEAR', 'supplier_price': 0.97, 'amazon_price': 4.45, 'match_method': 'EAN_cached', 'confidence': 'low', 'created_at': '2025-07-18T10:45:52.672388', 'supplier_url': 'https://www.poundwholesale.co.uk/window-mirror-cleaner-300ml'}, {'supplier_ean': '5055441444536', 'amazon_asin': 'B0DF33XNMX', 'supplier_title': 'Goodyear Luxury Deep Pile Microfibre 2-In-1 Valet Cloth 45cm X 38cm', 'amazon_title': 'Goodyear Luxury Valet Cloth Large Deep pile for absorbency| For showroom perfect finish |2 in 1 luxury car cloth| Microfibre technology| Cleaning fibre| Satin safety edging protects against scratching', 'supplier_price': 3.02, 'amazon_price': 7.0, 'match_method': 'EAN', 'confidence': 'high', 'created_at': '2025-07-18T10:46:44.263284', 'supplier_url': 'https://www.poundwholesale.co.uk/goodyear-luxury-deep-pile-microfibre-2-in-1-valet-cloth-45cm-x-38cm'}, {'supplier_ean': '5055441446554', 'amazon_asin': 'B0DJWFVY3H', 'supplier_title': 'Goodyear Snow Foam Pre-Wash Shampoo 1l', 'amazon_title': 'Goodyear 1L Snow Foam Cherry Scent Pressure Washer Or Foam Lancer | Covers The Vehicle In A Rich Blanket Of Foam | Gently Loosen Dirt & Heavy Soiling | More Concentrated Solution The Thicker The Foam', 'supplier_price': 2.54, 'amazon_price': 7.99, 'match_method': 'EAN', 'confidence': 'high', 'created_at': '2025-07-18T10:47:33.544513', 'supplier_url': 'https://www.poundwholesale.co.uk/goodyear-cherry-snow-form-pre-wash-shampoo-1l'}, {'supplier_ean': '5055319519021', 'amazon_asin': 'B09FLXRC5F', 'supplier_title': 'Auto Extreme Automotive White Gloss Spray Paint 250ml', 'amazon_title': 'Classic Signature - 1 x Auto Extreme White Gloss Spray Paint 250ml Professional Quality, Perfect Finish for Cars, Bikes,Vans, Metal, Wood', 'supplier_price': 0.92, 'amazon_price': 5.47, 'match_method': 'EAN', 'confidence': 'high', 'created_at': '2025-07-18T10:48:41.581930', 'supplier_url': 'https://www.poundwholesale.co.uk/auto-extreme-automotive-white-gloss-spray-paint-250ml'}, {'supplier_ean': '5055319519274', 'amazon_asin': 'B09F9MVQS1', 'supplier_title': 'Auto Extreme Professional Blue Gloss Spray Paint 400ml', 'amazon_title': 'Classic Signature - 1 x Auto Extreme Blue Gloss Spray Paint 400ml, Professional Quality, Perfect Finish for Cars, Bikes,Vans, Metal, Wood', 'supplier_price': 1.82, 'amazon_price': 6.89, 'match_method': 'EAN', 'confidence': 'high', 'created_at': '2025-07-18T10:49:36.222143', 'supplier_url': 'https://www.poundwholesale.co.uk/auto-extreme-professional-blue-gloss-spray-paint-400ml'}, {'supplier_ean': '5050375127340', 'amazon_asin': 'B076DD8QMP', 'supplier_title': 'Tango Car Air Freshener CDU Assorted Fragrances', 'amazon_title': 'Tango Liquid Car Air Freshener 4pk - Cherry Orange Apple & Lemon', 'supplier_price': 0.74, 'amazon_price': 5.49, 'match_method': 'EAN', 'confidence': 'high', 'created_at': '2025-07-18T10:50:21.970905', 'supplier_url': 'https://www.poundwholesale.co.uk/tango-car-air-freshener-cdu-assorted-fragrances'}, {'supplier_ean': '5055319519243', 'amazon_asin': 'B07NJHJC44', 'supplier_title': 'Auto Extreme Professional Silver Wheel Spray Paint 400ml', 'amazon_title': 'Auto Extreme Silver Wheel, 400 ml', 'supplier_price': 1.82, 'amazon_price': 5.5, 'match_method': 'EAN', 'confidence': 'high', 'created_at': '2025-07-18T10:51:15.720754', 'supplier_url': 'https://www.poundwholesale.co.uk/auto-extreme-professional-silver-wheel-spray-paint-400ml'}, {'supplier_ean': '5055319530798', 'amazon_asin': 'B0BZQ9D3SS', 'supplier_title': 'Auto Extreme Ocean Breeze In-Car Fragrance Air Freshener Spray 100ml', 'amazon_title': 'Car Air Freshener for Men with Vent Clip | Strong Perfume Automotive Air Freshener | Odour Eliminating Technology with Vent Clip | Car Air Fresheners by Perfa', 'supplier_price': 0.65, 'amazon_price': None, 'match_method': 'EAN', 'confidence': 'high', 'created_at': '2025-07-18T10:51:27.401020', 'supplier_url': 'https://www.poundwholesale.co.uk/auto-extreme-ocean-breeze-in-car-fragrance-air-freshener-spray-100ml'}, {'supplier_ean': '5052578047807', 'amazon_asin': 'B0FB44TV8Y', 'supplier_title': 'Bettina Microfibre Ultra Buff Car Cloths 3pc', 'amazon_title': 'Towelogy', 'supplier_price': 1.79, 'amazon_price': None, 'match_method': 'EAN', 'confidence': 'high', 'created_at': '2025-07-18T10:51:38.488644', 'supplier_url': 'https://www.poundwholesale.co.uk/bettina-microfibre-ultra-buff-car-cloths-3pc'}, {'supplier_ean': '5055441446714', 'amazon_asin': 'B0DFPVL488', 'supplier_title': 'Goodyear Silicone Window Squeegee 30cm', 'amazon_title': 'Goodyear Silicone Window Squeegee Ideal For Car Bodywork, Showers, Windows And Other Smooth Surfaces| Soft Silicone Blade| Removes 95% Of Standing Water| V-shaped Grip| Reusable And Long Lasting', 'supplier_price': 1.99, 'amazon_price': 3.99, 'match_method': 'EAN', 'confidence': 'high', 'created_at': '2025-07-18T10:52:28.920921', 'supplier_url': 'https://www.poundwholesale.co.uk/goodyear-silicone-window-squeegee-30cm'}, {'supplier_ean': '5055319528030', 'amazon_asin': 'B0DJM5VWR6', 'supplier_title': 'Rapide DP-60 Penetrating Maintenance Spray 100ml CDU', 'amazon_title': 'PNJB', 'supplier_price': 0.79, 'amazon_price': None, 'match_method': 'EAN', 'confidence': 'high', 'created_at': '2025-07-18T10:52:43.308895', 'supplier_url': 'https://www.poundwholesale.co.uk/rapide-dp-60-penetrating-maintenance-spray-100ml-cdu'}, {'supplier_ean': '5052578047708', 'amazon_asin': 'B09D7HXXXT', 'supplier_title': 'Bettina Assorted Microfibre Car Rags Bag', 'amazon_title': 'MR.SIGA', 'supplier_price': 1.79, 'amazon_price': None, 'match_method': 'EAN', 'confidence': 'high', 'created_at': '2025-07-18T10:52:56.953180', 'supplier_url': 'https://www.poundwholesale.co.uk/bettina-assorted-microfibre-car-rags-bag'}, {'supplier_ean': '8008990001061', 'amazon_asin': 'B00BFXBBHM', 'supplier_title': 'Classic Professional Car Sponge 15cm X 11cm X 5.5cm', 'amazon_title': 'Générique Auto Care – Wash Synthetic Sponge Pro Classic', 'supplier_price': 0.62, 'amazon_price': 3.89, 'match_method': 'EAN', 'confidence': 'high', 'created_at': '2025-07-18T10:53:42.902436', 'supplier_url': 'https://www.poundwholesale.co.uk/classic-professional-car-sponge-15cm-x-11cm-x-5-5cm'}, {'supplier_ean': '5055319529891', 'amazon_asin': 'B0CXN6VDPT', 'supplier_title': 'Rapide Multi Lube Oil Spray 250ml', 'amazon_title': 'Multi Lube Oil Spray High Performance Lubricates Cleans Prevents Rust - 300ml', 'supplier_price': 1.07, 'amazon_price': 5.49, 'match_method': 'EAN', 'confidence': 'high', 'created_at': '2025-07-18T10:54:33.090475', 'supplier_url': 'https://www.poundwholesale.co.uk/rapide-multi-lube-oil-spray-250ml'}, {'supplier_ean': '5055319599559', 'amazon_asin': 'B07NJGVPVQ', 'supplier_title': 'Auto Extreme Professional Chrome Effect Spray Paint 400ml', 'amazon_title': 'Auto Extreme Auto Spray Chrome, 400 ml', 'supplier_price': 2.03, 'amazon_price': 4.99, 'match_method': 'EAN', 'confidence': 'high', 'created_at': '2025-07-18T10:55:42.978833', 'supplier_url': 'https://www.poundwholesale.co.uk/auto-extreme-professional-chrome-effect-spray-paint-400ml'}, {'supplier_ean': '5053249228563', 'amazon_asin': 'B07R97BMMC', 'supplier_title': 'Carpride Alloy Wheel Spray Paint Matt Black', 'amazon_title': 'Car Pride 400ml High Grade Car Alloy Wheel Matt Black Fantastic Finish Surface Aerosol Spray Paint Can', 'supplier_price': 1.67, 'amazon_price': 5.69, 'match_method': 'EAN', 'confidence': 'high', 'created_at': '2025-07-18T10:56:35.936258', 'supplier_url': 'https://www.poundwholesale.co.uk/carpride-alloy-wheel-spray-paint-matt-black'}, {'supplier_ean': '5055319519045', 'amazon_asin': 'B07NJFYFZR', 'supplier_title': 'Auto Extreme Silver Wheel Spray Paint 250ml', 'amazon_title': 'Auto Extreme Auto Spray Silver Wheel, 250 ml', 'supplier_price': 0.92, 'amazon_price': 4.5, 'match_method': 'EAN', 'confidence': 'high', 'created_at': '2025-07-18T10:57:32.469691', 'supplier_url': 'https://www.poundwholesale.co.uk/auto-extreme-silver-wheel-spray-paint-250ml'}, {'supplier_ean': '5055319519212', 'amazon_asin': 'B09DYXN6YF', 'supplier_title': 'Auto Extreme Professional Black Gloss Spray Paint 400ml', 'amazon_title': 'Classic Signature - 1 x Auto Extreme Black Gloss Spray Paint 400ml, Professional Quality, Perfect Finish for Cars, Bikes,Vans, Metal, Wood', 'supplier_price': 1.82, 'amazon_price': 6.89, 'match_method': 'EAN', 'confidence': 'high', 'created_at': '2025-07-18T10:58:29.850682', 'supplier_url': 'https://www.poundwholesale.co.uk/auto-extreme-professional-black-gloss-spray-paint-400ml'}, {'supplier_ean': '5056170362405', 'amazon_asin': 'B006UCJ5NU', 'supplier_title': 'Bloc Multipurpose Penetrating Maintenance Spray 250ml', 'amazon_title': 'WD-40 Specialist', 'supplier_price': 1.03, 'amazon_price': None, 'match_method': 'EAN', 'confidence': 'high', 'created_at': '2025-07-18T10:58:41.438173', 'supplier_url': 'https://www.poundwholesale.co.uk/bloc-multipurpose-penetrating-maintenance-spray-250ml'}, {'supplier_ean': '5055319519106', 'amazon_asin': 'B09FLX734G', 'supplier_title': 'Auto Extreme Automotive Black Satin Spray Paint 250ml', 'amazon_title': 'Classic Signature - 1 x Black Satin Auto Extreme Spray Paint 250ml Professional Quality, Perfect Finish for Cars, Bikes,Vans, Metal, Wood', 'supplier_price': 0.92, 'amazon_price': 5.47, 'match_method': 'EAN', 'confidence': 'high', 'created_at': '2025-07-18T10:59:37.654163', 'supplier_url': 'https://www.poundwholesale.co.uk/auto-extreme-automotive-black-satin-spray-paint-250ml'}, {'supplier_ean': '5053249248677', 'amazon_asin': 'B000LD4V2E', 'supplier_title': 'Car Pride Black Gloss Spray Paint 400ml', 'amazon_title': 'Hycote', 'supplier_price': 1.73, 'amazon_price': None, 'match_method': 'EAN', 'confidence': 'high', 'created_at': '2025-07-18T10:59:51.150021', 'supplier_url': 'https://www.poundwholesale.co.uk/car-pride-black-gloss-spray-paint-400ml'}, {'supplier_ean': '5050375064300', 'amazon_asin': 'B01M0JVPJD', 'supplier_title': 'Car-Pride Quick Fix Tyre Repair 300ml', 'amazon_title': '2 X QUICK FIX CAR EMERGENCY FLAT TYRE INFLATE PUNCTURE REPAIR KIT', 'supplier_price': 1.77, 'amazon_price': 7.74, 'match_method': 'EAN', 'confidence': 'high', 'created_at': '2025-07-18T11:00:47.582374', 'supplier_url': 'https://www.poundwholesale.co.uk/quick-fix-tyre-repair'}, {'supplier_ean': '5055441446530', 'amazon_asin': 'B0993N1H9T', 'supplier_title': 'Goodyear Car Cockpit Cleaner 750ml', 'amazon_title': 'Goodyear Cockpit Cleaner 750ml- Effectively Cleans Dirt, Dust And Grime From the Dashboard And Surroundings| Protects Against Water And Dust Helping to Leave a Showroom Shine| Spray Weight 820g', 'supplier_price': 1.39, 'amazon_price': 5.13, 'match_method': 'EAN', 'confidence': 'high', 'created_at': '2025-07-18T11:01:48.222908', 'supplier_url': 'https://www.poundwholesale.co.uk/goodyear-cherry-scent-car-cockpit-cleaner-750ml'}, {'supplier_ean': '5055319519281', 'amazon_asin': 'B07NJGV658', 'supplier_title': 'Auto Extreme Professional Yellow Gloss Spray Paint 400ml', 'amazon_title': 'Auto Extreme Auto Extreme Yellow, 400 ml', 'supplier_price': 1.96, 'amazon_price': 5.49, 'match_method': 'EAN', 'confidence': 'high', 'created_at': '2025-07-18T11:02:38.788885', 'supplier_url': 'https://www.poundwholesale.co.uk/auto-extreme-professional-yellow-gloss-spray-paint-400ml'}, {'supplier_ean': '5056175980970', 'amazon_asin': 'B095HTD46T', 'supplier_title': 'Auto Extras Jar Candle Air Freshener 3 Pack Assorted', 'amazon_title': 'CRISTALINAS', 'supplier_price': 0.54, 'amazon_price': None, 'match_method': 'EAN', 'confidence': 'high', 'created_at': '2025-07-18T11:02:51.951099', 'supplier_url': 'https://www.poundwholesale.co.uk/auto-extras-jar-candle-air-freshener-3-pack-assorted'}, {'supplier_ean': '5055319529914', 'amazon_asin': 'B07XZF187M', 'supplier_title': 'Rapide PTFE Lubricant Spray 250ml', 'amazon_title': 'Rapide 300ml PTFE Grease Aerosol Spray Lubricant Can Chains Belts Cables Oil', 'supplier_price': 1.07, 'amazon_price': 4.99, 'match_method': 'EAN', 'confidence': 'high', 'created_at': '2025-07-18T11:03:38.329354', 'supplier_url': 'https://www.poundwholesale.co.uk/rapide-ptfe-lubricant-spray-250ml'}, {'supplier_ean': '5055441449203', 'amazon_asin': 'B0D12237Y2', 'supplier_title': 'Goodyear Expanding Car Cleaning Sponge', 'amazon_title': 'Goodyear Tyre and Wheel Deep Cleaning Multi-Purpose Brush | Ideal for Vehicle Tyres | Ergonomic L-Style Handle | Wide Curved Brush Head Covers Larger Surface | Removes Dirt and Grime', 'supplier_price': 0.72, 'amazon_price': 0.99, 'match_method': 'EAN', 'confidence': 'high', 'created_at': '2025-07-18T11:04:31.759859', 'supplier_url': 'https://www.poundwholesale.co.uk/goodyear-expanding-car-cleaning-sponge'}, {'supplier_ean': '5053249229768', 'amazon_asin': 'B0BZQ8C6CS', 'supplier_title': 'Chupa Chups Car Air Fresheners CDU Assorted Fragrances', 'amazon_title': 'One Million Car Air Freshener for Men | Strong Perfume Automotive Freshener | Odour Eliminating Technology with Vent Clip | Long Lasting Car Air Freshener by Perfa', 'supplier_price': 0.87, 'amazon_price': None, 'match_method': 'EAN', 'confidence': 'high', 'created_at': '2025-07-18T11:04:43.364574', 'supplier_url': 'https://www.poundwholesale.co.uk/chupa-chups-car-air-fresheners-cdu-assorted-fragrances'}, {'supplier_ean': '5050375002197', 'amazon_asin': 'B01MQHS127', 'supplier_title': 'Car Pride Stitched Natural Chamois Leather', 'amazon_title': '151 NATURAL CHAMOIS LEATHER', 'supplier_price': 0.85, 'amazon_price': 3.19, 'match_method': 'EAN', 'confidence': 'high', 'created_at': '2025-07-18T11:06:00.876295', 'supplier_url': 'https://www.poundwholesale.co.uk/stitched-natural-chamois-leather'}, {'supplier_ean': '5055441446431', 'amazon_asin': 'B0992QG9QK', 'supplier_title': 'Goodyear Instant Valet Upholstery Cleaner 750ml', 'amazon_title': 'GOODYEAR INSTANT VALET UPHOLSTERY CLEANER SPRAY 750ML', 'supplier_price': 1.4, 'amazon_price': 5.27, 'match_method': 'EAN', 'confidence': 'high', 'created_at': '2025-07-18T11:06:52.375016', 'supplier_url': 'https://www.poundwholesale.co.uk/goodyear-instant-valet-upholstery-cleaner-750ml'}, {'supplier_ean': '5053249245751', 'amazon_asin': 'B0BLL3XTRB', 'supplier_title': 'Car Pride Clean & Dry Microfibre Cloth', 'amazon_title': 'CARPRIDE® Clean and Dry Microfibre Cloth | For Car Exterior and Interior | 30 x 30 cm | Brown', 'supplier_price': 0.76, 'amazon_price': 2.95, 'match_method': 'EAN', 'confidence': 'high', 'created_at': '2025-07-18T11:07:43.161406', 'supplier_url': 'https://www.poundwholesale.co.uk/car-pride-clean-dry-microfibre-cloth'}, {'supplier_ean': '8008990001047', 'amazon_asin': 'B0DJFRHQ3H', 'supplier_title': 'Flash Car Synthetic Chamois Large', 'amazon_title': 'FLASH', 'supplier_price': 1.42, 'amazon_price': None, 'match_method': 'EAN', 'confidence': 'high', 'created_at': '2025-07-18T11:08:10.161535', 'supplier_url': 'https://www.poundwholesale.co.uk/flash-car-synthetic-chamois-large'}, {'supplier_ean': '5050375084148', 'amazon_asin': 'B07FRGHHQR', 'supplier_title': 'Car Pride Black Pack 300ml', 'amazon_title': 'Car Pride Black Pack Spray For Plastic Bumper & Exterior Trim Restorer 300ml', 'supplier_price': 0.93, 'amazon_price': 4.49, 'match_method': 'EAN_cached', 'confidence': 'low', 'created_at': '2025-07-18T11:08:10.231134', 'supplier_url': 'https://www.poundwholesale.co.uk/black-pack-300ml'}, {'supplier_ean': '5055319519311', 'amazon_asin': 'B07NJH9XCY', 'supplier_title': 'Auto Extreme Professional Racing Green Gloss Spray Paint 400ml', 'amazon_title': 'Auto Extreme Racing Green, 400 ml', 'supplier_price': 1.96, 'amazon_price': 5.65, 'match_method': 'EAN', 'confidence': 'high', 'created_at': '2025-07-18T11:09:04.876820', 'supplier_url': 'https://www.poundwholesale.co.uk/auto-extreme-professional-racing-green-gloss-spray-paint-400ml'}, {'supplier_ean': '5055319519137', 'amazon_asin': 'B07NJFXL6R', 'supplier_title': 'Auto Extreme Red Primer Spray Paint 250ml', 'amazon_title': 'Auto Extreme Auto Spray Red Primer, 250 ml', 'supplier_price': 0.92, 'amazon_price': 4.35, 'match_method': 'EAN', 'confidence': 'high', 'created_at': '2025-07-18T11:09:55.460107', 'supplier_url': 'https://www.poundwholesale.co.uk/mean-machine-auto-spray-red-primer-250ml'}, {'supplier_ean': '5038673050010', 'amazon_asin': 'B0FC6D5VDG', 'supplier_title': 'Portable Wet & Dry Auto Vacuum Cleaner', 'amazon_title': 'HYCHIKA 3 in 1 Wet and Dry Vacuum Cleaner, Power: 1200 W, 20 L Stainless Steel Tank, 6 M+ Cleaning Range (2.5 M Power Cores + 3.5 M Soft & Hard Hose), for Garden Outdoor Floor Sofa Cleaning', 'supplier_price': 10.18, 'amazon_price': None, 'match_method': 'EAN', 'confidence': 'high', 'created_at': '2025-07-18T11:10:08.518609', 'supplier_url': 'https://www.poundwholesale.co.uk/portable-wet-dry-auto-vacuum-cleaner'}, {'supplier_ean': '5052578034708', 'amazon_asin': 'B0CKTH6LDT', 'supplier_title': 'Bettina Microfibre Car Cloths 2 Pack', 'amazon_title': 'CarMax® - Original Twisted Loop Car Drying Towel - Double-Sided XXL - 90cm x 60cm 1400gsm Microfibre Towel for fast streak-free drying and detailing.', 'supplier_price': 0.79, 'amazon_price': 17.99, 'match_method': 'EAN_cached', 'confidence': 'low', 'created_at': '2025-07-18T11:10:08.580003', 'supplier_url': 'https://www.poundwholesale.co.uk/3pc-micro-fibre-car-cloths-highly-effective-wet-or-dry'}, {'supplier_ean': '5055441449142', 'amazon_asin': 'B0DF343YX8', 'supplier_title': 'Goodyear Microfibre Dusting Cloth Large 60cm X 40cm', 'amazon_title': 'Goodyear Microfibre Dusting Cloth I Specially designed microfibre cloth for windscreens, windows and mirrors | Statically charged cleaning fibres attract dust | Leaves a lint free finish | 60m x 40cm', 'supplier_price': 0.85, 'amazon_price': 1.99, 'match_method': 'EAN', 'confidence': 'high', 'created_at': '2025-07-18T11:10:57.177704', 'supplier_url': 'https://www.poundwholesale.co.uk/goodyear-microfibre-dusting-cloth-large-60cm-x-40cm'}, {'supplier_ean': '5055441449180', 'amazon_asin': 'B0D3JDFZJC', 'supplier_title': 'Goodyear Microfibre Car Cloth Set 4 Pack', 'amazon_title': 'Goodyear 4PC Microfibre Cloth Set- microfibre cloths for cleaning your vehicle | Cleaning fibres attract dust | Showroom finish | Machine washable | Dashboard, Buffing, Window cloth | Wash and drying', 'supplier_price': 2.59, 'amazon_price': 4.99, 'match_method': 'EAN', 'confidence': 'high', 'created_at': '2025-07-18T11:11:46.340949', 'supplier_url': 'https://www.poundwholesale.co.uk/goodyear-microfibre-car-cloth-set-4-pack'}, {'supplier_ean': '5055441449104', 'amazon_asin': 'B0DH8C367V', 'supplier_title': 'Goodyear Synthetic Chamois Cloth', 'amazon_title': 'Goodyear Synthetic Chamois -natural Chamois, Super Absorbent, Streak And Scratch Free, With A Greater Tolerance To Modern Car Cleaners| Stays Soft When Drying| Extra Large 72cm x 50cm|Machine Washable', 'supplier_price': 1.9, 'amazon_price': 2.99, 'match_method': 'EAN', 'confidence': 'high', 'created_at': '2025-07-18T11:12:43.381337', 'supplier_url': 'https://www.poundwholesale.co.uk/goodyear-synthetic-chamois-cloth'}, {'supplier_ean': '5055319530736', 'amazon_asin': 'B084VTS1NV', 'supplier_title': 'Auto Extreme Fresh Linen In-Car Fragrance Air Freshener Spray 100ml', 'amazon_title': 'Air Freshener Spray Concentrated Long Lasting Oil Based (New Car)', 'supplier_price': 0.65, 'amazon_price': None, 'match_method': 'EAN', 'confidence': 'high', 'created_at': '2025-07-18T11:12:55.532920', 'supplier_url': 'https://www.poundwholesale.co.uk/auto-extreme-fresh-linen-in-car-fragrance-air-freshener-spray-100ml'}, {'supplier_ean': '5055319519076', 'amazon_asin': 'B09FLX3QXD', 'supplier_title': 'Auto Extreme Automotive Red Gloss Spray Paint 250ml', 'amazon_title': 'Classic Signature - 1 x Auto Extreme Red Gloss Spray Paint 250ml, Professional Quality, Perfect Finish for Cars, Bikes,Vans, Metal, Wood', 'supplier_price': 0.92, 'amazon_price': 5.47, 'match_method': 'EAN', 'confidence': 'high', 'created_at': '2025-07-18T11:13:48.220197', 'supplier_url': 'https://www.poundwholesale.co.uk/auto-extreme-automotive-red-gloss-spray-paint-250ml'}, {'supplier_ean': '5050375003620', 'amazon_asin': 'B0DG2QVKZL', 'supplier_title': 'Car Pride Luxury Natural Chamois Leather', 'amazon_title': 'Hoover HF1 Plus Cordless Stick Vacuum Cleaner with Turbo Suction Mode, Up to 45 Min Runtime, LED Lights, Multi-Floor Nozzle, Anti Hair Wrap, Handheld Capability, 165w [HF1P10H]', 'supplier_price': 1.41, 'amazon_price': 99.0, 'match_method': 'EAN', 'confidence': 'high', 'created_at': '2025-07-18T11:14:56.832846', 'supplier_url': 'https://www.poundwholesale.co.uk/car-pride-luxury-natural-chamois-leather'}, {'supplier_ean': '00994743', 'amazon_asin': 'B0CCVFJ94Z', 'supplier_title': 'Wilko Ready To Use Screenwash 5l', 'amazon_title': 'Rain-X', 'supplier_price': 1.42, 'amazon_price': None, 'match_method': 'EAN', 'confidence': 'high', 'created_at': '2025-07-18T11:15:10.531582', 'supplier_url': 'https://www.poundwholesale.co.uk/wilko-ready-to-use-screenwash-5l'}, {'supplier_ean': '5055319556668', 'amazon_asin': 'B0BC1D6KPG', 'supplier_title': 'Auto Extreme Car Upholstery Brush 14cm X 6.5cm', 'amazon_title': '15° Curved Car Cleaning Brush with Telescopic Handle 43" Aluminum Alloy Long Rod Wash Mop For Washing Caravan Van Truck Boat RV Roof Soft Chenille Head Duster Clean Product Not Hurt Paint Scratch Free', 'supplier_price': 0.97, 'amazon_price': None, 'match_method': 'EAN', 'confidence': 'high', 'created_at': '2025-07-18T11:15:22.281479', 'supplier_url': 'https://www.poundwholesale.co.uk/auto-extreme-car-upholstery-brush-14cm-x-6-5cm'}, {'supplier_ean': '5050375083783', 'amazon_asin': 'B00A3T5F2G', 'supplier_title': 'Car Pride Instant Valet 300ml', 'amazon_title': 'Carpride Instant Valet Aerosol Spray 300ml', 'supplier_price': 0.97, 'amazon_price': 4.09, 'match_method': 'EAN_cached', 'confidence': 'low', 'created_at': '2025-07-18T11:15:22.357739', 'supplier_url': 'https://www.poundwholesale.co.uk/instant-valet-300ml'}, {'supplier_ean': '5055319512213', 'amazon_asin': 'B0F9329VCL', 'supplier_title': 'Auto Extreme Car Air Freshener Assorted Fragrances Clip Strip', 'amazon_title': 'Automizer - Creed Car Air Freshener for Men - Smart Car Air Freshener Diffuser Aventus Inspired Automatic On/Off Refillable Air Freshner, Gifts for Men/Women', 'supplier_price': 0.27, 'amazon_price': None, 'match_method': 'EAN', 'confidence': 'high', 'created_at': '2025-07-18T11:15:36.157612', 'supplier_url': 'https://www.poundwholesale.co.uk/auto-extreme-car-air-freshener-assorted-fragrances-clip-strip'}, {'supplier_ean': '5053249256832', 'amazon_asin': 'B0D2HLTZ4Q', 'supplier_title': 'Car Pride All Seasons Screen Wash Tablets 2pc', 'amazon_title': 'Screenwash Tablets For Cars, 100 Pcs Car Windshield Wash Tablets, Concentrated Screenwash Washer Fluid Car Window Cleaning Tablets for Metal, Plastic, Window Glass, Look Completely New', 'supplier_price': 0.74, 'amazon_price': None, 'match_method': 'EAN', 'confidence': 'high', 'created_at': '2025-07-18T11:15:50.415052', 'supplier_url': 'https://www.poundwholesale.co.uk/car-pride-all-seasons-screen-wash-tablets-2pc'}, {'supplier_ean': '5055056731861', 'amazon_asin': 'B09LHF2V7G', 'supplier_title': 'Guilty Pleasures Chocolate Chip Cookie 3D Car Air Freshener', 'amazon_title': 'Guilty Pleasures 3D Choc Cookie CAR FRESHENER', 'supplier_price': 0.38, 'amazon_price': 3.99, 'match_method': 'EAN', 'confidence': 'high', 'created_at': '2025-07-18T11:16:51.336470', 'supplier_url': 'https://www.poundwholesale.co.uk/guilty-pleasures-chocolate-chip-cookie-3d-air-freshener'}, {'supplier_ean': '5055441446479', 'amazon_asin': 'B0993YCZWB', 'supplier_title': 'Goodyear Fresh Fragrance Glass & Mirror Cleaner 750ml', 'amazon_title': 'Goodyear Glass & Mirror Cleaner 750ml - For a streak-free finish | Effective cleaner for car windscreens, side window, wing mirrors & rear view mirror | Suitable for rain sensor and acrylic windows', 'supplier_price': 1.36, 'amazon_price': 5.74, 'match_method': 'EAN', 'confidence': 'high', 'created_at': '2025-07-18T11:18:10.194551', 'supplier_url': 'https://www.poundwholesale.co.uk/goodyear-fresh-fragrance-glass-mirror-cleaner-750ml'}, {'supplier_ean': '5055441446455', 'amazon_asin': 'B0993N4XMC', 'supplier_title': 'Goodyear Back-To-Black Bumper & Trim Plastic Restorer 750ml', 'amazon_title': 'Goodyear Bumper and Trim Restorer 750ml-back to Black| Helps Bumper and Trim Plastic Look Like New| Restores, Protects and Shines| Long Lasting Gloss Finish| Suitable for All Exterior Plastics', 'supplier_price': 1.4, 'amazon_price': 4.89, 'match_method': 'EAN', 'confidence': 'high', 'created_at': '2025-07-18T11:19:05.192693', 'supplier_url': 'https://www.poundwholesale.co.uk/goodyear-black-bumper-trim-plastic-restorer-750ml'}, {'supplier_ean': '5015302400262', 'amazon_asin': 'B0B4R5265Z', 'supplier_title': 'Coco & Gray Assorted Colour Synthetic Chamois Cloths 3 Pack', 'amazon_title': 'Airlab', 'supplier_price': 0.64, 'amazon_price': None, 'match_method': 'EAN', 'confidence': 'high', 'created_at': '2025-07-18T11:19:19.017457', 'supplier_url': 'https://www.poundwholesale.co.uk/royle-shammy-pack-3'}, {'supplier_ean': '5055319519304', 'amazon_asin': 'B09F9N1DW9', 'supplier_title': 'Auto Extreme Professional Silver Body Spray Paint 400ml', 'amazon_title': 'Classic Signature - 1 x Auto Extreme Silver Body Spray Paint 400ml Professional Quality, Perfect Finish for Cars, Bikes,Vans, Metal, Wood', 'supplier_price': 1.82, 'amazon_price': 6.89, 'match_method': 'EAN', 'confidence': 'high', 'created_at': '2025-07-18T11:20:10.249623', 'supplier_url': 'https://www.poundwholesale.co.uk/auto-extreme-professional-silver-body-spray-paint-400ml'}, {'supplier_ean': '5053249200743', 'amazon_asin': 'B0DY5MX94X', 'supplier_title': 'Tango Card Car Air Freshener 2 Pack CDU Assorted Fragrances', 'amazon_title': 'Luxury Car Fragrance Gift Set, 2 Glass Car Diffusers, 2 x 30ml Refills, 2 x Vent Clips, 10 ml Interior Fabric Spray, Strong Fragrance, (Crede)', 'supplier_price': 0.74, 'amazon_price': None, 'match_method': 'EAN', 'confidence': 'high', 'created_at': '2025-07-18T11:20:38.365789', 'supplier_url': 'https://www.poundwholesale.co.uk/tango-card-car-air-freshener-2-pack-cdu-assorted-fragrances'}, {'supplier_ean': '5056175980963', 'amazon_asin': 'B0FH9LCRSZ', 'supplier_title': 'Auto Extras Jelly Baby Air Freshener Assorted', 'amazon_title': 'Car Air Freshener Aromatherapy Balm Long Lasting Fragrance Non-spill Solid 3D Tomato Shaped Travel Size Scented Balm 100g Eliminate Odor for Bedroom Toliet Elitzia ETAP2815', 'supplier_price': 0.65, 'amazon_price': None, 'match_method': 'EAN', 'confidence': 'high', 'created_at': '2025-07-18T11:20:51.448024', 'supplier_url': 'https://www.poundwholesale.co.uk/auto-extras-jelly-baby-air-freshener-assorted'}, {'supplier_ean': '5055319519298', 'amazon_asin': 'B07NJH3Q91', 'supplier_title': 'Auto Extreme Professional Black Satin Spray Paint 400ml', 'amazon_title': 'Auto Extreme Auto Extreme Black Satin, 400 ml', 'supplier_price': 1.82, 'amazon_price': 5.49, 'match_method': 'EAN', 'confidence': 'high', 'created_at': '2025-07-18T11:21:47.219390', 'supplier_url': 'https://www.poundwholesale.co.uk/auto-extreme-professional-black-satin-spray-paint-400ml'}, {'supplier_ean': '5055056770815', 'amazon_asin': 'B0BZQC1VY6', 'supplier_title': 'Millions Cola 3D Car Air Freshener', 'amazon_title': 'Creed Car Air Freshener for Men | Aventos Perfume Inspired Car Fragrances | Strong Freshener with Odour Eliminator Technology | Creed Automotive Air Freshener | GREED Scent by Perfa', 'supplier_price': 0.38, 'amazon_price': None, 'match_method': 'EAN', 'confidence': 'high', 'created_at': '2025-07-18T11:22:00.417347', 'supplier_url': 'https://www.poundwholesale.co.uk/millions-cola-3d-car-air-freshener'}, {'supplier_ean': '5052578015608', 'amazon_asin': 'B0DHXJ3Y9T', 'supplier_title': 'Bettina Car Sponges 3 Pack', 'amazon_title': '3 Pack Car Sponges,Jumbo Sponges For Car Cleaning,Anti Scratch Technology for Car Exterior & Window Washing- Perfect For Wheels, Windscreen & Bodywork (3 PCS (Yellow))', 'supplier_price': 0.84, 'amazon_price': 7.99, 'match_method': 'EAN_cached', 'confidence': 'low', 'created_at': '2025-07-18T11:22:00.495119', 'supplier_url': 'https://www.poundwholesale.co.uk/bettina-car-sponges-3-pack'}, {'supplier_ean': '5038673050010', 'amazon_asin': 'B0FC6D5VDG', 'supplier_title': 'Roadster Car Vacuum Cleaner 12V', 'amazon_title': 'HYCHIKA 3 in 1 Wet and Dry Vacuum Cleaner, Power: 1200 W, 20 L Stainless Steel Tank, 6 M+ Cleaning Range (2.5 M Power Cores + 3.5 M Soft & Hard Hose), for Garden Outdoor Floor Sofa Cleaning', 'supplier_price': 5.28, 'amazon_price': None, 'match_method': 'EAN_cached', 'confidence': 'low', 'created_at': '2025-07-18T11:22:00.576434', 'supplier_url': 'https://www.poundwholesale.co.uk/roadster-car-vacuum-cleaner-12v'}, {'supplier_ean': '5050375083752', 'amazon_asin': 'B01C4S4876', 'supplier_title': 'Car Pride Alloy Wheel Cleaner 300ml', 'amazon_title': 'Car Pride Wheel Clean, 300ml', 'supplier_price': 0.97, 'amazon_price': 4.05, 'match_method': 'EAN_cached', 'confidence': 'low', 'created_at': '2025-07-18T11:22:00.651582', 'supplier_url': 'https://www.poundwholesale.co.uk/alloy-wheel-cleaner'}, {'supplier_ean': '5055441452357', 'amazon_asin': 'B0DFPVGFZ4', 'supplier_title': 'Goodyear Extendable Car Windscreen Washer Squeegee Sponge Cleaner', 'amazon_title': 'Goodyear 2 In 1 Window Squeegee Flexible Rubber Blade| Netted Sponge Scrubber| Multi-purpose And Easy To Use| Non - Scratch| Ideal For Cleaning Windows And Windscreens| Compact Design, Easy Storage', 'supplier_price': 1.76, 'amazon_price': 2.99, 'match_method': 'EAN', 'confidence': 'high', 'created_at': '2025-07-18T11:22:54.109374', 'supplier_url': 'https://www.poundwholesale.co.uk/goodyear-extendable-car-windscreen-washer-squeegee-sponge-cleaner'}, {'supplier_ean': '5055257813090', 'amazon_asin': 'B0FH9LCRSZ', 'supplier_title': 'Fragranced Fruit Shaped Car Air Freshener', 'amazon_title': 'Car Air Freshener Aromatherapy Balm Long Lasting Fragrance Non-spill Solid 3D Tomato Shaped Travel Size Scented Balm 100g Eliminate Odor for Bedroom Toliet Elitzia ETAP2815', 'supplier_price': 0.6, 'amazon_price': None, 'match_method': 'EAN', 'confidence': 'high', 'created_at': '2025-07-18T11:23:05.509024', 'supplier_url': 'https://www.poundwholesale.co.uk/fragranced-fruit-shaped-car-air-freshener'}, {'supplier_ean': '5055319510615', 'amazon_asin': 'B0C49F6NG6', 'supplier_title': 'Auto Extreme Professional Petrol-Resistant Lacquer Clear Spray 400ml', 'amazon_title': 'Ozeino Wireless Gaming Headset, Compatible with PC Ps5 Ps4 Boasts 2.4GHz Lossless Audio, USB & Type-C, Flip Microphone and 40-Hr Battery - Suited for Switch, Laptop, Mac', 'supplier_price': 1.89, 'amazon_price': 23.11, 'match_method': 'EAN', 'confidence': 'high', 'created_at': '2025-07-18T11:24:21.169341', 'supplier_url': 'https://www.poundwholesale.co.uk/auto-extreme-professional-petrol-resistant-lacquer-clear-spray-400ml'}, {'supplier_ean': '5053249271453', 'amazon_asin': 'B0CHTHYL58', 'supplier_title': 'Car-Pride Biodegradable Interior Clean & Shine Wipes 30 Pack', 'amazon_title': 'AMK', 'supplier_price': 0.65, 'amazon_price': None, 'match_method': 'EAN', 'confidence': 'high', 'created_at': '2025-07-18T11:24:44.743060', 'supplier_url': 'https://www.poundwholesale.co.uk/car-pride-interior-clean-shine-wipes-30-pack'}, {'supplier_ean': '5055319519267', 'amazon_asin': 'B07NJGB772', 'supplier_title': 'Auto Extreme Professional Red Gloss Spray Paint 400ml', 'amazon_title': 'Auto Extreme Auto Extreme Red, 400 ml', 'supplier_price': 1.82, 'amazon_price': 5.79, 'match_method': 'EAN', 'confidence': 'high', 'created_at': '2025-07-18T11:25:35.589009', 'supplier_url': 'https://www.poundwholesale.co.uk/auto-extreme-professional-red-gloss-spray-paint-400ml'}, {'supplier_ean': '5056175987832', 'amazon_asin': 'B0BSFN7BK9', 'supplier_title': 'Bloome Gel Boat Air Freshener 150G Assorted Fragrance', 'amazon_title': 'SOL', 'supplier_price': 0.46, 'amazon_price': None, 'match_method': 'EAN', 'confidence': 'high', 'created_at': '2025-07-18T11:25:49.342872', 'supplier_url': 'https://www.poundwholesale.co.uk/bloome-gel-boat-air-freshener-150g-assorted-fragrance'}, {'supplier_ean': '5055441445021', 'amazon_asin': 'B0DJFGKQTJ', 'supplier_title': 'Dekton Tri-Extending Wash Brush 3m', 'amazon_title': 'Dekton Heavy Duty Tri-Extending Wash Brush | Long Reach Water Fed Brush for Cars, Boats, & More | Ergonomic Foam Grip | Soft Bristles Prevent Scratching | Telescopic Design Extends to 3 Metres', 'supplier_price': 13.64, 'amazon_price': 25.06, 'match_method': 'EAN', 'confidence': 'high', 'created_at': '2025-07-18T11:26:42.138251', 'supplier_url': 'https://www.poundwholesale.co.uk/dekton-tri-extending-wash-brush-3m'}, {'supplier_ean': '5038673410692', 'amazon_asin': 'B0DPX1HRM6', 'supplier_title': 'Car Air Fresheners Fruit Assorted CDU', 'amazon_title': 'Q QXUNMU', 'supplier_price': 0.34, 'amazon_price': None, 'match_method': 'EAN', 'confidence': 'high', 'created_at': '2025-07-18T11:26:57.017565', 'supplier_url': 'https://www.poundwholesale.co.uk/car-air-fresheners-fruit-assorted-cdu'}, {'supplier_ean': '5055441452319', 'amazon_asin': 'B0DJT8DYF6', 'supplier_title': 'Goodyear Wax Applicator Pad Set 3pc', 'amazon_title': 'Goodyear 3pc Applicator Set Specially Designed Microfiber Pad For Cleaning Your Vehicle|Ideal For Polishing And Waxing Of Painted Surfaces|Thick Microfiber Evenly Distributes Pressure For Application', 'supplier_price': 1.99, 'amazon_price': 2.99, 'match_method': 'EAN', 'confidence': 'high', 'created_at': '2025-07-18T11:27:44.877336', 'supplier_url': 'https://www.poundwholesale.co.uk/goodyear-wax-applicator-pad-set-3pc'}, {'supplier_ean': '5055441421902', 'amazon_asin': 'B0CZYRJ8ZX', 'supplier_title': 'Goodyear 2-In-1 Noodle Wash Mitt', 'amazon_title': 'Goodyear 2 In 1 Noodle Wash Mitt Extra Long Handle With Pivoting Head For Easy Reach All Around Your Windscreen | Microfiber Pad For Ultimate Cleaning | Excellent For Quick Defogging And Cleaning', 'supplier_price': 2.06, 'amazon_price': 5.29, 'match_method': 'EAN', 'confidence': 'high', 'created_at': '2025-07-18T11:28:33.825517', 'supplier_url': 'https://www.poundwholesale.co.uk/goodyear-2-in-1-noodle-wash-mitt'}, {'supplier_ean': '5052578611800', 'amazon_asin': 'B0BG8HY6NL', 'supplier_title': 'Bettina Comfortable Grip Jumbo Car Sponge', 'amazon_title': 'Xtremeauto', 'supplier_price': 0.6, 'amazon_price': None, 'match_method': 'EAN', 'confidence': 'high', 'created_at': '2025-07-18T11:28:47.461587', 'supplier_url': 'https://www.poundwholesale.co.uk/jumbo-car-sponge-with-comfortable-grip'}, {'supplier_ean': '5055441449227', 'amazon_asin': 'B0DFMH5XX9', 'supplier_title': 'Goodyear 2-In-1 Microfibre Drying Towel Xl 80cm X 60cm', 'amazon_title': 'Goodyear Microfiber Drying Towel Xl Deep Pile For Extra Absorbency| Microfiber Technology| Cleaning Fiber Attracts Dust |satin Safety Edging Protects Against Scratching| Extra Absorbency Free Finish', 'supplier_price': 2.21, 'amazon_price': 3.99, 'match_method': 'EAN', 'confidence': 'high', 'created_at': '2025-07-18T11:29:40.530652', 'supplier_url': 'https://www.poundwholesale.co.uk/goodyear-2-in-1-microfibre-drying-towel-xl-80cm-x-60cm'}, {'supplier_ean': '5055319530743', 'amazon_asin': 'B084VTS1NV', 'supplier_title': 'Auto Extreme Cedar Wood In-Car Fragrance Air Freshener Spray 100ml', 'amazon_title': 'Air Freshener Spray Concentrated Long Lasting Oil Based (New Car)', 'supplier_price': 0.65, 'amazon_price': None, 'match_method': 'EAN', 'confidence': 'high', 'created_at': '2025-07-18T11:29:54.290257', 'supplier_url': 'https://www.poundwholesale.co.uk/auto-extreme-cedar-wood-in-car-fragrance-air-freshener-spray-100ml'}, {'supplier_ean': '5055319519007', 'amazon_asin': 'B01FXX9AJA', 'supplier_title': 'Auto Extreme Automotive Black Matt Spray Paint 250ml', 'amazon_title': 'Black Matt Aerosol Spray Cans 250ml Car Auto Extreme Spray Paint (6)', 'supplier_price': 0.92, 'amazon_price': 9.95, 'match_method': 'EAN', 'confidence': 'high', 'created_at': '2025-07-18T11:30:50.315219', 'supplier_url': 'https://www.poundwholesale.co.uk/auto-extreme-automotive-black-matt-spray-paint-250ml'}, {'supplier_ean': '5055441449982', 'amazon_asin': 'B0DJH4WTZ5', 'supplier_title': 'Goodyear Anti-Smear Screenwash 1l', 'amazon_title': 'Goodyear 1 Litre Screen Wash-5% Ethanol| Blue Colour Liquid| Red Lid| English Label| Antifreeze Windscreen Wash Liquid| Prevents Freezing Of The Glass Washer System Down| Provide Clear Vision', 'supplier_price': 0.95, 'amazon_price': None, 'match_method': 'EAN', 'confidence': 'high', 'created_at': '2025-07-18T11:31:39.554668', 'supplier_url': 'https://www.poundwholesale.co.uk/goodyear-anti-smear-screenwash-1l'}, {'supplier_ean': '5055441405544', 'amazon_asin': 'B0D1R5SR4V', 'supplier_title': 'Goodyear Anti-Smear Screenwash 5l', 'amazon_title': 'Rain-X', 'supplier_price': 2.56, 'amazon_price': None, 'match_method': 'EAN', 'confidence': 'high', 'created_at': '2025-07-18T11:31:53.274959', 'supplier_url': 'https://www.poundwholesale.co.uk/goodyear-cherry-anti-smear-screenwash-5l'}, {'supplier_ean': '5053249003108', 'amazon_asin': 'B00CA36GJE', 'supplier_title': 'Carpride Scratch Remover Pen', 'amazon_title': 'Car Pride Paint Scratch Remover Pen - For Use On Any Colour Vehicle', 'supplier_price': 0.92, 'amazon_price': 2.98, 'match_method': 'EAN', 'confidence': 'high', 'created_at': '2025-07-18T11:32:49.414648', 'supplier_url': 'https://www.poundwholesale.co.uk/carpride-scratch-remover-pen'}, {'supplier_ean': '5050375054394', 'amazon_asin': 'B0F6C9BK5R', 'supplier_title': 'Car-Pride Wash & Wax 1L', 'amazon_title': 'Sopami Car Coating Spray, Waterless Car Wash Quick Effect Coating Agent, Multi-functional Coating Renewal Agent Polish Spray, Long-Lasting Protection Improves Clarity and Visibility(1pc)', 'supplier_price': 0.8, 'amazon_price': None, 'match_method': 'EAN', 'confidence': 'high', 'created_at': '2025-07-18T11:33:03.988685', 'supplier_url': 'https://www.poundwholesale.co.uk/wash-wax'}, {'supplier_ean': '5055056770792', 'amazon_asin': 'B0FH9LCRSZ', 'supplier_title': 'Millions Orange & Lemon 3D Car Air Freshener', 'amazon_title': 'Car Air Freshener Aromatherapy Balm Long Lasting Fragrance Non-spill Solid 3D Tomato Shaped Travel Size Scented Balm 100g Eliminate Odor for Bedroom Toliet Elitzia ETAP2815', 'supplier_price': 0.38, 'amazon_price': None, 'match_method': 'EAN', 'confidence': 'high', 'created_at': '2025-07-18T11:33:15.313131', 'supplier_url': 'https://www.poundwholesale.co.uk/millions-orange-lemon-3d-car-air-freshener'}, {'supplier_ean': '5050375086753', 'amazon_asin': 'B00IXMG80S', 'supplier_title': 'Car Pride Leather Cleaning Spray 250ml', 'amazon_title': '12 x Cans Of Leather cleaning spray, car cleaning, 300ml', 'supplier_price': 0.97, 'amazon_price': 19.95, 'match_method': 'EAN_cached', 'confidence': 'low', 'created_at': '2025-07-18T11:33:15.437428', 'supplier_url': 'https://www.poundwholesale.co.uk/leather-cleaning-spray-250ml'}, {'supplier_ean': '5050375084025', 'amazon_asin': 'B0032XLIJE', 'supplier_title': 'Car Pride Spray Wax 300ml', 'amazon_title': 'SPRAY CAR WAX SUPERFAST FORMULA PROTECTS PAINTWORK', 'supplier_price': 0.97, 'amazon_price': 3.99, 'match_method': 'EAN', 'confidence': 'high', 'created_at': '2025-07-18T11:34:12.145812', 'supplier_url': 'https://www.poundwholesale.co.uk/spray-wax-300ml'}, {'supplier_ean': '5055441452197', 'amazon_asin': 'B0DF33M8ZM', 'supplier_title': 'Goodyear Waffle Drying Cloth Large 40cm X 40cm', 'amazon_title': 'Goodyear Microfibre Waffle Cloth I Reduces drying time with less wring outs | Ideal for bodywork & glass | Designed microfibre cloth | Statically charged cleaning fibres | Leaves lint free finish', 'supplier_price': 0.95, 'amazon_price': 4.99, 'match_method': 'EAN', 'confidence': 'high', 'created_at': '2025-07-18T11:35:03.805673', 'supplier_url': 'https://www.poundwholesale.co.uk/goodyear-waffle-drying-cloth-large-40cm-x-40cm'}, {'supplier_ean': '5050375055483', 'amazon_asin': 'B01C4S4L4G', 'supplier_title': 'Car-Pride Handy Car Sponges 2 Pack', 'amazon_title': 'Car Pride CP011 Handy Car Cleaning Sponges, Pack of 3', 'supplier_price': 0.76, 'amazon_price': 4.99, 'match_method': 'EAN', 'confidence': 'high', 'created_at': '2025-07-18T11:35:55.273733', 'supplier_url': 'https://www.poundwholesale.co.uk/handy-car-sponges-3pk'}, {'supplier_ean': '5055319531740', 'amazon_asin': 'B0DG8VSKBB', 'supplier_title': 'Auto Extreme Professional Silver Alloy Wheel Spray Paint 400ml', 'amazon_title': 'RAPIDE Auto Extreme AX Alloy Wheel Spray Paint Silver 400ML | Ideal for Refreshing & Customizing Alloy Wheels | Long-Lasting, Chip & Fade Resistant | Smooth Satin Finish', 'supplier_price': 1.81, 'amazon_price': 7.95, 'match_method': 'EAN', 'confidence': 'high', 'created_at': '2025-07-18T11:36:42.632499', 'supplier_url': 'https://www.poundwholesale.co.uk/auto-extreme-professional-silver-alloy-wheel-spray-paint-400ml'}, {'supplier_ean': '5055319556651', 'amazon_asin': 'B0CTCSZD1T', 'supplier_title': 'Auto Extreme Cone Wheel Brush', 'amazon_title': 'Xtremeauto Soft Head Alloy Wheel Brush - Car Alloy Wheel Cleaner Brush Detailing Cleaning Brush, No Metal Non Scratch Rim Car Wheel Brush Perfect For Motorcycle, Cars & Bicycles (Orange', 'supplier_price': 1.42, 'amazon_price': None, 'match_method': 'EAN', 'confidence': 'high', 'created_at': '2025-07-18T11:36:58.182117', 'supplier_url': 'https://www.poundwholesale.co.uk/auto-extreme-cone-wheel-brush'}, {'supplier_ean': '5055319529884', 'amazon_asin': 'B07XZ8NKGR', 'supplier_title': 'Rapide Lithium Grease Spray 250ml', 'amazon_title': 'Rapide 300ml Lithium Grease Aerosol Spray Lubricant Can Multi-Purpose Hinge Track Oil', 'supplier_price': 1.07, 'amazon_price': 4.55, 'match_method': 'EAN', 'confidence': 'high', 'created_at': '2025-07-18T11:37:55.687057', 'supplier_url': 'https://www.poundwholesale.co.uk/rapide-lithium-grease-spray-250ml'}, {'supplier_ean': '5055441446493', 'amazon_asin': 'B0993NZQ15', 'supplier_title': 'Goodyear Alloy Wheel Cleaner 750ml', 'amazon_title': 'Goodyear Alloy Wheel Cleaner 750ml - for a Showroom Finish | Effective Cleaning for All Wheels | Effortlessly Removes Mud & Grime from Round The Wheel | Removes Dirt and Brake Dust | Easy Application', 'supplier_price': 1.39, 'amazon_price': 5.93, 'match_method': 'EAN', 'confidence': 'high', 'created_at': '2025-07-18T11:38:49.590834', 'supplier_url': 'https://www.poundwholesale.co.uk/goodyear-alloy-wheel-cleaner-750ml'}, {'supplier_ean': '5055441450780', 'amazon_asin': 'B0DK7MZS7R', 'supplier_title': 'Goodyear Back Car Seat Organiser Storage Bag', 'amazon_title': 'Goodyear Car Seat Back Storage Bag - Multipurpose Organizer for Vehicle Seats| Adjustable Straps |Product size: 40 x 55 cm| Material-Felt cloth| Multiple Pockets| Color-Grey| Durable, Water-Resistant', 'supplier_price': 2.2, 'amazon_price': 3.99, 'match_method': 'EAN', 'confidence': 'high', 'created_at': '2025-07-18T11:39:41.933717', 'supplier_url': 'https://www.poundwholesale.co.uk/goodyear-back-car-seat-organiser-storage-bag'}, {'supplier_ean': '5060417895304', 'amazon_asin': 'B0CJPBPJ9V', 'supplier_title': 'Sanitize Instant Protection 75% Alcohol Hand Gel 100ml', 'amazon_title': 'Palm Safe', 'supplier_price': 0.63, 'amazon_price': None, 'match_method': 'EAN', 'confidence': 'high', 'created_at': '2025-07-18T13:25:14.078140', 'supplier_url': 'https://www.poundwholesale.co.uk/sanitize-instant-protection-75-alcohol-hand-gel-100ml'}, {'supplier_ean': '5050375010994', 'amazon_asin': 'B0DN1LMXJV', 'supplier_title': 'Car-Pride Quick & Effective De-Icer 600ml', 'amazon_title': 'ANGIX', 'supplier_price': 1.27, 'amazon_price': None, 'match_method': 'EAN', 'confidence': 'high', 'created_at': '2025-07-19T02:38:01.890142', 'supplier_url': 'https://www.poundwholesale.co.uk/car-pride-quick-effective-de-icer-600ml'}, {'supplier_ean': '5055441452340', 'amazon_asin': 'B01IWTQBG2', 'supplier_title': 'Goodyear 2-In-1 Bug Removing Sponge', 'amazon_title': 'Gtechniq', 'supplier_price': 0.72, 'amazon_price': None, 'match_method': 'EAN', 'confidence': 'high', 'created_at': '2025-07-19T02:38:15.098683', 'supplier_url': 'https://www.poundwholesale.co.uk/goodyear-2-in-1-bug-removing-sponge'}, {'supplier_ean': '5053249271422', 'amazon_asin': 'B0CTCSZD1T', 'supplier_title': 'Car-Pride Biodegradable Alloy Wheel Cleaning Wipes 30 Pack', 'amazon_title': 'Xtremeauto', 'supplier_price': 0.65, 'amazon_price': None, 'match_method': 'EAN', 'confidence': 'high', 'created_at': '2025-07-19T02:38:27.358805', 'supplier_url': 'https://www.poundwholesale.co.uk/car-pride-biodegradable-alloy-wheel-cleaning-wipes-30-pack'}, {'supplier_ean': '5053249248691', 'amazon_asin': 'B006TYWGBM', 'supplier_title': 'Car Pride Black Matt Spray Paint 400ml', 'amazon_title': 'Autotek', 'supplier_price': 1.73, 'amazon_price': None, 'match_method': 'EAN', 'confidence': 'high', 'created_at': '2025-07-19T02:38:41.417586', 'supplier_url': 'https://www.poundwholesale.co.uk/car-pride-black-matt-spray-paint-400ml'}]
--- Logging error ---
Traceback (most recent call last):
  File "/usr/lib/python3.12/logging/__init__.py", line 1163, in emit
    stream.write(msg + self.terminator)
BlockingIOError: [Errno 11] write could not complete without blocking
Call stack:
  File "/mnt/c/Users/chris/Desktop/Amazon-FBA-Agent-System-v32/run_custom_poundwholesale.py", line 81, in <module>
    asyncio.run(main())
  File "/usr/lib/python3.12/asyncio/runners.py", line 194, in run
    return runner.run(main)
  File "/usr/lib/python3.12/asyncio/runners.py", line 118, in run
    return self._loop.run_until_complete(task)
  File "/usr/lib/python3.12/asyncio/base_events.py", line 674, in run_until_complete
    self.run_forever()
  File "/usr/lib/python3.12/asyncio/base_events.py", line 641, in run_forever
    self._run_once()
  File "/usr/lib/python3.12/asyncio/base_events.py", line 1987, in _run_once
    handle._run()
  File "/usr/lib/python3.12/asyncio/events.py", line 88, in _run
    self._context.run(self._callback, *self._args)
  File "/mnt/c/Users/chris/Desktop/Amazon-FBA-Agent-System-v32/run_custom_poundwholesale.py", line 64, in main
    await workflow.run()
  File "/mnt/c/Users/chris/Desktop/Amazon-FBA-Agent-System-v32/tools/passive_extraction_workflow_latest.py", line 1123, in run
    return await self._run_hybrid_processing_mode(
  File "/mnt/c/Users/chris/Desktop/Amazon-FBA-Agent-System-v32/tools/passive_extraction_workflow_latest.py", line 6065, in _run_hybrid_processing_mode
    chunk_results = await self._process_chunk_with_main_workflow_logic(
  File "/mnt/c/Users/chris/Desktop/Amazon-FBA-Agent-System-v32/tools/passive_extraction_workflow_latest.py", line 6363, in _process_chunk_with_main_workflow_logic
    self._save_linking_map(self.supplier_name)
  File "/mnt/c/Users/chris/Desktop/Amazon-FBA-Agent-System-v32/tools/passive_extraction_workflow_latest.py", line 1478, in _save_linking_map
    self.log.info(f"🔍 DEBUG: linking_map type: {type(self.linking_map)}, content: {self.linking_map}")
Message: '🔍 DEBUG: linking_map type: <class \'list\'>, content: [{\'supplier_ean\': \'5053249228587\', \'amazon_asin\': \'B075QDW3BF\', \'supplier_title\': \'Car Pride Under Body Seal Black 400ml\', \'amazon_title\': \'HP CF541A 203A Original LaserJet Toner Cartridge, Cyan, Single Pack\', \'supplier_price\': 1.73, \'amazon_price\': 64.99, \'match_method\': \'EAN\', \'confidence\': \'high\', \'created_at\': \'2025-07-18T10:13:11.088193\', \'supplier_url\': \'https://www.poundwholesale.co.uk/carpride-under-body-seal-black\'}, {\'supplier_ean\': \'5055319527750\', \'amazon_asin\': \'B0CX1X6R6G\', \'supplier_title\': \'Auto Extreme Car Detailing Brush Set 5 Pack\', \'amazon_title\': \'Kasauber\', \'supplier_price\': 2.1, \'amazon_price\': None, \'match_method\': \'EAN\', \'confidence\': \'high\', \'created_at\': \'2025-07-18T10:13:23.277485\', \'supplier_url\': \'https://www.poundwholesale.co.uk/auto-extreme-car-detailing-brush-set-5-pack\'}, {\'supplier_ean\': \'5055319528504\', \'amazon_asin\': \'B07NJGQFRF\', \'supplier_title\': \'Rapide RP-60 Penetrating Maintenance Spray with Control Nozzle 400ml\', \'amazon_title\': \'Rapide 2850 Paint Spray\', \'supplier_price\': 2.65, \'amazon_price\': 5.85, \'match_method\': \'EAN\', \'confidence\': \'high\', \'created_at\': \'2025-07-18T10:14:15.912179\', \'supplier_url\': \'https://www.poundwholesale.co.uk/rapide-rp-60-penetrating-maintenance-spray-with-control-nozzle-400ml\'}, {\'supplier_ean\': \'5055441452272\', \'amazon_asin\': \'B0DFMPNHT5\', \'supplier_title\': \'Goodyear Microfibre Luxury Valet Drying Towel Set 2 Pack\', \'amazon_title\': \'Goodyear 2PC Microfibre Luxury Valet Cloth Set I Microfibre technology| powerful cleaning | Extra absorbency for a swirl free finish | Ideal for buffing away polish & wax residue | Extra large towel\', \'supplier_price\': 2.14, \'amazon_price\': 6.59, \'match_method\': \'EAN\', \'confidence\': \'high\', \'created_at\': \'2025-07-18T10:15:06.821428\', \'supplier_url\': \'https://www.poundwholesale.co.uk/goodyear-microfibre-luxury-valet-drying-towel-set-2-pack\'}, {\'supplier_ean\': \'5053249229140\', \'amazon_asin\': \'B07N41XTV5\', \'supplier_title\': \'Carpride Alloy Wheel Spray Paint Silver Gloss\', \'amazon_title\': \'Car Pride Alloy Wheel Spray Paint Metallic Silver Repairer. 400ml\', \'supplier_price\': 1.67, \'amazon_price\': 5.4, \'match_method\': \'EAN\', \'confidence\': \'high\', \'created_at\': \'2025-07-18T10:16:10.522951\', \'supplier_url\': \'https://www.poundwholesale.co.uk/carpride-alloy-wheel-spray-paint-silver-gloss\'}, {\'supplier_ean\': \'5055056770822\', \'amazon_asin\': \'B09DTQ4S43\', \'supplier_title\': \'Millions Blackcurrant Buzz 3D Car Air Freshener\', \'amazon_title\': \'AIRFreshh\', \'supplier_price\': 0.38, \'amazon_price\': None, \'match_method\': \'EAN\', \'confidence\': \'high\', \'created_at\': \'2025-07-18T10:16:22.515075\', \'supplier_url\': \'https://www.poundwholesale.co.uk/millions-blackcurrant-buzz-3d-car-air-freshener\'}, {\'supplier_ean\': \'5055319519229\', \'amazon_asin\': \'B07NJGGW8P\', \'supplier_title\': \'Auto Extreme Professional White Gloss Spray Paint 400ml\', \'amazon_title\': \'Auto Extreme White Gloss, 400 ml\', \'supplier_price\': 1.82, \'amazon_price\': 5.3, \'match_method\': \'EAN\', \'confidence\': \'high\', \'created_at\': \'2025-07-18T10:17:22.092163\', \'supplier_url\': \'https://www.poundwholesale.co.uk/auto-extreme-professional-white-gloss-spray-paint-400ml\'}, {\'supplier_ean\': \'5055319529907\', \'amazon_asin\': \'B07XZDY64P\', \'supplier_title\': \'Rapide Silicone Lubricant Spray 250ml\', \'amazon_title\': \'300ml Silicone Grease Aerosol Spray Lubricant Can Water Resistant Oil\', \'supplier_price\': 1.07, \'amazon_price\': 4.79, \'match_method\': \'EAN\', \'confidence\': \'high\', \'created_at\': \'2025-07-18T10:18:10.835188\', \'supplier_url\': \'https://www.poundwholesale.co.uk/rapide-silicone-lubricant-spray-250ml\'}, {\'supplier_ean\': \'5050375036574\', \'amazon_asin\': \'B006URFAE8\', \'supplier_title\': \'Car Pride Assorted Fragrance Fresh Feet Car Air Fresheners 4 Pack CDU\', \'amazon_title\': \'Pack of 4 FRESH FEET, Car Air Fresheners, Carpride cp1128\', \'supplier_price\': 0.71, \'amazon_price\': 3.3, \'match_method\': \'EAN\', \'confidence\': \'high\', \'created_at\': \'2025-07-18T10:19:02.426082\', \'supplier_url\': \'https://www.poundwholesale.co.uk/car-pride-assorted-fragrance-fresh-feet-car-air-fresheners-4-pack-cdu\'}, {\'supplier_ean\': \'5055056731878\', \'amazon_asin\': \'B09LH29BZD\', \'supplier_title\': \'Guilty Pleasures Blueberry Ice Pop 3D Car Air Freshener\', \'amazon_title\': \'Guilty Pleasure 3D Blueberry CAR FRESHENER\', \'supplier_price\': 0.38, \'amazon_price\': 3.99, \'match_method\': \'EAN\', \'confidence\': \'high\', \'created_at\': \'2025-07-18T10:19:50.869058\', \'supplier_url\': \'https://www.poundwholesale.co.uk/guilty-pleasures-blueberry-ice-pop-3d-car-air-freshener\'}, {\'supplier_ean\': \'5055319514606\', \'amazon_asin\': \'B0CYH8F9F9\', \'supplier_title\': \'Auto Extreme Car Pump Sprayer 2L\', \'amazon_title\': \'My Garden 5 Litre Sprayer Pump - Weed Killer Pressure Sprayer Pump Action - High Pressure Long Reach Sprayers - Ideal For Spraying Water Fertiliser Herbicides Pesticides Preservative & Detergent\', \'supplier_price\': 3.85, \'amazon_price\': None, \'match_method\': \'EAN\', \'confidence\': \'high\', \'created_at\': \'2025-07-18T10:20:03.052455\', \'supplier_url\': \'https://www.poundwholesale.co.uk/auto-extreme-car-pump-sprayer-2l\'}, {\'supplier_ean\': \'5055319530781\', \'amazon_asin\': \'B09FKD19N4\', \'supplier_title\': \'Auto Extreme Tropical Mist In-Car Fragrance Air Freshener Spray 100ml\', \'amazon_title\': \'Air Freshener Spray Concentrated Long Lasting Oil Based (Ocean Breeze)\', \'supplier_price\': 0.65, \'amazon_price\': None, \'match_method\': \'EAN\', \'confidence\': \'high\', \'created_at\': \'2025-07-18T10:20:17.331393\', \'supplier_url\': \'https://www.poundwholesale.co.uk/auto-extreme-tropical-mist-in-car-fragrance-air-freshener-spray-100ml\'}, {\'supplier_ean\': \'5053249245799\', \'amazon_asin\': \'B0BLLV2M74\', \'supplier_title\': \'Car Pride Clean & Polish Microfibre Cloth\', \'amazon_title\': \'CARPRIDE® Clean and Polish MicroFibre Cloth for Car Exterior and Interior | Streak Free | 30 x 30 cm\', \'supplier_price\': 0.76, \'amazon_price\': 5.29, \'match_method\': \'EAN\', \'confidence\': \'high\', \'created_at\': \'2025-07-18T10:21:04.364223\', \'supplier_url\': \'https://www.poundwholesale.co.uk/car-pride-clean-polish-microfibre-cloth\'}, {\'supplier_ean\': \'5055319531849\', \'amazon_asin\': \'B074KFGHCP\', \'supplier_title\': \'Rapide Easy Grease Spray 250ml\', \'amazon_title\': \'HMT\', \'supplier_price\': 1.05, \'amazon_price\': None, \'match_method\': \'EAN\', \'confidence\': \'high\', \'created_at\': \'2025-07-18T10:21:17.993959\', \'supplier_url\': \'https://www.poundwholesale.co.uk/rapide-easy-grease-spray-250ml\'}, {\'supplier_ean\': \'5052578642705\', \'amazon_asin\': \'B07X22PHWJ\', \'supplier_title\': \'Bettina Chamois Demist & Dashboard Pad\', \'amazon_title\': \'Airlab\', \'supplier_price\': 0.75, \'amazon_price\': None, \'match_method\': \'EAN\', \'confidence\': \'high\', \'created_at\': \'2025-07-18T10:21:28.626273\', \'supplier_url\': \'https://www.poundwholesale.co.uk/bettina-chamois-demist-dashboard-pad\'}, {\'supplier_ean\': \'5052578633000\', \'amazon_asin\': \'B0F6K65PZT\', \'supplier_title\': \'Bettina Microfibre Mitt\', \'amazon_title\': \'Fogcosy\', \'supplier_price\': 0.95, \'amazon_price\': None, \'match_method\': \'EAN\', \'confidence\': \'high\', \'created_at\': \'2025-07-18T10:21:41.310298\', \'supplier_url\': \'https://www.poundwholesale.co.uk/microfibre-mit-highly-effective-wet-or-dry\'}, {\'supplier_ean\': \'5053249245669\', \'amazon_asin\': \'B0BLL1K79V\', \'supplier_title\': \'Car Pride Blue Microfibre Glass Cloth\', \'amazon_title\': \'Car-pride Glass Microfibre Cloth\', \'supplier_price\': 0.74, \'amazon_price\': 4.99, \'match_method\': \'EAN\', \'confidence\': \'high\', \'created_at\': \'2025-07-18T10:22:28.491046\', \'supplier_url\': \'https://www.poundwholesale.co.uk/car-pride-blue-microfibre-glass-cloth\'}, {\'supplier_ean\': \'5055056770785\', \'amazon_asin\': \'B0BLGR29X6\', \'supplier_title\': \'Millions Sour Strawberry 3D Car Air Freshener\', \'amazon_title\': \'Evair\', \'supplier_price\': 0.38, \'amazon_price\': None, \'match_method\': \'EAN\', \'confidence\': \'high\', \'created_at\': \'2025-07-18T10:22:40.894972\', \'supplier_url\': \'https://www.poundwholesale.co.uk/millions-sour-strawberry-3d-car-air-freshener\'}, {\'supplier_ean\': \'5053249248714\', \'amazon_asin\': \'B006T2450O\', \'supplier_title\': \'Car-Pride White Gloss Spray Paint 400ml\', \'amazon_title\': \'Tetrion\', \'supplier_price\': 1.73, \'amazon_price\': None, \'match_method\': \'EAN\', \'confidence\': \'high\', \'created_at\': \'2025-07-18T10:22:54.011676\', \'supplier_url\': \'https://www.poundwholesale.co.uk/car-pride-white-gloss-spray-paint-400ml\'}, {\'supplier_ean\': \'5055056731885\', \'amazon_asin\': \'B09LHBY2GF\', \'supplier_title\': \'Guilty Pleasures Vanilla & Cherry Cupcake 3D Car Air Freshener\', \'amazon_title\': \'Guilty Pleasure 3D Vanilla CAR FRESHENER\', \'supplier_price\': 0.38, \'amazon_price\': 3.99, \'match_method\': \'EAN\', \'confidence\': \'high\', \'created_at\': \'2025-07-18T10:23:41.006634\', \'supplier_url\': \'https://www.poundwholesale.co.uk/guilty-pleasures-vanilla-cherry-cupcake-3d-car-air-freshener\'}, {\'supplier_ean\': \'5055319531733\', \'amazon_asin\': \'B004SMKX7Q\', \'supplier_title\': \'Auto Extreme Professional Black Alloy Wheel Spray Paint 400ml\', \'amazon_title\': \'Hycote\', \'supplier_price\': 1.81, \'amazon_price\': None, \'match_method\': \'EAN\', \'confidence\': \'high\', \'created_at\': \'2025-07-18T10:23:55.039262\', \'supplier_url\': \'https://www.poundwholesale.co.uk/auto-extreme-professional-black-alloy-wheel-spray-paint-400ml\'}, {\'supplier_ean\': \'5055441459684\', \'amazon_asin\': \'B0DL9TR7T2\', \'supplier_title\': \'Goodyear 2-in-1 Telescopic Handle Scraper\', \'amazon_title\': \'Goodyear Telescopic Handle Scraper - Adjustable Ice Scraper with Extendable Handle | Sturdy Blade for Snow & Ice Removal | Ergonomic Grip | Compact and Durable Design | Ideal for Cars, Trucks & SUVs\', \'supplier_price\': 4.04, \'amazon_price\': 9.21, \'match_method\': \'EAN\', \'confidence\': \'high\', \'created_at\': \'2025-07-18T10:24:48.156817\', \'supplier_url\': \'https://www.poundwholesale.co.uk/goodyear-2-in-1-telescopic-handle-scraper\'}, {\'supplier_ean\': \'5055441427348\', \'amazon_asin\': \'B06XPVGMV8\', \'supplier_title\': \'Goodyear Portable Car Vacuum Cleaner 12V\', \'amazon_title\': \'Goodyear 12V DC Car/Van Cigarette Lighter Corded Vacuum Cleaner Powerful Suction\', \'supplier_price\': 5.72, \'amazon_price\': 10.99, \'match_method\': \'EAN\', \'confidence\': \'high\', \'created_at\': \'2025-07-18T10:25:44.453432\', \'supplier_url\': \'https://www.poundwholesale.co.uk/goodyear-portable-car-vacuum-cleaner-12v\'}, {\'supplier_ean\': \'5055319517027\', \'amazon_asin\': \'B01EQ7TPJE\', \'supplier_title\': \'Rapide DP-60 Multipurpose Maintenance Spray 750ml\', \'amazon_title\': \'Maintenance Oil 750ml Spray Can (DP60)\', \'supplier_price\': 2.77, \'amazon_price\': 6.95, \'match_method\': \'EAN\', \'confidence\': \'high\', \'created_at\': \'2025-07-18T10:26:39.185617\', \'supplier_url\': \'https://www.poundwholesale.co.uk/rapide-dp-60-multipurpose-maintenance-spray-750ml\'}, {\'supplier_ean\': \'5038673410708\', \'amazon_asin\': \'B0D1Y8TCDS\', \'supplier_title\': \'Car Air Fresheners Leaf Assorted CDU\', \'amazon_title\': \'Ikeda Car Fragrance: Hanging Car Air Freshener | 10ml Hanging Car Decoration | 45 Days Long Lasting Fragrance | With Clip | For Car Home | 1 Piece (10ml x 1 Piece, Coconut)\', \'supplier_price\': 0.33, \'amazon_price\': None, \'match_method\': \'EAN\', \'confidence\': \'high\', \'created_at\': \'2025-07-18T10:26:52.496784\', \'supplier_url\': \'https://www.poundwholesale.co.uk/car-air-fresheners-leaf-assorted-cdu\'}, {\'supplier_ean\': \'5053249224053\', \'amazon_asin\': \'B0DMN8CMH8\', \'supplier_title\': \'Tango Car Air Freshener Assorted\', \'amazon_title\': \'10/50/100PCS Custom LOGO Car Bulk Air Fresheners, Custom Air Fresheners for Car Bulk, Air Freshener with Photo, Double-Sided Personalised Photo and Text Car Air Fresheners (10Pcs Square)\', \'supplier_price\': 0.76, \'amazon_price\': None, \'match_method\': \'EAN\', \'confidence\': \'high\', \'created_at\': \'2025-07-18T10:27:03.571134\', \'supplier_url\': \'https://www.poundwholesale.co.uk/tango-car-air-freshener-assorted\'}, {\'supplier_ean\': \'5050375051270\', \'amazon_asin\': \'B00BPN9Z2A\', \'supplier_title\': \'Car Pride Alloy Wheel Cleaning Brush\', \'amazon_title\': \'Car Pride ALLOY WHEEL BRUSH\', \'supplier_price\': 0.71, \'amazon_price\': 3.95, \'match_method\': \'EAN\', \'confidence\': \'high\', \'created_at\': \'2025-07-18T10:27:53.467488\', \'supplier_url\': \'https://www.poundwholesale.co.uk/car-pride-alloy-wheel-cleaning-brush\'}, {\'supplier_ean\': \'5055319519250\', \'amazon_asin\': \'B01MT7OBIO\', \'supplier_title\': \'Auto Extreme Professional Clear Lacquer Spray 400ml\', \'amazon_title\': \'Auto Extreme Clear Lacquer Spray Paint 400ml\', \'supplier_price\': 1.82, \'amazon_price\': 5.32, \'match_method\': \'EAN\', \'confidence\': \'high\', \'created_at\': \'2025-07-18T10:28:54.182013\', \'supplier_url\': \'https://www.poundwholesale.co.uk/auto-extreme-professional-clear-lacquer-spray-400ml\'}, {\'supplier_ean\': \'5055441446578\', \'amazon_asin\': \'B0993MX5GX\', \'supplier_title\': \'Goodyear Waterless Wash & Wax 750ml\', \'amazon_title\': \'GOODYEAR WATERLESS WASH N WAX SPRAY 750ML\', \'supplier_price\': 2.06, \'amazon_price\': 5.93, \'match_method\': \'EAN\', \'confidence\': \'high\', \'created_at\': \'2025-07-18T10:29:47.233890\', \'supplier_url\': \'https://www.poundwholesale.co.uk/goodyear-waterless-wash-wax-750ml\'}, {\'supplier_ean\': \'5055319519113\', \'amazon_asin\': \'B07NJGQ85R\', \'supplier_title\': \'Auto Extreme Automotive Silver Spray Paint 250ml\', \'amazon_title\': \'Auto Extreme Auto Spray Paint Silver, 250 ml\', \'supplier_price\': 0.92, \'amazon_price\': 4.1, \'match_method\': \'EAN\', \'confidence\': \'high\', \'created_at\': \'2025-07-18T10:30:42.274698\', \'supplier_url\': \'https://www.poundwholesale.co.uk/auto-extreme-automotive-silver-spray-paint-250ml\'}, {\'supplier_ean\': \'5055441452210\', \'amazon_asin\': \'B0DH8DT3MS\', \'supplier_title\': \'Goodyear Natural Leather Chamois Cloth Xl\', \'amazon_title\': \'Goodyear Xl Genuine Leather Chamois -natural Chamois, Super Absorbent, Streak, Scratch Free, With Greater Tolerance To Car Cleaners| Stays Soft When Drying| Ideal For Cleaning Of Interior And Exterior\', \'supplier_price\': 3.83, \'amazon_price\': 5.99, \'match_method\': \'EAN\', \'confidence\': \'high\', \'created_at\': \'2025-07-18T10:31:39.934257\', \'supplier_url\': \'https://www.poundwholesale.co.uk/goodyear-natural-leather-chamois-cloth-xl\'}, {\'supplier_ean\': \'5050375045439\', \'amazon_asin\': \'B003L6U0NC\', \'supplier_title\': \'Car-Pride Microfibre Mitt 3 Assorted Colours\', \'amazon_title\': \'Car Pride Microfibre Magic Mitt - Dusts, Scrubs, Cleans and Polishes\', \'supplier_price\': 0.98, \'amazon_price\': 4.34, \'match_method\': \'EAN\', \'confidence\': \'high\', \'created_at\': \'2025-07-18T10:32:54.935150\', \'supplier_url\': \'https://www.poundwholesale.co.uk/microfibre-mitt\'}, {\'supplier_ean\': \'5055441446516\', \'amazon_asin\': \'B0D9YH94ZQ\', \'supplier_title\': \'Goodyear Gloss Tyre Shine 750ml\', \'amazon_title\': \'Auto Xpert Slick Shine, Premium Tyre Dressing, Long Lasting Wet-Look Finish, Protects Against Water and Dust, Easy to Apply, All Weather Tyre Protection. (5 Litre)\', \'supplier_price\': 1.39, \'amazon_price\': None, \'match_method\': \'EAN\', \'confidence\': \'high\', \'created_at\': \'2025-07-18T10:33:09.394012\', \'supplier_url\': \'https://www.poundwholesale.co.uk/goodyear-gloss-tyre-shine-750ml\'}, {\'supplier_ean\': \'5055441449166\', \'amazon_asin\': \'B0D11XP9V1\', \'supplier_title\': \'Goodyear Microfibre Buffing Cloth Large 40cm\', \'amazon_title\': \'Goodyear Microfibre Buffing Cloth I Specially designed microfibre cloth for polishing and buffing your vehicle | Showroom finish | Microfibre attract more dirt than normal cloth | Machine washable\', \'supplier_price\': 0.85, \'amazon_price\': 1.99, \'match_method\': \'EAN\', \'confidence\': \'high\', \'created_at\': \'2025-07-18T10:34:04.595027\', \'supplier_url\': \'https://www.poundwholesale.co.uk/goodyear-microfibre-buffing-cloth-large-40cm\'}, {\'supplier_ean\': \'5055319529877\', \'amazon_asin\': \'B07Y1V1WMW\', \'supplier_title\': \'Rapide Copper Grease Spray 250ml\', \'amazon_title\': \'Rapide 300ml Copper Grease Aerosol Spray Lubricant Can Anti Seize Brake Pad Squeal Oil\', \'supplier_price\': 1.07, \'amazon_price\': 4.95, \'match_method\': \'EAN\', \'confidence\': \'high\', \'created_at\': \'2025-07-18T10:34:58.176694\', \'supplier_url\': \'https://www.poundwholesale.co.uk/rapide-copper-grease-spray-250ml\'}, {\'supplier_ean\': \'5055441446752\', \'amazon_asin\': \'B0DJWDHG1Y\', \'supplier_title\': \'Goodyear Hydrophobic Polymer Formulation Wash & Wax 2.5l\', \'amazon_title\': \'Goodyear Wash And Wax Hydrophobic Polymer 2.5 Ltr | Leaves A Glossy Just Waxed Deep Protective Shine | Polymer-acrylic Polyethylene Copolymer Wax | Effectively Cleans Dirt And Grime From Your Vehicle\', \'supplier_price\': 3.05, \'amazon_price\': 5.99, \'match_method\': \'EAN\', \'confidence\': \'high\', \'created_at\': \'2025-07-18T10:35:51.556162\', \'supplier_url\': \'https://www.poundwholesale.co.uk/goodyear-hydrophobic-polymer-formulation-wash-wax-2-5l\'}, {\'supplier_ean\': \'5055056731892\', \'amazon_asin\': \'B094HGXWJC\', \'supplier_title\': \'Guilty Pleasures Strawberry Doughnut 3D Car Air Freshener\', \'amazon_title\': \'GUILTY PLEASURES STRAWBERRY DOUGHNUT 3D CAR AIR FRESHENER\', \'supplier_price\': 0.38, \'amazon_price\': 1.5, \'match_method\': \'EAN\', \'confidence\': \'high\', \'created_at\': \'2025-07-18T10:36:38.989576\', \'supplier_url\': \'https://www.poundwholesale.co.uk/guilty-pleasures-strawberry-doughnut-3d-car-air-freshener\'}, {\'supplier_ean\': \'5055319519236\', \'amazon_asin\': \'B07NJGT1BN\', \'supplier_title\': \'Auto Extreme Professional Grey Primer Spray Paint 400ml\', \'amazon_title\': \'Auto Extreme Auto Extreme Grey Primer, 400 ml\', \'supplier_price\': 1.82, \'amazon_price\': 5.44, \'match_method\': \'EAN\', \'confidence\': \'high\', \'created_at\': \'2025-07-18T10:37:31.087578\', \'supplier_url\': \'https://www.poundwholesale.co.uk/auto-extreme-professional-grey-primer-spray-paint-400ml\'}, {\'supplier_ean\': \'5055441453309\', \'amazon_asin\': \'B094DFY8PC\', \'supplier_title\': \'Goodyear Anti-Smear Blue Screenwash 5L\', \'amazon_title\': \'Prestone\', \'supplier_price\': 2.7, \'amazon_price\': None, \'match_method\': \'EAN\', \'confidence\': \'high\', \'created_at\': \'2025-07-18T10:37:44.323618\', \'supplier_url\': \'https://www.poundwholesale.co.uk/goodyear-anti-smear-blue-screenwash-5l\'}, {\'supplier_ean\': \'5055319558839\', \'amazon_asin\': \'B0CTCSZD1T\', \'supplier_title\': \'Auto Extreme Microfibre Wheel Wash Brush 46cm\', \'amazon_title\': \'Xtremeauto\', \'supplier_price\': 2.79, \'amazon_price\': None, \'match_method\': \'EAN\', \'confidence\': \'high\', \'created_at\': \'2025-07-18T10:37:55.429624\', \'supplier_url\': \'https://www.poundwholesale.co.uk/auto-extreme-microfibre-wheel-wash-brush-46cm\'}, {\'supplier_ean\': \'5055319511995\', \'amazon_asin\': \'B09C44BVZY\', \'supplier_title\': \'Auto Extreme Professional Red Gloss Brake Caliper Spray Paint 400ml\', \'amazon_title\': \'Tailored Paint\', \'supplier_price\': 2.73, \'amazon_price\': None, \'match_method\': \'EAN\', \'confidence\': \'high\', \'created_at\': \'2025-07-18T10:38:08.805743\', \'supplier_url\': \'https://www.poundwholesale.co.uk/auto-extreme-professional-red-gloss-brake-caliper-spray-paint-400ml\'}, {\'supplier_ean\': \'5055319519205\', \'amazon_asin\': \'B09DYZTY7G\', \'supplier_title\': \'Auto Extreme Professional Black Matt Spray Paint 400ml\', \'amazon_title\': \'Classic Signature - 1 x Auto Extreme Black Matt Spray Paint 400ml, Professional Quality, Perfect Finish for Cars, Bikes,Vans, Metal, Wood\', \'supplier_price\': 1.82, \'amazon_price\': 6.89, \'match_method\': \'EAN\', \'confidence\': \'high\', \'created_at\': \'2025-07-18T10:38:58.185842\', \'supplier_url\': \'https://www.poundwholesale.co.uk/auto-extreme-professional-black-matt-spray-paint-400ml\'}, {\'supplier_ean\': \'5055319531818\', \'amazon_asin\': \'B000LD4V2E\', \'supplier_title\': \'Auto Extreme Professional Black Bumper & Trim Spray Paint 400ml\', \'amazon_title\': \'Hycote\', \'supplier_price\': 1.81, \'amazon_price\': None, \'match_method\': \'EAN\', \'confidence\': \'high\', \'created_at\': \'2025-07-18T10:39:11.840698\', \'supplier_url\': \'https://www.poundwholesale.co.uk/auto-extreme-professional-black-bumper-trim-spray-paint-400ml\'}, {\'supplier_ean\': \'5053249226576\', \'amazon_asin\': \'B07CZHPQRY\', \'supplier_title\': \'151 Super Maintenance Spray 200ml\', \'amazon_title\': \'151 Products 2X Super Multipurpose Oil - 200ml, 20ml x 10, Bike Chain, Multipurpose, 0.26kg\', \'supplier_price\': 1.14, \'amazon_price\': 5.28, \'match_method\': \'EAN\', \'confidence\': \'high\', \'created_at\': \'2025-07-18T10:40:10.708714\', \'supplier_url\': \'https://www.poundwholesale.co.uk/supermaintenance-spray-300ml\'}, {\'supplier_ean\': \'5050375083813\', \'amazon_asin\': \'B0DG2QVKZL\', \'supplier_title\': \'Car Pride Interior Clean & Shine 300ml\', \'amazon_title\': \'Hoover HF1 Plus Cordless Stick Vacuum Cleaner with Turbo Suction Mode, Up to 45 Min Runtime, LED Lights, Multi-Floor Nozzle, Anti Hair Wrap, Handheld Capability, 165w [HF1P10H]\', \'supplier_price\': 0.95, \'amazon_price\': 99.0, \'match_method\': \'EAN\', \'confidence\': \'high\', \'created_at\': \'2025-07-18T10:41:15.031823\', \'supplier_url\': \'https://www.poundwholesale.co.uk/interior-clean-shine-300ml\'}, {\'supplier_ean\': \'5055319519120\', \'amazon_asin\': \'B07NJGQFPJ\', \'supplier_title\': \'Auto Extreme Automotive White Primer Spray Paint 250ml\', \'amazon_title\': \'Auto Extreme Auto Spray White Primer, 250 ml\', \'supplier_price\': 0.92, \'amazon_price\': 5.19, \'match_method\': \'EAN\', \'confidence\': \'high\', \'created_at\': \'2025-07-18T10:42:08.243130\', \'supplier_url\': \'https://www.poundwholesale.co.uk/auto-extreme-automotive-white-primer-spray-paint-250ml\'}, {\'supplier_ean\': \'5055441449128\', \'amazon_asin\': \'B0DF3573G7\', \'supplier_title\': \'Goodyear Microfibre Wash & Dry Cloth Large 40cm\', \'amazon_title\': \'Goodyear Microfibre Wash and Dry Cloth Large Specially designed microfibre cloth for washing and drying your vehicle |Dual purpose |Microfibres attract more dirt than a normal cloth| Machine washable\', \'supplier_price\': 0.8, \'amazon_price\': 5.03, \'match_method\': \'EAN\', \'confidence\': \'high\', \'created_at\': \'2025-07-18T10:42:56.491855\', \'supplier_url\': \'https://www.poundwholesale.co.uk/goodyear-microfibre-wash-dry-cloth-large-40cm\'}, {\'supplier_ean\': \'5050375084087\', \'amazon_asin\': \'B004V424UK\', \'supplier_title\': \'Car Pride Tyre Shine 300ml\', \'amazon_title\': \'151 CAR VAN BIKE TYRE SHINE WET LOOK SPRAY BLACK\', \'supplier_price\': 0.93, \'amazon_price\': 4.2, \'match_method\': \'EAN\', \'confidence\': \'high\', \'created_at\': \'2025-07-18T10:43:52.714822\', \'supplier_url\': \'https://www.poundwholesale.co.uk/tyre-shine-300ml\'}, {\'supplier_ean\': \'5052578042604\', \'amazon_asin\': \'B089P24HXC\', \'supplier_title\': \'Bettina Natural Chamois Leather Cloth 30cm X 30cm\', \'amazon_title\': \'CarMax® English Premium Grade Natural Chamois Leather - Large - Perfect for drying off the whole car, glass, mirrors, inside and out, super soft and highly absorbent, Made in the UK\', \'supplier_price\': 0.91, \'amazon_price\': None, \'match_method\': \'EAN\', \'confidence\': \'high\', \'created_at\': \'2025-07-18T10:44:06.608980\', \'supplier_url\': \'https://www.poundwholesale.co.uk/bettina-chamois-leather-cloth\'}, {\'supplier_ean\': \'5055319512008\', \'amazon_asin\': \'B0D6N5WJK2\', \'supplier_title\': \'Auto Extreme Professional Yellow Gloss Brake Caliper Spray Paint 400ml\', \'amazon_title\': \'AX PRO Break Caliper Spray Yellow Gloss 400ml\', \'supplier_price\': 2.73, \'amazon_price\': 4.87, \'match_method\': \'EAN\', \'confidence\': \'high\', \'created_at\': \'2025-07-18T10:44:49.215843\', \'supplier_url\': \'https://www.poundwholesale.co.uk/auto-extreme-professional-yellow-gloss-brake-caliper-spray-paint-400ml\'}, {\'supplier_ean\': \'5055441452173\', \'amazon_asin\': \'B0DF358GFW\', \'supplier_title\': \'Goodyear Microfibre Window Cloth Large 40cm X 40cm\', \'amazon_title\': \'Goodyear microfibre Window Cloth I Designed Microfiber Cloth for windscreens, windows and mirrors| Statically charged cleaning| Leaves lint free finish| Ideal for effective cleaning of glass surfaces\', \'supplier_price\': 1.06, \'amazon_price\': 1.99, \'match_method\': \'EAN\', \'confidence\': \'high\', \'created_at\': \'2025-07-18T10:45:39.365206\', \'supplier_url\': \'https://www.poundwholesale.co.uk/goodyear-microfibre-window-cloth-large-40cm-x-40cm\'}, {\'supplier_ean\': \'5052578414708\', \'amazon_asin\': \'B0BG8HY6NL\', \'supplier_title\': \'Bettina Giant Car Sponge\', \'amazon_title\': \'Xtremeauto\', \'supplier_price\': 0.87, \'amazon_price\': None, \'match_method\': \'EAN\', \'confidence\': \'high\', \'created_at\': \'2025-07-18T10:45:52.603673\', \'supplier_url\': \'https://www.poundwholesale.co.uk/bettina-giant-car-sponge\'}, {\'supplier_ean\': \'5050375083967\', \'amazon_asin\': \'B004V423RY\', \'supplier_title\': \'Car Pride Window & Mirror Cleaner 300ml\', \'amazon_title\': \'WINDOW MIRROR GLASS CERAMIC CLEANER - NON SMEAR\', \'supplier_price\': 0.97, \'amazon_price\': 4.45, \'match_method\': \'EAN_cached\', \'confidence\': \'low\', \'created_at\': \'2025-07-18T10:45:52.672388\', \'supplier_url\': \'https://www.poundwholesale.co.uk/window-mirror-cleaner-300ml\'}, {\'supplier_ean\': \'5055441444536\', \'amazon_asin\': \'B0DF33XNMX\', \'supplier_title\': \'Goodyear Luxury Deep Pile Microfibre 2-In-1 Valet Cloth 45cm X 38cm\', \'amazon_title\': \'Goodyear Luxury Valet Cloth Large Deep pile for absorbency| For showroom perfect finish |2 in 1 luxury car cloth| Microfibre technology| Cleaning fibre| Satin safety edging protects against scratching\', \'supplier_price\': 3.02, \'amazon_price\': 7.0, \'match_method\': \'EAN\', \'confidence\': \'high\', \'created_at\': \'2025-07-18T10:46:44.263284\', \'supplier_url\': \'https://www.poundwholesale.co.uk/goodyear-luxury-deep-pile-microfibre-2-in-1-valet-cloth-45cm-x-38cm\'}, {\'supplier_ean\': \'5055441446554\', \'amazon_asin\': \'B0DJWFVY3H\', \'supplier_title\': \'Goodyear Snow Foam Pre-Wash Shampoo 1l\', \'amazon_title\': \'Goodyear 1L Snow Foam Cherry Scent Pressure Washer Or Foam Lancer | Covers The Vehicle In A Rich Blanket Of Foam | Gently Loosen Dirt & Heavy Soiling | More Concentrated Solution The Thicker The Foam\', \'supplier_price\': 2.54, \'amazon_price\': 7.99, \'match_method\': \'EAN\', \'confidence\': \'high\', \'created_at\': \'2025-07-18T10:47:33.544513\', \'supplier_url\': \'https://www.poundwholesale.co.uk/goodyear-cherry-snow-form-pre-wash-shampoo-1l\'}, {\'supplier_ean\': \'5055319519021\', \'amazon_asin\': \'B09FLXRC5F\', \'supplier_title\': \'Auto Extreme Automotive White Gloss Spray Paint 250ml\', \'amazon_title\': \'Classic Signature - 1 x Auto Extreme White Gloss Spray Paint 250ml Professional Quality, Perfect Finish for Cars, Bikes,Vans, Metal, Wood\', \'supplier_price\': 0.92, \'amazon_price\': 5.47, \'match_method\': \'EAN\', \'confidence\': \'high\', \'created_at\': \'2025-07-18T10:48:41.581930\', \'supplier_url\': \'https://www.poundwholesale.co.uk/auto-extreme-automotive-white-gloss-spray-paint-250ml\'}, {\'supplier_ean\': \'5055319519274\', \'amazon_asin\': \'B09F9MVQS1\', \'supplier_title\': \'Auto Extreme Professional Blue Gloss Spray Paint 400ml\', \'amazon_title\': \'Classic Signature - 1 x Auto Extreme Blue Gloss Spray Paint 400ml, Professional Quality, Perfect Finish for Cars, Bikes,Vans, Metal, Wood\', \'supplier_price\': 1.82, \'amazon_price\': 6.89, \'match_method\': \'EAN\', \'confidence\': \'high\', \'created_at\': \'2025-07-18T10:49:36.222143\', \'supplier_url\': \'https://www.poundwholesale.co.uk/auto-extreme-professional-blue-gloss-spray-paint-400ml\'}, {\'supplier_ean\': \'5050375127340\', \'amazon_asin\': \'B076DD8QMP\', \'supplier_title\': \'Tango Car Air Freshener CDU Assorted Fragrances\', \'amazon_title\': \'Tango Liquid Car Air Freshener 4pk - Cherry Orange Apple & Lemon\', \'supplier_price\': 0.74, \'amazon_price\': 5.49, \'match_method\': \'EAN\', \'confidence\': \'high\', \'created_at\': \'2025-07-18T10:50:21.970905\', \'supplier_url\': \'https://www.poundwholesale.co.uk/tango-car-air-freshener-cdu-assorted-fragrances\'}, {\'supplier_ean\': \'5055319519243\', \'amazon_asin\': \'B07NJHJC44\', \'supplier_title\': \'Auto Extreme Professional Silver Wheel Spray Paint 400ml\', \'amazon_title\': \'Auto Extreme Silver Wheel, 400 ml\', \'supplier_price\': 1.82, \'amazon_price\': 5.5, \'match_method\': \'EAN\', \'confidence\': \'high\', \'created_at\': \'2025-07-18T10:51:15.720754\', \'supplier_url\': \'https://www.poundwholesale.co.uk/auto-extreme-professional-silver-wheel-spray-paint-400ml\'}, {\'supplier_ean\': \'5055319530798\', \'amazon_asin\': \'B0BZQ9D3SS\', \'supplier_title\': \'Auto Extreme Ocean Breeze In-Car Fragrance Air Freshener Spray 100ml\', \'amazon_title\': \'Car Air Freshener for Men with Vent Clip | Strong Perfume Automotive Air Freshener | Odour Eliminating Technology with Vent Clip | Car Air Fresheners by Perfa\', \'supplier_price\': 0.65, \'amazon_price\': None, \'match_method\': \'EAN\', \'confidence\': \'high\', \'created_at\': \'2025-07-18T10:51:27.401020\', \'supplier_url\': \'https://www.poundwholesale.co.uk/auto-extreme-ocean-breeze-in-car-fragrance-air-freshener-spray-100ml\'}, {\'supplier_ean\': \'5052578047807\', \'amazon_asin\': \'B0FB44TV8Y\', \'supplier_title\': \'Bettina Microfibre Ultra Buff Car Cloths 3pc\', \'amazon_title\': \'Towelogy\', \'supplier_price\': 1.79, \'amazon_price\': None, \'match_method\': \'EAN\', \'confidence\': \'high\', \'created_at\': \'2025-07-18T10:51:38.488644\', \'supplier_url\': \'https://www.poundwholesale.co.uk/bettina-microfibre-ultra-buff-car-cloths-3pc\'}, {\'supplier_ean\': \'5055441446714\', \'amazon_asin\': \'B0DFPVL488\', \'supplier_title\': \'Goodyear Silicone Window Squeegee 30cm\', \'amazon_title\': \'Goodyear Silicone Window Squeegee Ideal For Car Bodywork, Showers, Windows And Other Smooth Surfaces| Soft Silicone Blade| Removes 95% Of Standing Water| V-shaped Grip| Reusable And Long Lasting\', \'supplier_price\': 1.99, \'amazon_price\': 3.99, \'match_method\': \'EAN\', \'confidence\': \'high\', \'created_at\': \'2025-07-18T10:52:28.920921\', \'supplier_url\': \'https://www.poundwholesale.co.uk/goodyear-silicone-window-squeegee-30cm\'}, {\'supplier_ean\': \'5055319528030\', \'amazon_asin\': \'B0DJM5VWR6\', \'supplier_title\': \'Rapide DP-60 Penetrating Maintenance Spray 100ml CDU\', \'amazon_title\': \'PNJB\', \'supplier_price\': 0.79, \'amazon_price\': None, \'match_method\': \'EAN\', \'confidence\': \'high\', \'created_at\': \'2025-07-18T10:52:43.308895\', \'supplier_url\': \'https://www.poundwholesale.co.uk/rapide-dp-60-penetrating-maintenance-spray-100ml-cdu\'}, {\'supplier_ean\': \'5052578047708\', \'amazon_asin\': \'B09D7HXXXT\', \'supplier_title\': \'Bettina Assorted Microfibre Car Rags Bag\', \'amazon_title\': \'MR.SIGA\', \'supplier_price\': 1.79, \'amazon_price\': None, \'match_method\': \'EAN\', \'confidence\': \'high\', \'created_at\': \'2025-07-18T10:52:56.953180\', \'supplier_url\': \'https://www.poundwholesale.co.uk/bettina-assorted-microfibre-car-rags-bag\'}, {\'supplier_ean\': \'8008990001061\', \'amazon_asin\': \'B00BFXBBHM\', \'supplier_title\': \'Classic Professional Car Sponge 15cm X 11cm X 5.5cm\', \'amazon_title\': \'Générique Auto Care – Wash Synthetic Sponge Pro Classic\', \'supplier_price\': 0.62, \'amazon_price\': 3.89, \'match_method\': \'EAN\', \'confidence\': \'high\', \'created_at\': \'2025-07-18T10:53:42.902436\', \'supplier_url\': \'https://www.poundwholesale.co.uk/classic-professional-car-sponge-15cm-x-11cm-x-5-5cm\'}, {\'supplier_ean\': \'5055319529891\', \'amazon_asin\': \'B0CXN6VDPT\', \'supplier_title\': \'Rapide Multi Lube Oil Spray 250ml\', \'amazon_title\': \'Multi Lube Oil Spray High Performance Lubricates Cleans Prevents Rust - 300ml\', \'supplier_price\': 1.07, \'amazon_price\': 5.49, \'match_method\': \'EAN\', \'confidence\': \'high\', \'created_at\': \'2025-07-18T10:54:33.090475\', \'supplier_url\': \'https://www.poundwholesale.co.uk/rapide-multi-lube-oil-spray-250ml\'}, {\'supplier_ean\': \'5055319599559\', \'amazon_asin\': \'B07NJGVPVQ\', \'supplier_title\': \'Auto Extreme Professional Chrome Effect Spray Paint 400ml\', \'amazon_title\': \'Auto Extreme Auto Spray Chrome, 400 ml\', \'supplier_price\': 2.03, \'amazon_price\': 4.99, \'match_method\': \'EAN\', \'confidence\': \'high\', \'created_at\': \'2025-07-18T10:55:42.978833\', \'supplier_url\': \'https://www.poundwholesale.co.uk/auto-extreme-professional-chrome-effect-spray-paint-400ml\'}, {\'supplier_ean\': \'5053249228563\', \'amazon_asin\': \'B07R97BMMC\', \'supplier_title\': \'Carpride Alloy Wheel Spray Paint Matt Black\', \'amazon_title\': \'Car Pride 400ml High Grade Car Alloy Wheel Matt Black Fantastic Finish Surface Aerosol Spray Paint Can\', \'supplier_price\': 1.67, \'amazon_price\': 5.69, \'match_method\': \'EAN\', \'confidence\': \'high\', \'created_at\': \'2025-07-18T10:56:35.936258\', \'supplier_url\': \'https://www.poundwholesale.co.uk/carpride-alloy-wheel-spray-paint-matt-black\'}, {\'supplier_ean\': \'5055319519045\', \'amazon_asin\': \'B07NJFYFZR\', \'supplier_title\': \'Auto Extreme Silver Wheel Spray Paint 250ml\', \'amazon_title\': \'Auto Extreme Auto Spray Silver Wheel, 250 ml\', \'supplier_price\': 0.92, \'amazon_price\': 4.5, \'match_method\': \'EAN\', \'confidence\': \'high\', \'created_at\': \'2025-07-18T10:57:32.469691\', \'supplier_url\': \'https://www.poundwholesale.co.uk/auto-extreme-silver-wheel-spray-paint-250ml\'}, {\'supplier_ean\': \'5055319519212\', \'amazon_asin\': \'B09DYXN6YF\', \'supplier_title\': \'Auto Extreme Professional Black Gloss Spray Paint 400ml\', \'amazon_title\': \'Classic Signature - 1 x Auto Extreme Black Gloss Spray Paint 400ml, Professional Quality, Perfect Finish for Cars, Bikes,Vans, Metal, Wood\', \'supplier_price\': 1.82, \'amazon_price\': 6.89, \'match_method\': \'EAN\', \'confidence\': \'high\', \'created_at\': \'2025-07-18T10:58:29.850682\', \'supplier_url\': \'https://www.poundwholesale.co.uk/auto-extreme-professional-black-gloss-spray-paint-400ml\'}, {\'supplier_ean\': \'5056170362405\', \'amazon_asin\': \'B006UCJ5NU\', \'supplier_title\': \'Bloc Multipurpose Penetrating Maintenance Spray 250ml\', \'amazon_title\': \'WD-40 Specialist\', \'supplier_price\': 1.03, \'amazon_price\': None, \'match_method\': \'EAN\', \'confidence\': \'high\', \'created_at\': \'2025-07-18T10:58:41.438173\', \'supplier_url\': \'https://www.poundwholesale.co.uk/bloc-multipurpose-penetrating-maintenance-spray-250ml\'}, {\'supplier_ean\': \'5055319519106\', \'amazon_asin\': \'B09FLX734G\', \'supplier_title\': \'Auto Extreme Automotive Black Satin Spray Paint 250ml\', \'amazon_title\': \'Classic Signature - 1 x Black Satin Auto Extreme Spray Paint 250ml Professional Quality, Perfect Finish for Cars, Bikes,Vans, Metal, Wood\', \'supplier_price\': 0.92, \'amazon_price\': 5.47, \'match_method\': \'EAN\', \'confidence\': \'high\', \'created_at\': \'2025-07-18T10:59:37.654163\', \'supplier_url\': \'https://www.poundwholesale.co.uk/auto-extreme-automotive-black-satin-spray-paint-250ml\'}, {\'supplier_ean\': \'5053249248677\', \'amazon_asin\': \'B000LD4V2E\', \'supplier_title\': \'Car Pride Black Gloss Spray Paint 400ml\', \'amazon_title\': \'Hycote\', \'supplier_price\': 1.73, \'amazon_price\': None, \'match_method\': \'EAN\', \'confidence\': \'high\', \'created_at\': \'2025-07-18T10:59:51.150021\', \'supplier_url\': \'https://www.poundwholesale.co.uk/car-pride-black-gloss-spray-paint-400ml\'}, {\'supplier_ean\': \'5050375064300\', \'amazon_asin\': \'B01M0JVPJD\', \'supplier_title\': \'Car-Pride Quick Fix Tyre Repair 300ml\', \'amazon_title\': \'2 X QUICK FIX CAR EMERGENCY FLAT TYRE INFLATE PUNCTURE REPAIR KIT\', \'supplier_price\': 1.77, \'amazon_price\': 7.74, \'match_method\': \'EAN\', \'confidence\': \'high\', \'created_at\': \'2025-07-18T11:00:47.582374\', \'supplier_url\': \'https://www.poundwholesale.co.uk/quick-fix-tyre-repair\'}, {\'supplier_ean\': \'5055441446530\', \'amazon_asin\': \'B0993N1H9T\', \'supplier_title\': \'Goodyear Car Cockpit Cleaner 750ml\', \'amazon_title\': \'Goodyear Cockpit Cleaner 750ml- Effectively Cleans Dirt, Dust And Grime From the Dashboard And Surroundings| Protects Against Water And Dust Helping to Leave a Showroom Shine| Spray Weight 820g\', \'supplier_price\': 1.39, \'amazon_price\': 5.13, \'match_method\': \'EAN\', \'confidence\': \'high\', \'created_at\': \'2025-07-18T11:01:48.222908\', \'supplier_url\': \'https://www.poundwholesale.co.uk/goodyear-cherry-scent-car-cockpit-cleaner-750ml\'}, {\'supplier_ean\': \'5055319519281\', \'amazon_asin\': \'B07NJGV658\', \'supplier_title\': \'Auto Extreme Professional Yellow Gloss Spray Paint 400ml\', \'amazon_title\': \'Auto Extreme Auto Extreme Yellow, 400 ml\', \'supplier_price\': 1.96, \'amazon_price\': 5.49, \'match_method\': \'EAN\', \'confidence\': \'high\', \'created_at\': \'2025-07-18T11:02:38.788885\', \'supplier_url\': \'https://www.poundwholesale.co.uk/auto-extreme-professional-yellow-gloss-spray-paint-400ml\'}, {\'supplier_ean\': \'5056175980970\', \'amazon_asin\': \'B095HTD46T\', \'supplier_title\': \'Auto Extras Jar Candle Air Freshener 3 Pack Assorted\', \'amazon_title\': \'CRISTALINAS\', \'supplier_price\': 0.54, \'amazon_price\': None, \'match_method\': \'EAN\', \'confidence\': \'high\', \'created_at\': \'2025-07-18T11:02:51.951099\', \'supplier_url\': \'https://www.poundwholesale.co.uk/auto-extras-jar-candle-air-freshener-3-pack-assorted\'}, {\'supplier_ean\': \'5055319529914\', \'amazon_asin\': \'B07XZF187M\', \'supplier_title\': \'Rapide PTFE Lubricant Spray 250ml\', \'amazon_title\': \'Rapide 300ml PTFE Grease Aerosol Spray Lubricant Can Chains Belts Cables Oil\', \'supplier_price\': 1.07, \'amazon_price\': 4.99, \'match_method\': \'EAN\', \'confidence\': \'high\', \'created_at\': \'2025-07-18T11:03:38.329354\', \'supplier_url\': \'https://www.poundwholesale.co.uk/rapide-ptfe-lubricant-spray-250ml\'}, {\'supplier_ean\': \'5055441449203\', \'amazon_asin\': \'B0D12237Y2\', \'supplier_title\': \'Goodyear Expanding Car Cleaning Sponge\', \'amazon_title\': \'Goodyear Tyre and Wheel Deep Cleaning Multi-Purpose Brush | Ideal for Vehicle Tyres | Ergonomic L-Style Handle | Wide Curved Brush Head Covers Larger Surface | Removes Dirt and Grime\', \'supplier_price\': 0.72, \'amazon_price\': 0.99, \'match_method\': \'EAN\', \'confidence\': \'high\', \'created_at\': \'2025-07-18T11:04:31.759859\', \'supplier_url\': \'https://www.poundwholesale.co.uk/goodyear-expanding-car-cleaning-sponge\'}, {\'supplier_ean\': \'5053249229768\', \'amazon_asin\': \'B0BZQ8C6CS\', \'supplier_title\': \'Chupa Chups Car Air Fresheners CDU Assorted Fragrances\', \'amazon_title\': \'One Million Car Air Freshener for Men | Strong Perfume Automotive Freshener | Odour Eliminating Technology with Vent Clip | Long Lasting Car Air Freshener by Perfa\', \'supplier_price\': 0.87, \'amazon_price\': None, \'match_method\': \'EAN\', \'confidence\': \'high\', \'created_at\': \'2025-07-18T11:04:43.364574\', \'supplier_url\': \'https://www.poundwholesale.co.uk/chupa-chups-car-air-fresheners-cdu-assorted-fragrances\'}, {\'supplier_ean\': \'5050375002197\', \'amazon_asin\': \'B01MQHS127\', \'supplier_title\': \'Car Pride Stitched Natural Chamois Leather\', \'amazon_title\': \'151 NATURAL CHAMOIS LEATHER\', \'supplier_price\': 0.85, \'amazon_price\': 3.19, \'match_method\': \'EAN\', \'confidence\': \'high\', \'created_at\': \'2025-07-18T11:06:00.876295\', \'supplier_url\': \'https://www.poundwholesale.co.uk/stitched-natural-chamois-leather\'}, {\'supplier_ean\': \'5055441446431\', \'amazon_asin\': \'B0992QG9QK\', \'supplier_title\': \'Goodyear Instant Valet Upholstery Cleaner 750ml\', \'amazon_title\': \'GOODYEAR INSTANT VALET UPHOLSTERY CLEANER SPRAY 750ML\', \'supplier_price\': 1.4, \'amazon_price\': 5.27, \'match_method\': \'EAN\', \'confidence\': \'high\', \'created_at\': \'2025-07-18T11:06:52.375016\', \'supplier_url\': \'https://www.poundwholesale.co.uk/goodyear-instant-valet-upholstery-cleaner-750ml\'}, {\'supplier_ean\': \'5053249245751\', \'amazon_asin\': \'B0BLL3XTRB\', \'supplier_title\': \'Car Pride Clean & Dry Microfibre Cloth\', \'amazon_title\': \'CARPRIDE® Clean and Dry Microfibre Cloth | For Car Exterior and Interior | 30 x 30 cm | Brown\', \'supplier_price\': 0.76, \'amazon_price\': 2.95, \'match_method\': \'EAN\', \'confidence\': \'high\', \'created_at\': \'2025-07-18T11:07:43.161406\', \'supplier_url\': \'https://www.poundwholesale.co.uk/car-pride-clean-dry-microfibre-cloth\'}, {\'supplier_ean\': \'8008990001047\', \'amazon_asin\': \'B0DJFRHQ3H\', \'supplier_title\': \'Flash Car Synthetic Chamois Large\', \'amazon_title\': \'FLASH\', \'supplier_price\': 1.42, \'amazon_price\': None, \'match_method\': \'EAN\', \'confidence\': \'high\', \'created_at\': \'2025-07-18T11:08:10.161535\', \'supplier_url\': \'https://www.poundwholesale.co.uk/flash-car-synthetic-chamois-large\'}, {\'supplier_ean\': \'5050375084148\', \'amazon_asin\': \'B07FRGHHQR\', \'supplier_title\': \'Car Pride Black Pack 300ml\', \'amazon_title\': \'Car Pride Black Pack Spray For Plastic Bumper & Exterior Trim Restorer 300ml\', \'supplier_price\': 0.93, \'amazon_price\': 4.49, \'match_method\': \'EAN_cached\', \'confidence\': \'low\', \'created_at\': \'2025-07-18T11:08:10.231134\', \'supplier_url\': \'https://www.poundwholesale.co.uk/black-pack-300ml\'}, {\'supplier_ean\': \'5055319519311\', \'amazon_asin\': \'B07NJH9XCY\', \'supplier_title\': \'Auto Extreme Professional Racing Green Gloss Spray Paint 400ml\', \'amazon_title\': \'Auto Extreme Racing Green, 400 ml\', \'supplier_price\': 1.96, \'amazon_price\': 5.65, \'match_method\': \'EAN\', \'confidence\': \'high\', \'created_at\': \'2025-07-18T11:09:04.876820\', \'supplier_url\': \'https://www.poundwholesale.co.uk/auto-extreme-professional-racing-green-gloss-spray-paint-400ml\'}, {\'supplier_ean\': \'5055319519137\', \'amazon_asin\': \'B07NJFXL6R\', \'supplier_title\': \'Auto Extreme Red Primer Spray Paint 250ml\', \'amazon_title\': \'Auto Extreme Auto Spray Red Primer, 250 ml\', \'supplier_price\': 0.92, \'amazon_price\': 4.35, \'match_method\': \'EAN\', \'confidence\': \'high\', \'created_at\': \'2025-07-18T11:09:55.460107\', \'supplier_url\': \'https://www.poundwholesale.co.uk/mean-machine-auto-spray-red-primer-250ml\'}, {\'supplier_ean\': \'5038673050010\', \'amazon_asin\': \'B0FC6D5VDG\', \'supplier_title\': \'Portable Wet & Dry Auto Vacuum Cleaner\', \'amazon_title\': \'HYCHIKA 3 in 1 Wet and Dry Vacuum Cleaner, Power: 1200 W, 20 L Stainless Steel Tank, 6 M+ Cleaning Range (2.5 M Power Cores + 3.5 M Soft & Hard Hose), for Garden Outdoor Floor Sofa Cleaning\', \'supplier_price\': 10.18, \'amazon_price\': None, \'match_method\': \'EAN\', \'confidence\': \'high\', \'created_at\': \'2025-07-18T11:10:08.518609\', \'supplier_url\': \'https://www.poundwholesale.co.uk/portable-wet-dry-auto-vacuum-cleaner\'}, {\'supplier_ean\': \'5052578034708\', \'amazon_asin\': \'B0CKTH6LDT\', \'supplier_title\': \'Bettina Microfibre Car Cloths 2 Pack\', \'amazon_title\': \'CarMax® - Original Twisted Loop Car Drying Towel - Double-Sided XXL - 90cm x 60cm 1400gsm Microfibre Towel for fast streak-free drying and detailing.\', \'supplier_price\': 0.79, \'amazon_price\': 17.99, \'match_method\': \'EAN_cached\', \'confidence\': \'low\', \'created_at\': \'2025-07-18T11:10:08.580003\', \'supplier_url\': \'https://www.poundwholesale.co.uk/3pc-micro-fibre-car-cloths-highly-effective-wet-or-dry\'}, {\'supplier_ean\': \'5055441449142\', \'amazon_asin\': \'B0DF343YX8\', \'supplier_title\': \'Goodyear Microfibre Dusting Cloth Large 60cm X 40cm\', \'amazon_title\': \'Goodyear Microfibre Dusting Cloth I Specially designed microfibre cloth for windscreens, windows and mirrors | Statically charged cleaning fibres attract dust | Leaves a lint free finish | 60m x 40cm\', \'supplier_price\': 0.85, \'amazon_price\': 1.99, \'match_method\': \'EAN\', \'confidence\': \'high\', \'created_at\': \'2025-07-18T11:10:57.177704\', \'supplier_url\': \'https://www.poundwholesale.co.uk/goodyear-microfibre-dusting-cloth-large-60cm-x-40cm\'}, {\'supplier_ean\': \'5055441449180\', \'amazon_asin\': \'B0D3JDFZJC\', \'supplier_title\': \'Goodyear Microfibre Car Cloth Set 4 Pack\', \'amazon_title\': \'Goodyear 4PC Microfibre Cloth Set- microfibre cloths for cleaning your vehicle | Cleaning fibres attract dust | Showroom finish | Machine washable | Dashboard, Buffing, Window cloth | Wash and drying\', \'supplier_price\': 2.59, \'amazon_price\': 4.99, \'match_method\': \'EAN\', \'confidence\': \'high\', \'created_at\': \'2025-07-18T11:11:46.340949\', \'supplier_url\': \'https://www.poundwholesale.co.uk/goodyear-microfibre-car-cloth-set-4-pack\'}, {\'supplier_ean\': \'5055441449104\', \'amazon_asin\': \'B0DH8C367V\', \'supplier_title\': \'Goodyear Synthetic Chamois Cloth\', \'amazon_title\': \'Goodyear Synthetic Chamois -natural Chamois, Super Absorbent, Streak And Scratch Free, With A Greater Tolerance To Modern Car Cleaners| Stays Soft When Drying| Extra Large 72cm x 50cm|Machine Washable\', \'supplier_price\': 1.9, \'amazon_price\': 2.99, \'match_method\': \'EAN\', \'confidence\': \'high\', \'created_at\': \'2025-07-18T11:12:43.381337\', \'supplier_url\': \'https://www.poundwholesale.co.uk/goodyear-synthetic-chamois-cloth\'}, {\'supplier_ean\': \'5055319530736\', \'amazon_asin\': \'B084VTS1NV\', \'supplier_title\': \'Auto Extreme Fresh Linen In-Car Fragrance Air Freshener Spray 100ml\', \'amazon_title\': \'Air Freshener Spray Concentrated Long Lasting Oil Based (New Car)\', \'supplier_price\': 0.65, \'amazon_price\': None, \'match_method\': \'EAN\', \'confidence\': \'high\', \'created_at\': \'2025-07-18T11:12:55.532920\', \'supplier_url\': \'https://www.poundwholesale.co.uk/auto-extreme-fresh-linen-in-car-fragrance-air-freshener-spray-100ml\'}, {\'supplier_ean\': \'5055319519076\', \'amazon_asin\': \'B09FLX3QXD\', \'supplier_title\': \'Auto Extreme Automotive Red Gloss Spray Paint 250ml\', \'amazon_title\': \'Classic Signature - 1 x Auto Extreme Red Gloss Spray Paint 250ml, Professional Quality, Perfect Finish for Cars, Bikes,Vans, Metal, Wood\', \'supplier_price\': 0.92, \'amazon_price\': 5.47, \'match_method\': \'EAN\', \'confidence\': \'high\', \'created_at\': \'2025-07-18T11:13:48.220197\', \'supplier_url\': \'https://www.poundwholesale.co.uk/auto-extreme-automotive-red-gloss-spray-paint-250ml\'}, {\'supplier_ean\': \'5050375003620\', \'amazon_asin\': \'B0DG2QVKZL\', \'supplier_title\': \'Car Pride Luxury Natural Chamois Leather\', \'amazon_title\': \'Hoover HF1 Plus Cordless Stick Vacuum Cleaner with Turbo Suction Mode, Up to 45 Min Runtime, LED Lights, Multi-Floor Nozzle, Anti Hair Wrap, Handheld Capability, 165w [HF1P10H]\', \'supplier_price\': 1.41, \'amazon_price\': 99.0, \'match_method\': \'EAN\', \'confidence\': \'high\', \'created_at\': \'2025-07-18T11:14:56.832846\', \'supplier_url\': \'https://www.poundwholesale.co.uk/car-pride-luxury-natural-chamois-leather\'}, {\'supplier_ean\': \'00994743\', \'amazon_asin\': \'B0CCVFJ94Z\', \'supplier_title\': \'Wilko Ready To Use Screenwash 5l\', \'amazon_title\': \'Rain-X\', \'supplier_price\': 1.42, \'amazon_price\': None, \'match_method\': \'EAN\', \'confidence\': \'high\', \'created_at\': \'2025-07-18T11:15:10.531582\', \'supplier_url\': \'https://www.poundwholesale.co.uk/wilko-ready-to-use-screenwash-5l\'}, {\'supplier_ean\': \'5055319556668\', \'amazon_asin\': \'B0BC1D6KPG\', \'supplier_title\': \'Auto Extreme Car Upholstery Brush 14cm X 6.5cm\', \'amazon_title\': \'15° Curved Car Cleaning Brush with Telescopic Handle 43" Aluminum Alloy Long Rod Wash Mop For Washing Caravan Van Truck Boat RV Roof Soft Chenille Head Duster Clean Product Not Hurt Paint Scratch Free\', \'supplier_price\': 0.97, \'amazon_price\': None, \'match_method\': \'EAN\', \'confidence\': \'high\', \'created_at\': \'2025-07-18T11:15:22.281479\', \'supplier_url\': \'https://www.poundwholesale.co.uk/auto-extreme-car-upholstery-brush-14cm-x-6-5cm\'}, {\'supplier_ean\': \'5050375083783\', \'amazon_asin\': \'B00A3T5F2G\', \'supplier_title\': \'Car Pride Instant Valet 300ml\', \'amazon_title\': \'Carpride Instant Valet Aerosol Spray 300ml\', \'supplier_price\': 0.97, \'amazon_price\': 4.09, \'match_method\': \'EAN_cached\', \'confidence\': \'low\', \'created_at\': \'2025-07-18T11:15:22.357739\', \'supplier_url\': \'https://www.poundwholesale.co.uk/instant-valet-300ml\'}, {\'supplier_ean\': \'5055319512213\', \'amazon_asin\': \'B0F9329VCL\', \'supplier_title\': \'Auto Extreme Car Air Freshener Assorted Fragrances Clip Strip\', \'amazon_title\': \'Automizer - Creed Car Air Freshener for Men - Smart Car Air Freshener Diffuser Aventus Inspired Automatic On/Off Refillable Air Freshner, Gifts for Men/Women\', \'supplier_price\': 0.27, \'amazon_price\': None, \'match_method\': \'EAN\', \'confidence\': \'high\', \'created_at\': \'2025-07-18T11:15:36.157612\', \'supplier_url\': \'https://www.poundwholesale.co.uk/auto-extreme-car-air-freshener-assorted-fragrances-clip-strip\'}, {\'supplier_ean\': \'5053249256832\', \'amazon_asin\': \'B0D2HLTZ4Q\', \'supplier_title\': \'Car Pride All Seasons Screen Wash Tablets 2pc\', \'amazon_title\': \'Screenwash Tablets For Cars, 100 Pcs Car Windshield Wash Tablets, Concentrated Screenwash Washer Fluid Car Window Cleaning Tablets for Metal, Plastic, Window Glass, Look Completely New\', \'supplier_price\': 0.74, \'amazon_price\': None, \'match_method\': \'EAN\', \'confidence\': \'high\', \'created_at\': \'2025-07-18T11:15:50.415052\', \'supplier_url\': \'https://www.poundwholesale.co.uk/car-pride-all-seasons-screen-wash-tablets-2pc\'}, {\'supplier_ean\': \'5055056731861\', \'amazon_asin\': \'B09LHF2V7G\', \'supplier_title\': \'Guilty Pleasures Chocolate Chip Cookie 3D Car Air Freshener\', \'amazon_title\': \'Guilty Pleasures 3D Choc Cookie CAR FRESHENER\', \'supplier_price\': 0.38, \'amazon_price\': 3.99, \'match_method\': \'EAN\', \'confidence\': \'high\', \'created_at\': \'2025-07-18T11:16:51.336470\', \'supplier_url\': \'https://www.poundwholesale.co.uk/guilty-pleasures-chocolate-chip-cookie-3d-air-freshener\'}, {\'supplier_ean\': \'5055441446479\', \'amazon_asin\': \'B0993YCZWB\', \'supplier_title\': \'Goodyear Fresh Fragrance Glass & Mirror Cleaner 750ml\', \'amazon_title\': \'Goodyear Glass & Mirror Cleaner 750ml - For a streak-free finish | Effective cleaner for car windscreens, side window, wing mirrors & rear view mirror | Suitable for rain sensor and acrylic windows\', \'supplier_price\': 1.36, \'amazon_price\': 5.74, \'match_method\': \'EAN\', \'confidence\': \'high\', \'created_at\': \'2025-07-18T11:18:10.194551\', \'supplier_url\': \'https://www.poundwholesale.co.uk/goodyear-fresh-fragrance-glass-mirror-cleaner-750ml\'}, {\'supplier_ean\': \'5055441446455\', \'amazon_asin\': \'B0993N4XMC\', \'supplier_title\': \'Goodyear Back-To-Black Bumper & Trim Plastic Restorer 750ml\', \'amazon_title\': \'Goodyear Bumper and Trim Restorer 750ml-back to Black| Helps Bumper and Trim Plastic Look Like New| Restores, Protects and Shines| Long Lasting Gloss Finish| Suitable for All Exterior Plastics\', \'supplier_price\': 1.4, \'amazon_price\': 4.89, \'match_method\': \'EAN\', \'confidence\': \'high\', \'created_at\': \'2025-07-18T11:19:05.192693\', \'supplier_url\': \'https://www.poundwholesale.co.uk/goodyear-black-bumper-trim-plastic-restorer-750ml\'}, {\'supplier_ean\': \'5015302400262\', \'amazon_asin\': \'B0B4R5265Z\', \'supplier_title\': \'Coco & Gray Assorted Colour Synthetic Chamois Cloths 3 Pack\', \'amazon_title\': \'Airlab\', \'supplier_price\': 0.64, \'amazon_price\': None, \'match_method\': \'EAN\', \'confidence\': \'high\', \'created_at\': \'2025-07-18T11:19:19.017457\', \'supplier_url\': \'https://www.poundwholesale.co.uk/royle-shammy-pack-3\'}, {\'supplier_ean\': \'5055319519304\', \'amazon_asin\': \'B09F9N1DW9\', \'supplier_title\': \'Auto Extreme Professional Silver Body Spray Paint 400ml\', \'amazon_title\': \'Classic Signature - 1 x Auto Extreme Silver Body Spray Paint 400ml Professional Quality, Perfect Finish for Cars, Bikes,Vans, Metal, Wood\', \'supplier_price\': 1.82, \'amazon_price\': 6.89, \'match_method\': \'EAN\', \'confidence\': \'high\', \'created_at\': \'2025-07-18T11:20:10.249623\', \'supplier_url\': \'https://www.poundwholesale.co.uk/auto-extreme-professional-silver-body-spray-paint-400ml\'}, {\'supplier_ean\': \'5053249200743\', \'amazon_asin\': \'B0DY5MX94X\', \'supplier_title\': \'Tango Card Car Air Freshener 2 Pack CDU Assorted Fragrances\', \'amazon_title\': \'Luxury Car Fragrance Gift Set, 2 Glass Car Diffusers, 2 x 30ml Refills, 2 x Vent Clips, 10 ml Interior Fabric Spray, Strong Fragrance, (Crede)\', \'supplier_price\': 0.74, \'amazon_price\': None, \'match_method\': \'EAN\', \'confidence\': \'high\', \'created_at\': \'2025-07-18T11:20:38.365789\', \'supplier_url\': \'https://www.poundwholesale.co.uk/tango-card-car-air-freshener-2-pack-cdu-assorted-fragrances\'}, {\'supplier_ean\': \'5056175980963\', \'amazon_asin\': \'B0FH9LCRSZ\', \'supplier_title\': \'Auto Extras Jelly Baby Air Freshener Assorted\', \'amazon_title\': \'Car Air Freshener Aromatherapy Balm Long Lasting Fragrance Non-spill Solid 3D Tomato Shaped Travel Size Scented Balm 100g Eliminate Odor for Bedroom Toliet Elitzia ETAP2815\', \'supplier_price\': 0.65, \'amazon_price\': None, \'match_method\': \'EAN\', \'confidence\': \'high\', \'created_at\': \'2025-07-18T11:20:51.448024\', \'supplier_url\': \'https://www.poundwholesale.co.uk/auto-extras-jelly-baby-air-freshener-assorted\'}, {\'supplier_ean\': \'5055319519298\', \'amazon_asin\': \'B07NJH3Q91\', \'supplier_title\': \'Auto Extreme Professional Black Satin Spray Paint 400ml\', \'amazon_title\': \'Auto Extreme Auto Extreme Black Satin, 400 ml\', \'supplier_price\': 1.82, \'amazon_price\': 5.49, \'match_method\': \'EAN\', \'confidence\': \'high\', \'created_at\': \'2025-07-18T11:21:47.219390\', \'supplier_url\': \'https://www.poundwholesale.co.uk/auto-extreme-professional-black-satin-spray-paint-400ml\'}, {\'supplier_ean\': \'5055056770815\', \'amazon_asin\': \'B0BZQC1VY6\', \'supplier_title\': \'Millions Cola 3D Car Air Freshener\', \'amazon_title\': \'Creed Car Air Freshener for Men | Aventos Perfume Inspired Car Fragrances | Strong Freshener with Odour Eliminator Technology | Creed Automotive Air Freshener | GREED Scent by Perfa\', \'supplier_price\': 0.38, \'amazon_price\': None, \'match_method\': \'EAN\', \'confidence\': \'high\', \'created_at\': \'2025-07-18T11:22:00.417347\', \'supplier_url\': \'https://www.poundwholesale.co.uk/millions-cola-3d-car-air-freshener\'}, {\'supplier_ean\': \'5052578015608\', \'amazon_asin\': \'B0DHXJ3Y9T\', \'supplier_title\': \'Bettina Car Sponges 3 Pack\', \'amazon_title\': \'3 Pack Car Sponges,Jumbo Sponges For Car Cleaning,Anti Scratch Technology for Car Exterior & Window Washing- Perfect For Wheels, Windscreen & Bodywork (3 PCS (Yellow))\', \'supplier_price\': 0.84, \'amazon_price\': 7.99, \'match_method\': \'EAN_cached\', \'confidence\': \'low\', \'created_at\': \'2025-07-18T11:22:00.495119\', \'supplier_url\': \'https://www.poundwholesale.co.uk/bettina-car-sponges-3-pack\'}, {\'supplier_ean\': \'5038673050010\', \'amazon_asin\': \'B0FC6D5VDG\', \'supplier_title\': \'Roadster Car Vacuum Cleaner 12V\', \'amazon_title\': \'HYCHIKA 3 in 1 Wet and Dry Vacuum Cleaner, Power: 1200 W, 20 L Stainless Steel Tank, 6 M+ Cleaning Range (2.5 M Power Cores + 3.5 M Soft & Hard Hose), for Garden Outdoor Floor Sofa Cleaning\', \'supplier_price\': 5.28, \'amazon_price\': None, \'match_method\': \'EAN_cached\', \'confidence\': \'low\', \'created_at\': \'2025-07-18T11:22:00.576434\', \'supplier_url\': \'https://www.poundwholesale.co.uk/roadster-car-vacuum-cleaner-12v\'}, {\'supplier_ean\': \'5050375083752\', \'amazon_asin\': \'B01C4S4876\', \'supplier_title\': \'Car Pride Alloy Wheel Cleaner 300ml\', \'amazon_title\': \'Car Pride Wheel Clean, 300ml\', \'supplier_price\': 0.97, \'amazon_price\': 4.05, \'match_method\': \'EAN_cached\', \'confidence\': \'low\', \'created_at\': \'2025-07-18T11:22:00.651582\', \'supplier_url\': \'https://www.poundwholesale.co.uk/alloy-wheel-cleaner\'}, {\'supplier_ean\': \'5055441452357\', \'amazon_asin\': \'B0DFPVGFZ4\', \'supplier_title\': \'Goodyear Extendable Car Windscreen Washer Squeegee Sponge Cleaner\', \'amazon_title\': \'Goodyear 2 In 1 Window Squeegee Flexible Rubber Blade| Netted Sponge Scrubber| Multi-purpose And Easy To Use| Non - Scratch| Ideal For Cleaning Windows And Windscreens| Compact Design, Easy Storage\', \'supplier_price\': 1.76, \'amazon_price\': 2.99, \'match_method\': \'EAN\', \'confidence\': \'high\', \'created_at\': \'2025-07-18T11:22:54.109374\', \'supplier_url\': \'https://www.poundwholesale.co.uk/goodyear-extendable-car-windscreen-washer-squeegee-sponge-cleaner\'}, {\'supplier_ean\': \'5055257813090\', \'amazon_asin\': \'B0FH9LCRSZ\', \'supplier_title\': \'Fragranced Fruit Shaped Car Air Freshener\', \'amazon_title\': \'Car Air Freshener Aromatherapy Balm Long Lasting Fragrance Non-spill Solid 3D Tomato Shaped Travel Size Scented Balm 100g Eliminate Odor for Bedroom Toliet Elitzia ETAP2815\', \'supplier_price\': 0.6, \'amazon_price\': None, \'match_method\': \'EAN\', \'confidence\': \'high\', \'created_at\': \'2025-07-18T11:23:05.509024\', \'supplier_url\': \'https://www.poundwholesale.co.uk/fragranced-fruit-shaped-car-air-freshener\'}, {\'supplier_ean\': \'5055319510615\', \'amazon_asin\': \'B0C49F6NG6\', \'supplier_title\': \'Auto Extreme Professional Petrol-Resistant Lacquer Clear Spray 400ml\', \'amazon_title\': \'Ozeino Wireless Gaming Headset, Compatible with PC Ps5 Ps4 Boasts 2.4GHz Lossless Audio, USB & Type-C, Flip Microphone and 40-Hr Battery - Suited for Switch, Laptop, Mac\', \'supplier_price\': 1.89, \'amazon_price\': 23.11, \'match_method\': \'EAN\', \'confidence\': \'high\', \'created_at\': \'2025-07-18T11:24:21.169341\', \'supplier_url\': \'https://www.poundwholesale.co.uk/auto-extreme-professional-petrol-resistant-lacquer-clear-spray-400ml\'}, {\'supplier_ean\': \'5053249271453\', \'amazon_asin\': \'B0CHTHYL58\', \'supplier_title\': \'Car-Pride Biodegradable Interior Clean & Shine Wipes 30 Pack\', \'amazon_title\': \'AMK\', \'supplier_price\': 0.65, \'amazon_price\': None, \'match_method\': \'EAN\', \'confidence\': \'high\', \'created_at\': \'2025-07-18T11:24:44.743060\', \'supplier_url\': \'https://www.poundwholesale.co.uk/car-pride-interior-clean-shine-wipes-30-pack\'}, {\'supplier_ean\': \'5055319519267\', \'amazon_asin\': \'B07NJGB772\', \'supplier_title\': \'Auto Extreme Professional Red Gloss Spray Paint 400ml\', \'amazon_title\': \'Auto Extreme Auto Extreme Red, 400 ml\', \'supplier_price\': 1.82, \'amazon_price\': 5.79, \'match_method\': \'EAN\', \'confidence\': \'high\', \'created_at\': \'2025-07-18T11:25:35.589009\', \'supplier_url\': \'https://www.poundwholesale.co.uk/auto-extreme-professional-red-gloss-spray-paint-400ml\'}, {\'supplier_ean\': \'5056175987832\', \'amazon_asin\': \'B0BSFN7BK9\', \'supplier_title\': \'Bloome Gel Boat Air Freshener 150G Assorted Fragrance\', \'amazon_title\': \'SOL\', \'supplier_price\': 0.46, \'amazon_price\': None, \'match_method\': \'EAN\', \'confidence\': \'high\', \'created_at\': \'2025-07-18T11:25:49.342872\', \'supplier_url\': \'https://www.poundwholesale.co.uk/bloome-gel-boat-air-freshener-150g-assorted-fragrance\'}, {\'supplier_ean\': \'5055441445021\', \'amazon_asin\': \'B0DJFGKQTJ\', \'supplier_title\': \'Dekton Tri-Extending Wash Brush 3m\', \'amazon_title\': \'Dekton Heavy Duty Tri-Extending Wash Brush | Long Reach Water Fed Brush for Cars, Boats, & More | Ergonomic Foam Grip | Soft Bristles Prevent Scratching | Telescopic Design Extends to 3 Metres\', \'supplier_price\': 13.64, \'amazon_price\': 25.06, \'match_method\': \'EAN\', \'confidence\': \'high\', \'created_at\': \'2025-07-18T11:26:42.138251\', \'supplier_url\': \'https://www.poundwholesale.co.uk/dekton-tri-extending-wash-brush-3m\'}, {\'supplier_ean\': \'5038673410692\', \'amazon_asin\': \'B0DPX1HRM6\', \'supplier_title\': \'Car Air Fresheners Fruit Assorted CDU\', \'amazon_title\': \'Q QXUNMU\', \'supplier_price\': 0.34, \'amazon_price\': None, \'match_method\': \'EAN\', \'confidence\': \'high\', \'created_at\': \'2025-07-18T11:26:57.017565\', \'supplier_url\': \'https://www.poundwholesale.co.uk/car-air-fresheners-fruit-assorted-cdu\'}, {\'supplier_ean\': \'5055441452319\', \'amazon_asin\': \'B0DJT8DYF6\', \'supplier_title\': \'Goodyear Wax Applicator Pad Set 3pc\', \'amazon_title\': \'Goodyear 3pc Applicator Set Specially Designed Microfiber Pad For Cleaning Your Vehicle|Ideal For Polishing And Waxing Of Painted Surfaces|Thick Microfiber Evenly Distributes Pressure For Application\', \'supplier_price\': 1.99, \'amazon_price\': 2.99, \'match_method\': \'EAN\', \'confidence\': \'high\', \'created_at\': \'2025-07-18T11:27:44.877336\', \'supplier_url\': \'https://www.pound2025-07-19 02:39:08,353 - PassiveExtractionWorkflow - INFO - 🔍 DEBUG: Target file path: /mnt/c/Users/chris/Desktop/Amazon-FBA-Agent-System-v32/OUTPUTS/FBA_ANALYSIS/linking_maps/poundwholesale.co.uk/linking_map.json
2025-07-19 02:39:08,354 - PassiveExtractionWorkflow - INFO - ✅ Directory created: /mnt/c/Users/chris/Desktop/Amazon-FBA-Agent-System-v32/OUTPUTS/FBA_ANALYSIS/linking_maps/poundwholesale.co.uk
2025-07-19 02:39:08,355 - PassiveExtractionWorkflow - INFO - 🔍 DEBUG: Temporary file path: /mnt/c/Users/chris/Desktop/Amazon-FBA-Agent-System-v32/OUTPUTS/FBA_ANALYSIS/linking_maps/poundwholesale.co.uk/linking_map.json.tmp
2025-07-19 02:39:08,356 - PassiveExtractionWorkflow - INFO - 🔍 DEBUG: Writing linking map data to temporary file...
2025-07-19 02:39:08,369 - PassiveExtractionWorkflow - INFO - ✅ Temporary file written successfully: /mnt/c/Users/chris/Desktop/Amazon-FBA-Agent-System-v32/OUTPUTS/FBA_ANALYSIS/linking_maps/poundwholesale.co.uk/linking_map.json.tmp
2025-07-19 02:39:08,370 - PassiveExtractionWorkflow - INFO - 🔍 DEBUG: Moving temporary file to final location...
2025-07-19 02:39:08,375 - PassiveExtractionWorkflow - INFO - ✅ Successfully saved linking map with 145 entries to /mnt/c/Users/chris/Desktop/Amazon-FBA-Agent-System-v32/OUTPUTS/FBA_ANALYSIS/linking_maps/poundwholesale.co.uk/linking_map.json
2025-07-19 02:39:08,378 - PassiveExtractionWorkflow - INFO - ✅ VERIFICATION: File exists at /mnt/c/Users/chris/Desktop/Amazon-FBA-Agent-System-v32/OUTPUTS/FBA_ANALYSIS/linking_maps/poundwholesale.co.uk/linking_map.json with size 75891 bytes
2025-07-19 02:39:08,378 - PassiveExtractionWorkflow - INFO - --- Processing supplier product 11/147: 'Auto Extreme Professional Silver Wheel Spray Paint 400ml' ---
2025-07-19 02:39:08,379 - PassiveExtractionWorkflow - INFO - Product already processed: https://www.poundwholesale.co.uk/auto-extreme-professional-silver-wheel-spray-paint-400ml. Skipping.
2025-07-19 02:39:08,380 - PassiveExtractionWorkflow - INFO - --- Processing supplier product 12/147: 'Auto Extreme Car Pump Sprayer 2L' ---
2025-07-19 02:39:08,381 - PassiveExtractionWorkflow - INFO - Product already processed: https://www.poundwholesale.co.uk/auto-extreme-car-pump-sprayer-2l. Skipping.
2025-07-19 02:39:08,381 - PassiveExtractionWorkflow - INFO - --- Processing supplier product 13/147: 'Car-Pride Wash & Wax 1L' ---
2025-07-19 02:39:08,382 - PassiveExtractionWorkflow - INFO - Product already processed: https://www.poundwholesale.co.uk/wash-wax. Skipping.
2025-07-19 02:39:08,384 - PassiveExtractionWorkflow - INFO - --- Processing supplier product 14/147: 'Auto Extreme Professional Red Gloss Brake Caliper Spray Paint 400ml' ---
2025-07-19 02:39:08,385 - PassiveExtractionWorkflow - INFO - Product already processed: https://www.poundwholesale.co.uk/auto-extreme-professional-red-gloss-brake-caliper-spray-paint-400ml. Skipping.
2025-07-19 02:39:08,386 - PassiveExtractionWorkflow - INFO - --- Processing supplier product 15/147: 'Car Air Fresheners Leaf Assorted CDU' ---
2025-07-19 02:39:08,387 - PassiveExtractionWorkflow - INFO - Product already processed: https://www.poundwholesale.co.uk/car-air-fresheners-leaf-assorted-cdu. Skipping.
2025-07-19 02:39:08,388 - PassiveExtractionWorkflow - INFO - --- Processing supplier product 16/147: 'Millions Orange & Lemon 3D Car Air Freshener' ---
2025-07-19 02:39:08,389 - PassiveExtractionWorkflow - INFO - Product already processed: https://www.poundwholesale.co.uk/millions-orange-lemon-3d-car-air-freshener. Skipping.
2025-07-19 02:39:08,391 - PassiveExtractionWorkflow - INFO - --- Processing supplier product 17/147: 'Auto Extreme Red Primer Spray Paint 250ml' ---
2025-07-19 02:39:08,392 - PassiveExtractionWorkflow - INFO - Product already processed: https://www.poundwholesale.co.uk/mean-machine-auto-spray-red-primer-250ml. Skipping.
2025-07-19 02:39:08,392 - PassiveExtractionWorkflow - INFO - --- Processing supplier product 18/147: 'Wilko Ready To Use Screenwash 5l' ---
2025-07-19 02:39:08,393 - PassiveExtractionWorkflow - INFO - Product already processed: https://www.poundwholesale.co.uk/wilko-ready-to-use-screenwash-5l. Skipping.
2025-07-19 02:39:08,394 - PassiveExtractionWorkflow - INFO - --- Processing supplier product 19/147: 'Goodyear Microfibre Buffing Cloth Large 40cm' ---
2025-07-19 02:39:08,395 - PassiveExtractionWorkflow - INFO - Product already processed: https://www.poundwholesale.co.uk/goodyear-microfibre-buffing-cloth-large-40cm. Skipping.
2025-07-19 02:39:08,396 - PassiveExtractionWorkflow - INFO - --- Processing supplier product 20/147: '151 Super Maintenance Spray 200ml' ---
2025-07-19 02:39:08,396 - PassiveExtractionWorkflow - INFO - Product already processed: https://www.poundwholesale.co.uk/supermaintenance-spray-300ml. Skipping.
2025-07-19 02:39:08,397 - PassiveExtractionWorkflow - INFO - --- Processing supplier product 21/147: 'Car-Pride Biodegradable Window & Mirror Wipes 30 Pack' ---
2025-07-19 02:39:08,398 - PassiveExtractionWorkflow - INFO - Attempting Amazon search using EAN: 5053249271514
2025-07-19 02:39:08,427 - tools.passive_extraction_workflow_latest - INFO - Searching Amazon by EAN: 5053249271514 for supplier product: 'Car-Pride Biodegradable Window & Mirror Wipes 30 Pack' (FixedAmazonExtractor)
2025-07-19 02:39:08,427 - tools.passive_extraction_workflow_latest - INFO - No page provided to search_by_ean, getting one from BrowserManager.
2025-07-19 02:39:08,428 - utils.browser_manager - INFO - ♻️ Reusing cached page for https://www.amazon.co.uk
2025-07-19 02:39:08,429 - tools.passive_extraction_workflow_latest - INFO - Navigating to Amazon UK to search for EAN: 5053249271514
2025-07-19 02:39:11,822 - tools.passive_extraction_workflow_latest - INFO - Waiting for search results page to load for EAN 5053249271514...
2025-07-19 02:39:12,117 - tools.passive_extraction_workflow_latest - INFO - Found search results container with selector: div.s-search-results
2025-07-19 02:39:14,190 - tools.passive_extraction_workflow_latest - INFO - Found 16 search result elements using selector: div.s-result-item[data-asin]:not([data-asin=''])
2025-07-19 02:39:14,190 - tools.passive_extraction_workflow_latest - INFO - Processing 16 search result elements for EAN 5053249271514
2025-07-19 02:39:14,221 - tools.passive_extraction_workflow_latest - DEBUG - Processing element 1: ASIN B0DGTLW2JX
2025-07-19 02:39:14,244 - tools.passive_extraction_workflow_latest - DEBUG - ASIN B0DGTLW2JX HTML structure sample: <div role="listitem" data-asin="B0DGTLW2JX" data-index="2" data-uuid="4120b8fc-9ca8-4e3d-b2a5-fab2356cb7cc" id="4120b8fc-9ca8-4e3d-b2a5-fab2356cb7cc" data-component-type="s-search-result" class="sg-col-4-of-4 sg-col-4-of-24 sg-col-4-of-12 s-result-item s-asin sg-col-4-of-16 AdHolder sg-col s-widget-spacing-small sg-col-4-of-8 sg-col-4-of-20" data-component-id="5" data-cel-widget="search_result_0"><div class="sg-col-inner"><div cel_widget_id="MAIN-SEARCH_RESULTS-2" class="s-widget-container s-spacing-small s-widget-container-height-small celwidget slot=MAIN template=SEARCH_RESULTS widgetId=sear...
2025-07-19 02:39:14,245 - tools.passive_extraction_workflow_latest - DEBUG - Error checking sponsored badge for ASIN B0DGTLW2JX: 'ElementHandle' object has no attribute 'locator'
2025-07-19 02:39:14,246 - tools.passive_extraction_workflow_latest - DEBUG - Error checking aria-label for ASIN B0DGTLW2JX: 'ElementHandle' object has no attribute 'locator'
2025-07-19 02:39:14,291 - tools.passive_extraction_workflow_latest - INFO - Skipping sponsored result: ASIN B0DGTLW2JX (detected by ad-specific class: 'AdHolder')
2025-07-19 02:39:14,315 - tools.passive_extraction_workflow_latest - DEBUG - Processing element 2: ASIN B0CBT2N7N1
2025-07-19 02:39:14,336 - tools.passive_extraction_workflow_latest - DEBUG - ASIN B0CBT2N7N1 HTML structure sample: <div role="listitem" data-asin="B0CBT2N7N1" data-index="3" data-uuid="d30b3190-9533-4096-86f7-9777c9345ff3" id="d30b3190-9533-4096-86f7-9777c9345ff3" data-component-type="s-search-result" class="sg-col-4-of-4 sg-col-4-of-24 sg-col-4-of-12 s-result-item s-asin sg-col-4-of-16 AdHolder sg-col s-widget-spacing-small sg-col-4-of-8 sg-col-4-of-20" data-component-id="9" data-cel-widget="search_result_1"><div class="sg-col-inner"><div cel_widget_id="MAIN-SEARCH_RESULTS-3" class="s-widget-container s-spacing-small s-widget-container-height-small celwidget slot=MAIN template=SEARCH_RESULTS widgetId=sear...
2025-07-19 02:39:14,337 - tools.passive_extraction_workflow_latest - DEBUG - Error checking sponsored badge for ASIN B0CBT2N7N1: 'ElementHandle' object has no attribute 'locator'
2025-07-19 02:39:14,338 - tools.passive_extraction_workflow_latest - DEBUG - Error checking aria-label for ASIN B0CBT2N7N1: 'ElementHandle' object has no attribute 'locator'
2025-07-19 02:39:14,385 - tools.passive_extraction_workflow_latest - INFO - Skipping sponsored result: ASIN B0CBT2N7N1 (detected by ad-specific class: 'AdHolder')
2025-07-19 02:39:14,416 - tools.passive_extraction_workflow_latest - DEBUG - Processing element 3: ASIN B0DT713GPN
2025-07-19 02:39:14,440 - tools.passive_extraction_workflow_latest - DEBUG - ASIN B0DT713GPN HTML structure sample: <div role="listitem" data-asin="B0DT713GPN" data-index="4" data-uuid="b2ba25aa-8b42-4d4f-84fd-608eec2457c8" id="b2ba25aa-8b42-4d4f-84fd-608eec2457c8" data-component-type="s-search-result" class="sg-col-4-of-4 sg-col-4-of-24 sg-col-4-of-12 s-result-item s-asin sg-col-4-of-16 AdHolder sg-col s-widget-spacing-small sg-col-4-of-8 sg-col-4-of-20" data-component-id="13" data-cel-widget="search_result_2"><div class="sg-col-inner"><div cel_widget_id="MAIN-SEARCH_RESULTS-4" class="s-widget-container s-spacing-small s-widget-container-height-small celwidget slot=MAIN template=SEARCH_RESULTS widgetId=sea...
2025-07-19 02:39:14,440 - tools.passive_extraction_workflow_latest - DEBUG - Error checking sponsored badge for ASIN B0DT713GPN: 'ElementHandle' object has no attribute 'locator'
2025-07-19 02:39:14,441 - tools.passive_extraction_workflow_latest - DEBUG - Error checking aria-label for ASIN B0DT713GPN: 'ElementHandle' object has no attribute 'locator'
2025-07-19 02:39:14,494 - tools.passive_extraction_workflow_latest - INFO - Skipping sponsored result: ASIN B0DT713GPN (detected by ad-specific class: 'AdHolder')
2025-07-19 02:39:14,520 - tools.passive_extraction_workflow_latest - DEBUG - Processing element 4: ASIN B0F37977VS
2025-07-19 02:39:14,521 - tools.passive_extraction_workflow_latest - DEBUG - Error checking sponsored badge for ASIN B0F37977VS: 'ElementHandle' object has no attribute 'locator'
2025-07-19 02:39:14,522 - tools.passive_extraction_workflow_latest - DEBUG - Error checking aria-label for ASIN B0F37977VS: 'ElementHandle' object has no attribute 'locator'
2025-07-19 02:39:14,562 - tools.passive_extraction_workflow_latest - INFO - Skipping sponsored result: ASIN B0F37977VS (detected by ad-specific class: 'AdHolder')
2025-07-19 02:39:14,586 - tools.passive_extraction_workflow_latest - DEBUG - Processing element 5: ASIN B0C363BLQ1
2025-07-19 02:39:14,586 - tools.passive_extraction_workflow_latest - DEBUG - Error checking sponsored badge for ASIN B0C363BLQ1: 'ElementHandle' object has no attribute 'locator'
2025-07-19 02:39:14,587 - tools.passive_extraction_workflow_latest - DEBUG - Error checking aria-label for ASIN B0C363BLQ1: 'ElementHandle' object has no attribute 'locator'
2025-07-19 02:39:14,641 - tools.passive_extraction_workflow_latest - INFO - Skipping sponsored result: ASIN B0C363BLQ1 (detected by ad-specific class: 'AdHolder')
2025-07-19 02:39:14,738 - tools.passive_extraction_workflow_latest - DEBUG - Processing element 6: ASIN B08WPYG4RT
2025-07-19 02:39:14,739 - tools.passive_extraction_workflow_latest - DEBUG - Error checking sponsored badge for ASIN B08WPYG4RT: 'ElementHandle' object has no attribute 'locator'
2025-07-19 02:39:14,739 - tools.passive_extraction_workflow_latest - DEBUG - Error checking aria-label for ASIN B08WPYG4RT: 'ElementHandle' object has no attribute 'locator'
2025-07-19 02:39:14,793 - tools.passive_extraction_workflow_latest - INFO - Skipping sponsored result: ASIN B08WPYG4RT (detected by ad-specific class: 'AdHolder')
2025-07-19 02:39:14,820 - tools.passive_extraction_workflow_latest - DEBUG - Processing element 7: ASIN B0D8B9GMK5
2025-07-19 02:39:14,821 - tools.passive_extraction_workflow_latest - DEBUG - Error checking sponsored badge for ASIN B0D8B9GMK5: 'ElementHandle' object has no attribute 'locator'
2025-07-19 02:39:14,822 - tools.passive_extraction_workflow_latest - DEBUG - Error checking aria-label for ASIN B0D8B9GMK5: 'ElementHandle' object has no attribute 'locator'
2025-07-19 02:39:14,877 - tools.passive_extraction_workflow_latest - INFO - Skipping sponsored result: ASIN B0D8B9GMK5 (detected by ad-specific class: 'AdHolder')
2025-07-19 02:39:14,923 - tools.passive_extraction_workflow_latest - DEBUG - Processing element 8: ASIN B0DRCXHL11
2025-07-19 02:39:14,923 - tools.passive_extraction_workflow_latest - DEBUG - Error checking sponsored badge for ASIN B0DRCXHL11: 'ElementHandle' object has no attribute 'locator'
2025-07-19 02:39:14,925 - tools.passive_extraction_workflow_latest - DEBUG - Error checking aria-label for ASIN B0DRCXHL11: 'ElementHandle' object has no attribute 'locator'
2025-07-19 02:39:14,965 - tools.passive_extraction_workflow_latest - INFO - Skipping sponsored result: ASIN B0DRCXHL11 (detected by ad-specific class: 'AdHolder')
2025-07-19 02:39:14,990 - tools.passive_extraction_workflow_latest - DEBUG - Processing element 9: ASIN B01CKFNI9M
2025-07-19 02:39:14,991 - tools.passive_extraction_workflow_latest - DEBUG - Error checking sponsored badge for ASIN B01CKFNI9M: 'ElementHandle' object has no attribute 'locator'
2025-07-19 02:39:14,992 - tools.passive_extraction_workflow_latest - DEBUG - Error checking aria-label for ASIN B01CKFNI9M: 'ElementHandle' object has no attribute 'locator'
2025-07-19 02:39:15,033 - tools.passive_extraction_workflow_latest - INFO - Skipping sponsored result: ASIN B01CKFNI9M (detected by ad-specific class: 'AdHolder')
2025-07-19 02:39:15,056 - tools.passive_extraction_workflow_latest - DEBUG - Processing element 10: ASIN B0DL61XJMJ
2025-07-19 02:39:15,057 - tools.passive_extraction_workflow_latest - DEBUG - Error checking sponsored badge for ASIN B0DL61XJMJ: 'ElementHandle' object has no attribute 'locator'
2025-07-19 02:39:15,058 - tools.passive_extraction_workflow_latest - DEBUG - Error checking aria-label for ASIN B0DL61XJMJ: 'ElementHandle' object has no attribute 'locator'
2025-07-19 02:39:15,104 - tools.passive_extraction_workflow_latest - INFO - Skipping sponsored result: ASIN B0DL61XJMJ (detected by ad-specific class: 'AdHolder')
2025-07-19 02:39:15,130 - tools.passive_extraction_workflow_latest - DEBUG - Processing element 11: ASIN B0F2ML6J8C
2025-07-19 02:39:15,131 - tools.passive_extraction_workflow_latest - DEBUG - Error checking sponsored badge for ASIN B0F2ML6J8C: 'ElementHandle' object has no attribute 'locator'
2025-07-19 02:39:15,132 - tools.passive_extraction_workflow_latest - DEBUG - Error checking aria-label for ASIN B0F2ML6J8C: 'ElementHandle' object has no attribute 'locator'
2025-07-19 02:39:15,168 - tools.passive_extraction_workflow_latest - INFO - Skipping sponsored result: ASIN B0F2ML6J8C (detected by ad-specific class: 'AdHolder')
2025-07-19 02:39:15,187 - tools.passive_extraction_workflow_latest - DEBUG - Processing element 12: ASIN B00OVNK7XC
2025-07-19 02:39:15,187 - tools.passive_extraction_workflow_latest - DEBUG - Error checking sponsored badge for ASIN B00OVNK7XC: 'ElementHandle' object has no attribute 'locator'
2025-07-19 02:39:15,188 - tools.passive_extraction_workflow_latest - DEBUG - Error checking aria-label for ASIN B00OVNK7XC: 'ElementHandle' object has no attribute 'locator'
2025-07-19 02:39:15,220 - tools.passive_extraction_workflow_latest - INFO - Skipping sponsored result: ASIN B00OVNK7XC (detected by ad-specific class: 'AdHolder')
2025-07-19 02:39:15,247 - tools.passive_extraction_workflow_latest - DEBUG - Processing element 13: ASIN B0CJK38YXH
2025-07-19 02:39:15,248 - tools.passive_extraction_workflow_latest - DEBUG - Error checking sponsored badge for ASIN B0CJK38YXH: 'ElementHandle' object has no attribute 'locator'
2025-07-19 02:39:15,248 - tools.passive_extraction_workflow_latest - DEBUG - Error checking aria-label for ASIN B0CJK38YXH: 'ElementHandle' object has no attribute 'locator'
2025-07-19 02:39:15,298 - tools.passive_extraction_workflow_latest - INFO - Skipping sponsored result: ASIN B0CJK38YXH (detected by ad-specific class: 'AdHolder')
2025-07-19 02:39:15,320 - tools.passive_extraction_workflow_latest - DEBUG - Processing element 14: ASIN B019BEBT3C
2025-07-19 02:39:15,321 - tools.passive_extraction_workflow_latest - DEBUG - Error checking sponsored badge for ASIN B019BEBT3C: 'ElementHandle' object has no attribute 'locator'
2025-07-19 02:39:15,322 - tools.passive_extraction_workflow_latest - DEBUG - Error checking aria-label for ASIN B019BEBT3C: 'ElementHandle' object has no attribute 'locator'
2025-07-19 02:39:15,363 - tools.passive_extraction_workflow_latest - INFO - Skipping sponsored result: ASIN B019BEBT3C (detected by ad-specific class: 'AdHolder')
2025-07-19 02:39:15,382 - tools.passive_extraction_workflow_latest - DEBUG - Processing element 15: ASIN B0F2N3C893
2025-07-19 02:39:15,382 - tools.passive_extraction_workflow_latest - DEBUG - Error checking sponsored badge for ASIN B0F2N3C893: 'ElementHandle' object has no attribute 'locator'
2025-07-19 02:39:15,383 - tools.passive_extraction_workflow_latest - DEBUG - Error checking aria-label for ASIN B0F2N3C893: 'ElementHandle' object has no attribute 'locator'
2025-07-19 02:39:15,426 - tools.passive_extraction_workflow_latest - INFO - Skipping sponsored result: ASIN B0F2N3C893 (detected by ad-specific class: 'AdHolder')
2025-07-19 02:39:15,427 - tools.passive_extraction_workflow_latest - WARNING - EAN 5053249271514 returned no organic results - skipping
2025-07-19 02:39:15,428 - tools.passive_extraction_workflow_latest - WARNING - No Amazon results or error for EAN '5053249271514'. Details: no_organic_results
2025-07-19 02:39:15,429 - tools.passive_extraction_workflow_latest - INFO - Falling back to title search for supplier product: 'Car-Pride Biodegradable Window & Mirror Wipes 30 Pack'
2025-07-19 02:39:15,430 - tools.passive_extraction_workflow_latest - INFO - Searching Amazon by title using search bar: 'Car-Pride Biodegradable Window & Mirror Wipes 30 Pack'
2025-07-19 02:39:15,430 - tools.passive_extraction_workflow_latest - INFO - Navigating to Amazon UK to search for title: Car-Pride Biodegradable Window & Mirror Wipes 30 Pack
2025-07-19 02:39:18,329 - tools.passive_extraction_workflow_latest - INFO - Title search found 1 elements using selector: div.s-search-results > div[data-asin]
2025-07-19 02:39:18,357 - tools.passive_extraction_workflow_latest - WARNING - No valid ASINs found for title 'Car-Pride Biodegradable Window & Mirror Wipes 30 Pack'
2025-07-19 02:39:18,358 - tools.passive_extraction_workflow_latest - WARNING - Both EAN '5053249271514' and title 'Car-Pride Biodegradable Window & Mirror Wipes 30 Pack' searches failed
2025-07-19 02:39:18,359 - PassiveExtractionWorkflow - INFO - ❌ EAN search failed for 5053249271514. Will fall back to title search.
2025-07-19 02:39:18,359 - PassiveExtractionWorkflow - INFO - EAN search failed. Falling back to title search.
2025-07-19 02:39:18,360 - tools.passive_extraction_workflow_latest - INFO - Searching Amazon by title using search bar: 'Car-Pride Biodegradable Window & Mirror Wipes 30 Pack'
2025-07-19 02:39:18,360 - tools.passive_extraction_workflow_latest - INFO - No page provided to search_by_title, getting one from BrowserManager.
2025-07-19 02:39:18,361 - utils.browser_manager - INFO - ♻️ Reusing cached page for https://www.amazon.co.uk
2025-07-19 02:39:18,361 - tools.passive_extraction_workflow_latest - INFO - Navigating to Amazon UK to search for title: Car-Pride Biodegradable Window & Mirror Wipes 30 Pack
2025-07-19 02:39:21,473 - tools.passive_extraction_workflow_latest - INFO - Title search found 1 elements using selector: div.s-search-results > div[data-asin]
2025-07-19 02:39:21,493 - tools.passive_extraction_workflow_latest - WARNING - No valid ASINs found for title 'Car-Pride Biodegradable Window & Mirror Wipes 30 Pack'
2025-07-19 02:39:21,494 - PassiveExtractionWorkflow - WARNING - No Amazon results for title 'Car-Pride Biodegradable Window & Mirror Wipes 30 Pack'. Skipping.
2025-07-19 02:39:21,495 - PassiveExtractionWorkflow - INFO - --- Processing supplier product 22/147: 'Goodyear Microfibre Luxury Valet Drying Towel Set 2 Pack' ---
2025-07-19 02:39:21,495 - PassiveExtractionWorkflow - INFO - Product already processed: https://www.poundwholesale.co.uk/goodyear-microfibre-luxury-valet-drying-towel-set-2-pack. Skipping.
2025-07-19 02:39:21,496 - PassiveExtractionWorkflow - INFO - --- Processing supplier product 23/147: 'Goodyear Anti-Smear Blue Screenwash 5L' ---
2025-07-19 02:39:21,496 - PassiveExtractionWorkflow - INFO - Product already processed: https://www.poundwholesale.co.uk/goodyear-anti-smear-blue-screenwash-5l. Skipping.
2025-07-19 02:39:21,497 - PassiveExtractionWorkflow - INFO - --- Processing supplier product 24/147: 'Carpride Alloy Wheel Spray Paint Silver Gloss' ---
2025-07-19 02:39:21,497 - PassiveExtractionWorkflow - INFO - Product already processed: https://www.poundwholesale.co.uk/carpride-alloy-wheel-spray-paint-silver-gloss. Skipping.
2025-07-19 02:39:21,498 - PassiveExtractionWorkflow - INFO - --- Processing supplier product 25/147: 'Coco & Gray Assorted Colour Synthetic Chamois Cloths 3 Pack' ---
2025-07-19 02:39:21,498 - PassiveExtractionWorkflow - INFO - Product already processed: https://www.poundwholesale.co.uk/royle-shammy-pack-3. Skipping.
2025-07-19 02:39:21,498 - PassiveExtractionWorkflow - INFO - --- Processing supplier product 26/147: 'Auto Extreme Microfibre Wheel Wash Brush 46cm' ---
2025-07-19 02:39:21,499 - PassiveExtractionWorkflow - INFO - Product already processed: https://www.poundwholesale.co.uk/auto-extreme-microfibre-wheel-wash-brush-46cm. Skipping.
2025-07-19 02:39:21,499 - PassiveExtractionWorkflow - INFO - --- Processing supplier product 27/147: 'Millions Blackcurrant Buzz 3D Car Air Freshener' ---
2025-07-19 02:39:21,500 - PassiveExtractionWorkflow - INFO - Product already processed: https://www.poundwholesale.co.uk/millions-blackcurrant-buzz-3d-car-air-freshener. Skipping.
2025-07-19 02:39:21,501 - PassiveExtractionWorkflow - INFO - --- Processing supplier product 28/147: 'Car-Pride Biodegradable Leather Cleaning Wipes 30 Pack' ---
2025-07-19 02:39:21,501 - PassiveExtractionWorkflow - INFO - Attempting Amazon search using EAN: 5053249271484
2025-07-19 02:39:21,529 - tools.passive_extraction_workflow_latest - INFO - Searching Amazon by EAN: 5053249271484 for supplier product: 'Car-Pride Biodegradable Leather Cleaning Wipes 30 Pack' (FixedAmazonExtractor)
2025-07-19 02:39:21,529 - tools.passive_extraction_workflow_latest - INFO - No page provided to search_by_ean, getting one from BrowserManager.
2025-07-19 02:39:21,530 - utils.browser_manager - INFO - ♻️ Reusing cached page for https://www.amazon.co.uk
2025-07-19 02:39:21,530 - tools.passive_extraction_workflow_latest - INFO - Navigating to Amazon UK to search for EAN: 5053249271484
2025-07-19 02:39:24,310 - tools.passive_extraction_workflow_latest - INFO - Waiting for search results page to load for EAN 5053249271484...
2025-07-19 02:39:24,533 - tools.passive_extraction_workflow_latest - INFO - Found search results container with selector: div.s-search-results
2025-07-19 02:39:26,604 - tools.passive_extraction_workflow_latest - INFO - Found 16 search result elements using selector: div.s-result-item[data-asin]:not([data-asin=''])
2025-07-19 02:39:26,605 - tools.passive_extraction_workflow_latest - INFO - Processing 16 search result elements for EAN 5053249271484
2025-07-19 02:39:26,624 - tools.passive_extraction_workflow_latest - DEBUG - Processing element 1: ASIN B08JZKDP1W
2025-07-19 02:39:26,638 - tools.passive_extraction_workflow_latest - DEBUG - ASIN B08JZKDP1W HTML structure sample: <div role="listitem" data-asin="B08JZKDP1W" data-index="2" data-uuid="11176a03-7556-419a-99a4-b6df7d08cd57" id="11176a03-7556-419a-99a4-b6df7d08cd57" data-component-type="s-search-result" class="sg-col-4-of-4 sg-col-4-of-24 sg-col-4-of-12 s-result-item s-asin sg-col-4-of-16 AdHolder sg-col s-widget-spacing-small sg-col-4-of-8 sg-col-4-of-20" data-component-id="5" data-cel-widget="search_result_0"><div class="sg-col-inner"><div cel_widget_id="MAIN-SEARCH_RESULTS-2" class="s-widget-container s-spacing-small s-widget-container-height-small celwidget slot=MAIN template=SEARCH_RESULTS widgetId=sear...
2025-07-19 02:39:26,639 - tools.passive_extraction_workflow_latest - DEBUG - Error checking sponsored badge for ASIN B08JZKDP1W: 'ElementHandle' object has no attribute 'locator'
2025-07-19 02:39:26,639 - tools.passive_extraction_workflow_latest - DEBUG - Error checking aria-label for ASIN B08JZKDP1W: 'ElementHandle' object has no attribute 'locator'
2025-07-19 02:39:26,679 - tools.passive_extraction_workflow_latest - INFO - Skipping sponsored result: ASIN B08JZKDP1W (detected by ad-specific class: 'AdHolder')
2025-07-19 02:39:26,700 - tools.passive_extraction_workflow_latest - DEBUG - Processing element 2: ASIN B0CJJM3B97
2025-07-19 02:39:26,718 - tools.passive_extraction_workflow_latest - DEBUG - ASIN B0CJJM3B97 HTML structure sample: <div role="listitem" data-asin="B0CJJM3B97" data-index="3" data-uuid="edbf7dd0-7d07-4388-87fb-88542e663f28" id="edbf7dd0-7d07-4388-87fb-88542e663f28" data-component-type="s-search-result" class="sg-col-4-of-4 sg-col-4-of-24 sg-col-4-of-12 s-result-item s-asin sg-col-4-of-16 AdHolder sg-col s-widget-spacing-small sg-col-4-of-8 sg-col-4-of-20" data-component-id="8" data-cel-widget="search_result_1"><div class="sg-col-inner"><div cel_widget_id="MAIN-SEARCH_RESULTS-3" class="s-widget-container s-spacing-small s-widget-container-height-small celwidget slot=MAIN template=SEARCH_RESULTS widgetId=sear...
2025-07-19 02:39:26,719 - tools.passive_extraction_workflow_latest - DEBUG - Error checking sponsored badge for ASIN B0CJJM3B97: 'ElementHandle' object has no attribute 'locator'
2025-07-19 02:39:26,720 - tools.passive_extraction_workflow_latest - DEBUG - Error checking aria-label for ASIN B0CJJM3B97: 'ElementHandle' object has no attribute 'locator'
2025-07-19 02:39:26,776 - tools.passive_extraction_workflow_latest - INFO - Skipping sponsored result: ASIN B0CJJM3B97 (detected by ad-specific class: 'AdHolder')
2025-07-19 02:39:26,795 - tools.passive_extraction_workflow_latest - DEBUG - Processing element 3: ASIN B0DWF1W82X
2025-07-19 02:39:26,816 - tools.passive_extraction_workflow_latest - DEBUG - ASIN B0DWF1W82X HTML structure sample: <div role="listitem" data-asin="B0DWF1W82X" data-index="4" data-uuid="15735f12-aa09-408b-ba5b-a4660b549a58" id="15735f12-aa09-408b-ba5b-a4660b549a58" data-component-type="s-search-result" class="sg-col-4-of-4 sg-col-4-of-24 sg-col-4-of-12 s-result-item s-asin sg-col-4-of-16 AdHolder sg-col s-widget-spacing-small sg-col-4-of-8 sg-col-4-of-20" data-component-id="11" data-cel-widget="search_result_2"><div class="sg-col-inner"><div cel_widget_id="MAIN-SEARCH_RESULTS-4" class="s-widget-container s-spacing-small s-widget-container-height-small celwidget slot=MAIN template=SEARCH_RESULTS widgetId=sea...
2025-07-19 02:39:26,817 - tools.passive_extraction_workflow_latest - DEBUG - Error checking sponsored badge for ASIN B0DWF1W82X: 'ElementHandle' object has no attribute 'locator'
2025-07-19 02:39:26,818 - tools.passive_extraction_workflow_latest - DEBUG - Error checking aria-label for ASIN B0DWF1W82X: 'ElementHandle' object has no attribute 'locator'
2025-07-19 02:39:26,854 - tools.passive_extraction_workflow_latest - INFO - Skipping sponsored result: ASIN B0DWF1W82X (detected by ad-specific class: 'AdHolder')
2025-07-19 02:39:26,877 - tools.passive_extraction_workflow_latest - DEBUG - Processing element 4: ASIN B0C1NVZPX1
2025-07-19 02:39:26,878 - tools.passive_extraction_workflow_latest - DEBUG - Error checking sponsored badge for ASIN B0C1NVZPX1: 'ElementHandle' object has no attribute 'locator'
2025-07-19 02:39:26,879 - tools.passive_extraction_workflow_latest - DEBUG - Error checking aria-label for ASIN B0C1NVZPX1: 'ElementHandle' object has no attribute 'locator'
2025-07-19 02:39:26,924 - tools.passive_extraction_workflow_latest - INFO - Skipping sponsored result: ASIN B0C1NVZPX1 (detected by ad-specific class: 'AdHolder')
2025-07-19 02:39:26,960 - tools.passive_extraction_workflow_latest - DEBUG - Processing element 5: ASIN B0DWDM6VZ8
2025-07-19 02:39:26,961 - tools.passive_extraction_workflow_latest - DEBUG - Error checking sponsored badge for ASIN B0DWDM6VZ8: 'ElementHandle' object has no attribute 'locator'
2025-07-19 02:39:26,961 - tools.passive_extraction_workflow_latest - DEBUG - Error checking aria-label for ASIN B0DWDM6VZ8: 'ElementHandle' object has no attribute 'locator'
2025-07-19 02:39:27,005 - tools.passive_extraction_workflow_latest - INFO - Skipping sponsored result: ASIN B0DWDM6VZ8 (detected by ad-specific class: 'AdHolder')
2025-07-19 02:39:27,025 - tools.passive_extraction_workflow_latest - DEBUG - Processing element 6: ASIN B0CFVZNGK7
2025-07-19 02:39:27,026 - tools.passive_extraction_workflow_latest - DEBUG - Error checking sponsored badge for ASIN B0CFVZNGK7: 'ElementHandle' object has no attribute 'locator'
2025-07-19 02:39:27,026 - tools.passive_extraction_workflow_latest - DEBUG - Error checking aria-label for ASIN B0CFVZNGK7: 'ElementHandle' object has no attribute 'locator'
2025-07-19 02:39:27,064 - tools.passive_extraction_workflow_latest - INFO - Skipping sponsored result: ASIN B0CFVZNGK7 (detected by ad-specific class: 'AdHolder')
2025-07-19 02:39:27,084 - tools.passive_extraction_workflow_latest - DEBUG - Processing element 7: ASIN B0DHSG5LF6
2025-07-19 02:39:27,084 - tools.passive_extraction_workflow_latest - DEBUG - Error checking sponsored badge for ASIN B0DHSG5LF6: 'ElementHandle' object has no attribute 'locator'
2025-07-19 02:39:27,085 - tools.passive_extraction_workflow_latest - DEBUG - Error checking aria-label for ASIN B0DHSG5LF6: 'ElementHandle' object has no attribute 'locator'
2025-07-19 02:39:27,119 - tools.passive_extraction_workflow_latest - INFO - Skipping sponsored result: ASIN B0DHSG5LF6 (detected by ad-specific class: 'AdHolder')
2025-07-19 02:39:27,137 - tools.passive_extraction_workflow_latest - DEBUG - Processing element 8: ASIN B0DWDJVSVG
2025-07-19 02:39:27,138 - tools.passive_extraction_workflow_latest - DEBUG - Error checking sponsored badge for ASIN B0DWDJVSVG: 'ElementHandle' object has no attribute 'locator'
2025-07-19 02:39:27,138 - tools.passive_extraction_workflow_latest - DEBUG - Error checking aria-label for ASIN B0DWDJVSVG: 'ElementHandle' object has no attribute 'locator'
2025-07-19 02:39:27,181 - tools.passive_extraction_workflow_latest - INFO - Skipping sponsored result: ASIN B0DWDJVSVG (detected by ad-specific class: 'AdHolder')
2025-07-19 02:39:27,209 - tools.passive_extraction_workflow_latest - DEBUG - Processing element 9: ASIN B0DWMQZ5FM
2025-07-19 02:39:27,209 - tools.passive_extraction_workflow_latest - DEBUG - Error checking sponsored badge for ASIN B0DWMQZ5FM: 'ElementHandle' object has no attribute 'locator'
2025-07-19 02:39:27,210 - tools.passive_extraction_workflow_latest - DEBUG - Error checking aria-label for ASIN B0DWMQZ5FM: 'ElementHandle' object has no attribute 'locator'
2025-07-19 02:39:27,256 - tools.passive_extraction_workflow_latest - INFO - Skipping sponsored result: ASIN B0DWMQZ5FM (detected by ad-specific class: 'AdHolder')
2025-07-19 02:39:27,280 - tools.passive_extraction_workflow_latest - DEBUG - Processing element 10: ASIN B0DWDWL66T
2025-07-19 02:39:27,280 - tools.passive_extraction_workflow_latest - DEBUG - Error checking sponsored badge for ASIN B0DWDWL66T: 'ElementHandle' object has no attribute 'locator'
2025-07-19 02:39:27,281 - tools.passive_extraction_workflow_latest - DEBUG - Error checking aria-label for ASIN B0DWDWL66T: 'ElementHandle' object has no attribute 'locator'
2025-07-19 02:39:27,348 - tools.passive_extraction_workflow_latest - INFO - Skipping sponsored result: ASIN B0DWDWL66T (detected by ad-specific class: 'AdHolder')
2025-07-19 02:39:27,374 - tools.passive_extraction_workflow_latest - DEBUG - Processing element 11: ASIN B0DJF74BWF
2025-07-19 02:39:27,375 - tools.passive_extraction_workflow_latest - DEBUG - Error checking sponsored badge for ASIN B0DJF74BWF: 'ElementHandle' object has no attribute 'locator'
2025-07-19 02:39:27,376 - tools.passive_extraction_workflow_latest - DEBUG - Error checking aria-label for ASIN B0DJF74BWF: 'ElementHandle' object has no attribute 'locator'
2025-07-19 02:39:27,410 - tools.passive_extraction_workflow_latest - INFO - Skipping sponsored result: ASIN B0DJF74BWF (detected by ad-specific class: 'AdHolder')
2025-07-19 02:39:27,431 - tools.passive_extraction_workflow_latest - DEBUG - Processing element 12: ASIN B0CFW1BMCX
2025-07-19 02:39:27,431 - tools.passive_extraction_workflow_latest - DEBUG - Error checking sponsored badge for ASIN B0CFW1BMCX: 'ElementHandle' object has no attribute 'locator'
2025-07-19 02:39:27,432 - tools.passive_extraction_workflow_latest - DEBUG - Error checking aria-label for ASIN B0CFW1BMCX: 'ElementHandle' object has no attribute 'locator'
2025-07-19 02:39:27,472 - tools.passive_extraction_workflow_latest - INFO - Skipping sponsored result: ASIN B0CFW1BMCX (detected by ad-specific class: 'AdHolder')
2025-07-19 02:39:27,491 - tools.passive_extraction_workflow_latest - DEBUG - Processing element 13: ASIN B07MD2TPVS
2025-07-19 02:39:27,492 - tools.passive_extraction_workflow_latest - DEBUG - Error checking sponsored badge for ASIN B07MD2TPVS: 'ElementHandle' object has no attribute 'locator'
2025-07-19 02:39:27,493 - tools.passive_extraction_workflow_latest - DEBUG - Error checking aria-label for ASIN B07MD2TPVS: 'ElementHandle' object has no attribute 'locator'
2025-07-19 02:39:27,534 - tools.passive_extraction_workflow_latest - INFO - Skipping sponsored result: ASIN B07MD2TPVS (detected by ad-specific class: 'AdHolder')
2025-07-19 02:39:27,556 - tools.passive_extraction_workflow_latest - DEBUG - Processing element 14: ASIN B0D3LB4Y79
2025-07-19 02:39:27,557 - tools.passive_extraction_workflow_latest - DEBUG - Error checking sponsored badge for ASIN B0D3LB4Y79: 'ElementHandle' object has no attribute 'locator'
2025-07-19 02:39:27,558 - tools.passive_extraction_workflow_latest - DEBUG - Error checking aria-label for ASIN B0D3LB4Y79: 'ElementHandle' object has no attribute 'locator'
2025-07-19 02:39:27,603 - tools.passive_extraction_workflow_latest - INFO - Skipping sponsored result: ASIN B0D3LB4Y79 (detected by ad-specific class: 'AdHolder')
2025-07-19 02:39:27,622 - tools.passive_extraction_workflow_latest - DEBUG - Processing element 15: ASIN B0B6RFSC7H
2025-07-19 02:39:27,622 - tools.passive_extraction_workflow_latest - DEBUG - Error checking sponsored badge for ASIN B0B6RFSC7H: 'ElementHandle' object has no attribute 'locator'
2025-07-19 02:39:27,623 - tools.passive_extraction_workflow_latest - DEBUG - Error checking aria-label for ASIN B0B6RFSC7H: 'ElementHandle' object has no attribute 'locator'
2025-07-19 02:39:27,658 - tools.passive_extraction_workflow_latest - INFO - Skipping sponsored result: ASIN B0B6RFSC7H (detected by ad-specific class: 'AdHolder')
2025-07-19 02:39:27,659 - tools.passive_extraction_workflow_latest - WARNING - EAN 5053249271484 returned no organic results - skipping
2025-07-19 02:39:27,659 - tools.passive_extraction_workflow_latest - WARNING - No Amazon results or error for EAN '5053249271484'. Details: no_organic_results
2025-07-19 02:39:27,660 - tools.passive_extraction_workflow_latest - INFO - Falling back to title search for supplier product: 'Car-Pride Biodegradable Leather Cleaning Wipes 30 Pack'
2025-07-19 02:39:27,660 - tools.passive_extraction_workflow_latest - INFO - Searching Amazon by title using search bar: 'Car-Pride Biodegradable Leather Cleaning Wipes 30 Pack'
2025-07-19 02:39:27,661 - tools.passive_extraction_workflow_latest - INFO - Navigating to Amazon UK to search for title: Car-Pride Biodegradable Leather Cleaning Wipes 30 Pack
2025-07-19 02:39:31,287 - tools.passive_extraction_workflow_latest - INFO - Title search found 4 elements using selector: div.s-search-results > div[data-asin]
2025-07-19 02:39:31,583 - tools.passive_extraction_workflow_latest - DEBUG - ASIN B0BZFDCNNP title extracted using selector 'h2 span.a-size-base-plus': FERRIS...
2025-07-19 02:39:36,932 - tools.passive_extraction_workflow_latest - DEBUG - ASIN B08W4KSQ53 title extracted using selector 'h2 span.a-size-base-plus': Furniture Clinic...
2025-07-19 02:39:36,933 - tools.passive_extraction_workflow_latest - INFO - Title search found 2 results for 'Car-Pride Biodegradable Leather Cleaning Wipes 30 Pack'
2025-07-19 02:39:36,933 - tools.passive_extraction_workflow_latest - INFO - Title search successful for 'Car-Pride Biodegradable Leather Cleaning Wipes 30 Pack' after EAN '5053249271484' failed
2025-07-19 02:39:36,934 - PassiveExtractionWorkflow - INFO - ✅ EAN search successful for 5053249271484. Using EAN result without title fallback.
2025-07-19 02:39:36,939 - PassiveExtractionWorkflow - INFO - 💾 Saved Amazon data to /mnt/c/Users/chris/Desktop/Amazon-FBA-Agent-System-v32/OUTPUTS/FBA_ANALYSIS/amazon_cache/amazon_B0BZFDCNNP_5053249271484.json
2025-07-19 02:39:36,940 - PassiveExtractionWorkflow - DEBUG - 🔍 DEBUG: linking_map type: <class 'list'>, value: [{'supplier_ean': '5053249228587', 'amazon_asin': 'B075QDW3BF', 'supplier_title': 'Car Pride Under Body Seal Black 400ml', 'amazon_title': 'HP CF541A 203A Original LaserJet Toner Cartridge, Cyan, Single Pack', 'supplier_price': 1.73, 'amazon_price': 64.99, 'match_method': 'EAN', 'confidence': 'high', 'created_at': '2025-07-18T10:13:11.088193', 'supplier_url': 'https://www.poundwholesale.co.uk/carpride-under-body-seal-black'}, {'supplier_ean': '5055319527750', 'amazon_asin': 'B0CX1X6R6G', 'supplier_title': 'Auto Extreme Car Detailing Brush Set 5 Pack', 'amazon_title': 'Kasauber', 'supplier_price': 2.1, 'amazon_price': None, 'match_method': 'EAN', 'confidence': 'high', 'created_at': '2025-07-18T10:13:23.277485', 'supplier_url': 'https://www.poundwholesale.co.uk/auto-extreme-car-detailing-brush-set-5-pack'}, {'supplier_ean': '5055319528504', 'amazon_asin': 'B07NJGQFRF', 'supplier_title': 'Rapide RP-60 Penetrating Maintenance Spray with Control Nozzle 400ml', 'amazon_title': 'Rapide 2850 Paint Spray', 'supplier_price': 2.65, 'amazon_price': 5.85, 'match_method': 'EAN', 'confidence': 'high', 'created_at': '2025-07-18T10:14:15.912179', 'supplier_url': 'https://www.poundwholesale.co.uk/rapide-rp-60-penetrating-maintenance-spray-with-control-nozzle-400ml'}, {'supplier_ean': '5055441452272', 'amazon_asin': 'B0DFMPNHT5', 'supplier_title': 'Goodyear Microfibre Luxury Valet Drying Towel Set 2 Pack', 'amazon_title': 'Goodyear 2PC Microfibre Luxury Valet Cloth Set I Microfibre technology| powerful cleaning | Extra absorbency for a swirl free finish | Ideal for buffing away polish & wax residue | Extra large towel', 'supplier_price': 2.14, 'amazon_price': 6.59, 'match_method': 'EAN', 'confidence': 'high', 'created_at': '2025-07-18T10:15:06.821428', 'supplier_url': 'https://www.poundwholesale.co.uk/goodyear-microfibre-luxury-valet-drying-towel-set-2-pack'}, {'supplier_ean': '5053249229140', 'amazon_asin': 'B07N41XTV5', 'supplier_title': 'Carpride Alloy Wheel Spray Paint Silver Gloss', 'amazon_title': 'Car Pride Alloy Wheel Spray Paint Metallic Silver Repairer. 400ml', 'supplier_price': 1.67, 'amazon_price': 5.4, 'match_method': 'EAN', 'confidence': 'high', 'created_at': '2025-07-18T10:16:10.522951', 'supplier_url': 'https://www.poundwholesale.co.uk/carpride-alloy-wheel-spray-paint-silver-gloss'}, {'supplier_ean': '5055056770822', 'amazon_asin': 'B09DTQ4S43', 'supplier_title': 'Millions Blackcurrant Buzz 3D Car Air Freshener', 'amazon_title': 'AIRFreshh', 'supplier_price': 0.38, 'amazon_price': None, 'match_method': 'EAN', 'confidence': 'high', 'created_at': '2025-07-18T10:16:22.515075', 'supplier_url': 'https://www.poundwholesale.co.uk/millions-blackcurrant-buzz-3d-car-air-freshener'}, {'supplier_ean': '5055319519229', 'amazon_asin': 'B07NJGGW8P', 'supplier_title': 'Auto Extreme Professional White Gloss Spray Paint 400ml', 'amazon_title': 'Auto Extreme White Gloss, 400 ml', 'supplier_price': 1.82, 'amazon_price': 5.3, 'match_method': 'EAN', 'confidence': 'high', 'created_at': '2025-07-18T10:17:22.092163', 'supplier_url': 'https://www.poundwholesale.co.uk/auto-extreme-professional-white-gloss-spray-paint-400ml'}, {'supplier_ean': '5055319529907', 'amazon_asin': 'B07XZDY64P', 'supplier_title': 'Rapide Silicone Lubricant Spray 250ml', 'amazon_title': '300ml Silicone Grease Aerosol Spray Lubricant Can Water Resistant Oil', 'supplier_price': 1.07, 'amazon_price': 4.79, 'match_method': 'EAN', 'confidence': 'high', 'created_at': '2025-07-18T10:18:10.835188', 'supplier_url': 'https://www.poundwholesale.co.uk/rapide-silicone-lubricant-spray-250ml'}, {'supplier_ean': '5050375036574', 'amazon_asin': 'B006URFAE8', 'supplier_title': 'Car Pride Assorted Fragrance Fresh Feet Car Air Fresheners 4 Pack CDU', 'amazon_title': 'Pack of 4 FRESH FEET, Car Air Fresheners, Carpride cp1128', 'supplier_price': 0.71, 'amazon_price': 3.3, 'match_method': 'EAN', 'confidence': 'high', 'created_at': '2025-07-18T10:19:02.426082', 'supplier_url': 'https://www.poundwholesale.co.uk/car-pride-assorted-fragrance-fresh-feet-car-air-fresheners-4-pack-cdu'}, {'supplier_ean': '5055056731878', 'amazon_asin': 'B09LH29BZD', 'supplier_title': 'Guilty Pleasures Blueberry Ice Pop 3D Car Air Freshener', 'amazon_title': 'Guilty Pleasure 3D Blueberry CAR FRESHENER', 'supplier_price': 0.38, 'amazon_price': 3.99, 'match_method': 'EAN', 'confidence': 'high', 'created_at': '2025-07-18T10:19:50.869058', 'supplier_url': 'https://www.poundwholesale.co.uk/guilty-pleasures-blueberry-ice-pop-3d-car-air-freshener'}, {'supplier_ean': '5055319514606', 'amazon_asin': 'B0CYH8F9F9', 'supplier_title': 'Auto Extreme Car Pump Sprayer 2L', 'amazon_title': 'My Garden 5 Litre Sprayer Pump - Weed Killer Pressure Sprayer Pump Action - High Pressure Long Reach Sprayers - Ideal For Spraying Water Fertiliser Herbicides Pesticides Preservative & Detergent', 'supplier_price': 3.85, 'amazon_price': None, 'match_method': 'EAN', 'confidence': 'high', 'created_at': '2025-07-18T10:20:03.052455', 'supplier_url': 'https://www.poundwholesale.co.uk/auto-extreme-car-pump-sprayer-2l'}, {'supplier_ean': '5055319530781', 'amazon_asin': 'B09FKD19N4', 'supplier_title': 'Auto Extreme Tropical Mist In-Car Fragrance Air Freshener Spray 100ml', 'amazon_title': 'Air Freshener Spray Concentrated Long Lasting Oil Based (Ocean Breeze)', 'supplier_price': 0.65, 'amazon_price': None, 'match_method': 'EAN', 'confidence': 'high', 'created_at': '2025-07-18T10:20:17.331393', 'supplier_url': 'https://www.poundwholesale.co.uk/auto-extreme-tropical-mist-in-car-fragrance-air-freshener-spray-100ml'}, {'supplier_ean': '5053249245799', 'amazon_asin': 'B0BLLV2M74', 'supplier_title': 'Car Pride Clean & Polish Microfibre Cloth', 'amazon_title': 'CARPRIDE® Clean and Polish MicroFibre Cloth for Car Exterior and Interior | Streak Free | 30 x 30 cm', 'supplier_price': 0.76, 'amazon_price': 5.29, 'match_method': 'EAN', 'confidence': 'high', 'created_at': '2025-07-18T10:21:04.364223', 'supplier_url': 'https://www.poundwholesale.co.uk/car-pride-clean-polish-microfibre-cloth'}, {'supplier_ean': '5055319531849', 'amazon_asin': 'B074KFGHCP', 'supplier_title': 'Rapide Easy Grease Spray 250ml', 'amazon_title': 'HMT', 'supplier_price': 1.05, 'amazon_price': None, 'match_method': 'EAN', 'confidence': 'high', 'created_at': '2025-07-18T10:21:17.993959', 'supplier_url': 'https://www.poundwholesale.co.uk/rapide-easy-grease-spray-250ml'}, {'supplier_ean': '5052578642705', 'amazon_asin': 'B07X22PHWJ', 'supplier_title': 'Bettina Chamois Demist & Dashboard Pad', 'amazon_title': 'Airlab', 'supplier_price': 0.75, 'amazon_price': None, 'match_method': 'EAN', 'confidence': 'high', 'created_at': '2025-07-18T10:21:28.626273', 'supplier_url': 'https://www.poundwholesale.co.uk/bettina-chamois-demist-dashboard-pad'}, {'supplier_ean': '5052578633000', 'amazon_asin': 'B0F6K65PZT', 'supplier_title': 'Bettina Microfibre Mitt', 'amazon_title': 'Fogcosy', 'supplier_price': 0.95, 'amazon_price': None, 'match_method': 'EAN', 'confidence': 'high', 'created_at': '2025-07-18T10:21:41.310298', 'supplier_url': 'https://www.poundwholesale.co.uk/microfibre-mit-highly-effective-wet-or-dry'}, {'supplier_ean': '5053249245669', 'amazon_asin': 'B0BLL1K79V', 'supplier_title': 'Car Pride Blue Microfibre Glass Cloth', 'amazon_title': 'Car-pride Glass Microfibre Cloth', 'supplier_price': 0.74, 'amazon_price': 4.99, 'match_method': 'EAN', 'confidence': 'high', 'created_at': '2025-07-18T10:22:28.491046', 'supplier_url': 'https://www.poundwholesale.co.uk/car-pride-blue-microfibre-glass-cloth'}, {'supplier_ean': '5055056770785', 'amazon_asin': 'B0BLGR29X6', 'supplier_title': 'Millions Sour Strawberry 3D Car Air Freshener', 'amazon_title': 'Evair', 'supplier_price': 0.38, 'amazon_price': None, 'match_method': 'EAN', 'confidence': 'high', 'created_at': '2025-07-18T10:22:40.894972', 'supplier_url': 'https://www.poundwholesale.co.uk/millions-sour-strawberry-3d-car-air-freshener'}, {'supplier_ean': '5053249248714', 'amazon_asin': 'B006T2450O', 'supplier_title': 'Car-Pride White Gloss Spray Paint 400ml', 'amazon_title': 'Tetrion', 'supplier_price': 1.73, 'amazon_price': None, 'match_method': 'EAN', 'confidence': 'high', 'created_at': '2025-07-18T10:22:54.011676', 'supplier_url': 'https://www.poundwholesale.co.uk/car-pride-white-gloss-spray-paint-400ml'}, {'supplier_ean': '5055056731885', 'amazon_asin': 'B09LHBY2GF', 'supplier_title': 'Guilty Pleasures Vanilla & Cherry Cupcake 3D Car Air Freshener', 'amazon_title': 'Guilty Pleasure 3D Vanilla CAR FRESHENER', 'supplier_price': 0.38, 'amazon_price': 3.99, 'match_method': 'EAN', 'confidence': 'high', 'created_at': '2025-07-18T10:23:41.006634', 'supplier_url': 'https://www.poundwholesale.co.uk/guilty-pleasures-vanilla-cherry-cupcake-3d-car-air-freshener'}, {'supplier_ean': '5055319531733', 'amazon_asin': 'B004SMKX7Q', 'supplier_title': 'Auto Extreme Professional Black Alloy Wheel Spray Paint 400ml', 'amazon_title': 'Hycote', 'supplier_price': 1.81, 'amazon_price': None, 'match_method': 'EAN', 'confidence': 'high', 'created_at': '2025-07-18T10:23:55.039262', 'supplier_url': 'https://www.poundwholesale.co.uk/auto-extreme-professional-black-alloy-wheel-spray-paint-400ml'}, {'supplier_ean': '5055441459684', 'amazon_asin': 'B0DL9TR7T2', 'supplier_title': 'Goodyear 2-in-1 Telescopic Handle Scraper', 'amazon_title': 'Goodyear Telescopic Handle Scraper - Adjustable Ice Scraper with Extendable Handle | Sturdy Blade for Snow & Ice Removal | Ergonomic Grip | Compact and Durable Design | Ideal for Cars, Trucks & SUVs', 'supplier_price': 4.04, 'amazon_price': 9.21, 'match_method': 'EAN', 'confidence': 'high', 'created_at': '2025-07-18T10:24:48.156817', 'supplier_url': 'https://www.poundwholesale.co.uk/goodyear-2-in-1-telescopic-handle-scraper'}, {'supplier_ean': '5055441427348', 'amazon_asin': 'B06XPVGMV8', 'supplier_title': 'Goodyear Portable Car Vacuum Cleaner 12V', 'amazon_title': 'Goodyear 12V DC Car/Van Cigarette Lighter Corded Vacuum Cleaner Powerful Suction', 'supplier_price': 5.72, 'amazon_price': 10.99, 'match_method': 'EAN', 'confidence': 'high', 'created_at': '2025-07-18T10:25:44.453432', 'supplier_url': 'https://www.poundwholesale.co.uk/goodyear-portable-car-vacuum-cleaner-12v'}, {'supplier_ean': '5055319517027', 'amazon_asin': 'B01EQ7TPJE', 'supplier_title': 'Rapide DP-60 Multipurpose Maintenance Spray 750ml', 'amazon_title': 'Maintenance Oil 750ml Spray Can (DP60)', 'supplier_price': 2.77, 'amazon_price': 6.95, 'match_method': 'EAN', 'confidence': 'high', 'created_at': '2025-07-18T10:26:39.185617', 'supplier_url': 'https://www.poundwholesale.co.uk/rapide-dp-60-multipurpose-maintenance-spray-750ml'}, {'supplier_ean': '5038673410708', 'amazon_asin': 'B0D1Y8TCDS', 'supplier_title': 'Car Air Fresheners Leaf Assorted CDU', 'amazon_title': 'Ikeda Car Fragrance: Hanging Car Air Freshener | 10ml Hanging Car Decoration | 45 Days Long Lasting Fragrance | With Clip | For Car Home | 1 Piece (10ml x 1 Piece, Coconut)', 'supplier_price': 0.33, 'amazon_price': None, 'match_method': 'EAN', 'confidence': 'high', 'created_at': '2025-07-18T10:26:52.496784', 'supplier_url': 'https://www.poundwholesale.co.uk/car-air-fresheners-leaf-assorted-cdu'}, {'supplier_ean': '5053249224053', 'amazon_asin': 'B0DMN8CMH8', 'supplier_title': 'Tango Car Air Freshener Assorted', 'amazon_title': '10/50/100PCS Custom LOGO Car Bulk Air Fresheners, Custom Air Fresheners for Car Bulk, Air Freshener with Photo, Double-Sided Personalised Photo and Text Car Air Fresheners (10Pcs Square)', 'supplier_price': 0.76, 'amazon_price': None, 'match_method': 'EAN', 'confidence': 'high', 'created_at': '2025-07-18T10:27:03.571134', 'supplier_url': 'https://www.poundwholesale.co.uk/tango-car-air-freshener-assorted'}, {'supplier_ean': '5050375051270', 'amazon_asin': 'B00BPN9Z2A', 'supplier_title': 'Car Pride Alloy Wheel Cleaning Brush', 'amazon_title': 'Car Pride ALLOY WHEEL BRUSH', 'supplier_price': 0.71, 'amazon_price': 3.95, 'match_method': 'EAN', 'confidence': 'high', 'created_at': '2025-07-18T10:27:53.467488', 'supplier_url': 'https://www.poundwholesale.co.uk/car-pride-alloy-wheel-cleaning-brush'}, {'supplier_ean': '5055319519250', 'amazon_asin': 'B01MT7OBIO', 'supplier_title': 'Auto Extreme Professional Clear Lacquer Spray 400ml', 'amazon_title': 'Auto Extreme Clear Lacquer Spray Paint 400ml', 'supplier_price': 1.82, 'amazon_price': 5.32, 'match_method': 'EAN', 'confidence': 'high', 'created_at': '2025-07-18T10:28:54.182013', 'supplier_url': 'https://www.poundwholesale.co.uk/auto-extreme-professional-clear-lacquer-spray-400ml'}, {'supplier_ean': '5055441446578', 'amazon_asin': 'B0993MX5GX', 'supplier_title': 'Goodyear Waterless Wash & Wax 750ml', 'amazon_title': 'GOODYEAR WATERLESS WASH N WAX SPRAY 750ML', 'supplier_price': 2.06, 'amazon_price': 5.93, 'match_method': 'EAN', 'confidence': 'high', 'created_at': '2025-07-18T10:29:47.233890', 'supplier_url': 'https://www.poundwholesale.co.uk/goodyear-waterless-wash-wax-750ml'}, {'supplier_ean': '5055319519113', 'amazon_asin': 'B07NJGQ85R', 'supplier_title': 'Auto Extreme Automotive Silver Spray Paint 250ml', 'amazon_title': 'Auto Extreme Auto Spray Paint Silver, 250 ml', 'supplier_price': 0.92, 'amazon_price': 4.1, 'match_method': 'EAN', 'confidence': 'high', 'created_at': '2025-07-18T10:30:42.274698', 'supplier_url': 'https://www.poundwholesale.co.uk/auto-extreme-automotive-silver-spray-paint-250ml'}, {'supplier_ean': '5055441452210', 'amazon_asin': 'B0DH8DT3MS', 'supplier_title': 'Goodyear Natural Leather Chamois Cloth Xl', 'amazon_title': 'Goodyear Xl Genuine Leather Chamois -natural Chamois, Super Absorbent, Streak, Scratch Free, With Greater Tolerance To Car Cleaners| Stays Soft When Drying| Ideal For Cleaning Of Interior And Exterior', 'supplier_price': 3.83, 'amazon_price': 5.99, 'match_method': 'EAN', 'confidence': 'high', 'created_at': '2025-07-18T10:31:39.934257', 'supplier_url': 'https://www.poundwholesale.co.uk/goodyear-natural-leather-chamois-cloth-xl'}, {'supplier_ean': '5050375045439', 'amazon_asin': 'B003L6U0NC', 'supplier_title': 'Car-Pride Microfibre Mitt 3 Assorted Colours', 'amazon_title': 'Car Pride Microfibre Magic Mitt - Dusts, Scrubs, Cleans and Polishes', 'supplier_price': 0.98, 'amazon_price': 4.34, 'match_method': 'EAN', 'confidence': 'high', 'created_at': '2025-07-18T10:32:54.935150', 'supplier_url': 'https://www.poundwholesale.co.uk/microfibre-mitt'}, {'supplier_ean': '5055441446516', 'amazon_asin': 'B0D9YH94ZQ', 'supplier_title': 'Goodyear Gloss Tyre Shine 750ml', 'amazon_title': 'Auto Xpert Slick Shine, Premium Tyre Dressing, Long Lasting Wet-Look Finish, Protects Against Water and Dust, Easy to Apply, All Weather Tyre Protection. (5 Litre)', 'supplier_price': 1.39, 'amazon_price': None, 'match_method': 'EAN', 'confidence': 'high', 'created_at': '2025-07-18T10:33:09.394012', 'supplier_url': 'https://www.poundwholesale.co.uk/goodyear-gloss-tyre-shine-750ml'}, {'supplier_ean': '5055441449166', 'amazon_asin': 'B0D11XP9V1', 'supplier_title': 'Goodyear Microfibre Buffing Cloth Large 40cm', 'amazon_title': 'Goodyear Microfibre Buffing Cloth I Specially designed microfibre cloth for polishing and buffing your vehicle | Showroom finish | Microfibre attract more dirt than normal cloth | Machine washable', 'supplier_price': 0.85, 'amazon_price': 1.99, 'match_method': 'EAN', 'confidence': 'high', 'created_at': '2025-07-18T10:34:04.595027', 'supplier_url': 'https://www.poundwholesale.co.uk/goodyear-microfibre-buffing-cloth-large-40cm'}, {'supplier_ean': '5055319529877', 'amazon_asin': 'B07Y1V1WMW', 'supplier_title': 'Rapide Copper Grease Spray 250ml', 'amazon_title': 'Rapide 300ml Copper Grease Aerosol Spray Lubricant Can Anti Seize Brake Pad Squeal Oil', 'supplier_price': 1.07, 'amazon_price': 4.95, 'match_method': 'EAN', 'confidence': 'high', 'created_at': '2025-07-18T10:34:58.176694', 'supplier_url': 'https://www.poundwholesale.co.uk/rapide-copper-grease-spray-250ml'}, {'supplier_ean': '5055441446752', 'amazon_asin': 'B0DJWDHG1Y', 'supplier_title': 'Goodyear Hydrophobic Polymer Formulation Wash & Wax 2.5l', 'amazon_title': 'Goodyear Wash And Wax Hydrophobic Polymer 2.5 Ltr | Leaves A Glossy Just Waxed Deep Protective Shine | Polymer-acrylic Polyethylene Copolymer Wax | Effectively Cleans Dirt And Grime From Your Vehicle', 'supplier_price': 3.05, 'amazon_price': 5.99, 'match_method': 'EAN', 'confidence': 'high', 'created_at': '2025-07-18T10:35:51.556162', 'supplier_url': 'https://www.poundwholesale.co.uk/goodyear-hydrophobic-polymer-formulation-wash-wax-2-5l'}, {'supplier_ean': '5055056731892', 'amazon_asin': 'B094HGXWJC', 'supplier_title': 'Guilty Pleasures Strawberry Doughnut 3D Car Air Freshener', 'amazon_title': 'GUILTY PLEASURES STRAWBERRY DOUGHNUT 3D CAR AIR FRESHENER', 'supplier_price': 0.38, 'amazon_price': 1.5, 'match_method': 'EAN', 'confidence': 'high', 'created_at': '2025-07-18T10:36:38.989576', 'supplier_url': 'https://www.poundwholesale.co.uk/guilty-pleasures-strawberry-doughnut-3d-car-air-freshener'}, {'supplier_ean': '5055319519236', 'amazon_asin': 'B07NJGT1BN', 'supplier_title': 'Auto Extreme Professional Grey Primer Spray Paint 400ml', 'amazon_title': 'Auto Extreme Auto Extreme Grey Primer, 400 ml', 'supplier_price': 1.82, 'amazon_price': 5.44, 'match_method': 'EAN', 'confidence': 'high', 'created_at': '2025-07-18T10:37:31.087578', 'supplier_url': 'https://www.poundwholesale.co.uk/auto-extreme-professional-grey-primer-spray-paint-400ml'}, {'supplier_ean': '5055441453309', 'amazon_asin': 'B094DFY8PC', 'supplier_title': 'Goodyear Anti-Smear Blue Screenwash 5L', 'amazon_title': 'Prestone', 'supplier_price': 2.7, 'amazon_price': None, 'match_method': 'EAN', 'confidence': 'high', 'created_at': '2025-07-18T10:37:44.323618', 'supplier_url': 'https://www.poundwholesale.co.uk/goodyear-anti-smear-blue-screenwash-5l'}, {'supplier_ean': '5055319558839', 'amazon_asin': 'B0CTCSZD1T', 'supplier_title': 'Auto Extreme Microfibre Wheel Wash Brush 46cm', 'amazon_title': 'Xtremeauto', 'supplier_price': 2.79, 'amazon_price': None, 'match_method': 'EAN', 'confidence': 'high', 'created_at': '2025-07-18T10:37:55.429624', 'supplier_url': 'https://www.poundwholesale.co.uk/auto-extreme-microfibre-wheel-wash-brush-46cm'}, {'supplier_ean': '5055319511995', 'amazon_asin': 'B09C44BVZY', 'supplier_title': 'Auto Extreme Professional Red Gloss Brake Caliper Spray Paint 400ml', 'amazon_title': 'Tailored Paint', 'supplier_price': 2.73, 'amazon_price': None, 'match_method': 'EAN', 'confidence': 'high', 'created_at': '2025-07-18T10:38:08.805743', 'supplier_url': 'https://www.poundwholesale.co.uk/auto-extreme-professional-red-gloss-brake-caliper-spray-paint-400ml'}, {'supplier_ean': '5055319519205', 'amazon_asin': 'B09DYZTY7G', 'supplier_title': 'Auto Extreme Professional Black Matt Spray Paint 400ml', 'amazon_title': 'Classic Signature - 1 x Auto Extreme Black Matt Spray Paint 400ml, Professional Quality, Perfect Finish for Cars, Bikes,Vans, Metal, Wood', 'supplier_price': 1.82, 'amazon_price': 6.89, 'match_method': 'EAN', 'confidence': 'high', 'created_at': '2025-07-18T10:38:58.185842', 'supplier_url': 'https://www.poundwholesale.co.uk/auto-extreme-professional-black-matt-spray-paint-400ml'}, {'supplier_ean': '5055319531818', 'amazon_asin': 'B000LD4V2E', 'supplier_title': 'Auto Extreme Professional Black Bumper & Trim Spray Paint 400ml', 'amazon_title': 'Hycote', 'supplier_price': 1.81, 'amazon_price': None, 'match_method': 'EAN', 'confidence': 'high', 'created_at': '2025-07-18T10:39:11.840698', 'supplier_url': 'https://www.poundwholesale.co.uk/auto-extreme-professional-black-bumper-trim-spray-paint-400ml'}, {'supplier_ean': '5053249226576', 'amazon_asin': 'B07CZHPQRY', 'supplier_title': '151 Super Maintenance Spray 200ml', 'amazon_title': '151 Products 2X Super Multipurpose Oil - 200ml, 20ml x 10, Bike Chain, Multipurpose, 0.26kg', 'supplier_price': 1.14, 'amazon_price': 5.28, 'match_method': 'EAN', 'confidence': 'high', 'created_at': '2025-07-18T10:40:10.708714', 'supplier_url': 'https://www.poundwholesale.co.uk/supermaintenance-spray-300ml'}, {'supplier_ean': '5050375083813', 'amazon_asin': 'B0DG2QVKZL', 'supplier_title': 'Car Pride Interior Clean & Shine 300ml', 'amazon_title': 'Hoover HF1 Plus Cordless Stick Vacuum Cleaner with Turbo Suction Mode, Up to 45 Min Runtime, LED Lights, Multi-Floor Nozzle, Anti Hair Wrap, Handheld Capability, 165w [HF1P10H]', 'supplier_price': 0.95, 'amazon_price': 99.0, 'match_method': 'EAN', 'confidence': 'high', 'created_at': '2025-07-18T10:41:15.031823', 'supplier_url': 'https://www.poundwholesale.co.uk/interior-clean-shine-300ml'}, {'supplier_ean': '5055319519120', 'amazon_asin': 'B07NJGQFPJ', 'supplier_title': 'Auto Extreme Automotive White Primer Spray Paint 250ml', 'amazon_title': 'Auto Extreme Auto Spray White Primer, 250 ml', 'supplier_price': 0.92, 'amazon_price': 5.19, 'match_method': 'EAN', 'confidence': 'high', 'created_at': '2025-07-18T10:42:08.243130', 'supplier_url': 'https://www.poundwholesale.co.uk/auto-extreme-automotive-white-primer-spray-paint-250ml'}, {'supplier_ean': '5055441449128', 'amazon_asin': 'B0DF3573G7', 'supplier_title': 'Goodyear Microfibre Wash & Dry Cloth Large 40cm', 'amazon_title': 'Goodyear Microfibre Wash and Dry Cloth Large Specially designed microfibre cloth for washing and drying your vehicle |Dual purpose |Microfibres attract more dirt than a normal cloth| Machine washable', 'supplier_price': 0.8, 'amazon_price': 5.03, 'match_method': 'EAN', 'confidence': 'high', 'created_at': '2025-07-18T10:42:56.491855', 'supplier_url': 'https://www.poundwholesale.co.uk/goodyear-microfibre-wash-dry-cloth-large-40cm'}, {'supplier_ean': '5050375084087', 'amazon_asin': 'B004V424UK', 'supplier_title': 'Car Pride Tyre Shine 300ml', 'amazon_title': '151 CAR VAN BIKE TYRE SHINE WET LOOK SPRAY BLACK', 'supplier_price': 0.93, 'amazon_price': 4.2, 'match_method': 'EAN', 'confidence': 'high', 'created_at': '2025-07-18T10:43:52.714822', 'supplier_url': 'https://www.poundwholesale.co.uk/tyre-shine-300ml'}, {'supplier_ean': '5052578042604', 'amazon_asin': 'B089P24HXC', 'supplier_title': 'Bettina Natural Chamois Leather Cloth 30cm X 30cm', 'amazon_title': 'CarMax® English Premium Grade Natural Chamois Leather - Large - Perfect for drying off the whole car, glass, mirrors, inside and out, super soft and highly absorbent, Made in the UK', 'supplier_price': 0.91, 'amazon_price': None, 'match_method': 'EAN', 'confidence': 'high', 'created_at': '2025-07-18T10:44:06.608980', 'supplier_url': 'https://www.poundwholesale.co.uk/bettina-chamois-leather-cloth'}, {'supplier_ean': '5055319512008', 'amazon_asin': 'B0D6N5WJK2', 'supplier_title': 'Auto Extreme Professional Yellow Gloss Brake Caliper Spray Paint 400ml', 'amazon_title': 'AX PRO Break Caliper Spray Yellow Gloss 400ml', 'supplier_price': 2.73, 'amazon_price': 4.87, 'match_method': 'EAN', 'confidence': 'high', 'created_at': '2025-07-18T10:44:49.215843', 'supplier_url': 'https://www.poundwholesale.co.uk/auto-extreme-professional-yellow-gloss-brake-caliper-spray-paint-400ml'}, {'supplier_ean': '5055441452173', 'amazon_asin': 'B0DF358GFW', 'supplier_title': 'Goodyear Microfibre Window Cloth Large 40cm X 40cm', 'amazon_title': 'Goodyear microfibre Window Cloth I Designed Microfiber Cloth for windscreens, windows and mirrors| Statically charged cleaning| Leaves lint free finish| Ideal for effective cleaning of glass surfaces', 'supplier_price': 1.06, 'amazon_price': 1.99, 'match_method': 'EAN', 'confidence': 'high', 'created_at': '2025-07-18T10:45:39.365206', 'supplier_url': 'https://www.poundwholesale.co.uk/goodyear-microfibre-window-cloth-large-40cm-x-40cm'}, {'supplier_ean': '5052578414708', 'amazon_asin': 'B0BG8HY6NL', 'supplier_title': 'Bettina Giant Car Sponge', 'amazon_title': 'Xtremeauto', 'supplier_price': 0.87, 'amazon_price': None, 'match_method': 'EAN', 'confidence': 'high', 'created_at': '2025-07-18T10:45:52.603673', 'supplier_url': 'https://www.poundwholesale.co.uk/bettina-giant-car-sponge'}, {'supplier_ean': '5050375083967', 'amazon_asin': 'B004V423RY', 'supplier_title': 'Car Pride Window & Mirror Cleaner 300ml', 'amazon_title': 'WINDOW MIRROR GLASS CERAMIC CLEANER - NON SMEAR', 'supplier_price': 0.97, 'amazon_price': 4.45, 'match_method': 'EAN_cached', 'confidence': 'low', 'created_at': '2025-07-18T10:45:52.672388', 'supplier_url': 'https://www.poundwholesale.co.uk/window-mirror-cleaner-300ml'}, {'supplier_ean': '5055441444536', 'amazon_asin': 'B0DF33XNMX', 'supplier_title': 'Goodyear Luxury Deep Pile Microfibre 2-In-1 Valet Cloth 45cm X 38cm', 'amazon_title': 'Goodyear Luxury Valet Cloth Large Deep pile for absorbency| For showroom perfect finish |2 in 1 luxury car cloth| Microfibre technology| Cleaning fibre| Satin safety edging protects against scratching', 'supplier_price': 3.02, 'amazon_price': 7.0, 'match_method': 'EAN', 'confidence': 'high', 'created_at': '2025-07-18T10:46:44.263284', 'supplier_url': 'https://www.poundwholesale.co.uk/goodyear-luxury-deep-pile-microfibre-2-in-1-valet-cloth-45cm-x-38cm'}, {'supplier_ean': '5055441446554', 'amazon_asin': 'B0DJWFVY3H', 'supplier_title': 'Goodyear Snow Foam Pre-Wash Shampoo 1l', 'amazon_title': 'Goodyear 1L Snow Foam Cherry Scent Pressure Washer Or Foam Lancer | Covers The Vehicle In A Rich Blanket Of Foam | Gently Loosen Dirt & Heavy Soiling | More Concentrated Solution The Thicker The Foam', 'supplier_price': 2.54, 'amazon_price': 7.99, 'match_method': 'EAN', 'confidence': 'high', 'created_at': '2025-07-18T10:47:33.544513', 'supplier_url': 'https://www.poundwholesale.co.uk/goodyear-cherry-snow-form-pre-wash-shampoo-1l'}, {'supplier_ean': '5055319519021', 'amazon_asin': 'B09FLXRC5F', 'supplier_title': 'Auto Extreme Automotive White Gloss Spray Paint 250ml', 'amazon_title': 'Classic Signature - 1 x Auto Extreme White Gloss Spray Paint 250ml Professional Quality, Perfect Finish for Cars, Bikes,Vans, Metal, Wood', 'supplier_price': 0.92, 'amazon_price': 5.47, 'match_method': 'EAN', 'confidence': 'high', 'created_at': '2025-07-18T10:48:41.581930', 'supplier_url': 'https://www.poundwholesale.co.uk/auto-extreme-automotive-white-gloss-spray-paint-250ml'}, {'supplier_ean': '5055319519274', 'amazon_asin': 'B09F9MVQS1', 'supplier_title': 'Auto Extreme Professional Blue Gloss Spray Paint 400ml', 'amazon_title': 'Classic Signature - 1 x Auto Extreme Blue Gloss Spray Paint 400ml, Professional Quality, Perfect Finish for Cars, Bikes,Vans, Metal, Wood', 'supplier_price': 1.82, 'amazon_price': 6.89, 'match_method': 'EAN', 'confidence': 'high', 'created_at': '2025-07-18T10:49:36.222143', 'supplier_url': 'https://www.poundwholesale.co.uk/auto-extreme-professional-blue-gloss-spray-paint-400ml'}, {'supplier_ean': '5050375127340', 'amazon_asin': 'B076DD8QMP', 'supplier_title': 'Tango Car Air Freshener CDU Assorted Fragrances', 'amazon_title': 'Tango Liquid Car Air Freshener 4pk - Cherry Orange Apple & Lemon', 'supplier_price': 0.74, 'amazon_price': 5.49, 'match_method': 'EAN', 'confidence': 'high', 'created_at': '2025-07-18T10:50:21.970905', 'supplier_url': 'https://www.poundwholesale.co.uk/tango-car-air-freshener-cdu-assorted-fragrances'}, {'supplier_ean': '5055319519243', 'amazon_asin': 'B07NJHJC44', 'supplier_title': 'Auto Extreme Professional Silver Wheel Spray Paint 400ml', 'amazon_title': 'Auto Extreme Silver Wheel, 400 ml', 'supplier_price': 1.82, 'amazon_price': 5.5, 'match_method': 'EAN', 'confidence': 'high', 'created_at': '2025-07-18T10:51:15.720754', 'supplier_url': 'https://www.poundwholesale.co.uk/auto-extreme-professional-silver-wheel-spray-paint-400ml'}, {'supplier_ean': '5055319530798', 'amazon_asin': 'B0BZQ9D3SS', 'supplier_title': 'Auto Extreme Ocean Breeze In-Car Fragrance Air Freshener Spray 100ml', 'amazon_title': 'Car Air Freshener for Men with Vent Clip | Strong Perfume Automotive Air Freshener | Odour Eliminating Technology with Vent Clip | Car Air Fresheners by Perfa', 'supplier_price': 0.65, 'amazon_price': None, 'match_method': 'EAN', 'confidence': 'high', 'created_at': '2025-07-18T10:51:27.401020', 'supplier_url': 'https://www.poundwholesale.co.uk/auto-extreme-ocean-breeze-in-car-fragrance-air-freshener-spray-100ml'}, {'supplier_ean': '5052578047807', 'amazon_asin': 'B0FB44TV8Y', 'supplier_title': 'Bettina Microfibre Ultra Buff Car Cloths 3pc', 'amazon_title': 'Towelogy', 'supplier_price': 1.79, 'amazon_price': None, 'match_method': 'EAN', 'confidence': 'high', 'created_at': '2025-07-18T10:51:38.488644', 'supplier_url': 'https://www.poundwholesale.co.uk/bettina-microfibre-ultra-buff-car-cloths-3pc'}, {'supplier_ean': '5055441446714', 'amazon_asin': 'B0DFPVL488', 'supplier_title': 'Goodyear Silicone Window Squeegee 30cm', 'amazon_title': 'Goodyear Silicone Window Squeegee Ideal For Car Bodywork, Showers, Windows And Other Smooth Surfaces| Soft Silicone Blade| Removes 95% Of Standing Water| V-shaped Grip| Reusable And Long Lasting', 'supplier_price': 1.99, 'amazon_price': 3.99, 'match_method': 'EAN', 'confidence': 'high', 'created_at': '2025-07-18T10:52:28.920921', 'supplier_url': 'https://www.poundwholesale.co.uk/goodyear-silicone-window-squeegee-30cm'}, {'supplier_ean': '5055319528030', 'amazon_asin': 'B0DJM5VWR6', 'supplier_title': 'Rapide DP-60 Penetrating Maintenance Spray 100ml CDU', 'amazon_title': 'PNJB', 'supplier_price': 0.79, 'amazon_price': None, 'match_method': 'EAN', 'confidence': 'high', 'created_at': '2025-07-18T10:52:43.308895', 'supplier_url': 'https://www.poundwholesale.co.uk/rapide-dp-60-penetrating-maintenance-spray-100ml-cdu'}, {'supplier_ean': '5052578047708', 'amazon_asin': 'B09D7HXXXT', 'supplier_title': 'Bettina Assorted Microfibre Car Rags Bag', 'amazon_title': 'MR.SIGA', 'supplier_price': 1.79, 'amazon_price': None, 'match_method': 'EAN', 'confidence': 'high', 'created_at': '2025-07-18T10:52:56.953180', 'supplier_url': 'https://www.poundwholesale.co.uk/bettina-assorted-microfibre-car-rags-bag'}, {'supplier_ean': '8008990001061', 'amazon_asin': 'B00BFXBBHM', 'supplier_title': 'Classic Professional Car Sponge 15cm X 11cm X 5.5cm', 'amazon_title': 'Générique Auto Care – Wash Synthetic Sponge Pro Classic', 'supplier_price': 0.62, 'amazon_price': 3.89, 'match_method': 'EAN', 'confidence': 'high', 'created_at': '2025-07-18T10:53:42.902436', 'supplier_url': 'https://www.poundwholesale.co.uk/classic-professional-car-sponge-15cm-x-11cm-x-5-5cm'}, {'supplier_ean': '5055319529891', 'amazon_asin': 'B0CXN6VDPT', 'supplier_title': 'Rapide Multi Lube Oil Spray 250ml', 'amazon_title': 'Multi Lube Oil Spray High Performance Lubricates Cleans Prevents Rust - 300ml', 'supplier_price': 1.07, 'amazon_price': 5.49, 'match_method': 'EAN', 'confidence': 'high', 'created_at': '2025-07-18T10:54:33.090475', 'supplier_url': 'https://www.poundwholesale.co.uk/rapide-multi-lube-oil-spray-250ml'}, {'supplier_ean': '5055319599559', 'amazon_asin': 'B07NJGVPVQ', 'supplier_title': 'Auto Extreme Professional Chrome Effect Spray Paint 400ml', 'amazon_title': 'Auto Extreme Auto Spray Chrome, 400 ml', 'supplier_price': 2.03, 'amazon_price': 4.99, 'match_method': 'EAN', 'confidence': 'high', 'created_at': '2025-07-18T10:55:42.978833', 'supplier_url': 'https://www.poundwholesale.co.uk/auto-extreme-professional-chrome-effect-spray-paint-400ml'}, {'supplier_ean': '5053249228563', 'amazon_asin': 'B07R97BMMC', 'supplier_title': 'Carpride Alloy Wheel Spray Paint Matt Black', 'amazon_title': 'Car Pride 400ml High Grade Car Alloy Wheel Matt Black Fantastic Finish Surface Aerosol Spray Paint Can', 'supplier_price': 1.67, 'amazon_price': 5.69, 'match_method': 'EAN', 'confidence': 'high', 'created_at': '2025-07-18T10:56:35.936258', 'supplier_url': 'https://www.poundwholesale.co.uk/carpride-alloy-wheel-spray-paint-matt-black'}, {'supplier_ean': '5055319519045', 'amazon_asin': 'B07NJFYFZR', 'supplier_title': 'Auto Extreme Silver Wheel Spray Paint 250ml', 'amazon_title': 'Auto Extreme Auto Spray Silver Wheel, 250 ml', 'supplier_price': 0.92, 'amazon_price': 4.5, 'match_method': 'EAN', 'confidence': 'high', 'created_at': '2025-07-18T10:57:32.469691', 'supplier_url': 'https://www.poundwholesale.co.uk/auto-extreme-silver-wheel-spray-paint-250ml'}, {'supplier_ean': '5055319519212', 'amazon_asin': 'B09DYXN6YF', 'supplier_title': 'Auto Extreme Professional Black Gloss Spray Paint 400ml', 'amazon_title': 'Classic Signature - 1 x Auto Extreme Black Gloss Spray Paint 400ml, Professional Quality, Perfect Finish for Cars, Bikes,Vans, Metal, Wood', 'supplier_price': 1.82, 'amazon_price': 6.89, 'match_method': 'EAN', 'confidence': 'high', 'created_at': '2025-07-18T10:58:29.850682', 'supplier_url': 'https://www.poundwholesale.co.uk/auto-extreme-professional-black-gloss-spray-paint-400ml'}, {'supplier_ean': '5056170362405', 'amazon_asin': 'B006UCJ5NU', 'supplier_title': 'Bloc Multipurpose Penetrating Maintenance Spray 250ml', 'amazon_title': 'WD-40 Specialist', 'supplier_price': 1.03, 'amazon_price': None, 'match_method': 'EAN', 'confidence': 'high', 'created_at': '2025-07-18T10:58:41.438173', 'supplier_url': 'https://www.poundwholesale.co.uk/bloc-multipurpose-penetrating-maintenance-spray-250ml'}, {'supplier_ean': '5055319519106', 'amazon_asin': 'B09FLX734G', 'supplier_title': 'Auto Extreme Automotive Black Satin Spray Paint 250ml', 'amazon_title': 'Classic Signature - 1 x Black Satin Auto Extreme Spray Paint 250ml Professional Quality, Perfect Finish for Cars, Bikes,Vans, Metal, Wood', 'supplier_price': 0.92, 'amazon_price': 5.47, 'match_method': 'EAN', 'confidence': 'high', 'created_at': '2025-07-18T10:59:37.654163', 'supplier_url': 'https://www.poundwholesale.co.uk/auto-extreme-automotive-black-satin-spray-paint-250ml'}, {'supplier_ean': '5053249248677', 'amazon_asin': 'B000LD4V2E', 'supplier_title': 'Car Pride Black Gloss Spray Paint 400ml', 'amazon_title': 'Hycote', 'supplier_price': 1.73, 'amazon_price': None, 'match_method': 'EAN', 'confidence': 'high', 'created_at': '2025-07-18T10:59:51.150021', 'supplier_url': 'https://www.poundwholesale.co.uk/car-pride-black-gloss-spray-paint-400ml'}, {'supplier_ean': '5050375064300', 'amazon_asin': 'B01M0JVPJD', 'supplier_title': 'Car-Pride Quick Fix Tyre Repair 300ml', 'amazon_title': '2 X QUICK FIX CAR EMERGENCY FLAT TYRE INFLATE PUNCTURE REPAIR KIT', 'supplier_price': 1.77, 'amazon_price': 7.74, 'match_method': 'EAN', 'confidence': 'high', 'created_at': '2025-07-18T11:00:47.582374', 'supplier_url': 'https://www.poundwholesale.co.uk/quick-fix-tyre-repair'}, {'supplier_ean': '5055441446530', 'amazon_asin': 'B0993N1H9T', 'supplier_title': 'Goodyear Car Cockpit Cleaner 750ml', 'amazon_title': 'Goodyear Cockpit Cleaner 750ml- Effectively Cleans Dirt, Dust And Grime From the Dashboard And Surroundings| Protects Against Water And Dust Helping to Leave a Showroom Shine| Spray Weight 820g', 'supplier_price': 1.39, 'amazon_price': 5.13, 'match_method': 'EAN', 'confidence': 'high', 'created_at': '2025-07-18T11:01:48.222908', 'supplier_url': 'https://www.poundwholesale.co.uk/goodyear-cherry-scent-car-cockpit-cleaner-750ml'}, {'supplier_ean': '5055319519281', 'amazon_asin': 'B07NJGV658', 'supplier_title': 'Auto Extreme Professional Yellow Gloss Spray Paint 400ml', 'amazon_title': 'Auto Extreme Auto Extreme Yellow, 400 ml', 'supplier_price': 1.96, 'amazon_price': 5.49, 'match_method': 'EAN', 'confidence': 'high', 'created_at': '2025-07-18T11:02:38.788885', 'supplier_url': 'https://www.poundwholesale.co.uk/auto-extreme-professional-yellow-gloss-spray-paint-400ml'}, {'supplier_ean': '5056175980970', 'amazon_asin': 'B095HTD46T', 'supplier_title': 'Auto Extras Jar Candle Air Freshener 3 Pack Assorted', 'amazon_title': 'CRISTALINAS', 'supplier_price': 0.54, 'amazon_price': None, 'match_method': 'EAN', 'confidence': 'high', 'created_at': '2025-07-18T11:02:51.951099', 'supplier_url': 'https://www.poundwholesale.co.uk/auto-extras-jar-candle-air-freshener-3-pack-assorted'}, {'supplier_ean': '5055319529914', 'amazon_asin': 'B07XZF187M', 'supplier_title': 'Rapide PTFE Lubricant Spray 250ml', 'amazon_title': 'Rapide 300ml PTFE Grease Aerosol Spray Lubricant Can Chains Belts Cables Oil', 'supplier_price': 1.07, 'amazon_price': 4.99, 'match_method': 'EAN', 'confidence': 'high', 'created_at': '2025-07-18T11:03:38.329354', 'supplier_url': 'https://www.poundwholesale.co.uk/rapide-ptfe-lubricant-spray-250ml'}, {'supplier_ean': '5055441449203', 'amazon_asin': 'B0D12237Y2', 'supplier_title': 'Goodyear Expanding Car Cleaning Sponge', 'amazon_title': 'Goodyear Tyre and Wheel Deep Cleaning Multi-Purpose Brush | Ideal for Vehicle Tyres | Ergonomic L-Style Handle | Wide Curved Brush Head Covers Larger Surface | Removes Dirt and Grime', 'supplier_price': 0.72, 'amazon_price': 0.99, 'match_method': 'EAN', 'confidence': 'high', 'created_at': '2025-07-18T11:04:31.759859', 'supplier_url': 'https://www.poundwholesale.co.uk/goodyear-expanding-car-cleaning-sponge'}, {'supplier_ean': '5053249229768', 'amazon_asin': 'B0BZQ8C6CS', 'supplier_title': 'Chupa Chups Car Air Fresheners CDU Assorted Fragrances', 'amazon_title': 'One Million Car Air Freshener for Men | Strong Perfume Automotive Freshener | Odour Eliminating Technology with Vent Clip | Long Lasting Car Air Freshener by Perfa', 'supplier_price': 0.87, 'amazon_price': None, 'match_method': 'EAN', 'confidence': 'high', 'created_at': '2025-07-18T11:04:43.364574', 'supplier_url': 'https://www.poundwholesale.co.uk/chupa-chups-car-air-fresheners-cdu-assorted-fragrances'}, {'supplier_ean': '5050375002197', 'amazon_asin': 'B01MQHS127', 'supplier_title': 'Car Pride Stitched Natural Chamois Leather', 'amazon_title': '151 NATURAL CHAMOIS LEATHER', 'supplier_price': 0.85, 'amazon_price': 3.19, 'match_method': 'EAN', 'confidence': 'high', 'created_at': '2025-07-18T11:06:00.876295', 'supplier_url': 'https://www.poundwholesale.co.uk/stitched-natural-chamois-leather'}, {'supplier_ean': '5055441446431', 'amazon_asin': 'B0992QG9QK', 'supplier_title': 'Goodyear Instant Valet Upholstery Cleaner 750ml', 'amazon_title': 'GOODYEAR INSTANT VALET UPHOLSTERY CLEANER SPRAY 750ML', 'supplier_price': 1.4, 'amazon_price': 5.27, 'match_method': 'EAN', 'confidence': 'high', 'created_at': '2025-07-18T11:06:52.375016', 'supplier_url': 'https://www.poundwholesale.co.uk/goodyear-instant-valet-upholstery-cleaner-750ml'}, {'supplier_ean': '5053249245751', 'amazon_asin': 'B0BLL3XTRB', 'supplier_title': 'Car Pride Clean & Dry Microfibre Cloth', 'amazon_title': 'CARPRIDE® Clean and Dry Microfibre Cloth | For Car Exterior and Interior | 30 x 30 cm | Brown', 'supplier_price': 0.76, 'amazon_price': 2.95, 'match_method': 'EAN', 'confidence': 'high', 'created_at': '2025-07-18T11:07:43.161406', 'supplier_url': 'https://www.poundwholesale.co.uk/car-pride-clean-dry-microfibre-cloth'}, {'supplier_ean': '8008990001047', 'amazon_asin': 'B0DJFRHQ3H', 'supplier_title': 'Flash Car Synthetic Chamois Large', 'amazon_title': 'FLASH', 'supplier_price': 1.42, 'amazon_price': None, 'match_method': 'EAN', 'confidence': 'high', 'created_at': '2025-07-18T11:08:10.161535', 'supplier_url': 'https://www.poundwholesale.co.uk/flash-car-synthetic-chamois-large'}, {'supplier_ean': '5050375084148', 'amazon_asin': 'B07FRGHHQR', 'supplier_title': 'Car Pride Black Pack 300ml', 'amazon_title': 'Car Pride Black Pack Spray For Plastic Bumper & Exterior Trim Restorer 300ml', 'supplier_price': 0.93, 'amazon_price': 4.49, 'match_method': 'EAN_cached', 'confidence': 'low', 'created_at': '2025-07-18T11:08:10.231134', 'supplier_url': 'https://www.poundwholesale.co.uk/black-pack-300ml'}, {'supplier_ean': '5055319519311', 'amazon_asin': 'B07NJH9XCY', 'supplier_title': 'Auto Extreme Professional Racing Green Gloss Spray Paint 400ml', 'amazon_title': 'Auto Extreme Racing Green, 400 ml', 'supplier_price': 1.96, 'amazon_price': 5.65, 'match_method': 'EAN', 'confidence': 'high', 'created_at': '2025-07-18T11:09:04.876820', 'supplier_url': 'https://www.poundwholesale.co.uk/auto-extreme-professional-racing-green-gloss-spray-paint-400ml'}, {'supplier_ean': '5055319519137', 'amazon_asin': 'B07NJFXL6R', 'supplier_title': 'Auto Extreme Red Primer Spray Paint 250ml', 'amazon_title': 'Auto Extreme Auto Spray Red Primer, 250 ml', 'supplier_price': 0.92, 'amazon_price': 4.35, 'match_method': 'EAN', 'confidence': 'high', 'created_at': '2025-07-18T11:09:55.460107', 'supplier_url': 'https://www.poundwholesale.co.uk/mean-machine-auto-spray-red-primer-250ml'}, {'supplier_ean': '5038673050010', 'amazon_asin': 'B0FC6D5VDG', 'supplier_title': 'Portable Wet & Dry Auto Vacuum Cleaner', 'amazon_title': 'HYCHIKA 3 in 1 Wet and Dry Vacuum Cleaner, Power: 1200 W, 20 L Stainless Steel Tank, 6 M+ Cleaning Range (2.5 M Power Cores + 3.5 M Soft & Hard Hose), for Garden Outdoor Floor Sofa Cleaning', 'supplier_price': 10.18, 'amazon_price': None, 'match_method': 'EAN', 'confidence': 'high', 'created_at': '2025-07-18T11:10:08.518609', 'supplier_url': 'https://www.poundwholesale.co.uk/portable-wet-dry-auto-vacuum-cleaner'}, {'supplier_ean': '5052578034708', 'amazon_asin': 'B0CKTH6LDT', 'supplier_title': 'Bettina Microfibre Car Cloths 2 Pack', 'amazon_title': 'CarMax® - Original Twisted Loop Car Drying Towel - Double-Sided XXL - 90cm x 60cm 1400gsm Microfibre Towel for fast streak-free drying and detailing.', 'supplier_price': 0.79, 'amazon_price': 17.99, 'match_method': 'EAN_cached', 'confidence': 'low', 'created_at': '2025-07-18T11:10:08.580003', 'supplier_url': 'https://www.poundwholesale.co.uk/3pc-micro-fibre-car-cloths-highly-effective-wet-or-dry'}, {'supplier_ean': '5055441449142', 'amazon_asin': 'B0DF343YX8', 'supplier_title': 'Goodyear Microfibre Dusting Cloth Large 60cm X 40cm', 'amazon_title': 'Goodyear Microfibre Dusting Cloth I Specially designed microfibre cloth for windscreens, windows and mirrors | Statically charged cleaning fibres attract dust | Leaves a lint free finish | 60m x 40cm', 'supplier_price': 0.85, 'amazon_price': 1.99, 'match_method': 'EAN', 'confidence': 'high', 'created_at': '2025-07-18T11:10:57.177704', 'supplier_url': 'https://www.poundwholesale.co.uk/goodyear-microfibre-dusting-cloth-large-60cm-x-40cm'}, {'supplier_ean': '5055441449180', 'amazon_asin': 'B0D3JDFZJC', 'supplier_title': 'Goodyear Microfibre Car Cloth Set 4 Pack', 'amazon_title': 'Goodyear 4PC Microfibre Cloth Set- microfibre cloths for cleaning your vehicle | Cleaning fibres attract dust | Showroom finish | Machine washable | Dashboard, Buffing, Window cloth | Wash and drying', 'supplier_price': 2.59, 'amazon_price': 4.99, 'match_method': 'EAN', 'confidence': 'high', 'created_at': '2025-07-18T11:11:46.340949', 'supplier_url': 'https://www.poundwholesale.co.uk/goodyear-microfibre-car-cloth-set-4-pack'}, {'supplier_ean': '5055441449104', 'amazon_asin': 'B0DH8C367V', 'supplier_title': 'Goodyear Synthetic Chamois Cloth', 'amazon_title': 'Goodyear Synthetic Chamois -natural Chamois, Super Absorbent, Streak And Scratch Free, With A Greater Tolerance To Modern Car Cleaners| Stays Soft When Drying| Extra Large 72cm x 50cm|Machine Washable', 'supplier_price': 1.9, 'amazon_price': 2.99, 'match_method': 'EAN', 'confidence': 'high', 'created_at': '2025-07-18T11:12:43.381337', 'supplier_url': 'https://www.poundwholesale.co.uk/goodyear-synthetic-chamois-cloth'}, {'supplier_ean': '5055319530736', 'amazon_asin': 'B084VTS1NV', 'supplier_title': 'Auto Extreme Fresh Linen In-Car Fragrance Air Freshener Spray 100ml', 'amazon_title': 'Air Freshener Spray Concentrated Long Lasting Oil Based (New Car)', 'supplier_price': 0.65, 'amazon_price': None, 'match_method': 'EAN', 'confidence': 'high', 'created_at': '2025-07-18T11:12:55.532920', 'supplier_url': 'https://www.poundwholesale.co.uk/auto-extreme-fresh-linen-in-car-fragrance-air-freshener-spray-100ml'}, {'supplier_ean': '5055319519076', 'amazon_asin': 'B09FLX3QXD', 'supplier_title': 'Auto Extreme Automotive Red Gloss Spray Paint 250ml', 'amazon_title': 'Classic Signature - 1 x Auto Extreme Red Gloss Spray Paint 250ml, Professional Quality, Perfect Finish for Cars, Bikes,Vans, Metal, Wood', 'supplier_price': 0.92, 'amazon_price': 5.47, 'match_method': 'EAN', 'confidence': 'high', 'created_at': '2025-07-18T11:13:48.220197', 'supplier_url': 'https://www.poundwholesale.co.uk/auto-extreme-automotive-red-gloss-spray-paint-250ml'}, {'supplier_ean': '5050375003620', 'amazon_asin': 'B0DG2QVKZL', 'supplier_title': 'Car Pride Luxury Natural Chamois Leather', 'amazon_title': 'Hoover HF1 Plus Cordless Stick Vacuum Cleaner with Turbo Suction Mode, Up to 45 Min Runtime, LED Lights, Multi-Floor Nozzle, Anti Hair Wrap, Handheld Capability, 165w [HF1P10H]', 'supplier_price': 1.41, 'amazon_price': 99.0, 'match_method': 'EAN', 'confidence': 'high', 'created_at': '2025-07-18T11:14:56.832846', 'supplier_url': 'https://www.poundwholesale.co.uk/car-pride-luxury-natural-chamois-leather'}, {'supplier_ean': '00994743', 'amazon_asin': 'B0CCVFJ94Z', 'supplier_title': 'Wilko Ready To Use Screenwash 5l', 'amazon_title': 'Rain-X', 'supplier_price': 1.42, 'amazon_price': None, 'match_method': 'EAN', 'confidence': 'high', 'created_at': '2025-07-18T11:15:10.531582', 'supplier_url': 'https://www.poundwholesale.co.uk/wilko-ready-to-use-screenwash-5l'}, {'supplier_ean': '5055319556668', 'amazon_asin': 'B0BC1D6KPG', 'supplier_title': 'Auto Extreme Car Upholstery Brush 14cm X 6.5cm', 'amazon_title': '15° Curved Car Cleaning Brush with Telescopic Handle 43" Aluminum Alloy Long Rod Wash Mop For Washing Caravan Van Truck Boat RV Roof Soft Chenille Head Duster Clean Product Not Hurt Paint Scratch Free', 'supplier_price': 0.97, 'amazon_price': None, 'match_method': 'EAN', 'confidence': 'high', 'created_at': '2025-07-18T11:15:22.281479', 'supplier_url': 'https://www.poundwholesale.co.uk/auto-extreme-car-upholstery-brush-14cm-x-6-5cm'}, {'supplier_ean': '5050375083783', 'amazon_asin': 'B00A3T5F2G', 'supplier_title': 'Car Pride Instant Valet 300ml', 'amazon_title': 'Carpride Instant Valet Aerosol Spray 300ml', 'supplier_price': 0.97, 'amazon_price': 4.09, 'match_method': 'EAN_cached', 'confidence': 'low', 'created_at': '2025-07-18T11:15:22.357739', 'supplier_url': 'https://www.poundwholesale.co.uk/instant-valet-300ml'}, {'supplier_ean': '5055319512213', 'amazon_asin': 'B0F9329VCL', 'supplier_title': 'Auto Extreme Car Air Freshener Assorted Fragrances Clip Strip', 'amazon_title': 'Automizer - Creed Car Air Freshener for Men - Smart Car Air Freshener Diffuser Aventus Inspired Automatic On/Off Refillable Air Freshner, Gifts for Men/Women', 'supplier_price': 0.27, 'amazon_price': None, 'match_method': 'EAN', 'confidence': 'high', 'created_at': '2025-07-18T11:15:36.157612', 'supplier_url': 'https://www.poundwholesale.co.uk/auto-extreme-car-air-freshener-assorted-fragrances-clip-strip'}, {'supplier_ean': '5053249256832', 'amazon_asin': 'B0D2HLTZ4Q', 'supplier_title': 'Car Pride All Seasons Screen Wash Tablets 2pc', 'amazon_title': 'Screenwash Tablets For Cars, 100 Pcs Car Windshield Wash Tablets, Concentrated Screenwash Washer Fluid Car Window Cleaning Tablets for Metal, Plastic, Window Glass, Look Completely New', 'supplier_price': 0.74, 'amazon_price': None, 'match_method': 'EAN', 'confidence': 'high', 'created_at': '2025-07-18T11:15:50.415052', 'supplier_url': 'https://www.poundwholesale.co.uk/car-pride-all-seasons-screen-wash-tablets-2pc'}, {'supplier_ean': '5055056731861', 'amazon_asin': 'B09LHF2V7G', 'supplier_title': 'Guilty Pleasures Chocolate Chip Cookie 3D Car Air Freshener', 'amazon_title': 'Guilty Pleasures 3D Choc Cookie CAR FRESHENER', 'supplier_price': 0.38, 'amazon_price': 3.99, 'match_method': 'EAN', 'confidence': 'high', 'created_at': '2025-07-18T11:16:51.336470', 'supplier_url': 'https://www.poundwholesale.co.uk/guilty-pleasures-chocolate-chip-cookie-3d-air-freshener'}, {'supplier_ean': '5055441446479', 'amazon_asin': 'B0993YCZWB', 'supplier_title': 'Goodyear Fresh Fragrance Glass & Mirror Cleaner 750ml', 'amazon_title': 'Goodyear Glass & Mirror Cleaner 750ml - For a streak-free finish | Effective cleaner for car windscreens, side window, wing mirrors & rear view mirror | Suitable for rain sensor and acrylic windows', 'supplier_price': 1.36, 'amazon_price': 5.74, 'match_method': 'EAN', 'confidence': 'high', 'created_at': '2025-07-18T11:18:10.194551', 'supplier_url': 'https://www.poundwholesale.co.uk/goodyear-fresh-fragrance-glass-mirror-cleaner-750ml'}, {'supplier_ean': '5055441446455', 'amazon_asin': 'B0993N4XMC', 'supplier_title': 'Goodyear Back-To-Black Bumper & Trim Plastic Restorer 750ml', 'amazon_title': 'Goodyear Bumper and Trim Restorer 750ml-back to Black| Helps Bumper and Trim Plastic Look Like New| Restores, Protects and Shines| Long Lasting Gloss Finish| Suitable for All Exterior Plastics', 'supplier_price': 1.4, 'amazon_price': 4.89, 'match_method': 'EAN', 'confidence': 'high', 'created_at': '2025-07-18T11:19:05.192693', 'supplier_url': 'https://www.poundwholesale.co.uk/goodyear-black-bumper-trim-plastic-restorer-750ml'}, {'supplier_ean': '5015302400262', 'amazon_asin': 'B0B4R5265Z', 'supplier_title': 'Coco & Gray Assorted Colour Synthetic Chamois Cloths 3 Pack', 'amazon_title': 'Airlab', 'supplier_price': 0.64, 'amazon_price': None, 'match_method': 'EAN', 'confidence': 'high', 'created_at': '2025-07-18T11:19:19.017457', 'supplier_url': 'https://www.poundwholesale.co.uk/royle-shammy-pack-3'}, {'supplier_ean': '5055319519304', 'amazon_asin': 'B09F9N1DW9', 'supplier_title': 'Auto Extreme Professional Silver Body Spray Paint 400ml', 'amazon_title': 'Classic Signature - 1 x Auto Extreme Silver Body Spray Paint 400ml Professional Quality, Perfect Finish for Cars, Bikes,Vans, Metal, Wood', 'supplier_price': 1.82, 'amazon_price': 6.89, 'match_method': 'EAN', 'confidence': 'high', 'created_at': '2025-07-18T11:20:10.249623', 'supplier_url': 'https://www.poundwholesale.co.uk/auto-extreme-professional-silver-body-spray-paint-400ml'}, {'supplier_ean': '5053249200743', 'amazon_asin': 'B0DY5MX94X', 'supplier_title': 'Tango Card Car Air Freshener 2 Pack CDU Assorted Fragrances', 'amazon_title': 'Luxury Car Fragrance Gift Set, 2 Glass Car Diffusers, 2 x 30ml Refills, 2 x Vent Clips, 10 ml Interior Fabric Spray, Strong Fragrance, (Crede)', 'supplier_price': 0.74, 'amazon_price': None, 'match_method': 'EAN', 'confidence': 'high', 'created_at': '2025-07-18T11:20:38.365789', 'supplier_url': 'https://www.poundwholesale.co.uk/tango-card-car-air-freshener-2-pack-cdu-assorted-fragrances'}, {'supplier_ean': '5056175980963', 'amazon_asin': 'B0FH9LCRSZ', 'supplier_title': 'Auto Extras Jelly Baby Air Freshener Assorted', 'amazon_title': 'Car Air Freshener Aromatherapy Balm Long Lasting Fragrance Non-spill Solid 3D Tomato Shaped Travel Size Scented Balm 100g Eliminate Odor for Bedroom Toliet Elitzia ETAP2815', 'supplier_price': 0.65, 'amazon_price': None, 'match_method': 'EAN', 'confidence': 'high', 'created_at': '2025-07-18T11:20:51.448024', 'supplier_url': 'https://www.poundwholesale.co.uk/auto-extras-jelly-baby-air-freshener-assorted'}, {'supplier_ean': '5055319519298', 'amazon_asin': 'B07NJH3Q91', 'supplier_title': 'Auto Extreme Professional Black Satin Spray Paint 400ml', 'amazon_title': 'Auto Extreme Auto Extreme Black Satin, 400 ml', 'supplier_price': 1.82, 'amazon_price': 5.49, 'match_method': 'EAN', 'confidence': 'high', 'created_at': '2025-07-18T11:21:47.219390', 'supplier_url': 'https://www.poundwholesale.co.uk/auto-extreme-professional-black-satin-spray-paint-400ml'}, {'supplier_ean': '5055056770815', 'amazon_asin': 'B0BZQC1VY6', 'supplier_title': 'Millions Cola 3D Car Air Freshener', 'amazon_title': 'Creed Car Air Freshener for Men | Aventos Perfume Inspired Car Fragrances | Strong Freshener with Odour Eliminator Technology | Creed Automotive Air Freshener | GREED Scent by Perfa', 'supplier_price': 0.38, 'amazon_price': None, 'match_method': 'EAN', 'confidence': 'high', 'created_at': '2025-07-18T11:22:00.417347', 'supplier_url': 'https://www.poundwholesale.co.uk/millions-cola-3d-car-air-freshener'}, {'supplier_ean': '5052578015608', 'amazon_asin': 'B0DHXJ3Y9T', 'supplier_title': 'Bettina Car Sponges 3 Pack', 'amazon_title': '3 Pack Car Sponges,Jumbo Sponges For Car Cleaning,Anti Scratch Technology for Car Exterior & Window Washing- Perfect For Wheels, Windscreen & Bodywork (3 PCS (Yellow))', 'supplier_price': 0.84, 'amazon_price': 7.99, 'match_method': 'EAN_cached', 'confidence': 'low', 'created_at': '2025-07-18T11:22:00.495119', 'supplier_url': 'https://www.poundwholesale.co.uk/bettina-car-sponges-3-pack'}, {'supplier_ean': '5038673050010', 'amazon_asin': 'B0FC6D5VDG', 'supplier_title': 'Roadster Car Vacuum Cleaner 12V', 'amazon_title': 'HYCHIKA 3 in 1 Wet and Dry Vacuum Cleaner, Power: 1200 W, 20 L Stainless Steel Tank, 6 M+ Cleaning Range (2.5 M Power Cores + 3.5 M Soft & Hard Hose), for Garden Outdoor Floor Sofa Cleaning', 'supplier_price': 5.28, 'amazon_price': None, 'match_method': 'EAN_cached', 'confidence': 'low', 'created_at': '2025-07-18T11:22:00.576434', 'supplier_url': 'https://www.poundwholesale.co.uk/roadster-car-vacuum-cleaner-12v'}, {'supplier_ean': '5050375083752', 'amazon_asin': 'B01C4S4876', 'supplier_title': 'Car Pride Alloy Wheel Cleaner 300ml', 'amazon_title': 'Car Pride Wheel Clean, 300ml', 'supplier_price': 0.97, 'amazon_price': 4.05, 'match_method': 'EAN_cached', 'confidence': 'low', 'created_at': '2025-07-18T11:22:00.651582', 'supplier_url': 'https://www.poundwholesale.co.uk/alloy-wheel-cleaner'}, {'supplier_ean': '5055441452357', 'amazon_asin': 'B0DFPVGFZ4', 'supplier_title': 'Goodyear Extendable Car Windscreen Washer Squeegee Sponge Cleaner', 'amazon_title': 'Goodyear 2 In 1 Window Squeegee Flexible Rubber Blade| Netted Sponge Scrubber| Multi-purpose And Easy To Use| Non - Scratch| Ideal For Cleaning Windows And Windscreens| Compact Design, Easy Storage', 'supplier_price': 1.76, 'amazon_price': 2.99, 'match_method': 'EAN', 'confidence': 'high', 'created_at': '2025-07-18T11:22:54.109374', 'supplier_url': 'https://www.poundwholesale.co.uk/goodyear-extendable-car-windscreen-washer-squeegee-sponge-cleaner'}, {'supplier_ean': '5055257813090', 'amazon_asin': 'B0FH9LCRSZ', 'supplier_title': 'Fragranced Fruit Shaped Car Air Freshener', 'amazon_title': 'Car Air Freshener Aromatherapy Balm Long Lasting Fragrance Non-spill Solid 3D Tomato Shaped Travel Size Scented Balm 100g Eliminate Odor for Bedroom Toliet Elitzia ETAP2815', 'supplier_price': 0.6, 'amazon_price': None, 'match_method': 'EAN', 'confidence': 'high', 'created_at': '2025-07-18T11:23:05.509024', 'supplier_url': 'https://www.poundwholesale.co.uk/fragranced-fruit-shaped-car-air-freshener'}, {'supplier_ean': '5055319510615', 'amazon_asin': 'B0C49F6NG6', 'supplier_title': 'Auto Extreme Professional Petrol-Resistant Lacquer Clear Spray 400ml', 'amazon_title': 'Ozeino Wireless Gaming Headset, Compatible with PC Ps5 Ps4 Boasts 2.4GHz Lossless Audio, USB & Type-C, Flip Microphone and 40-Hr Battery - Suited for Switch, Laptop, Mac', 'supplier_price': 1.89, 'amazon_price': 23.11, 'match_method': 'EAN', 'confidence': 'high', 'created_at': '2025-07-18T11:24:21.169341', 'supplier_url': 'https://www.poundwholesale.co.uk/auto-extreme-professional-petrol-resistant-lacquer-clear-spray-400ml'}, {'supplier_ean': '5053249271453', 'amazon_asin': 'B0CHTHYL58', 'supplier_title': 'Car-Pride Biodegradable Interior Clean & Shine Wipes 30 Pack', 'amazon_title': 'AMK', 'supplier_price': 0.65, 'amazon_price': None, 'match_method': 'EAN', 'confidence': 'high', 'created_at': '2025-07-18T11:24:44.743060', 'supplier_url': 'https://www.poundwholesale.co.uk/car-pride-interior-clean-shine-wipes-30-pack'}, {'supplier_ean': '5055319519267', 'amazon_asin': 'B07NJGB772', 'supplier_title': 'Auto Extreme Professional Red Gloss Spray Paint 400ml', 'amazon_title': 'Auto Extreme Auto Extreme Red, 400 ml', 'supplier_price': 1.82, 'amazon_price': 5.79, 'match_method': 'EAN', 'confidence': 'high', 'created_at': '2025-07-18T11:25:35.589009', 'supplier_url': 'https://www.poundwholesale.co.uk/auto-extreme-professional-red-gloss-spray-paint-400ml'}, {'supplier_ean': '5056175987832', 'amazon_asin': 'B0BSFN7BK9', 'supplier_title': 'Bloome Gel Boat Air Freshener 150G Assorted Fragrance', 'amazon_title': 'SOL', 'supplier_price': 0.46, 'amazon_price': None, 'match_method': 'EAN', 'confidence': 'high', 'created_at': '2025-07-18T11:25:49.342872', 'supplier_url': 'https://www.poundwholesale.co.uk/bloome-gel-boat-air-freshener-150g-assorted-fragrance'}, {'supplier_ean': '5055441445021', 'amazon_asin': 'B0DJFGKQTJ', 'supplier_title': 'Dekton Tri-Extending Wash Brush 3m', 'amazon_title': 'Dekton Heavy Duty Tri-Extending Wash Brush | Long Reach Water Fed Brush for Cars, Boats, & More | Ergonomic Foam Grip | Soft Bristles Prevent Scratching | Telescopic Design Extends to 3 Metres', 'supplier_price': 13.64, 'amazon_price': 25.06, 'match_method': 'EAN', 'confidence': 'high', 'created_at': '2025-07-18T11:26:42.138251', 'supplier_url': 'https://www.poundwholesale.co.uk/dekton-tri-extending-wash-brush-3m'}, {'supplier_ean': '5038673410692', 'amazon_asin': 'B0DPX1HRM6', 'supplier_title': 'Car Air Fresheners Fruit Assorted CDU', 'amazon_title': 'Q QXUNMU', 'supplier_price': 0.34, 'amazon_price': None, 'match_method': 'EAN', 'confidence': 'high', 'created_at': '2025-07-18T11:26:57.017565', 'supplier_url': 'https://www.poundwholesale.co.uk/car-air-fresheners-fruit-assorted-cdu'}, {'supplier_ean': '5055441452319', 'amazon_asin': 'B0DJT8DYF6', 'supplier_title': 'Goodyear Wax Applicator Pad Set 3pc', 'amazon_title': 'Goodyear 3pc Applicator Set Specially Designed Microfiber Pad For Cleaning Your Vehicle|Ideal For Polishing And Waxing Of Painted Surfaces|Thick Microfiber Evenly Distributes Pressure For Application', 'supplier_price': 1.99, 'amazon_price': 2.99, 'match_method': 'EAN', 'confidence': 'high', 'created_at': '2025-07-18T11:27:44.877336', 'supplier_url': 'https://www.poundwholesale.co.uk/goodyear-wax-applicator-pad-set-3pc'}, {'supplier_ean': '5055441421902', 'amazon_asin': 'B0CZYRJ8ZX', 'supplier_title': 'Goodyear 2-In-1 Noodle Wash Mitt', 'amazon_title': 'Goodyear 2 In 1 Noodle Wash Mitt Extra Long Handle With Pivoting Head For Easy Reach All Around Your Windscreen | Microfiber Pad For Ultimate Cleaning | Excellent For Quick Defogging And Cleaning', 'supplier_price': 2.06, 'amazon_price': 5.29, 'match_method': 'EAN', 'confidence': 'high', 'created_at': '2025-07-18T11:28:33.825517', 'supplier_url': 'https://www.poundwholesale.co.uk/goodyear-2-in-1-noodle-wash-mitt'}, {'supplier_ean': '5052578611800', 'amazon_asin': 'B0BG8HY6NL', 'supplier_title': 'Bettina Comfortable Grip Jumbo Car Sponge', 'amazon_title': 'Xtremeauto', 'supplier_price': 0.6, 'amazon_price': None, 'match_method': 'EAN', 'confidence': 'high', 'created_at': '2025-07-18T11:28:47.461587', 'supplier_url': 'https://www.poundwholesale.co.uk/jumbo-car-sponge-with-comfortable-grip'}, {'supplier_ean': '5055441449227', 'amazon_asin': 'B0DFMH5XX9', 'supplier_title': 'Goodyear 2-In-1 Microfibre Drying Towel Xl 80cm X 60cm', 'amazon_title': 'Goodyear Microfiber Drying Towel Xl Deep Pile For Extra Absorbency| Microfiber Technology| Cleaning Fiber Attracts Dust |satin Safety Edging Protects Against Scratching| Extra Absorbency Free Finish', 'supplier_price': 2.21, 'amazon_price': 3.99, 'match_method': 'EAN', 'confidence': 'high', 'created_at': '2025-07-18T11:29:40.530652', 'supplier_url': 'https://www.poundwholesale.co.uk/goodyear-2-in-1-microfibre-drying-towel-xl-80cm-x-60cm'}, {'supplier_ean': '5055319530743', 'amazon_asin': 'B084VTS1NV', 'supplier_title': 'Auto Extreme Cedar Wood In-Car Fragrance Air Freshener Spray 100ml', 'amazon_title': 'Air Freshener Spray Concentrated Long Lasting Oil Based (New Car)', 'supplier_price': 0.65, 'amazon_price': None, 'match_method': 'EAN', 'confidence': 'high', 'created_at': '2025-07-18T11:29:54.290257', 'supplier_url': 'https://www.poundwholesale.co.uk/auto-extreme-cedar-wood-in-car-fragrance-air-freshener-spray-100ml'}, {'supplier_ean': '5055319519007', 'amazon_asin': 'B01FXX9AJA', 'supplier_title': 'Auto Extreme Automotive Black Matt Spray Paint 250ml', 'amazon_title': 'Black Matt Aerosol Spray Cans 250ml Car Auto Extreme Spray Paint (6)', 'supplier_price': 0.92, 'amazon_price': 9.95, 'match_method': 'EAN', 'confidence': 'high', 'created_at': '2025-07-18T11:30:50.315219', 'supplier_url': 'https://www.poundwholesale.co.uk/auto-extreme-automotive-black-matt-spray-paint-250ml'}, {'supplier_ean': '5055441449982', 'amazon_asin': 'B0DJH4WTZ5', 'supplier_title': 'Goodyear Anti-Smear Screenwash 1l', 'amazon_title': 'Goodyear 1 Litre Screen Wash-5% Ethanol| Blue Colour Liquid| Red Lid| English Label| Antifreeze Windscreen Wash Liquid| Prevents Freezing Of The Glass Washer System Down| Provide Clear Vision', 'supplier_price': 0.95, 'amazon_price': None, 'match_method': 'EAN', 'confidence': 'high', 'created_at': '2025-07-18T11:31:39.554668', 'supplier_url': 'https://www.poundwholesale.co.uk/goodyear-anti-smear-screenwash-1l'}, {'supplier_ean': '5055441405544', 'amazon_asin': 'B0D1R5SR4V', 'supplier_title': 'Goodyear Anti-Smear Screenwash 5l', 'amazon_title': 'Rain-X', 'supplier_price': 2.56, 'amazon_price': None, 'match_method': 'EAN', 'confidence': 'high', 'created_at': '2025-07-18T11:31:53.274959', 'supplier_url': 'https://www.poundwholesale.co.uk/goodyear-cherry-anti-smear-screenwash-5l'}, {'supplier_ean': '5053249003108', 'amazon_asin': 'B00CA36GJE', 'supplier_title': 'Carpride Scratch Remover Pen', 'amazon_title': 'Car Pride Paint Scratch Remover Pen - For Use On Any Colour Vehicle', 'supplier_price': 0.92, 'amazon_price': 2.98, 'match_method': 'EAN', 'confidence': 'high', 'created_at': '2025-07-18T11:32:49.414648', 'supplier_url': 'https://www.poundwholesale.co.uk/carpride-scratch-remover-pen'}, {'supplier_ean': '5050375054394', 'amazon_asin': 'B0F6C9BK5R', 'supplier_title': 'Car-Pride Wash & Wax 1L', 'amazon_title': 'Sopami Car Coating Spray, Waterless Car Wash Quick Effect Coating Agent, Multi-functional Coating Renewal Agent Polish Spray, Long-Lasting Protection Improves Clarity and Visibility(1pc)', 'supplier_price': 0.8, 'amazon_price': None, 'match_method': 'EAN', 'confidence': 'high', 'created_at': '2025-07-18T11:33:03.988685', 'supplier_url': 'https://www.poundwholesale.co.uk/wash-wax'}, {'supplier_ean': '5055056770792', 'amazon_asin': 'B0FH9LCRSZ', 'supplier_title': 'Millions Orange & Lemon 3D Car Air Freshener', 'amazon_title': 'Car Air Freshener Aromatherapy Balm Long Lasting Fragrance Non-spill Solid 3D Tomato Shaped Travel Size Scented Balm 100g Eliminate Odor for Bedroom Toliet Elitzia ETAP2815', 'supplier_price': 0.38, 'amazon_price': None, 'match_method': 'EAN', 'confidence': 'high', 'created_at': '2025-07-18T11:33:15.313131', 'supplier_url': 'https://www.poundwholesale.co.uk/millions-orange-lemon-3d-car-air-freshener'}, {'supplier_ean': '5050375086753', 'amazon_asin': 'B00IXMG80S', 'supplier_title': 'Car Pride Leather Cleaning Spray 250ml', 'amazon_title': '12 x Cans Of Leather cleaning spray, car cleaning, 300ml', 'supplier_price': 0.97, 'amazon_price': 19.95, 'match_method': 'EAN_cached', 'confidence': 'low', 'created_at': '2025-07-18T11:33:15.437428', 'supplier_url': 'https://www.poundwholesale.co.uk/leather-cleaning-spray-250ml'}, {'supplier_ean': '5050375084025', 'amazon_asin': 'B0032XLIJE', 'supplier_title': 'Car Pride Spray Wax 300ml', 'amazon_title': 'SPRAY CAR WAX SUPERFAST FORMULA PROTECTS PAINTWORK', 'supplier_price': 0.97, 'amazon_price': 3.99, 'match_method': 'EAN', 'confidence': 'high', 'created_at': '2025-07-18T11:34:12.145812', 'supplier_url': 'https://www.poundwholesale.co.uk/spray-wax-300ml'}, {'supplier_ean': '5055441452197', 'amazon_asin': 'B0DF33M8ZM', 'supplier_title': 'Goodyear Waffle Drying Cloth Large 40cm X 40cm', 'amazon_title': 'Goodyear Microfibre Waffle Cloth I Reduces drying time with less wring outs | Ideal for bodywork & glass | Designed microfibre cloth | Statically charged cleaning fibres | Leaves lint free finish', 'supplier_price': 0.95, 'amazon_price': 4.99, 'match_method': 'EAN', 'confidence': 'high', 'created_at': '2025-07-18T11:35:03.805673', 'supplier_url': 'https://www.poundwholesale.co.uk/goodyear-waffle-drying-cloth-large-40cm-x-40cm'}, {'supplier_ean': '5050375055483', 'amazon_asin': 'B01C4S4L4G', 'supplier_title': 'Car-Pride Handy Car Sponges 2 Pack', 'amazon_title': 'Car Pride CP011 Handy Car Cleaning Sponges, Pack of 3', 'supplier_price': 0.76, 'amazon_price': 4.99, 'match_method': 'EAN', 'confidence': 'high', 'created_at': '2025-07-18T11:35:55.273733', 'supplier_url': 'https://www.poundwholesale.co.uk/handy-car-sponges-3pk'}, {'supplier_ean': '5055319531740', 'amazon_asin': 'B0DG8VSKBB', 'supplier_title': 'Auto Extreme Professional Silver Alloy Wheel Spray Paint 400ml', 'amazon_title': 'RAPIDE Auto Extreme AX Alloy Wheel Spray Paint Silver 400ML | Ideal for Refreshing & Customizing Alloy Wheels | Long-Lasting, Chip & Fade Resistant | Smooth Satin Finish', 'supplier_price': 1.81, 'amazon_price': 7.95, 'match_method': 'EAN', 'confidence': 'high', 'created_at': '2025-07-18T11:36:42.632499', 'supplier_url': 'https://www.poundwholesale.co.uk/auto-extreme-professional-silver-alloy-wheel-spray-paint-400ml'}, {'supplier_ean': '5055319556651', 'amazon_asin': 'B0CTCSZD1T', 'supplier_title': 'Auto Extreme Cone Wheel Brush', 'amazon_title': 'Xtremeauto Soft Head Alloy Wheel Brush - Car Alloy Wheel Cleaner Brush Detailing Cleaning Brush, No Metal Non Scratch Rim Car Wheel Brush Perfect For Motorcycle, Cars & Bicycles (Orange', 'supplier_price': 1.42, 'amazon_price': None, 'match_method': 'EAN', 'confidence': 'high', 'created_at': '2025-07-18T11:36:58.182117', 'supplier_url': 'https://www.poundwholesale.co.uk/auto-extreme-cone-wheel-brush'}, {'supplier_ean': '5055319529884', 'amazon_asin': 'B07XZ8NKGR', 'supplier_title': 'Rapide Lithium Grease Spray 250ml', 'amazon_title': 'Rapide 300ml Lithium Grease Aerosol Spray Lubricant Can Multi-Purpose Hinge Track Oil', 'supplier_price': 1.07, 'amazon_price': 4.55, 'match_method': 'EAN', 'confidence': 'high', 'created_at': '2025-07-18T11:37:55.687057', 'supplier_url': 'https://www.poundwholesale.co.uk/rapide-lithium-grease-spray-250ml'}, {'supplier_ean': '5055441446493', 'amazon_asin': 'B0993NZQ15', 'supplier_title': 'Goodyear Alloy Wheel Cleaner 750ml', 'amazon_title': 'Goodyear Alloy Wheel Cleaner 750ml - for a Showroom Finish | Effective Cleaning for All Wheels | Effortlessly Removes Mud & Grime from Round The Wheel | Removes Dirt and Brake Dust | Easy Application', 'supplier_price': 1.39, 'amazon_price': 5.93, 'match_method': 'EAN', 'confidence': 'high', 'created_at': '2025-07-18T11:38:49.590834', 'supplier_url': 'https://www.poundwholesale.co.uk/goodyear-alloy-wheel-cleaner-750ml'}, {'supplier_ean': '5055441450780', 'amazon_asin': 'B0DK7MZS7R', 'supplier_title': 'Goodyear Back Car Seat Organiser Storage Bag', 'amazon_title': 'Goodyear Car Seat Back Storage Bag - Multipurpose Organizer for Vehicle Seats| Adjustable Straps |Product size: 40 x 55 cm| Material-Felt cloth| Multiple Pockets| Color-Grey| Durable, Water-Resistant', 'supplier_price': 2.2, 'amazon_price': 3.99, 'match_method': 'EAN', 'confidence': 'high', 'created_at': '2025-07-18T11:39:41.933717', 'supplier_url': 'https://www.poundwholesale.co.uk/goodyear-back-car-seat-organiser-storage-bag'}, {'supplier_ean': '5060417895304', 'amazon_asin': 'B0CJPBPJ9V', 'supplier_title': 'Sanitize Instant Protection 75% Alcohol Hand Gel 100ml', 'amazon_title': 'Palm Safe', 'supplier_price': 0.63, 'amazon_price': None, 'match_method': 'EAN', 'confidence': 'high', 'created_at': '2025-07-18T13:25:14.078140', 'supplier_url': 'https://www.poundwholesale.co.uk/sanitize-instant-protection-75-alcohol-hand-gel-100ml'}, {'supplier_ean': '5050375010994', 'amazon_asin': 'B0DN1LMXJV', 'supplier_title': 'Car-Pride Quick & Effective De-Icer 600ml', 'amazon_title': 'ANGIX', 'supplier_price': 1.27, 'amazon_price': None, 'match_method': 'EAN', 'confidence': 'high', 'created_at': '2025-07-19T02:38:01.890142', 'supplier_url': 'https://www.poundwholesale.co.uk/car-pride-quick-effective-de-icer-600ml'}, {'supplier_ean': '5055441452340', 'amazon_asin': 'B01IWTQBG2', 'supplier_title': 'Goodyear 2-In-1 Bug Removing Sponge', 'amazon_title': 'Gtechniq', 'supplier_price': 0.72, 'amazon_price': None, 'match_method': 'EAN', 'confidence': 'high', 'created_at': '2025-07-19T02:38:15.098683', 'supplier_url': 'https://www.poundwholesale.co.uk/goodyear-2-in-1-bug-removing-sponge'}, {'supplier_ean': '5053249271422', 'amazon_asin': 'B0CTCSZD1T', 'supplier_title': 'Car-Pride Biodegradable Alloy Wheel Cleaning Wipes 30 Pack', 'amazon_title': 'Xtremeauto', 'supplier_price': 0.65, 'amazon_price': None, 'match_method': 'EAN', 'confidence': 'high', 'created_at': '2025-07-19T02:38:27.358805', 'supplier_url': 'https://www.poundwholesale.co.uk/car-pride-biodegradable-alloy-wheel-cleaning-wipes-30-pack'}, {'supplier_ean': '5053249248691', 'amazon_asin': 'B006TYWGBM', 'supplier_title': 'Car Pride Black Matt Spray Paint 400ml', 'amazon_title': 'Autotek', 'supplier_price': 1.73, 'amazon_price': None, 'match_method': 'EAN', 'confidence': 'high', 'created_at': '2025-07-19T02:38:41.417586', 'supplier_url': 'https://www.poundwholesale.co.uk/car-pride-black-matt-spray-paint-400ml'}]
--- Logging error ---
Traceback (most recent call last):
  File "/usr/lib/python3.12/logging/__init__.py", line 1163, in emit
    stream.write(msg + self.terminator)
BlockingIOError: [Errno 11] write could not complete without blocking
Call stack:
  File "/mnt/c/Users/chris/Desktop/Amazon-FBA-Agent-System-v32/run_custom_poundwholesale.py", line 81, in <module>
    asyncio.run(main())
  File "/usr/lib/python3.12/asyncio/runners.py", line 194, in run
    return runner.run(main)
  File "/usr/lib/python3.12/asyncio/runners.py", line 118, in run
    return self._loop.run_until_complete(task)
  File "/usr/lib/python3.12/asyncio/base_events.py", line 674, in run_until_complete
    self.run_forever()
  File "/usr/lib/python3.12/asyncio/base_events.py", line 641, in run_forever
    self._run_once()
  File "/usr/lib/python3.12/asyncio/base_events.py", line 1987, in _run_once
    handle._run()
  File "/usr/lib/python3.12/asyncio/events.py", line 88, in _run
    self._context.run(self._callback, *self._args)
  File "/mnt/c/Users/chris/Desktop/Amazon-FBA-Agent-System-v32/run_custom_poundwholesale.py", line 64, in main
    await workflow.run()
  File "/mnt/c/Users/chris/Desktop/Amazon-FBA-Agent-System-v32/tools/passive_extraction_workflow_latest.py", line 1123, in run
    return await self._run_hybrid_processing_mode(
  File "/mnt/c/Users/chris/Desktop/Amazon-FBA-Agent-System-v32/tools/passive_extraction_workflow_latest.py", line 6065, in _run_hybrid_processing_mode
    chunk_results = await self._process_chunk_with_main_workflow_logic(
  File "/mnt/c/Users/chris/Desktop/Amazon-FBA-Agent-System-v32/tools/passive_extraction_workflow_latest.py", line 6296, in _process_chunk_with_main_workflow_logic
    self.log.debug(f"🔍 DEBUG: linking_map type: {type(self.linking_map)}, value: {self.linking_map}")
Message: '🔍 DEBUG: linking_map type: <class \'list\'>, value: [{\'supplier_ean\': \'5053249228587\', \'amazon_asin\': \'B075QDW3BF\', \'supplier_title\': \'Car Pride Under Body Seal Black 400ml\', \'amazon_title\': \'HP CF541A 203A Original LaserJet Toner Cartridge, Cyan, Single Pack\', \'supplier_price\': 1.73, \'amazon_price\': 64.99, \'match_method\': \'EAN\', \'confidence\': \'high\', \'created_at\': \'2025-07-18T10:13:11.088193\', \'supplier_url\': \'https://www.poundwholesale.co.uk/carpride-under-body-seal-black\'}, {\'supplier_ean\': \'5055319527750\', \'amazon_asin\': \'B0CX1X6R6G\', \'supplier_title\': \'Auto Extreme Car Detailing Brush Set 5 Pack\', \'amazon_title\': \'Kasauber\', \'supplier_price\': 2.1, \'amazon_price\': None, \'match_method\': \'EAN\', \'confidence\': \'high\', \'created_at\': \'2025-07-18T10:13:23.277485\', \'supplier_url\': \'https://www.poundwholesale.co.uk/auto-extreme-car-detailing-brush-set-5-pack\'}, {\'supplier_ean\': \'5055319528504\', \'amazon_asin\': \'B07NJGQFRF\', \'supplier_title\': \'Rapide RP-60 Penetrating Maintenance Spray with Control Nozzle 400ml\', \'amazon_title\': \'Rapide 2850 Paint Spray\', \'supplier_price\': 2.65, \'amazon_price\': 5.85, \'match_method\': \'EAN\', \'confidence\': \'high\', \'created_at\': \'2025-07-18T10:14:15.912179\', \'supplier_url\': \'https://www.poundwholesale.co.uk/rapide-rp-60-penetrating-maintenance-spray-with-control-nozzle-400ml\'}, {\'supplier_ean\': \'5055441452272\', \'amazon_asin\': \'B0DFMPNHT5\', \'supplier_title\': \'Goodyear Microfibre Luxury Valet Drying Towel Set 2 Pack\', \'amazon_title\': \'Goodyear 2PC Microfibre Luxury Valet Cloth Set I Microfibre technology| powerful cleaning | Extra absorbency for a swirl free finish | Ideal for buffing away polish & wax residue | Extra large towel\', \'supplier_price\': 2.14, \'amazon_price\': 6.59, \'match_method\': \'EAN\', \'confidence\': \'high\', \'created_at\': \'2025-07-18T10:15:06.821428\', \'supplier_url\': \'https://www.poundwholesale.co.uk/goodyear-microfibre-luxury-valet-drying-towel-set-2-pack\'}, {\'supplier_ean\': \'5053249229140\', \'amazon_asin\': \'B07N41XTV5\', \'supplier_title\': \'Carpride Alloy Wheel Spray Paint Silver Gloss\', \'amazon_title\': \'Car Pride Alloy Wheel Spray Paint Metallic Silver Repairer. 400ml\', \'supplier_price\': 1.67, \'amazon_price\': 5.4, \'match_method\': \'EAN\', \'confidence\': \'high\', \'created_at\': \'2025-07-18T10:16:10.522951\', \'supplier_url\': \'https://www.poundwholesale.co.uk/carpride-alloy-wheel-spray-paint-silver-gloss\'}, {\'supplier_ean\': \'5055056770822\', \'amazon_asin\': \'B09DTQ4S43\', \'supplier_title\': \'Millions Blackcurrant Buzz 3D Car Air Freshener\', \'amazon_title\': \'AIRFreshh\', \'supplier_price\': 0.38, \'amazon_price\': None, \'match_method\': \'EAN\', \'confidence\': \'high\', \'created_at\': \'2025-07-18T10:16:22.515075\', \'supplier_url\': \'https://www.poundwholesale.co.uk/millions-blackcurrant-buzz-3d-car-air-freshener\'}, {\'supplier_ean\': \'5055319519229\', \'amazon_asin\': \'B07NJGGW8P\', \'supplier_title\': \'Auto Extreme Professional White Gloss Spray Paint 400ml\', \'amazon_title\': \'Auto Extreme White Gloss, 400 ml\', \'supplier_price\': 1.82, \'amazon_price\': 5.3, \'match_method\': \'EAN\', \'confidence\': \'high\', \'created_at\': \'2025-07-18T10:17:22.092163\', \'supplier_url\': \'https://www.poundwholesale.co.uk/auto-extreme-professional-white-gloss-spray-paint-400ml\'}, {\'supplier_ean\': \'5055319529907\', \'amazon_asin\': \'B07XZDY64P\', \'supplier_title\': \'Rapide Silicone Lubricant Spray 250ml\', \'amazon_title\': \'300ml Silicone Grease Aerosol Spray Lubricant Can Water Resistant Oil\', \'supplier_price\': 1.07, \'amazon_price\': 4.79, \'match_method\': \'EAN\', \'confidence\': \'high\', \'created_at\': \'2025-07-18T10:18:10.835188\', \'supplier_url\': \'https://www.poundwholesale.co.uk/rapide-silicone-lubricant-spray-250ml\'}, {\'supplier_ean\': \'5050375036574\', \'amazon_asin\': \'B006URFAE8\', \'supplier_title\': \'Car Pride Assorted Fragrance Fresh Feet Car Air Fresheners 4 Pack CDU\', \'amazon_title\': \'Pack of 4 FRESH FEET, Car Air Fresheners, Carpride cp1128\', \'supplier_price\': 0.71, \'amazon_price\': 3.3, \'match_method\': \'EAN\', \'confidence\': \'high\', \'created_at\': \'2025-07-18T10:19:02.426082\', \'supplier_url\': \'https://www.poundwholesale.co.uk/car-pride-assorted-fragrance-fresh-feet-car-air-fresheners-4-pack-cdu\'}, {\'supplier_ean\': \'5055056731878\', \'amazon_asin\': \'B09LH29BZD\', \'supplier_title\': \'Guilty Pleasures Blueberry Ice Pop 3D Car Air Freshener\', \'amazon_title\': \'Guilty Pleasure 3D Blueberry CAR FRESHENER\', \'supplier_price\': 0.38, \'amazon_price\': 3.99, \'match_method\': \'EAN\', \'confidence\': \'high\', \'created_at\': \'2025-07-18T10:19:50.869058\', \'supplier_url\': \'https://www.poundwholesale.co.uk/guilty-pleasures-blueberry-ice-pop-3d-car-air-freshener\'}, {\'supplier_ean\': \'5055319514606\', \'amazon_asin\': \'B0CYH8F9F9\', \'supplier_title\': \'Auto Extreme Car Pump Sprayer 2L\', \'amazon_title\': \'My Garden 5 Litre Sprayer Pump - Weed Killer Pressure Sprayer Pump Action - High Pressure Long Reach Sprayers - Ideal For Spraying Water Fertiliser Herbicides Pesticides Preservative & Detergent\', \'supplier_price\': 3.85, \'amazon_price\': None, \'match_method\': \'EAN\', \'confidence\': \'high\', \'created_at\': \'2025-07-18T10:20:03.052455\', \'supplier_url\': \'https://www.poundwholesale.co.uk/auto-extreme-car-pump-sprayer-2l\'}, {\'supplier_ean\': \'5055319530781\', \'amazon_asin\': \'B09FKD19N4\', \'supplier_title\': \'Auto Extreme Tropical Mist In-Car Fragrance Air Freshener Spray 100ml\', \'amazon_title\': \'Air Freshener Spray Concentrated Long Lasting Oil Based (Ocean Breeze)\', \'supplier_price\': 0.65, \'amazon_price\': None, \'match_method\': \'EAN\', \'confidence\': \'high\', \'created_at\': \'2025-07-18T10:20:17.331393\', \'supplier_url\': \'https://www.poundwholesale.co.uk/auto-extreme-tropical-mist-in-car-fragrance-air-freshener-spray-100ml\'}, {\'supplier_ean\': \'5053249245799\', \'amazon_asin\': \'B0BLLV2M74\', \'supplier_title\': \'Car Pride Clean & Polish Microfibre Cloth\', \'amazon_title\': \'CARPRIDE® Clean and Polish MicroFibre Cloth for Car Exterior and Interior | Streak Free | 30 x 30 cm\', \'supplier_price\': 0.76, \'amazon_price\': 5.29, \'match_method\': \'EAN\', \'confidence\': \'high\', \'created_at\': \'2025-07-18T10:21:04.364223\', \'supplier_url\': \'https://www.poundwholesale.co.uk/car-pride-clean-polish-microfibre-cloth\'}, {\'supplier_ean\': \'5055319531849\', \'amazon_asin\': \'B074KFGHCP\', \'supplier_title\': \'Rapide Easy Grease Spray 250ml\', \'amazon_title\': \'HMT\', \'supplier_price\': 1.05, \'amazon_price\': None, \'match_method\': \'EAN\', \'confidence\': \'high\', \'created_at\': \'2025-07-18T10:21:17.993959\', \'supplier_url\': \'https://www.poundwholesale.co.uk/rapide-easy-grease-spray-250ml\'}, {\'supplier_ean\': \'5052578642705\', \'amazon_asin\': \'B07X22PHWJ\', \'supplier_title\': \'Bettina Chamois Demist & Dashboard Pad\', \'amazon_title\': \'Airlab\', \'supplier_price\': 0.75, \'amazon_price\': None, \'match_method\': \'EAN\', \'confidence\': \'high\', \'created_at\': \'2025-07-18T10:21:28.626273\', \'supplier_url\': \'https://www.poundwholesale.co.uk/bettina-chamois-demist-dashboard-pad\'}, {\'supplier_ean\': \'5052578633000\', \'amazon_asin\': \'B0F6K65PZT\', \'supplier_title\': \'Bettina Microfibre Mitt\', \'amazon_title\': \'Fogcosy\', \'supplier_price\': 0.95, \'amazon_price\': None, \'match_method\': \'EAN\', \'confidence\': \'high\', \'created_at\': \'2025-07-18T10:21:41.310298\', \'supplier_url\': \'https://www.poundwholesale.co.uk/microfibre-mit-highly-effective-wet-or-dry\'}, {\'supplier_ean\': \'5053249245669\', \'amazon_asin\': \'B0BLL1K79V\', \'supplier_title\': \'Car Pride Blue Microfibre Glass Cloth\', \'amazon_title\': \'Car-pride Glass Microfibre Cloth\', \'supplier_price\': 0.74, \'amazon_price\': 4.99, \'match_method\': \'EAN\', \'confidence\': \'high\', \'created_at\': \'2025-07-18T10:22:28.491046\', \'supplier_url\': \'https://www.poundwholesale.co.uk/car-pride-blue-microfibre-glass-cloth\'}, {\'supplier_ean\': \'5055056770785\', \'amazon_asin\': \'B0BLGR29X6\', \'supplier_title\': \'Millions Sour Strawberry 3D Car Air Freshener\', \'amazon_title\': \'Evair\', \'supplier_price\': 0.38, \'amazon_price\': None, \'match_method\': \'EAN\', \'confidence\': \'high\', \'created_at\': \'2025-07-18T10:22:40.894972\', \'supplier_url\': \'https://www.poundwholesale.co.uk/millions-sour-strawberry-3d-car-air-freshener\'}, {\'supplier_ean\': \'5053249248714\', \'amazon_asin\': \'B006T2450O\', \'supplier_title\': \'Car-Pride White Gloss Spray Paint 400ml\', \'amazon_title\': \'Tetrion\', \'supplier_price\': 1.73, \'amazon_price\': None, \'match_method\': \'EAN\', \'confidence\': \'high\', \'created_at\': \'2025-07-18T10:22:54.011676\', \'supplier_url\': \'https://www.poundwholesale.co.uk/car-pride-white-gloss-spray-paint-400ml\'}, {\'supplier_ean\': \'5055056731885\', \'amazon_asin\': \'B09LHBY2GF\', \'supplier_title\': \'Guilty Pleasures Vanilla & Cherry Cupcake 3D Car Air Freshener\', \'amazon_title\': \'Guilty Pleasure 3D Vanilla CAR FRESHENER\', \'supplier_price\': 0.38, \'amazon_price\': 3.99, \'match_method\': \'EAN\', \'confidence\': \'high\', \'created_at\': \'2025-07-18T10:23:41.006634\', \'supplier_url\': \'https://www.poundwholesale.co.uk/guilty-pleasures-vanilla-cherry-cupcake-3d-car-air-freshener\'}, {\'supplier_ean\': \'5055319531733\', \'amazon_asin\': \'B004SMKX7Q\', \'supplier_title\': \'Auto Extreme Professional Black Alloy Wheel Spray Paint 400ml\', \'amazon_title\': \'Hycote\', \'supplier_price\': 1.81, \'amazon_price\': None, \'match_method\': \'EAN\', \'confidence\': \'high\', \'created_at\': \'2025-07-18T10:23:55.039262\', \'supplier_url\': \'https://www.poundwholesale.co.uk/auto-extreme-professional-black-alloy-wheel-spray-paint-400ml\'}, {\'supplier_ean\': \'5055441459684\', \'amazon_asin\': \'B0DL9TR7T2\', \'supplier_title\': \'Goodyear 2-in-1 Telescopic Handle Scraper\', \'amazon_title\': \'Goodyear Telescopic Handle Scraper - Adjustable Ice Scraper with Extendable Handle | Sturdy Blade for Snow & Ice Removal | Ergonomic Grip | Compact and Durable Design | Ideal for Cars, Trucks & SUVs\', \'supplier_price\': 4.04, \'amazon_price\': 9.21, \'match_method\': \'EAN\', \'confidence\': \'high\', \'created_at\': \'2025-07-18T10:24:48.156817\', \'supplier_url\': \'https://www.poundwholesale.co.uk/goodyear-2-in-1-telescopic-handle-scraper\'}, {\'supplier_ean\': \'5055441427348\', \'amazon_asin\': \'B06XPVGMV8\', \'supplier_title\': \'Goodyear Portable Car Vacuum Cleaner 12V\', \'amazon_title\': \'Goodyear 12V DC Car/Van Cigarette Lighter Corded Vacuum Cleaner Powerful Suction\', \'supplier_price\': 5.72, \'amazon_price\': 10.99, \'match_method\': \'EAN\', \'confidence\': \'high\', \'created_at\': \'2025-07-18T10:25:44.453432\', \'supplier_url\': \'https://www.poundwholesale.co.uk/goodyear-portable-car-vacuum-cleaner-12v\'}, {\'supplier_ean\': \'5055319517027\', \'amazon_asin\': \'B01EQ7TPJE\', \'supplier_title\': \'Rapide DP-60 Multipurpose Maintenance Spray 750ml\', \'amazon_title\': \'Maintenance Oil 750ml Spray Can (DP60)\', \'supplier_price\': 2.77, \'amazon_price\': 6.95, \'match_method\': \'EAN\', \'confidence\': \'high\', \'created_at\': \'2025-07-18T10:26:39.185617\', \'supplier_url\': \'https://www.poundwholesale.co.uk/rapide-dp-60-multipurpose-maintenance-spray-750ml\'}, {\'supplier_ean\': \'5038673410708\', \'amazon_asin\': \'B0D1Y8TCDS\', \'supplier_title\': \'Car Air Fresheners Leaf Assorted CDU\', \'amazon_title\': \'Ikeda Car Fragrance: Hanging Car Air Freshener | 10ml Hanging Car Decoration | 45 Days Long Lasting Fragrance | With Clip | For Car Home | 1 Piece (10ml x 1 Piece, Coconut)\', \'supplier_price\': 0.33, \'amazon_price\': None, \'match_method\': \'EAN\', \'confidence\': \'high\', \'created_at\': \'2025-07-18T10:26:52.496784\', \'supplier_url\': \'https://www.poundwholesale.co.uk/car-air-fresheners-leaf-assorted-cdu\'}, {\'supplier_ean\': \'5053249224053\', \'amazon_asin\': \'B0DMN8CMH8\', \'supplier_title\': \'Tango Car Air Freshener Assorted\', \'amazon_title\': \'10/50/100PCS Custom LOGO Car Bulk Air Fresheners, Custom Air Fresheners for Car Bulk, Air Freshener with Photo, Double-Sided Personalised Photo and Text Car Air Fresheners (10Pcs Square)\', \'supplier_price\': 0.76, \'amazon_price\': None, \'match_method\': \'EAN\', \'confidence\': \'high\', \'created_at\': \'2025-07-18T10:27:03.571134\', \'supplier_url\': \'https://www.poundwholesale.co.uk/tango-car-air-freshener-assorted\'}, {\'supplier_ean\': \'5050375051270\', \'amazon_asin\': \'B00BPN9Z2A\', \'supplier_title\': \'Car Pride Alloy Wheel Cleaning Brush\', \'amazon_title\': \'Car Pride ALLOY WHEEL BRUSH\', \'supplier_price\': 0.71, \'amazon_price\': 3.95, \'match_method\': \'EAN\', \'confidence\': \'high\', \'created_at\': \'2025-07-18T10:27:53.467488\', \'supplier_url\': \'https://www.poundwholesale.co.uk/car-pride-alloy-wheel-cleaning-brush\'}, {\'supplier_ean\': \'5055319519250\', \'amazon_asin\': \'B01MT7OBIO\', \'supplier_title\': \'Auto Extreme Professional Clear Lacquer Spray 400ml\', \'amazon_title\': \'Auto Extreme Clear Lacquer Spray Paint 400ml\', \'supplier_price\': 1.82, \'amazon_price\': 5.32, \'match_method\': \'EAN\', \'confidence\': \'high\', \'created_at\': \'2025-07-18T10:28:54.182013\', \'supplier_url\': \'https://www.poundwholesale.co.uk/auto-extreme-professional-clear-lacquer-spray-400ml\'}, {\'supplier_ean\': \'5055441446578\', \'amazon_asin\': \'B0993MX5GX\', \'supplier_title\': \'Goodyear Waterless Wash & Wax 750ml\', \'amazon_title\': \'GOODYEAR WATERLESS WASH N WAX SPRAY 750ML\', \'supplier_price\': 2.06, \'amazon_price\': 5.93, \'match_method\': \'EAN\', \'confidence\': \'high\', \'created_at\': \'2025-07-18T10:29:47.233890\', \'supplier_url\': \'https://www.poundwholesale.co.uk/goodyear-waterless-wash-wax-750ml\'}, {\'supplier_ean\': \'5055319519113\', \'amazon_asin\': \'B07NJGQ85R\', \'supplier_title\': \'Auto Extreme Automotive Silver Spray Paint 250ml\', \'amazon_title\': \'Auto Extreme Auto Spray Paint Silver, 250 ml\', \'supplier_price\': 0.92, \'amazon_price\': 4.1, \'match_method\': \'EAN\', \'confidence\': \'high\', \'created_at\': \'2025-07-18T10:30:42.274698\', \'supplier_url\': \'https://www.poundwholesale.co.uk/auto-extreme-automotive-silver-spray-paint-250ml\'}, {\'supplier_ean\': \'5055441452210\', \'amazon_asin\': \'B0DH8DT3MS\', \'supplier_title\': \'Goodyear Natural Leather Chamois Cloth Xl\', \'amazon_title\': \'Goodyear Xl Genuine Leather Chamois -natural Chamois, Super Absorbent, Streak, Scratch Free, With Greater Tolerance To Car Cleaners| Stays Soft When Drying| Ideal For Cleaning Of Interior And Exterior\', \'supplier_price\': 3.83, \'amazon_price\': 5.99, \'match_method\': \'EAN\', \'confidence\': \'high\', \'created_at\': \'2025-07-18T10:31:39.934257\', \'supplier_url\': \'https://www.poundwholesale.co.uk/goodyear-natural-leather-chamois-cloth-xl\'}, {\'supplier_ean\': \'5050375045439\', \'amazon_asin\': \'B003L6U0NC\', \'supplier_title\': \'Car-Pride Microfibre Mitt 3 Assorted Colours\', \'amazon_title\': \'Car Pride Microfibre Magic Mitt - Dusts, Scrubs, Cleans and Polishes\', \'supplier_price\': 0.98, \'amazon_price\': 4.34, \'match_method\': \'EAN\', \'confidence\': \'high\', \'created_at\': \'2025-07-18T10:32:54.935150\', \'supplier_url\': \'https://www.poundwholesale.co.uk/microfibre-mitt\'}, {\'supplier_ean\': \'5055441446516\', \'amazon_asin\': \'B0D9YH94ZQ\', \'supplier_title\': \'Goodyear Gloss Tyre Shine 750ml\', \'amazon_title\': \'Auto Xpert Slick Shine, Premium Tyre Dressing, Long Lasting Wet-Look Finish, Protects Against Water and Dust, Easy to Apply, All Weather Tyre Protection. (5 Litre)\', \'supplier_price\': 1.39, \'amazon_price\': None, \'match_method\': \'EAN\', \'confidence\': \'high\', \'created_at\': \'2025-07-18T10:33:09.394012\', \'supplier_url\': \'https://www.poundwholesale.co.uk/goodyear-gloss-tyre-shine-750ml\'}, {\'supplier_ean\': \'5055441449166\', \'amazon_asin\': \'B0D11XP9V1\', \'supplier_title\': \'Goodyear Microfibre Buffing Cloth Large 40cm\', \'amazon_title\': \'Goodyear Microfibre Buffing Cloth I Specially designed microfibre cloth for polishing and buffing your vehicle | Showroom finish | Microfibre attract more dirt than normal cloth | Machine washable\', \'supplier_price\': 0.85, \'amazon_price\': 1.99, \'match_method\': \'EAN\', \'confidence\': \'high\', \'created_at\': \'2025-07-18T10:34:04.595027\', \'supplier_url\': \'https://www.poundwholesale.co.uk/goodyear-microfibre-buffing-cloth-large-40cm\'}, {\'supplier_ean\': \'5055319529877\', \'amazon_asin\': \'B07Y1V1WMW\', \'supplier_title\': \'Rapide Copper Grease Spray 250ml\', \'amazon_title\': \'Rapide 300ml Copper Grease Aerosol Spray Lubricant Can Anti Seize Brake Pad Squeal Oil\', \'supplier_price\': 1.07, \'amazon_price\': 4.95, \'match_method\': \'EAN\', \'confidence\': \'high\', \'created_at\': \'2025-07-18T10:34:58.176694\', \'supplier_url\': \'https://www.poundwholesale.co.uk/rapide-copper-grease-spray-250ml\'}, {\'supplier_ean\': \'5055441446752\', \'amazon_asin\': \'B0DJWDHG1Y\', \'supplier_title\': \'Goodyear Hydrophobic Polymer Formulation Wash & Wax 2.5l\', \'amazon_title\': \'Goodyear Wash And Wax Hydrophobic Polymer 2.5 Ltr | Leaves A Glossy Just Waxed Deep Protective Shine | Polymer-acrylic Polyethylene Copolymer Wax | Effectively Cleans Dirt And Grime From Your Vehicle\', \'supplier_price\': 3.05, \'amazon_price\': 5.99, \'match_method\': \'EAN\', \'confidence\': \'high\', \'created_at\': \'2025-07-18T10:35:51.556162\', \'supplier_url\': \'https://www.poundwholesale.co.uk/goodyear-hydrophobic-polymer-formulation-wash-wax-2-5l\'}, {\'supplier_ean\': \'5055056731892\', \'amazon_asin\': \'B094HGXWJC\', \'supplier_title\': \'Guilty Pleasures Strawberry Doughnut 3D Car Air Freshener\', \'amazon_title\': \'GUILTY PLEASURES STRAWBERRY DOUGHNUT 3D CAR AIR FRESHENER\', \'supplier_price\': 0.38, \'amazon_price\': 1.5, \'match_method\': \'EAN\', \'confidence\': \'high\', \'created_at\': \'2025-07-18T10:36:38.989576\', \'supplier_url\': \'https://www.poundwholesale.co.uk/guilty-pleasures-strawberry-doughnut-3d-car-air-freshener\'}, {\'supplier_ean\': \'5055319519236\', \'amazon_asin\': \'B07NJGT1BN\', \'supplier_title\': \'Auto Extreme Professional Grey Primer Spray Paint 400ml\', \'amazon_title\': \'Auto Extreme Auto Extreme Grey Primer, 400 ml\', \'supplier_price\': 1.82, \'amazon_price\': 5.44, \'match_method\': \'EAN\', \'confidence\': \'high\', \'created_at\': \'2025-07-18T10:37:31.087578\', \'supplier_url\': \'https://www.poundwholesale.co.uk/auto-extreme-professional-grey-primer-spray-paint-400ml\'}, {\'supplier_ean\': \'5055441453309\', \'amazon_asin\': \'B094DFY8PC\', \'supplier_title\': \'Goodyear Anti-Smear Blue Screenwash 5L\', \'amazon_title\': \'Prestone\', \'supplier_price\': 2.7, \'amazon_price\': None, \'match_method\': \'EAN\', \'confidence\': \'high\', \'created_at\': \'2025-07-18T10:37:44.323618\', \'supplier_url\': \'https://www.poundwholesale.co.uk/goodyear-anti-smear-blue-screenwash-5l\'}, {\'supplier_ean\': \'5055319558839\', \'amazon_asin\': \'B0CTCSZD1T\', \'supplier_title\': \'Auto Extreme Microfibre Wheel Wash Brush 46cm\', \'amazon_title\': \'Xtremeauto\', \'supplier_price\': 2.79, \'amazon_price\': None, \'match_method\': \'EAN\', \'confidence\': \'high\', \'created_at\': \'2025-07-18T10:37:55.429624\', \'supplier_url\': \'https://www.poundwholesale.co.uk/auto-extreme-microfibre-wheel-wash-brush-46cm\'}, {\'supplier_ean\': \'5055319511995\', \'amazon_asin\': \'B09C44BVZY\', \'supplier_title\': \'Auto Extreme Professional Red Gloss Brake Caliper Spray Paint 400ml\', \'amazon_title\': \'Tailored Paint\', \'supplier_price\': 2.73, \'amazon_price\': None, \'match_method\': \'EAN\', \'confidence\': \'high\', \'created_at\': \'2025-07-18T10:38:08.805743\', \'supplier_url\': \'https://www.poundwholesale.co.uk/auto-extreme-professional-red-gloss-brake-caliper-spray-paint-400ml\'}, {\'supplier_ean\': \'5055319519205\', \'amazon_asin\': \'B09DYZTY7G\', \'supplier_title\': \'Auto Extreme Professional Black Matt Spray Paint 400ml\', \'amazon_title\': \'Classic Signature - 1 x Auto Extreme Black Matt Spray Paint 400ml, Professional Quality, Perfect Finish for Cars, Bikes,Vans, Metal, Wood\', \'supplier_price\': 1.82, \'amazon_price\': 6.89, \'match_method\': \'EAN\', \'confidence\': \'high\', \'created_at\': \'2025-07-18T10:38:58.185842\', \'supplier_url\': \'https://www.poundwholesale.co.uk/auto-extreme-professional-black-matt-spray-paint-400ml\'}, {\'supplier_ean\': \'5055319531818\', \'amazon_asin\': \'B000LD4V2E\', \'supplier_title\': \'Auto Extreme Professional Black Bumper & Trim Spray Paint 400ml\', \'amazon_title\': \'Hycote\', \'supplier_price\': 1.81, \'amazon_price\': None, \'match_method\': \'EAN\', \'confidence\': \'high\', \'created_at\': \'2025-07-18T10:39:11.840698\', \'supplier_url\': \'https://www.poundwholesale.co.uk/auto-extreme-professional-black-bumper-trim-spray-paint-400ml\'}, {\'supplier_ean\': \'5053249226576\', \'amazon_asin\': \'B07CZHPQRY\', \'supplier_title\': \'151 Super Maintenance Spray 200ml\', \'amazon_title\': \'151 Products 2X Super Multipurpose Oil - 200ml, 20ml x 10, Bike Chain, Multipurpose, 0.26kg\', \'supplier_price\': 1.14, \'amazon_price\': 5.28, \'match_method\': \'EAN\', \'confidence\': \'high\', \'created_at\': \'2025-07-18T10:40:10.708714\', \'supplier_url\': \'https://www.poundwholesale.co.uk/supermaintenance-spray-300ml\'}, {\'supplier_ean\': \'5050375083813\', \'amazon_asin\': \'B0DG2QVKZL\', \'supplier_title\': \'Car Pride Interior Clean & Shine 300ml\', \'amazon_title\': \'Hoover HF1 Plus Cordless Stick Vacuum Cleaner with Turbo Suction Mode, Up to 45 Min Runtime, LED Lights, Multi-Floor Nozzle, Anti Hair Wrap, Handheld Capability, 165w [HF1P10H]\', \'supplier_price\': 0.95, \'amazon_price\': 99.0, \'match_method\': \'EAN\', \'confidence\': \'high\', \'created_at\': \'2025-07-18T10:41:15.031823\', \'supplier_url\': \'https://www.poundwholesale.co.uk/interior-clean-shine-300ml\'}, {\'supplier_ean\': \'5055319519120\', \'amazon_asin\': \'B07NJGQFPJ\', \'supplier_title\': \'Auto Extreme Automotive White Primer Spray Paint 250ml\', \'amazon_title\': \'Auto Extreme Auto Spray White Primer, 250 ml\', \'supplier_price\': 0.92, \'amazon_price\': 5.19, \'match_method\': \'EAN\', \'confidence\': \'high\', \'created_at\': \'2025-07-18T10:42:08.243130\', \'supplier_url\': \'https://www.poundwholesale.co.uk/auto-extreme-automotive-white-primer-spray-paint-250ml\'}, {\'supplier_ean\': \'5055441449128\', \'amazon_asin\': \'B0DF3573G7\', \'supplier_title\': \'Goodyear Microfibre Wash & Dry Cloth Large 40cm\', \'amazon_title\': \'Goodyear Microfibre Wash and Dry Cloth Large Specially designed microfibre cloth for washing and drying your vehicle |Dual purpose |Microfibres attract more dirt than a normal cloth| Machine washable\', \'supplier_price\': 0.8, \'amazon_price\': 5.03, \'match_method\': \'EAN\', \'confidence\': \'high\', \'created_at\': \'2025-07-18T10:42:56.491855\', \'supplier_url\': \'https://www.poundwholesale.co.uk/goodyear-microfibre-wash-dry-cloth-large-40cm\'}, {\'supplier_ean\': \'5050375084087\', \'amazon_asin\': \'B004V424UK\', \'supplier_title\': \'Car Pride Tyre Shine 300ml\', \'amazon_title\': \'151 CAR VAN BIKE TYRE SHINE WET LOOK SPRAY BLACK\', \'supplier_price\': 0.93, \'amazon_price\': 4.2, \'match_method\': \'EAN\', \'confidence\': \'high\', \'created_at\': \'2025-07-18T10:43:52.714822\', \'supplier_url\': \'https://www.poundwholesale.co.uk/tyre-shine-300ml\'}, {\'supplier_ean\': \'5052578042604\', \'amazon_asin\': \'B089P24HXC\', \'supplier_title\': \'Bettina Natural Chamois Leather Cloth 30cm X 30cm\', \'amazon_title\': \'CarMax® English Premium Grade Natural Chamois Leather - Large - Perfect for drying off the whole car, glass, mirrors, inside and out, super soft and highly absorbent, Made in the UK\', \'supplier_price\': 0.91, \'amazon_price\': None, \'match_method\': \'EAN\', \'confidence\': \'high\', \'created_at\': \'2025-07-18T10:44:06.608980\', \'supplier_url\': \'https://www.poundwholesale.co.uk/bettina-chamois-leather-cloth\'}, {\'supplier_ean\': \'5055319512008\', \'amazon_asin\': \'B0D6N5WJK2\', \'supplier_title\': \'Auto Extreme Professional Yellow Gloss Brake Caliper Spray Paint 400ml\', \'amazon_title\': \'AX PRO Break Caliper Spray Yellow Gloss 400ml\', \'supplier_price\': 2.73, \'amazon_price\': 4.87, \'match_method\': \'EAN\', \'confidence\': \'high\', \'created_at\': \'2025-07-18T10:44:49.215843\', \'supplier_url\': \'https://www.poundwholesale.co.uk/auto-extreme-professional-yellow-gloss-brake-caliper-spray-paint-400ml\'}, {\'supplier_ean\': \'5055441452173\', \'amazon_asin\': \'B0DF358GFW\', \'supplier_title\': \'Goodyear Microfibre Window Cloth Large 40cm X 40cm\', \'amazon_title\': \'Goodyear microfibre Window Cloth I Designed Microfiber Cloth for windscreens, windows and mirrors| Statically charged cleaning| Leaves lint free finish| Ideal for effective cleaning of glass surfaces\', \'supplier_price\': 1.06, \'amazon_price\': 1.99, \'match_method\': \'EAN\', \'confidence\': \'high\', \'created_at\': \'2025-07-18T10:45:39.365206\', \'supplier_url\': \'https://www.poundwholesale.co.uk/goodyear-microfibre-window-cloth-large-40cm-x-40cm\'}, {\'supplier_ean\': \'5052578414708\', \'amazon_asin\': \'B0BG8HY6NL\', \'supplier_title\': \'Bettina Giant Car Sponge\', \'amazon_title\': \'Xtremeauto\', \'supplier_price\': 0.87, \'amazon_price\': None, \'match_method\': \'EAN\', \'confidence\': \'high\', \'created_at\': \'2025-07-18T10:45:52.603673\', \'supplier_url\': \'https://www.poundwholesale.co.uk/bettina-giant-car-sponge\'}, {\'supplier_ean\': \'5050375083967\', \'amazon_asin\': \'B004V423RY\', \'supplier_title\': \'Car Pride Window & Mirror Cleaner 300ml\', \'amazon_title\': \'WINDOW MIRROR GLASS CERAMIC CLEANER - NON SMEAR\', \'supplier_price\': 0.97, \'amazon_price\': 4.45, \'match_method\': \'EAN_cached\', \'confidence\': \'low\', \'created_at\': \'2025-07-18T10:45:52.672388\', \'supplier_url\': \'https://www.poundwholesale.co.uk/window-mirror-cleaner-300ml\'}, {\'supplier_ean\': \'5055441444536\', \'amazon_asin\': \'B0DF33XNMX\', \'supplier_title\': \'Goodyear Luxury Deep Pile Microfibre 2-In-1 Valet Cloth 45cm X 38cm\', \'amazon_title\': \'Goodyear Luxury Valet Cloth Large Deep pile for absorbency| For showroom perfect finish |2 in 1 luxury car cloth| Microfibre technology| Cleaning fibre| Satin safety edging protects against scratching\', \'supplier_price\': 3.02, \'amazon_price\': 7.0, \'match_method\': \'EAN\', \'confidence\': \'high\', \'created_at\': \'2025-07-18T10:46:44.263284\', \'supplier_url\': \'https://www.poundwholesale.co.uk/goodyear-luxury-deep-pile-microfibre-2-in-1-valet-cloth-45cm-x-38cm\'}, {\'supplier_ean\': \'5055441446554\', \'amazon_asin\': \'B0DJWFVY3H\', \'supplier_title\': \'Goodyear Snow Foam Pre-Wash Shampoo 1l\', \'amazon_title\': \'Goodyear 1L Snow Foam Cherry Scent Pressure Washer Or Foam Lancer | Covers The Vehicle In A Rich Blanket Of Foam | Gently Loosen Dirt & Heavy Soiling | More Concentrated Solution The Thicker The Foam\', \'supplier_price\': 2.54, \'amazon_price\': 7.99, \'match_method\': \'EAN\', \'confidence\': \'high\', \'created_at\': \'2025-07-18T10:47:33.544513\', \'supplier_url\': \'https://www.poundwholesale.co.uk/goodyear-cherry-snow-form-pre-wash-shampoo-1l\'}, {\'supplier_ean\': \'5055319519021\', \'amazon_asin\': \'B09FLXRC5F\', \'supplier_title\': \'Auto Extreme Automotive White Gloss Spray Paint 250ml\', \'amazon_title\': \'Classic Signature - 1 x Auto Extreme White Gloss Spray Paint 250ml Professional Quality, Perfect Finish for Cars, Bikes,Vans, Metal, Wood\', \'supplier_price\': 0.92, \'amazon_price\': 5.47, \'match_method\': \'EAN\', \'confidence\': \'high\', \'created_at\': \'2025-07-18T10:48:41.581930\', \'supplier_url\': \'https://www.poundwholesale.co.uk/auto-extreme-automotive-white-gloss-spray-paint-250ml\'}, {\'supplier_ean\': \'5055319519274\', \'amazon_asin\': \'B09F9MVQS1\', \'supplier_title\': \'Auto Extreme Professional Blue Gloss Spray Paint 400ml\', \'amazon_title\': \'Classic Signature - 1 x Auto Extreme Blue Gloss Spray Paint 400ml, Professional Quality, Perfect Finish for Cars, Bikes,Vans, Metal, Wood\', \'supplier_price\': 1.82, \'amazon_price\': 6.89, \'match_method\': \'EAN\', \'confidence\': \'high\', \'created_at\': \'2025-07-18T10:49:36.222143\', \'supplier_url\': \'https://www.poundwholesale.co.uk/auto-extreme-professional-blue-gloss-spray-paint-400ml\'}, {\'supplier_ean\': \'5050375127340\', \'amazon_asin\': \'B076DD8QMP\', \'supplier_title\': \'Tango Car Air Freshener CDU Assorted Fragrances\', \'amazon_title\': \'Tango Liquid Car Air Freshener 4pk - Cherry Orange Apple & Lemon\', \'supplier_price\': 0.74, \'amazon_price\': 5.49, \'match_method\': \'EAN\', \'confidence\': \'high\', \'created_at\': \'2025-07-18T10:50:21.970905\', \'supplier_url\': \'https://www.poundwholesale.co.uk/tango-car-air-freshener-cdu-assorted-fragrances\'}, {\'supplier_ean\': \'5055319519243\', \'amazon_asin\': \'B07NJHJC44\', \'supplier_title\': \'Auto Extreme Professional Silver Wheel Spray Paint 400ml\', \'amazon_title\': \'Auto Extreme Silver Wheel, 400 ml\', \'supplier_price\': 1.82, \'amazon_price\': 5.5, \'match_method\': \'EAN\', \'confidence\': \'high\', \'created_at\': \'2025-07-18T10:51:15.720754\', \'supplier_url\': \'https://www.poundwholesale.co.uk/auto-extreme-professional-silver-wheel-spray-paint-400ml\'}, {\'supplier_ean\': \'5055319530798\', \'amazon_asin\': \'B0BZQ9D3SS\', \'supplier_title\': \'Auto Extreme Ocean Breeze In-Car Fragrance Air Freshener Spray 100ml\', \'amazon_title\': \'Car Air Freshener for Men with Vent Clip | Strong Perfume Automotive Air Freshener | Odour Eliminating Technology with Vent Clip | Car Air Fresheners by Perfa\', \'supplier_price\': 0.65, \'amazon_price\': None, \'match_method\': \'EAN\', \'confidence\': \'high\', \'created_at\': \'2025-07-18T10:51:27.401020\', \'supplier_url\': \'https://www.poundwholesale.co.uk/auto-extreme-ocean-breeze-in-car-fragrance-air-freshener-spray-100ml\'}, {\'supplier_ean\': \'5052578047807\', \'amazon_asin\': \'B0FB44TV8Y\', \'supplier_title\': \'Bettina Microfibre Ultra Buff Car Cloths 3pc\', \'amazon_title\': \'Towelogy\', \'supplier_price\': 1.79, \'amazon_price\': None, \'match_method\': \'EAN\', \'confidence\': \'high\', \'created_at\': \'2025-07-18T10:51:38.488644\', \'supplier_url\': \'https://www.poundwholesale.co.uk/bettina-microfibre-ultra-buff-car-cloths-3pc\'}, {\'supplier_ean\': \'5055441446714\', \'amazon_asin\': \'B0DFPVL488\', \'supplier_title\': \'Goodyear Silicone Window Squeegee 30cm\', \'amazon_title\': \'Goodyear Silicone Window Squeegee Ideal For Car Bodywork, Showers, Windows And Other Smooth Surfaces| Soft Silicone Blade| Removes 95% Of Standing Water| V-shaped Grip| Reusable And Long Lasting\', \'supplier_price\': 1.99, \'amazon_price\': 3.99, \'match_method\': \'EAN\', \'confidence\': \'high\', \'created_at\': \'2025-07-18T10:52:28.920921\', \'supplier_url\': \'https://www.poundwholesale.co.uk/goodyear-silicone-window-squeegee-30cm\'}, {\'supplier_ean\': \'5055319528030\', \'amazon_asin\': \'B0DJM5VWR6\', \'supplier_title\': \'Rapide DP-60 Penetrating Maintenance Spray 100ml CDU\', \'amazon_title\': \'PNJB\', \'supplier_price\': 0.79, \'amazon_price\': None, \'match_method\': \'EAN\', \'confidence\': \'high\', \'created_at\': \'2025-07-18T10:52:43.308895\', \'supplier_url\': \'https://www.poundwholesale.co.uk/rapide-dp-60-penetrating-maintenance-spray-100ml-cdu\'}, {\'supplier_ean\': \'5052578047708\', \'amazon_asin\': \'B09D7HXXXT\', \'supplier_title\': \'Bettina Assorted Microfibre Car Rags Bag\', \'amazon_title\': \'MR.SIGA\', \'supplier_price\': 1.79, \'amazon_price\': None, \'match_method\': \'EAN\', \'confidence\': \'high\', \'created_at\': \'2025-07-18T10:52:56.953180\', \'supplier_url\': \'https://www.poundwholesale.co.uk/bettina-assorted-microfibre-car-rags-bag\'}, {\'supplier_ean\': \'8008990001061\', \'amazon_asin\': \'B00BFXBBHM\', \'supplier_title\': \'Classic Professional Car Sponge 15cm X 11cm X 5.5cm\', \'amazon_title\': \'Générique Auto Care – Wash Synthetic Sponge Pro Classic\', \'supplier_price\': 0.62, \'amazon_price\': 3.89, \'match_method\': \'EAN\', \'confidence\': \'high\', \'created_at\': \'2025-07-18T10:53:42.902436\', \'supplier_url\': \'https://www.poundwholesale.co.uk/classic-professional-car-sponge-15cm-x-11cm-x-5-5cm\'}, {\'supplier_ean\': \'5055319529891\', \'amazon_asin\': \'B0CXN6VDPT\', \'supplier_title\': \'Rapide Multi Lube Oil Spray 250ml\', \'amazon_title\': \'Multi Lube Oil Spray High Performance Lubricates Cleans Prevents Rust - 300ml\', \'supplier_price\': 1.07, \'amazon_price\': 5.49, \'match_method\': \'EAN\', \'confidence\': \'high\', \'created_at\': \'2025-07-18T10:54:33.090475\', \'supplier_url\': \'https://www.poundwholesale.co.uk/rapide-multi-lube-oil-spray-250ml\'}, {\'supplier_ean\': \'5055319599559\', \'amazon_asin\': \'B07NJGVPVQ\', \'supplier_title\': \'Auto Extreme Professional Chrome Effect Spray Paint 400ml\', \'amazon_title\': \'Auto Extreme Auto Spray Chrome, 400 ml\', \'supplier_price\': 2.03, \'amazon_price\': 4.99, \'match_method\': \'EAN\', \'confidence\': \'high\', \'created_at\': \'2025-07-18T10:55:42.978833\', \'supplier_url\': \'https://www.poundwholesale.co.uk/auto-extreme-professional-chrome-effect-spray-paint-400ml\'}, {\'supplier_ean\': \'5053249228563\', \'amazon_asin\': \'B07R97BMMC\', \'supplier_title\': \'Carpride Alloy Wheel Spray Paint Matt Black\', \'amazon_title\': \'Car Pride 400ml High Grade Car Alloy Wheel Matt Black Fantastic Finish Surface Aerosol Spray Paint Can\', \'supplier_price\': 1.67, \'amazon_price\': 5.69, \'match_method\': \'EAN\', \'confidence\': \'high\', \'created_at\': \'2025-07-18T10:56:35.936258\', \'supplier_url\': \'https://www.poundwholesale.co.uk/carpride-alloy-wheel-spray-paint-matt-black\'}, {\'supplier_ean\': \'5055319519045\', \'amazon_asin\': \'B07NJFYFZR\', \'supplier_title\': \'Auto Extreme Silver Wheel Spray Paint 250ml\', \'amazon_title\': \'Auto Extreme Auto Spray Silver Wheel, 250 ml\', \'supplier_price\': 0.92, \'amazon_price\': 4.5, \'match_method\': \'EAN\', \'confidence\': \'high\', \'created_at\': \'2025-07-18T10:57:32.469691\', \'supplier_url\': \'https://www.poundwholesale.co.uk/auto-extreme-silver-wheel-spray-paint-250ml\'}, {\'supplier_ean\': \'5055319519212\', \'amazon_asin\': \'B09DYXN6YF\', \'supplier_title\': \'Auto Extreme Professional Black Gloss Spray Paint 400ml\', \'amazon_title\': \'Classic Signature - 1 x Auto Extreme Black Gloss Spray Paint 400ml, Professional Quality, Perfect Finish for Cars, Bikes,Vans, Metal, Wood\', \'supplier_price\': 1.82, \'amazon_price\': 6.89, \'match_method\': \'EAN\', \'confidence\': \'high\', \'created_at\': \'2025-07-18T10:58:29.850682\', \'supplier_url\': \'https://www.poundwholesale.co.uk/auto-extreme-professional-black-gloss-spray-paint-400ml\'}, {\'supplier_ean\': \'5056170362405\', \'amazon_asin\': \'B006UCJ5NU\', \'supplier_title\': \'Bloc Multipurpose Penetrating Maintenance Spray 250ml\', \'amazon_title\': \'WD-40 Specialist\', \'supplier_price\': 1.03, \'amazon_price\': None, \'match_method\': \'EAN\', \'confidence\': \'high\', \'created_at\': \'2025-07-18T10:58:41.438173\', \'supplier_url\': \'https://www.poundwholesale.co.uk/bloc-multipurpose-penetrating-maintenance-spray-250ml\'}, {\'supplier_ean\': \'5055319519106\', \'amazon_asin\': \'B09FLX734G\', \'supplier_title\': \'Auto Extreme Automotive Black Satin Spray Paint 250ml\', \'amazon_title\': \'Classic Signature - 1 x Black Satin Auto Extreme Spray Paint 250ml Professional Quality, Perfect Finish for Cars, Bikes,Vans, Metal, Wood\', \'supplier_price\': 0.92, \'amazon_price\': 5.47, \'match_method\': \'EAN\', \'confidence\': \'high\', \'created_at\': \'2025-07-18T10:59:37.654163\', \'supplier_url\': \'https://www.poundwholesale.co.uk/auto-extreme-automotive-black-satin-spray-paint-250ml\'}, {\'supplier_ean\': \'5053249248677\', \'amazon_asin\': \'B000LD4V2E\', \'supplier_title\': \'Car Pride Black Gloss Spray Paint 400ml\', \'amazon_title\': \'Hycote\', \'supplier_price\': 1.73, \'amazon_price\': None, \'match_method\': \'EAN\', \'confidence\': \'high\', \'created_at\': \'2025-07-18T10:59:51.150021\', \'supplier_url\': \'https://www.poundwholesale.co.uk/car-pride-black-gloss-spray-paint-400ml\'}, {\'supplier_ean\': \'5050375064300\', \'amazon_asin\': \'B01M0JVPJD\', \'supplier_title\': \'Car-Pride Quick Fix Tyre Repair 300ml\', \'amazon_title\': \'2 X QUICK FIX CAR EMERGENCY FLAT TYRE INFLATE PUNCTURE REPAIR KIT\', \'supplier_price\': 1.77, \'amazon_price\': 7.74, \'match_method\': \'EAN\', \'confidence\': \'high\', \'created_at\': \'2025-07-18T11:00:47.582374\', \'supplier_url\': \'https://www.poundwholesale.co.uk/quick-fix-tyre-repair\'}, {\'supplier_ean\': \'5055441446530\', \'amazon_asin\': \'B0993N1H9T\', \'supplier_title\': \'Goodyear Car Cockpit Cleaner 750ml\', \'amazon_title\': \'Goodyear Cockpit Cleaner 750ml- Effectively Cleans Dirt, Dust And Grime From the Dashboard And Surroundings| Protects Against Water And Dust Helping to Leave a Showroom Shine| Spray Weight 820g\', \'supplier_price\': 1.39, \'amazon_price\': 5.13, \'match_method\': \'EAN\', \'confidence\': \'high\', \'created_at\': \'2025-07-18T11:01:48.222908\', \'supplier_url\': \'https://www.poundwholesale.co.uk/goodyear-cherry-scent-car-cockpit-cleaner-750ml\'}, {\'supplier_ean\': \'5055319519281\', \'amazon_asin\': \'B07NJGV658\', \'supplier_title\': \'Auto Extreme Professional Yellow Gloss Spray Paint 400ml\', \'amazon_title\': \'Auto Extreme Auto Extreme Yellow, 400 ml\', \'supplier_price\': 1.96, \'amazon_price\': 5.49, \'match_method\': \'EAN\', \'confidence\': \'high\', \'created_at\': \'2025-07-18T11:02:38.788885\', \'supplier_url\': \'https://www.poundwholesale.co.uk/auto-extreme-professional-yellow-gloss-spray-paint-400ml\'}, {\'supplier_ean\': \'5056175980970\', \'amazon_asin\': \'B095HTD46T\', \'supplier_title\': \'Auto Extras Jar Candle Air Freshener 3 Pack Assorted\', \'amazon_title\': \'CRISTALINAS\', \'supplier_price\': 0.54, \'amazon_price\': None, \'match_method\': \'EAN\', \'confidence\': \'high\', \'created_at\': \'2025-07-18T11:02:51.951099\', \'supplier_url\': \'https://www.poundwholesale.co.uk/auto-extras-jar-candle-air-freshener-3-pack-assorted\'}, {\'supplier_ean\': \'5055319529914\', \'amazon_asin\': \'B07XZF187M\', \'supplier_title\': \'Rapide PTFE Lubricant Spray 250ml\', \'amazon_title\': \'Rapide 300ml PTFE Grease Aerosol Spray Lubricant Can Chains Belts Cables Oil\', \'supplier_price\': 1.07, \'amazon_price\': 4.99, \'match_method\': \'EAN\', \'confidence\': \'high\', \'created_at\': \'2025-07-18T11:03:38.329354\', \'supplier_url\': \'https://www.poundwholesale.co.uk/rapide-ptfe-lubricant-spray-250ml\'}, {\'supplier_ean\': \'5055441449203\', \'amazon_asin\': \'B0D12237Y2\', \'supplier_title\': \'Goodyear Expanding Car Cleaning Sponge\', \'amazon_title\': \'Goodyear Tyre and Wheel Deep Cleaning Multi-Purpose Brush | Ideal for Vehicle Tyres | Ergonomic L-Style Handle | Wide Curved Brush Head Covers Larger Surface | Removes Dirt and Grime\', \'supplier_price\': 0.72, \'amazon_price\': 0.99, \'match_method\': \'EAN\', \'confidence\': \'high\', \'created_at\': \'2025-07-18T11:04:31.759859\', \'supplier_url\': \'https://www.poundwholesale.co.uk/goodyear-expanding-car-cleaning-sponge\'}, {\'supplier_ean\': \'5053249229768\', \'amazon_asin\': \'B0BZQ8C6CS\', \'supplier_title\': \'Chupa Chups Car Air Fresheners CDU Assorted Fragrances\', \'amazon_title\': \'One Million Car Air Freshener for Men | Strong Perfume Automotive Freshener | Odour Eliminating Technology with Vent Clip | Long Lasting Car Air Freshener by Perfa\', \'supplier_price\': 0.87, \'amazon_price\': None, \'match_method\': \'EAN\', \'confidence\': \'high\', \'created_at\': \'2025-07-18T11:04:43.364574\', \'supplier_url\': \'https://www.poundwholesale.co.uk/chupa-chups-car-air-fresheners-cdu-assorted-fragrances\'}, {\'supplier_ean\': \'5050375002197\', \'amazon_asin\': \'B01MQHS127\', \'supplier_title\': \'Car Pride Stitched Natural Chamois Leather\', \'amazon_title\': \'151 NATURAL CHAMOIS LEATHER\', \'supplier_price\': 0.85, \'amazon_price\': 3.19, \'match_method\': \'EAN\', \'confidence\': \'high\', \'created_at\': \'2025-07-18T11:06:00.876295\', \'supplier_url\': \'https://www.poundwholesale.co.uk/stitched-natural-chamois-leather\'}, {\'supplier_ean\': \'5055441446431\', \'amazon_asin\': \'B0992QG9QK\', \'supplier_title\': \'Goodyear Instant Valet Upholstery Cleaner 750ml\', \'amazon_title\': \'GOODYEAR INSTANT VALET UPHOLSTERY CLEANER SPRAY 750ML\', \'supplier_price\': 1.4, \'amazon_price\': 5.27, \'match_method\': \'EAN\', \'confidence\': \'high\', \'created_at\': \'2025-07-18T11:06:52.375016\', \'supplier_url\': \'https://www.poundwholesale.co.uk/goodyear-instant-valet-upholstery-cleaner-750ml\'}, {\'supplier_ean\': \'5053249245751\', \'amazon_asin\': \'B0BLL3XTRB\', \'supplier_title\': \'Car Pride Clean & Dry Microfibre Cloth\', \'amazon_title\': \'CARPRIDE® Clean and Dry Microfibre Cloth | For Car Exterior and Interior | 30 x 30 cm | Brown\', \'supplier_price\': 0.76, \'amazon_price\': 2.95, \'match_method\': \'EAN\', \'confidence\': \'high\', \'created_at\': \'2025-07-18T11:07:43.161406\', \'supplier_url\': \'https://www.poundwholesale.co.uk/car-pride-clean-dry-microfibre-cloth\'}, {\'supplier_ean\': \'8008990001047\', \'amazon_asin\': \'B0DJFRHQ3H\', \'supplier_title\': \'Flash Car Synthetic Chamois Large\', \'amazon_title\': \'FLASH\', \'supplier_price\': 1.42, \'amazon_price\': None, \'match_method\': \'EAN\', \'confidence\': \'high\', \'created_at\': \'2025-07-18T11:08:10.161535\', \'supplier_url\': \'https://www.poundwholesale.co.uk/flash-car-synthetic-chamois-large\'}, {\'supplier_ean\': \'5050375084148\', \'amazon_asin\': \'B07FRGHHQR\', \'supplier_title\': \'Car Pride Black Pack 300ml\', \'amazon_title\': \'Car Pride Black Pack Spray For Plastic Bumper & Exterior Trim Restorer 300ml\', \'supplier_price\': 0.93, \'amazon_price\': 4.49, \'match_method\': \'EAN_cached\', \'confidence\': \'low\', \'created_at\': \'2025-07-18T11:08:10.231134\', \'supplier_url\': \'https://www.poundwholesale.co.uk/black-pack-300ml\'}, {\'supplier_ean\': \'5055319519311\', \'amazon_asin\': \'B07NJH9XCY\', \'supplier_title\': \'Auto Extreme Professional Racing Green Gloss Spray Paint 400ml\', \'amazon_title\': \'Auto Extreme Racing Green, 400 ml\', \'supplier_price\': 1.96, \'amazon_price\': 5.65, \'match_method\': \'EAN\', \'confidence\': \'high\', \'created_at\': \'2025-07-18T11:09:04.876820\', \'supplier_url\': \'https://www.poundwholesale.co.uk/auto-extreme-professional-racing-green-gloss-spray-paint-400ml\'}, {\'supplier_ean\': \'5055319519137\', \'amazon_asin\': \'B07NJFXL6R\', \'supplier_title\': \'Auto Extreme Red Primer Spray Paint 250ml\', \'amazon_title\': \'Auto Extreme Auto Spray Red Primer, 250 ml\', \'supplier_price\': 0.92, \'amazon_price\': 4.35, \'match_method\': \'EAN\', \'confidence\': \'high\', \'created_at\': \'2025-07-18T11:09:55.460107\', \'supplier_url\': \'https://www.poundwholesale.co.uk/mean-machine-auto-spray-red-primer-250ml\'}, {\'supplier_ean\': \'5038673050010\', \'amazon_asin\': \'B0FC6D5VDG\', \'supplier_title\': \'Portable Wet & Dry Auto Vacuum Cleaner\', \'amazon_title\': \'HYCHIKA 3 in 1 Wet and Dry Vacuum Cleaner, Power: 1200 W, 20 L Stainless Steel Tank, 6 M+ Cleaning Range (2.5 M Power Cores + 3.5 M Soft & Hard Hose), for Garden Outdoor Floor Sofa Cleaning\', \'supplier_price\': 10.18, \'amazon_price\': None, \'match_method\': \'EAN\', \'confidence\': \'high\', \'created_at\': \'2025-07-18T11:10:08.518609\', \'supplier_url\': \'https://www.poundwholesale.co.uk/portable-wet-dry-auto-vacuum-cleaner\'}, {\'supplier_ean\': \'5052578034708\', \'amazon_asin\': \'B0CKTH6LDT\', \'supplier_title\': \'Bettina Microfibre Car Cloths 2 Pack\', \'amazon_title\': \'CarMax® - Original Twisted Loop Car Drying Towel - Double-Sided XXL - 90cm x 60cm 1400gsm Microfibre Towel for fast streak-free drying and detailing.\', \'supplier_price\': 0.79, \'amazon_price\': 17.99, \'match_method\': \'EAN_cached\', \'confidence\': \'low\', \'created_at\': \'2025-07-18T11:10:08.580003\', \'supplier_url\': \'https://www.poundwholesale.co.uk/3pc-micro-fibre-car-cloths-highly-effective-wet-or-dry\'}, {\'supplier_ean\': \'5055441449142\', \'amazon_asin\': \'B0DF343YX8\', \'supplier_title\': \'Goodyear Microfibre Dusting Cloth Large 60cm X 40cm\', \'amazon_title\': \'Goodyear Microfibre Dusting Cloth I Specially designed microfibre cloth for windscreens, windows and mirrors | Statically charged cleaning fibres attract dust | Leaves a lint free finish | 60m x 40cm\', \'supplier_price\': 0.85, \'amazon_price\': 1.99, \'match_method\': \'EAN\', \'confidence\': \'high\', \'created_at\': \'2025-07-18T11:10:57.177704\', \'supplier_url\': \'https://www.poundwholesale.co.uk/goodyear-microfibre-dusting-cloth-large-60cm-x-40cm\'}, {\'supplier_ean\': \'5055441449180\', \'amazon_asin\': \'B0D3JDFZJC\', \'supplier_title\': \'Goodyear Microfibre Car Cloth Set 4 Pack\', \'amazon_title\': \'Goodyear 4PC Microfibre Cloth Set- microfibre cloths for cleaning your vehicle | Cleaning fibres attract dust | Showroom finish | Machine washable | Dashboard, Buffing, Window cloth | Wash and drying\', \'supplier_price\': 2.59, \'amazon_price\': 4.99, \'match_method\': \'EAN\', \'confidence\': \'high\', \'created_at\': \'2025-07-18T11:11:46.340949\', \'supplier_url\': \'https://www.poundwholesale.co.uk/goodyear-microfibre-car-cloth-set-4-pack\'}, {\'supplier_ean\': \'5055441449104\', \'amazon_asin\': \'B0DH8C367V\', \'supplier_title\': \'Goodyear Synthetic Chamois Cloth\', \'amazon_title\': \'Goodyear Synthetic Chamois -natural Chamois, Super Absorbent, Streak And Scratch Free, With A Greater Tolerance To Modern Car Cleaners| Stays Soft When Drying| Extra Large 72cm x 50cm|Machine Washable\', \'supplier_price\': 1.9, \'amazon_price\': 2.99, \'match_method\': \'EAN\', \'confidence\': \'high\', \'created_at\': \'2025-07-18T11:12:43.381337\', \'supplier_url\': \'https://www.poundwholesale.co.uk/goodyear-synthetic-chamois-cloth\'}, {\'supplier_ean\': \'5055319530736\', \'amazon_asin\': \'B084VTS1NV\', \'supplier_title\': \'Auto Extreme Fresh Linen In-Car Fragrance Air Freshener Spray 100ml\', \'amazon_title\': \'Air Freshener Spray Concentrated Long Lasting Oil Based (New Car)\', \'supplier_price\': 0.65, \'amazon_price\': None, \'match_method\': \'EAN\', \'confidence\': \'high\', \'created_at\': \'2025-07-18T11:12:55.532920\', \'supplier_url\': \'https://www.poundwholesale.co.uk/auto-extreme-fresh-linen-in-car-fragrance-air-freshener-spray-100ml\'}, {\'supplier_ean\': \'5055319519076\', \'amazon_asin\': \'B09FLX3QXD\', \'supplier_title\': \'Auto Extreme Automotive Red Gloss Spray Paint 250ml\', \'amazon_title\': \'Classic Signature - 1 x Auto Extreme Red Gloss Spray Paint 250ml, Professional Quality, Perfect Finish for Cars, Bikes,Vans, Metal, Wood\', \'supplier_price\': 0.92, \'amazon_price\': 5.47, \'match_method\': \'EAN\', \'confidence\': \'high\', \'created_at\': \'2025-07-18T11:13:48.220197\', \'supplier_url\': \'https://www.poundwholesale.co.uk/auto-extreme-automotive-red-gloss-spray-paint-250ml\'}, {\'supplier_ean\': \'5050375003620\', \'amazon_asin\': \'B0DG2QVKZL\', \'supplier_title\': \'Car Pride Luxury Natural Chamois Leather\', \'amazon_title\': \'Hoover HF1 Plus Cordless Stick Vacuum Cleaner with Turbo Suction Mode, Up to 45 Min Runtime, LED Lights, Multi-Floor Nozzle, Anti Hair Wrap, Handheld Capability, 165w [HF1P10H]\', \'supplier_price\': 1.41, \'amazon_price\': 99.0, \'match_method\': \'EAN\', \'confidence\': \'high\', \'created_at\': \'2025-07-18T11:14:56.832846\', \'supplier_url\': \'https://www.poundwholesale.co.uk/car-pride-luxury-natural-chamois-leather\'}, {\'supplier_ean\': \'00994743\', \'amazon_asin\': \'B0CCVFJ94Z\', \'supplier_title\': \'Wilko Ready To Use Screenwash 5l\', \'amazon_title\': \'Rain-X\', \'supplier_price\': 1.42, \'amazon_price\': None, \'match_method\': \'EAN\', \'confidence\': \'high\', \'created_at\': \'2025-07-18T11:15:10.531582\', \'supplier_url\': \'https://www.poundwholesale.co.uk/wilko-ready-to-use-screenwash-5l\'}, {\'supplier_ean\': \'5055319556668\', \'amazon_asin\': \'B0BC1D6KPG\', \'supplier_title\': \'Auto Extreme Car Upholstery Brush 14cm X 6.5cm\', \'amazon_title\': \'15° Curved Car Cleaning Brush with Telescopic Handle 43" Aluminum Alloy Long Rod Wash Mop For Washing Caravan Van Truck Boat RV Roof Soft Chenille Head Duster Clean Product Not Hurt Paint Scratch Free\', \'supplier_price\': 0.97, \'amazon_price\': None, \'match_method\': \'EAN\', \'confidence\': \'high\', \'created_at\': \'2025-07-18T11:15:22.281479\', \'supplier_url\': \'https://www.poundwholesale.co.uk/auto-extreme-car-upholstery-brush-14cm-x-6-5cm\'}, {\'supplier_ean\': \'5050375083783\', \'amazon_asin\': \'B00A3T5F2G\', \'supplier_title\': \'Car Pride Instant Valet 300ml\', \'amazon_title\': \'Carpride Instant Valet Aerosol Spray 300ml\', \'supplier_price\': 0.97, \'amazon_price\': 4.09, \'match_method\': \'EAN_cached\', \'confidence\': \'low\', \'created_at\': \'2025-07-18T11:15:22.357739\', \'supplier_url\': \'https://www.poundwholesale.co.uk/instant-valet-300ml\'}, {\'supplier_ean\': \'5055319512213\', \'amazon_asin\': \'B0F9329VCL\', \'supplier_title\': \'Auto Extreme Car Air Freshener Assorted Fragrances Clip Strip\', \'amazon_title\': \'Automizer - Creed Car Air Freshener for Men - Smart Car Air Freshener Diffuser Aventus Inspired Automatic On/Off Refillable Air Freshner, Gifts for Men/Women\', \'supplier_price\': 0.27, \'amazon_price\': None, \'match_method\': \'EAN\', \'confidence\': \'high\', \'created_at\': \'2025-07-18T11:15:36.157612\', \'supplier_url\': \'https://www.poundwholesale.co.uk/auto-extreme-car-air-freshener-assorted-fragrances-clip-strip\'}, {\'supplier_ean\': \'5053249256832\', \'amazon_asin\': \'B0D2HLTZ4Q\', \'supplier_title\': \'Car Pride All Seasons Screen Wash Tablets 2pc\', \'amazon_title\': \'Screenwash Tablets For Cars, 100 Pcs Car Windshield Wash Tablets, Concentrated Screenwash Washer Fluid Car Window Cleaning Tablets for Metal, Plastic, Window Glass, Look Completely New\', \'supplier_price\': 0.74, \'amazon_price\': None, \'match_method\': \'EAN\', \'confidence\': \'high\', \'created_at\': \'2025-07-18T11:15:50.415052\', \'supplier_url\': \'https://www.poundwholesale.co.uk/car-pride-all-seasons-screen-wash-tablets-2pc\'}, {\'supplier_ean\': \'5055056731861\', \'amazon_asin\': \'B09LHF2V7G\', \'supplier_title\': \'Guilty Pleasures Chocolate Chip Cookie 3D Car Air Freshener\', \'amazon_title\': \'Guilty Pleasures 3D Choc Cookie CAR FRESHENER\', \'supplier_price\': 0.38, \'amazon_price\': 3.99, \'match_method\': \'EAN\', \'confidence\': \'high\', \'created_at\': \'2025-07-18T11:16:51.336470\', \'supplier_url\': \'https://www.poundwholesale.co.uk/guilty-pleasures-chocolate-chip-cookie-3d-air-freshener\'}, {\'supplier_ean\': \'5055441446479\', \'amazon_asin\': \'B0993YCZWB\', \'supplier_title\': \'Goodyear Fresh Fragrance Glass & Mirror Cleaner 750ml\', \'amazon_title\': \'Goodyear Glass & Mirror Cleaner 750ml - For a streak-free finish | Effective cleaner for car windscreens, side window, wing mirrors & rear view mirror | Suitable for rain sensor and acrylic windows\', \'supplier_price\': 1.36, \'amazon_price\': 5.74, \'match_method\': \'EAN\', \'confidence\': \'high\', \'created_at\': \'2025-07-18T11:18:10.194551\', \'supplier_url\': \'https://www.poundwholesale.co.uk/goodyear-fresh-fragrance-glass-mirror-cleaner-750ml\'}, {\'supplier_ean\': \'5055441446455\', \'amazon_asin\': \'B0993N4XMC\', \'supplier_title\': \'Goodyear Back-To-Black Bumper & Trim Plastic Restorer 750ml\', \'amazon_title\': \'Goodyear Bumper and Trim Restorer 750ml-back to Black| Helps Bumper and Trim Plastic Look Like New| Restores, Protects and Shines| Long Lasting Gloss Finish| Suitable for All Exterior Plastics\', \'supplier_price\': 1.4, \'amazon_price\': 4.89, \'match_method\': \'EAN\', \'confidence\': \'high\', \'created_at\': \'2025-07-18T11:19:05.192693\', \'supplier_url\': \'https://www.poundwholesale.co.uk/goodyear-black-bumper-trim-plastic-restorer-750ml\'}, {\'supplier_ean\': \'5015302400262\', \'amazon_asin\': \'B0B4R5265Z\', \'supplier_title\': \'Coco & Gray Assorted Colour Synthetic Chamois Cloths 3 Pack\', \'amazon_title\': \'Airlab\', \'supplier_price\': 0.64, \'amazon_price\': None, \'match_method\': \'EAN\', \'confidence\': \'high\', \'created_at\': \'2025-07-18T11:19:19.017457\', \'supplier_url\': \'https://www.poundwholesale.co.uk/royle-shammy-pack-3\'}, {\'supplier_ean\': \'5055319519304\', \'amazon_asin\': \'B09F9N1DW9\', \'supplier_title\': \'Auto Extreme Professional Silver Body Spray Paint 400ml\', \'amazon_title\': \'Classic Signature - 1 x Auto Extreme Silver Body Spray Paint 400ml Professional Quality, Perfect Finish for Cars, Bikes,Vans, Metal, Wood\', \'supplier_price\': 1.82, \'amazon_price\': 6.89, \'match_method\': \'EAN\', \'confidence\': \'high\', \'created_at\': \'2025-07-18T11:20:10.249623\', \'supplier_url\': \'https://www.poundwholesale.co.uk/auto-extreme-professional-silver-body-spray-paint-400ml\'}, {\'supplier_ean\': \'5053249200743\', \'amazon_asin\': \'B0DY5MX94X\', \'supplier_title\': \'Tango Card Car Air Freshener 2 Pack CDU Assorted Fragrances\', \'amazon_title\': \'Luxury Car Fragrance Gift Set, 2 Glass Car Diffusers, 2 x 30ml Refills, 2 x Vent Clips, 10 ml Interior Fabric Spray, Strong Fragrance, (Crede)\', \'supplier_price\': 0.74, \'amazon_price\': None, \'match_method2025-07-19 02:39:36,946 - PassiveExtractionWorkflow - INFO - ❌ Not profitable product: Car-Pride Biodegradable Leather Cleaning Wipes 30 Pack
2025-07-19 02:39:36,958 - PassiveExtractionWorkflow - INFO - --- Processing supplier product 29/147: 'Car Pride Leather Cleaning Spray 250ml' ---
2025-07-19 02:39:36,959 - PassiveExtractionWorkflow - INFO - Product already processed: https://www.poundwholesale.co.uk/leather-cleaning-spray-250ml. Skipping.
2025-07-19 02:39:36,959 - PassiveExtractionWorkflow - INFO - --- Processing supplier product 30/147: 'Rapide Multi Lube Oil Spray 250ml' ---
2025-07-19 02:39:36,960 - PassiveExtractionWorkflow - INFO - Product already processed: https://www.poundwholesale.co.uk/rapide-multi-lube-oil-spray-250ml. Skipping.
2025-07-19 02:39:36,960 - PassiveExtractionWorkflow - INFO - --- Processing supplier product 31/147: 'Millions Cola 3D Car Air Freshener' ---
2025-07-19 02:39:36,961 - PassiveExtractionWorkflow - INFO - Product already processed: https://www.poundwholesale.co.uk/millions-cola-3d-car-air-freshener. Skipping.
2025-07-19 02:39:36,961 - PassiveExtractionWorkflow - INFO - --- Processing supplier product 32/147: 'Car Pride Tyre Shine 300ml' ---
2025-07-19 02:39:36,962 - PassiveExtractionWorkflow - INFO - Product already processed: https://www.poundwholesale.co.uk/tyre-shine-300ml. Skipping.
2025-07-19 02:39:36,962 - PassiveExtractionWorkflow - INFO - --- Processing supplier product 33/147: 'Goodyear 2-In-1 Microfibre Drying Towel Xl 80cm X 60cm' ---
2025-07-19 02:39:36,963 - PassiveExtractionWorkflow - INFO - Product already processed: https://www.poundwholesale.co.uk/goodyear-2-in-1-microfibre-drying-towel-xl-80cm-x-60cm. Skipping.
2025-07-19 02:39:36,963 - PassiveExtractionWorkflow - INFO - --- Processing supplier product 34/147: 'Car Pride Instant Valet 300ml' ---
2025-07-19 02:39:36,963 - PassiveExtractionWorkflow - INFO - Product already processed: https://www.poundwholesale.co.uk/instant-valet-300ml. Skipping.
2025-07-19 02:39:36,964 - PassiveExtractionWorkflow - INFO - --- Processing supplier product 35/147: 'Car Pride Under Body Seal Black 400ml' ---
2025-07-19 02:39:36,964 - PassiveExtractionWorkflow - INFO - Product already processed: https://www.poundwholesale.co.uk/carpride-under-body-seal-black. Skipping.
2025-07-19 02:39:36,964 - PassiveExtractionWorkflow - INFO - --- Processing supplier product 36/147: 'Classic Professional Car Sponge 15cm X 11cm X 5.5cm' ---
2025-07-19 02:39:36,965 - PassiveExtractionWorkflow - INFO - Product already processed: https://www.poundwholesale.co.uk/classic-professional-car-sponge-15cm-x-11cm-x-5-5cm. Skipping.
2025-07-19 02:39:36,965 - PassiveExtractionWorkflow - INFO - --- Processing supplier product 37/147: 'Car-Pride Quick Fix Tyre Repair 300ml' ---
2025-07-19 02:39:36,966 - PassiveExtractionWorkflow - INFO - Product already processed: https://www.poundwholesale.co.uk/quick-fix-tyre-repair. Skipping.
2025-07-19 02:39:36,966 - PassiveExtractionWorkflow - INFO - --- Processing supplier product 38/147: 'Guilty Pleasures Vanilla & Cherry Cupcake 3D Car Air Freshener' ---
2025-07-19 02:39:36,966 - PassiveExtractionWorkflow - INFO - Product already processed: https://www.poundwholesale.co.uk/guilty-pleasures-vanilla-cherry-cupcake-3d-car-air-freshener. Skipping.
2025-07-19 02:39:36,967 - PassiveExtractionWorkflow - INFO - --- Processing supplier product 39/147: 'Auto Extreme Tropical Mist In-Car Fragrance Air Freshener Spray 100ml' ---
2025-07-19 02:39:36,967 - PassiveExtractionWorkflow - INFO - Product already processed: https://www.poundwholesale.co.uk/auto-extreme-tropical-mist-in-car-fragrance-air-freshener-spray-100ml. Skipping.
2025-07-19 02:39:36,968 - PassiveExtractionWorkflow - INFO - --- Processing supplier product 40/147: 'Car Pride Blue Microfibre Glass Cloth' ---
2025-07-19 02:39:36,968 - PassiveExtractionWorkflow - INFO - Product already processed: https://www.poundwholesale.co.uk/car-pride-blue-microfibre-glass-cloth. Skipping.
2025-07-19 02:39:36,969 - PassiveExtractionWorkflow - INFO - --- Processing supplier product 41/147: 'Rapide PTFE Lubricant Spray 250ml' ---
2025-07-19 02:39:36,969 - PassiveExtractionWorkflow - INFO - Product already processed: https://www.poundwholesale.co.uk/rapide-ptfe-lubricant-spray-250ml. Skipping.
2025-07-19 02:39:36,970 - PassiveExtractionWorkflow - INFO - --- Processing supplier product 42/147: 'Bettina Natural Chamois Leather Cloth 30cm X 30cm' ---
2025-07-19 02:39:36,970 - PassiveExtractionWorkflow - INFO - Product already processed: https://www.poundwholesale.co.uk/bettina-chamois-leather-cloth. Skipping.
2025-07-19 02:39:36,971 - PassiveExtractionWorkflow - INFO - --- Processing supplier product 43/147: 'Goodyear Fresh Fragrance Glass & Mirror Cleaner 750ml' ---
2025-07-19 02:39:36,971 - PassiveExtractionWorkflow - INFO - Product already processed: https://www.poundwholesale.co.uk/goodyear-fresh-fragrance-glass-mirror-cleaner-750ml. Skipping.
2025-07-19 02:39:36,972 - PassiveExtractionWorkflow - INFO - --- Processing supplier product 44/147: 'Auto Extreme Professional Yellow Gloss Brake Caliper Spray Paint 400ml' ---
2025-07-19 02:39:36,972 - PassiveExtractionWorkflow - INFO - Product already processed: https://www.poundwholesale.co.uk/auto-extreme-professional-yellow-gloss-brake-caliper-spray-paint-400ml. Skipping.
2025-07-19 02:39:36,972 - PassiveExtractionWorkflow - INFO - --- Processing supplier product 45/147: 'Auto Extreme Fresh Linen In-Car Fragrance Air Freshener Spray 100ml' ---
2025-07-19 02:39:36,973 - PassiveExtractionWorkflow - INFO - Product already processed: https://www.poundwholesale.co.uk/auto-extreme-fresh-linen-in-car-fragrance-air-freshener-spray-100ml. Skipping.
2025-07-19 02:39:36,973 - PassiveExtractionWorkflow - INFO - --- Processing supplier product 46/147: 'Guilty Pleasures Strawberry Doughnut 3D Car Air Freshener' ---
2025-07-19 02:39:36,974 - PassiveExtractionWorkflow - INFO - Product already processed: https://www.poundwholesale.co.uk/guilty-pleasures-strawberry-doughnut-3d-car-air-freshener. Skipping.
2025-07-19 02:39:36,974 - PassiveExtractionWorkflow - INFO - --- Processing supplier product 47/147: 'Rapide DP-60 Penetrating Maintenance Spray 100ml CDU' ---
2025-07-19 02:39:36,975 - PassiveExtractionWorkflow - INFO - Product already processed: https://www.poundwholesale.co.uk/rapide-dp-60-penetrating-maintenance-spray-100ml-cdu. Skipping.
2025-07-19 02:39:36,975 - PassiveExtractionWorkflow - INFO - --- Processing supplier product 48/147: 'Goodyear Luxury Deep Pile Microfibre 2-In-1 Valet Cloth 45cm X 38cm' ---
2025-07-19 02:39:36,976 - PassiveExtractionWorkflow - INFO - Product already processed: https://www.poundwholesale.co.uk/goodyear-luxury-deep-pile-microfibre-2-in-1-valet-cloth-45cm-x-38cm. Skipping.
2025-07-19 02:39:36,976 - PassiveExtractionWorkflow - INFO - --- Processing supplier product 49/147: 'Auto Extreme Professional White Gloss Spray Paint 400ml' ---
2025-07-19 02:39:36,976 - PassiveExtractionWorkflow - INFO - Product already processed: https://www.poundwholesale.co.uk/auto-extreme-professional-white-gloss-spray-paint-400ml. Skipping.
2025-07-19 02:39:36,977 - PassiveExtractionWorkflow - INFO - --- Processing supplier product 50/147: 'Auto Extreme Professional Black Alloy Wheel Spray Paint 400ml' ---
2025-07-19 02:39:36,977 - PassiveExtractionWorkflow - INFO - Product already processed: https://www.poundwholesale.co.uk/auto-extreme-professional-black-alloy-wheel-spray-paint-400ml. Skipping.
2025-07-19 02:39:36,978 - PassiveExtractionWorkflow - INFO - --- Processing supplier product 51/147: 'Rapide Easy Grease Spray 250ml' ---
2025-07-19 02:39:36,978 - PassiveExtractionWorkflow - INFO - Product already processed: https://www.poundwholesale.co.uk/rapide-easy-grease-spray-250ml. Skipping.
2025-07-19 02:39:36,979 - PassiveExtractionWorkflow - INFO - --- Processing supplier product 52/147: 'Bloome Gel Boat Air Freshener 150G Assorted Fragrance' ---
2025-07-19 02:39:36,979 - PassiveExtractionWorkflow - INFO - Product already processed: https://www.poundwholesale.co.uk/bloome-gel-boat-air-freshener-150g-assorted-fragrance. Skipping.
2025-07-19 02:39:36,979 - PassiveExtractionWorkflow - INFO - --- Processing supplier product 53/147: 'Chupa Chups Car Air Fresheners CDU Assorted Fragrances' ---
2025-07-19 02:39:36,980 - PassiveExtractionWorkflow - INFO - Product already processed: https://www.poundwholesale.co.uk/chupa-chups-car-air-fresheners-cdu-assorted-fragrances. Skipping.
2025-07-19 02:39:36,980 - PassiveExtractionWorkflow - INFO - --- Processing supplier product 54/147: 'Auto Extreme Automotive Black Matt Spray Paint 250ml' ---
2025-07-19 02:39:36,981 - PassiveExtractionWorkflow - INFO - Product already processed: https://www.poundwholesale.co.uk/auto-extreme-automotive-black-matt-spray-paint-250ml. Skipping.
2025-07-19 02:39:36,981 - PassiveExtractionWorkflow - INFO - --- Processing supplier product 55/147: 'Car Pride Stitched Natural Chamois Leather' ---
2025-07-19 02:39:36,982 - PassiveExtractionWorkflow - INFO - Product already processed: https://www.poundwholesale.co.uk/stitched-natural-chamois-leather. Skipping.
2025-07-19 02:39:36,982 - PassiveExtractionWorkflow - INFO - --- Processing supplier product 56/147: 'Goodyear Microfibre Window Cloth Large 40cm X 40cm' ---
2025-07-19 02:39:36,983 - PassiveExtractionWorkflow - INFO - Product already processed: https://www.poundwholesale.co.uk/goodyear-microfibre-window-cloth-large-40cm-x-40cm. Skipping.
2025-07-19 02:39:36,983 - PassiveExtractionWorkflow - INFO - --- Processing supplier product 57/147: 'Millions Sour Strawberry 3D Car Air Freshener' ---
2025-07-19 02:39:36,984 - PassiveExtractionWorkflow - INFO - Product already processed: https://www.poundwholesale.co.uk/millions-sour-strawberry-3d-car-air-freshener. Skipping.
2025-07-19 02:39:36,984 - PassiveExtractionWorkflow - INFO - --- Processing supplier product 58/147: 'Car-Pride Handy Car Sponges 2 Pack' ---
2025-07-19 02:39:36,985 - PassiveExtractionWorkflow - INFO - Product already processed: https://www.poundwholesale.co.uk/handy-car-sponges-3pk. Skipping.
2025-07-19 02:39:36,985 - PassiveExtractionWorkflow - INFO - --- Processing supplier product 59/147: 'Goodyear Natural Leather Chamois Cloth Xl' ---
2025-07-19 02:39:36,986 - PassiveExtractionWorkflow - INFO - Product already processed: https://www.poundwholesale.co.uk/goodyear-natural-leather-chamois-cloth-xl. Skipping.
2025-07-19 02:39:36,987 - PassiveExtractionWorkflow - INFO - --- Processing supplier product 60/147: 'Auto Extreme Professional Gun Metal Grey Alloy Wheel Spray Paint 400ml' ---
2025-07-19 02:39:36,988 - PassiveExtractionWorkflow - INFO - Attempting Amazon search using EAN: 5055319531757
2025-07-19 02:39:37,016 - tools.passive_extraction_workflow_latest - INFO - Searching Amazon by EAN: 5055319531757 for supplier product: 'Auto Extreme Professional Gun Metal Grey Alloy Wheel Spray Paint 400ml' (FixedAmazonExtractor)
2025-07-19 02:39:37,017 - tools.passive_extraction_workflow_latest - INFO - No page provided to search_by_ean, getting one from BrowserManager.
2025-07-19 02:39:37,019 - utils.browser_manager - INFO - ♻️ Reusing cached page for https://www.amazon.co.uk
2025-07-19 02:39:37,020 - tools.passive_extraction_workflow_latest - INFO - Navigating to Amazon UK to search for EAN: 5055319531757
